scale: 1
IMU Initializing: 3.3 %Reset ImuProcessIMU Initials: Gravity: -0.0000 -0.0000 -9.8100 9.8100; acc covarience: 0.50000000 0.50000000 0.50000000; gry covarience: 0.30000000 0.30000000 0.30000000 
IMU Initials: ba covarience: 0.00010000 0.00010000 0.00010000; bg covarience: 0.00010000 0.00010000 0.00010000intrinsic: 415.692194, 415.692194, 319.500000, 239.500000
width: 640, height: 480, scale: 1.000000
[ LIO ] Raw feature num: 2042, downsampled feature num:927 effective feature num: 507 average residual: 0.00426463
[ LIO ] Raw feature num: 2042, downsampled feature num:927 effective feature num: 505 average residual: 0.00482219
[ LIO ] Raw feature num: 2042, downsampled feature num:927 effective feature num: 505 average residual: 0.00482124
[ LIO ] Raw feature num: 2042, downsampled feature num:938 effective feature num: 842 average residual: 0.00660644
[ LIO ] Raw feature num: 2042, downsampled feature num:938 effective feature num: 842 average residual: 0.0067232
[ LIO ] Raw feature num: 2042, downsampled feature num:938 effective feature num: 842 average residual: 0.00672348
[ LIO ] Raw feature num: 2042, downsampled feature num:947 effective feature num: 907 average residual: 0.00446503
[ LIO ] Raw feature num: 2042, downsampled feature num:947 effective feature num: 908 average residual: 0.00416583
[ LIO ] Raw feature num: 2042, downsampled feature num:947 effective feature num: 908 average residual: 0.00416577
[ LIO ] Raw feature num: 2042, downsampled feature num:945 effective feature num: 934 average residual: 0.00320919
[ LIO ] Raw feature num: 2042, downsampled feature num:945 effective feature num: 934 average residual: 0.00290569
[ LIO ] Raw feature num: 2042, downsampled feature num:945 effective feature num: 934 average residual: 0.00290601
[ LIO ] Raw feature num: 2042, downsampled feature num:945 effective feature num: 924 average residual: 0.00248637
[ LIO ] Raw feature num: 2042, downsampled feature num:945 effective feature num: 924 average residual: 0.00218704
[ LIO ] Raw feature num: 2042, downsampled feature num:945 effective feature num: 924 average residual: 0.00218692
[ LIO ] Raw feature num: 2042, downsampled feature num:938 effective feature num: 935 average residual: 0.00246381
[ LIO ] Raw feature num: 2042, downsampled feature num:938 effective feature num: 935 average residual: 0.00209803
[ LIO ] Raw feature num: 2042, downsampled feature num:938 effective feature num: 935 average residual: 0.00209773
[ LIO ] Raw feature num: 2042, downsampled feature num:937 effective feature num: 934 average residual: 0.00228246
[ LIO ] Raw feature num: 2042, downsampled feature num:937 effective feature num: 934 average residual: 0.00210754
[ LIO ] Raw feature num: 2042, downsampled feature num:937 effective feature num: 934 average residual: 0.00210754
[ LIO ] Raw feature num: 2042, downsampled feature num:937 effective feature num: 937 average residual: 0.00193163
[ LIO ] Raw feature num: 2042, downsampled feature num:937 effective feature num: 937 average residual: 0.00199778
[ LIO ] Raw feature num: 2042, downsampled feature num:937 effective feature num: 937 average residual: 0.00199764
[ LIO ] Raw feature num: 2042, downsampled feature num:938 effective feature num: 938 average residual: 0.00216212
[ LIO ] Raw feature num: 2042, downsampled feature num:938 effective feature num: 938 average residual: 0.00208725
[ LIO ] Raw feature num: 2042, downsampled feature num:938 effective feature num: 938 average residual: 0.00214982
[ LIO ] Raw feature num: 2042, downsampled feature num:938 effective feature num: 938 average residual: 0.00208764
[ LIO ] Raw feature num: 2042, downsampled feature num:938 effective feature num: 938 average residual: 0.00214982
[ LIO ] Raw feature num: 2042, downsampled feature num:945 effective feature num: 945 average residual: 0.00242122
[ LIO ] Raw feature num: 2042, downsampled feature num:945 effective feature num: 945 average residual: 0.00210058
[ LIO ] Raw feature num: 2042, downsampled feature num:945 effective feature num: 945 average residual: 0.00213565
[ LIO ] Raw feature num: 2042, downsampled feature num:945 effective feature num: 945 average residual: 0.00210079
[ LIO ] Raw feature num: 2042, downsampled feature num:945 effective feature num: 945 average residual: 0.00213565
[ LIO ] Raw feature num: 2042, downsampled feature num:945 effective feature num: 945 average residual: 0.00269388
[ LIO ] Raw feature num: 2042, downsampled feature num:945 effective feature num: 945 average residual: 0.00213906
[ LIO ] Raw feature num: 2042, downsampled feature num:945 effective feature num: 945 average residual: 0.00220216
[ LIO ] Raw feature num: 2042, downsampled feature num:945 effective feature num: 945 average residual: 0.00214802
[ LIO ] Raw feature num: 2042, downsampled feature num:945 effective feature num: 945 average residual: 0.00220216
[ LIO ] Raw feature num: 2042, downsampled feature num:944 effective feature num: 944 average residual: 0.00260038
[ LIO ] Raw feature num: 2042, downsampled feature num:944 effective feature num: 944 average residual: 0.0020246
[ LIO ] Raw feature num: 2042, downsampled feature num:944 effective feature num: 944 average residual: 0.00207801
[ LIO ] Raw feature num: 2042, downsampled feature num:944 effective feature num: 944 average residual: 0.00202458
[ LIO ] Raw feature num: 2042, downsampled feature num:944 effective feature num: 944 average residual: 0.002078
[ LIO ] Raw feature num: 2042, downsampled feature num:938 effective feature num: 938 average residual: 0.00239834
[ LIO ] Raw feature num: 2042, downsampled feature num:938 effective feature num: 938 average residual: 0.00200655
[ LIO ] Raw feature num: 2042, downsampled feature num:938 effective feature num: 938 average residual: 0.00206592
[ LIO ] Raw feature num: 2042, downsampled feature num:938 effective feature num: 938 average residual: 0.00200671
[ LIO ] Raw feature num: 2042, downsampled feature num:938 effective feature num: 938 average residual: 0.00206592
[ LIO ] Raw feature num: 2042, downsampled feature num:937 effective feature num: 937 average residual: 0.00210959
[ LIO ] Raw feature num: 2042, downsampled feature num:937 effective feature num: 937 average residual: 0.00199716
[ LIO ] Raw feature num: 2042, downsampled feature num:937 effective feature num: 937 average residual: 0.00199715
[ LIO ] Raw feature num: 2042, downsampled feature num:929 effective feature num: 929 average residual: 0.00205074
[ LIO ] Raw feature num: 2042, downsampled feature num:929 effective feature num: 929 average residual: 0.00199717
[ LIO ] Raw feature num: 2042, downsampled feature num:929 effective feature num: 929 average residual: 0.00199719
[ LIO ] Raw feature num: 2042, downsampled feature num:938 effective feature num: 938 average residual: 0.00226568
[ LIO ] Raw feature num: 2042, downsampled feature num:938 effective feature num: 938 average residual: 0.00201249
[ LIO ] Raw feature num: 2042, downsampled feature num:938 effective feature num: 938 average residual: 0.0020727
[ LIO ] Raw feature num: 2042, downsampled feature num:938 effective feature num: 938 average residual: 0.00240495
[ LIO ] Raw feature num: 2042, downsampled feature num:938 effective feature num: 938 average residual: 0.00202924
[ LIO ] Raw feature num: 2042, downsampled feature num:938 effective feature num: 938 average residual: 0.00205814
[ LIO ] Raw feature num: 2042, downsampled feature num:938 effective feature num: 938 average residual: 0.00205807
[ LIO ] Raw feature num: 2042, downsampled feature num:944 effective feature num: 944 average residual: 0.00249277
[ LIO ] Raw feature num: 2042, downsampled feature num:944 effective feature num: 944 average residual: 0.00193299
[ LIO ] Raw feature num: 2042, downsampled feature num:944 effective feature num: 944 average residual: 0.00200745
[ LIO ] Raw feature num: 2042, downsampled feature num:944 effective feature num: 944 average residual: 0.00200742
[ LIO ] Raw feature num: 2042, downsampled feature num:938 effective feature num: 938 average residual: 0.00236988
[ LIO ] Raw feature num: 2042, downsampled feature num:938 effective feature num: 938 average residual: 0.00198724
[ LIO ] Raw feature num: 2042, downsampled feature num:938 effective feature num: 938 average residual: 0.00200154
[ LIO ] Raw feature num: 2042, downsampled feature num:938 effective feature num: 938 average residual: 0.00200152
[ LIO ] Raw feature num: 2042, downsampled feature num:938 effective feature num: 938 average residual: 0.0021724
[ LIO ] Raw feature num: 2042, downsampled feature num:938 effective feature num: 938 average residual: 0.00199418
[ LIO ] Raw feature num: 2042, downsampled feature num:938 effective feature num: 938 average residual: 0.00199408
[ LIO ] Raw feature num: 2042, downsampled feature num:938 effective feature num: 938 average residual: 0.00209226
[ LIO ] Raw feature num: 2042, downsampled feature num:938 effective feature num: 938 average residual: 0.001994
[ LIO ] Raw feature num: 2042, downsampled feature num:938 effective feature num: 938 average residual: 0.00199387
[ LIO ] Raw feature num: 2042, downsampled feature num:938 effective feature num: 938 average residual: 0.00209503
[ LIO ] Raw feature num: 2042, downsampled feature num:938 effective feature num: 938 average residual: 0.00199638
[ LIO ] Raw feature num: 2042, downsampled feature num:938 effective feature num: 938 average residual: 0.00199625
[ LIO ] Raw feature num: 2042, downsampled feature num:938 effective feature num: 938 average residual: 0.00216117
[ LIO ] Raw feature num: 2042, downsampled feature num:938 effective feature num: 938 average residual: 0.00199407
[ LIO ] Raw feature num: 2042, downsampled feature num:938 effective feature num: 938 average residual: 0.00199396
[ LIO ] Raw feature num: 2042, downsampled feature num:938 effective feature num: 938 average residual: 0.00223114
[ LIO ] Raw feature num: 2042, downsampled feature num:938 effective feature num: 938 average residual: 0.00198777
[ LIO ] Raw feature num: 2042, downsampled feature num:938 effective feature num: 938 average residual: 0.00198769
[ LIO ] Raw feature num: 2042, downsampled feature num:940 effective feature num: 940 average residual: 0.00229481
[ LIO ] Raw feature num: 2042, downsampled feature num:940 effective feature num: 940 average residual: 0.00202841
[ LIO ] Raw feature num: 2042, downsampled feature num:940 effective feature num: 940 average residual: 0.00202833
[ LIO ] Raw feature num: 2042, downsampled feature num:928 effective feature num: 927 average residual: 0.002164
[ LIO ] Raw feature num: 2042, downsampled feature num:928 effective feature num: 927 average residual: 0.00195004
[ LIO ] Raw feature num: 2042, downsampled feature num:928 effective feature num: 927 average residual: 0.00195016
[ LIO ] Raw feature num: 2043, downsampled feature num:931 effective feature num: 910 average residual: 0.00237094
[ LIO ] Raw feature num: 2043, downsampled feature num:931 effective feature num: 909 average residual: 0.00238345
[ LIO ] Raw feature num: 2043, downsampled feature num:931 effective feature num: 909 average residual: 0.00238298
[ LIO ] Raw feature num: 2044, downsampled feature num:930 effective feature num: 900 average residual: 0.00310246
[ LIO ] Raw feature num: 2044, downsampled feature num:930 effective feature num: 900 average residual: 0.00302154
[ LIO ] Raw feature num: 2044, downsampled feature num:930 effective feature num: 900 average residual: 0.00302195
[ LIO ] Raw feature num: 2044, downsampled feature num:934 effective feature num: 913 average residual: 0.00339885
[ LIO ] Raw feature num: 2044, downsampled feature num:934 effective feature num: 913 average residual: 0.00348198
[ LIO ] Raw feature num: 2044, downsampled feature num:934 effective feature num: 913 average residual: 0.00348203
[ LIO ] Raw feature num: 2044, downsampled feature num:946 effective feature num: 934 average residual: 0.00484552
[ LIO ] Raw feature num: 2044, downsampled feature num:946 effective feature num: 933 average residual: 0.00469317
[ LIO ] Raw feature num: 2044, downsampled feature num:946 effective feature num: 933 average residual: 0.00472836
[ LIO ] Raw feature num: 2044, downsampled feature num:946 effective feature num: 933 average residual: 0.00472833
[ LIO ] Raw feature num: 2043, downsampled feature num:920 effective feature num: 906 average residual: 0.00419143
[ LIO ] Raw feature num: 2043, downsampled feature num:920 effective feature num: 906 average residual: 0.00429136
[ LIO ] Raw feature num: 2043, downsampled feature num:920 effective feature num: 906 average residual: 0.00429069
[ LIO ] Raw feature num: 2044, downsampled feature num:933 effective feature num: 917 average residual: 0.00512986
[ LIO ] Raw feature num: 2044, downsampled feature num:933 effective feature num: 917 average residual: 0.0051578
[ LIO ] Raw feature num: 2044, downsampled feature num:933 effective feature num: 917 average residual: 0.00519488
[ LIO ] Raw feature num: 2044, downsampled feature num:933 effective feature num: 917 average residual: 0.00519516
[ LIO ] Raw feature num: 2043, downsampled feature num:941 effective feature num: 927 average residual: 0.00671046
[ LIO ] Raw feature num: 2043, downsampled feature num:941 effective feature num: 927 average residual: 0.00655467
[ LIO ] Raw feature num: 2043, downsampled feature num:941 effective feature num: 927 average residual: 0.00655506
