WARNING: All log messages before absl::InitializeLog() is called are written to STDERR
E0000 00:00:1790663807.354801  373059 descriptor_database.cc:633] File already exists in database: grpc/health/v1/health.proto
W0000 00:00:1790663807.356604  373059 message.cc:301] Protobuf GeneratedMessageFactory: File is already registered: grpc/health/v1/health.proto
Loading user config located at: '/nfs/hpc/share/sanchej7/Humanoid_Lite/venv-isaac60/lib/python3.12/site-packages/isaacsim/kit/data/Kit/IsaacLab/3.0/user.config.json'
2026-09-29T06:36:42Z [Info] [carb] Logging to file: /nfs/hpc/share/sanchej7/Humanoid_Lite/venv-isaac60/lib/python3.12/site-packages/isaacsim/kit/logs/Kit/IsaacLab/3.0/kit_20260928_233642.log
2026-09-29T06:36:42Z [36ms] [Warning] [omni.ext.plugin] [ext: isaaclab_visualizers] Extensions config 'extension.toml' doesn't exist '/nfs/hpc/share/sanchej7/Humanoid_Lite/venv-isaac60/lib/python3.12/site-packages/isaaclab/source/isaaclab_visualizers' or '/nfs/hpc/share/sanchej7/Humanoid_Lite/venv-isaac60/lib/python3.12/site-packages/isaaclab/source/isaaclab_visualizers/config'
2026-09-29T06:36:48Z [5,951ms] [Warning] [omni.perfmonitor.plugin]  PerfMonitorManager::onStart - error calling pthread_setaffinity_np
2026-09-29T06:36:48Z [6,021ms] [Warning] [omni.platforminfo.plugin] failed to open the default display.  Can't verify X Server version.
2026-09-29T06:36:48Z [6,026ms] [Warning] [omni.rtx] CUDA_VISIBLE_DEVICES environment variable is set.
2026-09-29T06:36:48Z [6,026ms] [Warning] [omni.rtx] Note CUDA device enumeration and Omniverse device enumeration are different.
2026-09-29T06:36:48Z [6,026ms] [Warning] [omni.rtx] Setting CUDA_VISIBLE_DEVICES can lead to undesired behavior or crashes.

|---------------------------------------------------------------------------------------------|
| Driver Version: 610.43.02     | Graphics API: Vulkan
|=============================================================================================|
| GPU | Name                             | Active | LDA | GPU Memory | Vendor-ID | LUID       |
|     |                                  |        |     |            | Device-ID | UUID       |
|     |                                  |        |     |            | Bus-ID    |            |
|---------------------------------------------------------------------------------------------|
| 0   | NVIDIA H100 80GB HBM3            | Yes: 0 |     | 81559   MB | 10de      | 0          |
|     |                                  |        |     |            | 2330      | 97f037fc.. |
|     |                                  |        |     |            | 9d        |            |
|=============================================================================================|
| OS: 22.04.5 LTS (Jammy Jellyfish) ubuntu, Version: 22.04.5, Kernel: 5.14.0-611.55.1.el9_7.x86_64
| Processor: Intel(R) Xeon(R) Platinum 8480CL
| Cores: 112 | Logical Cores: 224
|---------------------------------------------------------------------------------------------|
| Total Memory (MB): 1998908 | Free Memory: 1875794
| Total Page/Swap (MB): 0 | Free Page/Swap: 0
|---------------------------------------------------------------------------------------------|
2026-09-29T06:36:50Z [7,795ms] [Warning] [omni.rtx] ECC is enabled on physical device 0
2026-09-29T06:36:55Z [12,738ms] [Warning] [carb.windowing-glfw.plugin] GLFW initialization failed.
2026-09-29T06:36:55Z [12,738ms] [Warning] [carb] Failed to startup plugin carb.windowing-glfw.plugin (interfaces: [carb::windowing::IGLContext v1.0],[carb::windowing::IWindowing v1.5]) (impl: carb.windowing-glfw.plugin)
2026-09-29T06:36:55Z [13,020ms] [Warning] [carb.windowing-glfw.plugin] GLFW initialization failed.
2026-09-29T06:36:55Z [13,020ms] [Warning] [carb] Failed to startup plugin carb.windowing-glfw.plugin (interfaces: [carb::windowing::IGLContext v1.0],[carb::windowing::IWindowing v1.5]) (impl: carb.windowing-glfw.plugin)
2026-09-29T06:36:55Z [13,023ms] [Warning] [carb.windowing-glfw.plugin] GLFW initialization failed.
2026-09-29T06:36:55Z [13,023ms] [Warning] [carb] Failed to startup plugin carb.windowing-glfw.plugin (interfaces: [carb::windowing::IGLContext v1.0],[carb::windowing::IWindowing v1.5]) (impl: carb.windowing-glfw.plugin)
2026-09-29T06:36:56Z [13,956ms] [Warning] [isaacsim.core.simulation_manager.plugin] USD stage is not available; stage-opened subscription is deferred
2026-09-29T06:36:56Z [13,956ms] [Warning] [isaacsim.core.simulation_manager.plugin] USD stage is not available; stage-opened subscription is deferred
2026-09-29T06:36:57Z [14,632ms] [Warning] [omni.log] Source: omni.hydra was already registered.
2026-09-29T06:37:08Z [25,120ms] [Warning] [pxr.Semantics] pxr.Semantics is deprecated - please use Semantics instead
2026-09-29T06:37:10Z [27,360ms] [Warning] [omni.replicator.core.scripts.extension] No material configuration file, adding configuration to material settings directly.
2026-09-29T06:37:14Z [31,148ms] [Warning] [omni.rtx] Trying to initialize NGX without vkGetInstanceProcAddr and vkGetDeviceProcAddr pointer-to-functions.
2026-09-29T06:37:14Z [31,148ms] [Error] [omni.rtx] Could not get NGX parameters block because NGX isn't enabled.
2026-09-29T06:37:14Z [31,148ms] [Error] [omni.rtx] Failed to create NGX context.
[ISAACLAB] AppLauncher initialization complete
[INFO]: Base environment:
	Environment device    : cuda:0
	Environment seed      : 100
	Physics step-size     : 0.005
	Rendering step-size   : 0.04
	Environment step-size : 0.04
[INFO]: Registered backend 'physx' for factory Articulation.
[INFO]: Registered backend 'physx' for factory RigidObject.
[INFO]: Registered backend 'physx' for factory FrameView.
[INFO]: Registered backend 'physx' for factory ContactSensor.
[INFO]: Physics scene prim path: /physicsScene
[INFO]: Time taken for scene creation Last: 0.659544 s, Mean: 0.659544 s, Std: 0.000000 s, N: 1
[INFO]: Scene manager:  <class InteractiveScene>
	Number of environments: 16
	Environment spacing   : 4.0
	Source prim name      : /World/envs/env_0
	Global prim paths     : ['/World/ground']
	Replicate physics     : True
[INFO]: Simulation parameters for joints in /World/envs/env_.*/robot_a:
+--------------------------------------------------------------------------------------------------------------------------------------------------------------------------------------+
|                                                         Simulation Joint Information (Prim path: /World/envs/env_.*/robot_a)                                                         |
+-------+--------------------------------+-----------+---------+----------+-----------------+------------------+------------------+------------------+-----------------+---------------+
| Index | Name                           | Stiffness | Damping | Armature | Static Friction | Dynamic Friction | Viscous Friction | Position Limits  | Velocity Limits | Effort Limits |
+-------+--------------------------------+-----------+---------+----------+-----------------+------------------+------------------+------------------+-----------------+---------------+
|   0   | arm_left_shoulder_pitch_joint  |   10.000  |  2.000  |  0.002   |      0.000      |      0.000       |      0.000       | [-1.571, 0.785]  |      15.000     |     4.000     |
|   1   | arm_right_shoulder_pitch_joint |   10.000  |  2.000  |  0.002   |      0.000      |      0.000       |      0.000       | [-0.785, 1.571]  |      15.000     |     4.000     |
|   2   | leg_left_hip_roll_joint        |   20.000  |  2.000  |  0.007   |      0.000      |      0.000       |      0.000       | [-0.175, 1.571]  |      15.000     |     6.000     |
|   3   | leg_right_hip_roll_joint       |   20.000  |  2.000  |  0.007   |      0.000      |      0.000       |      0.000       | [-1.571, 0.175]  |      15.000     |     6.000     |
|   4   | arm_left_shoulder_roll_joint   |   10.000  |  2.000  |  0.002   |      0.000      |      0.000       |      0.000       | [-0.262, 1.309]  |      15.000     |     4.000     |
|   5   | arm_right_shoulder_roll_joint  |   10.000  |  2.000  |  0.002   |      0.000      |      0.000       |      0.000       | [-1.309, 0.262]  |      15.000     |     4.000     |
|   6   | leg_left_hip_yaw_joint         |   20.000  |  2.000  |  0.007   |      0.000      |      0.000       |      0.000       | [-0.982, 0.589]  |      15.000     |     6.000     |
|   7   | leg_right_hip_yaw_joint        |   20.000  |  2.000  |  0.007   |      0.000      |      0.000       |      0.000       | [-0.589, 0.982]  |      15.000     |     6.000     |
|   8   | arm_left_shoulder_yaw_joint    |   10.000  |  2.000  |  0.002   |      0.000      |      0.000       |      0.000       | [-0.785, 0.785]  |      15.000     |     4.000     |
|   9   | arm_right_shoulder_yaw_joint   |   10.000  |  2.000  |  0.002   |      0.000      |      0.000       |      0.000       | [-0.785, 0.785]  |      15.000     |     4.000     |
|   10  | leg_left_hip_pitch_joint       |   20.000  |  2.000  |  0.007   |      0.000      |      0.000       |      0.000       | [-1.898, 0.982]  |      15.000     |     6.000     |
|   11  | leg_right_hip_pitch_joint      |   20.000  |  2.000  |  0.007   |      0.000      |      0.000       |      0.000       | [-1.898, 0.982]  |      15.000     |     6.000     |
|   12  | arm_left_elbow_pitch_joint     |   10.000  |  2.000  |  0.002   |      0.000      |      0.000       |      0.000       | [-0.000, 1.571]  |      15.000     |     4.000     |
|   13  | arm_right_elbow_pitch_joint    |   10.000  |  2.000  |  0.002   |      0.000      |      0.000       |      0.000       | [-1.571, -0.000] |      15.000     |     4.000     |
|   14  | leg_left_knee_pitch_joint      |   20.000  |  2.000  |  0.007   |      0.000      |      0.000       |      0.000       | [-0.000, 2.443]  |      15.000     |     6.000     |
|   15  | leg_right_knee_pitch_joint     |   20.000  |  2.000  |  0.007   |      0.000      |      0.000       |      0.000       | [-0.000, 2.443]  |      15.000     |     6.000     |
|   16  | arm_left_elbow_roll_joint      |   10.000  |  2.000  |  0.002   |      0.000      |      0.000       |      0.000       | [-0.785, 0.785]  |      15.000     |     4.000     |
|   17  | arm_right_elbow_roll_joint     |   10.000  |  2.000  |  0.002   |      0.000      |      0.000       |      0.000       | [-0.785, 0.785]  |      15.000     |     4.000     |
|   18  | leg_left_ankle_pitch_joint     |   20.000  |  2.000  |  0.002   |      0.000      |      0.000       |      0.000       | [-0.785, 0.785]  |      15.000     |     6.000     |
|   19  | leg_right_ankle_pitch_joint    |   20.000  |  2.000  |  0.002   |      0.000      |      0.000       |      0.000       | [-0.785, 0.785]  |      15.000     |     6.000     |
|   20  | leg_left_ankle_roll_joint      |   20.000  |  2.000  |  0.002   |      0.000      |      0.000       |      0.000       | [-0.262, 0.262]  |      15.000     |     6.000     |
|   21  | leg_right_ankle_roll_joint     |   20.000  |  2.000  |  0.002   |      0.000      |      0.000       |      0.000       | [-0.262, 0.262]  |      15.000     |     6.000     |
+-------+--------------------------------+-----------+---------+----------+-----------------+------------------+------------------+------------------+-----------------+---------------+
2026-09-29T06:37:14Z [31,148ms] [Warning] [carb.scenerenderer-rtx.plugin] Failed to create NGX context.
2026-09-29T06:37:15Z [32,206ms] [Warning] [rtx.hydra] RenderDelegate : Warning /rtx/hydra/readTransformsFromFabricInRenderDelegate and geometry streaming are enabled together but this can cause issues with dynamic objects not streaming correctly due to problems in the transform update.
2026-09-29T06:37:19Z [36,921ms] [Warning] [isaaclab_physx.physics.physx_manager] TGS solver with enable_external_forces_every_iteration=False may cause noisy velocities.
2026-09-29T06:37:21Z [38,774ms] [Warning] [omni.usd] Encountered USD Warnings but USD Diagnostics are currently muted. To view USD Warnings, please set the '/persistent/app/usd/muteUsdDiagnostics' setting to false in Preferences page.
2026-09-29T06:37:23Z [41,039ms] [Warning] [isaaclab.actuators.actuator_pd] The <ImplicitActuatorCfg> object has a value for 'effort_limit'. This parameter will be removed in the future. To set the effort limit, please use 'effort_limit_sim' instead.
2026-09-29T06:37:23Z [41,039ms] [Warning] [isaaclab.actuators.actuator_pd] The <ImplicitActuatorCfg> object has a value for 'velocity_limit'. Previously, although this value was specified, it was not getting used by implicit actuators. Since this parameter affects the simulation behavior, we continue to not use it. This parameter will be removed in the future. To set the velocity limit, please use 'velocity_limit_sim' instead.
2026-09-29T06:37:24Z [41,123ms] [Warning] [isaaclab.actuators.actuator_pd] The <ImplicitActuatorCfg> object has a value for 'effort_limit'. This parameter will be removed in the future. To set the effort limit, please use 'effort_limit_sim' instead.
2026-09-29T06:37:24Z [41,123ms] [Warning] [isaaclab.actuators.actuator_pd] The <ImplicitActuatorCfg> object has a value for 'velocity_limit'. Previously, although this value was specified, it was not getting used by implicit actuators. Since this parameter affects the simulation behavior, we continue to not use it. This parameter will be removed in the future. To set the velocity limit, please use 'velocity_limit_sim' instead.
2026-09-29T06:37:24Z [41,131ms] [Warning] [isaaclab.actuators.actuator_pd] The <ImplicitActuatorCfg> object has a value for 'effort_limit'. This parameter will be removed in the future. To set the effort limit, please use 'effort_limit_sim' instead.
2026-09-29T06:37:24Z [41,131ms] [Warning] [isaaclab.actuators.actuator_pd] The <ImplicitActuatorCfg> object has a value for 'velocity_limit'. Previously, although this value was specified, it was not getting used by implicit actuators. Since this parameter affects the simulation behavior, we continue to not use it. This parameter will be removed in the future. To set the velocity limit, please use 'velocity_limit_sim' instead.
2026-09-29T06:37:24Z [41,787ms] [Warning] [isaaclab.actuators.actuator_pd] The <ImplicitActuatorCfg> object has a value for 'effort_limit'. This parameter will be removed in the future. To set the effort limit, please use 'effort_limit_sim' instead.
2026-09-29T06:37:24Z [41,787ms] [Warning] [isaaclab.actuators.actuator_pd] The <ImplicitActuatorCfg> object has a value for 'velocity_limit'. Previously, although this value was specified, it was not getting used by implicit actuators. Since this parameter affects the simulation behavior, we continue to not use it. This parameter will be removed in the future. To set the velocity limit, please use 'velocity_limit_sim' instead.
2026-09-29T06:37:24Z [41,795ms] [Warning] [isaaclab.actuators.actuator_pd] The <ImplicitActuatorCfg> object has a value for 'effort_limit'. This parameter will be removed in the future. To set the effort limit, please use 'effort_limit_sim' instead.
2026-09-29T06:37:24Z [41,795ms] [Warning] [isaaclab.actuators.actuator_pd] The <ImplicitActuatorCfg> object has a value for 'velocity_limit'. Previously, although this value was specified, it was not getting used by implicit actuators. Since this parameter affects the simulation behavior, we continue to not use it. This parameter will be removed in the future. To set the velocity limit, please use 'velocity_limit_sim' instead.
[INFO]: Simulation parameters for joints in /World/envs/env_.*/robot_b:
+--------------------------------------------------------------------------------------------------------------------------------------------------------------------------------------+
|                                                         Simulation Joint Information (Prim path: /World/envs/env_.*/robot_b)                                                         |
+-------+--------------------------------+-----------+---------+----------+-----------------+------------------+------------------+------------------+-----------------+---------------+
| Index | Name                           | Stiffness | Damping | Armature | Static Friction | Dynamic Friction | Viscous Friction | Position Limits  | Velocity Limits | Effort Limits |
+-------+--------------------------------+-----------+---------+----------+-----------------+------------------+------------------+------------------+-----------------+---------------+
|   0   | arm_left_shoulder_pitch_joint  |   10.000  |  2.000  |  0.002   |      0.000      |      0.000       |      0.000       | [-1.571, 0.785]  |      15.000     |     4.000     |
|   1   | arm_right_shoulder_pitch_joint |   10.000  |  2.000  |  0.002   |      0.000      |      0.000       |      0.000       | [-0.785, 1.571]  |      15.000     |     4.000     |
|   2   | leg_left_hip_roll_joint        |   20.000  |  2.000  |  0.007   |      0.000      |      0.000       |      0.000       | [-0.175, 1.571]  |      15.000     |     6.000     |
|   3   | leg_right_hip_roll_joint       |   20.000  |  2.000  |  0.007   |      0.000      |      0.000       |      0.000       | [-1.571, 0.175]  |      15.000     |     6.000     |
|   4   | arm_left_shoulder_roll_joint   |   10.000  |  2.000  |  0.002   |      0.000      |      0.000       |      0.000       | [-0.262, 1.309]  |      15.000     |     4.000     |
|   5   | arm_right_shoulder_roll_joint  |   10.000  |  2.000  |  0.002   |      0.000      |      0.000       |      0.000       | [-1.309, 0.262]  |      15.000     |     4.000     |
|   6   | leg_left_hip_yaw_joint         |   20.000  |  2.000  |  0.007   |      0.000      |      0.000       |      0.000       | [-0.982, 0.589]  |      15.000     |     6.000     |
|   7   | leg_right_hip_yaw_joint        |   20.000  |  2.000  |  0.007   |      0.000      |      0.000       |      0.000       | [-0.589, 0.982]  |      15.000     |     6.000     |
|   8   | arm_left_shoulder_yaw_joint    |   10.000  |  2.000  |  0.002   |      0.000      |      0.000       |      0.000       | [-0.785, 0.785]  |      15.000     |     4.000     |
|   9   | arm_right_shoulder_yaw_joint   |   10.000  |  2.000  |  0.002   |      0.000      |      0.000       |      0.000       | [-0.785, 0.785]  |      15.000     |     4.000     |
|   10  | leg_left_hip_pitch_joint       |   20.000  |  2.000  |  0.007   |      0.000      |      0.000       |      0.000       | [-1.898, 0.982]  |      15.000     |     6.000     |
|   11  | leg_right_hip_pitch_joint      |   20.000  |  2.000  |  0.007   |      0.000      |      0.000       |      0.000       | [-1.898, 0.982]  |      15.000     |     6.000     |
|   12  | arm_left_elbow_pitch_joint     |   10.000  |  2.000  |  0.002   |      0.000      |      0.000       |      0.000       | [-0.000, 1.571]  |      15.000     |     4.000     |
|   13  | arm_right_elbow_pitch_joint    |   10.000  |  2.000  |  0.002   |      0.000      |      0.000       |      0.000       | [-1.571, -0.000] |      15.000     |     4.000     |
|   14  | leg_left_knee_pitch_joint      |   20.000  |  2.000  |  0.007   |      0.000      |      0.000       |      0.000       | [-0.000, 2.443]  |      15.000     |     6.000     |
|   15  | leg_right_knee_pitch_joint     |   20.000  |  2.000  |  0.007   |      0.000      |      0.000       |      0.000       | [-0.000, 2.443]  |      15.000     |     6.000     |
|   16  | arm_left_elbow_roll_joint      |   10.000  |  2.000  |  0.002   |      0.000      |      0.000       |      0.000       | [-0.785, 0.785]  |      15.000     |     4.000     |
|   17  | arm_right_elbow_roll_joint     |   10.000  |  2.000  |  0.002   |      0.000      |      0.000       |      0.000       | [-0.785, 0.785]  |      15.000     |     4.000     |
|   18  | leg_left_ankle_pitch_joint     |   20.000  |  2.000  |  0.002   |      0.000      |      0.000       |      0.000       | [-0.785, 0.785]  |      15.000     |     6.000     |
|   19  | leg_right_ankle_pitch_joint    |   20.000  |  2.000  |  0.002   |      0.000      |      0.000       |      0.000       | [-0.785, 0.785]  |      15.000     |     6.000     |
|   20  | leg_left_ankle_roll_joint      |   20.000  |  2.000  |  0.002   |      0.000      |      0.000       |      0.000       | [-0.262, 0.262]  |      15.000     |     6.000     |
|   21  | leg_right_ankle_roll_joint     |   20.000  |  2.000  |  0.002   |      0.000      |      0.000       |      0.000       | [-0.262, 0.262]  |      15.000     |     6.000     |
+-------+--------------------------------+-----------+---------+----------+-----------------+------------------+------------------+------------------+-----------------+---------------+
2026-09-29T06:37:24Z [41,802ms] [Warning] [isaaclab.actuators.actuator_pd] The <ImplicitActuatorCfg> object has a value for 'effort_limit'. This parameter will be removed in the future. To set the effort limit, please use 'effort_limit_sim' instead.
2026-09-29T06:37:24Z [41,802ms] [Warning] [isaaclab.actuators.actuator_pd] The <ImplicitActuatorCfg> object has a value for 'velocity_limit'. Previously, although this value was specified, it was not getting used by implicit actuators. Since this parameter affects the simulation behavior, we continue to not use it. This parameter will be removed in the future. To set the velocity limit, please use 'velocity_limit_sim' instead.
2026-09-29T06:37:24Z [41,819ms] [Warning] [omni.physx.tensors.plugin] Failed to find rigid body at '/World/envs/env_0/robot_a/joints/imu'
2026-09-29T06:37:24Z [41,819ms] [Warning] [omni.physx.tensors.plugin] Failed to find rigid body at '/World/envs/env_1/robot_a/joints/imu'
2026-09-29T06:37:24Z [41,820ms] [Warning] [omni.physx.tensors.plugin] Failed to find rigid body at '/World/envs/env_2/robot_a/joints/imu'
2026-09-29T06:37:24Z [41,820ms] [Warning] [omni.physx.tensors.plugin] Failed to find rigid body at '/World/envs/env_3/robot_a/joints/imu'
2026-09-29T06:37:24Z [41,820ms] [Warning] [omni.physx.tensors.plugin] Failed to find rigid body at '/World/envs/env_4/robot_a/joints/imu'
2026-09-29T06:37:24Z [41,820ms] [Warning] [omni.physx.tensors.plugin] Failed to find rigid body at '/World/envs/env_5/robot_a/joints/imu'
2026-09-29T06:37:24Z [41,820ms] [Warning] [omni.physx.tensors.plugin] Failed to find rigid body at '/World/envs/env_6/robot_a/joints/imu'
2026-09-29T06:37:24Z [41,820ms] [Warning] [omni.physx.tensors.plugin] Failed to find rigid body at '/World/envs/env_7/robot_a/joints/imu'
2026-09-29T06:37:24Z [41,820ms] [Warning] [omni.physx.tensors.plugin] Failed to find rigid body at '/World/envs/env_8/robot_a/joints/imu'
2026-09-29T06:37:24Z [41,820ms] [Warning] [omni.physx.tensors.plugin] Failed to find rigid body at '/World/envs/env_9/robot_a/joints/imu'
2026-09-29T06:37:24Z [41,820ms] [Warning] [omni.physx.tensors.plugin] Failed to find rigid body at '/World/envs/env_10/robot_a/joints/imu'
2026-09-29T06:37:24Z [41,820ms] [Warning] [omni.physx.tensors.plugin] Failed to find rigid body at '/World/envs/env_11/robot_a/joints/imu'
2026-09-29T06:37:24Z [41,820ms] [Warning] [omni.physx.tensors.plugin] Failed to find rigid body at '/World/envs/env_12/robot_a/joints/imu'
2026-09-29T06:37:24Z [41,820ms] [Warning] [omni.physx.tensors.plugin] Failed to find rigid body at '/World/envs/env_13/robot_a/joints/imu'
2026-09-29T06:37:24Z [41,820ms] [Warning] [omni.physx.tensors.plugin] Failed to find rigid body at '/World/envs/env_14/robot_a/joints/imu'
2026-09-29T06:37:24Z [41,820ms] [Warning] [omni.physx.tensors.plugin] Failed to find rigid body at '/World/envs/env_15/robot_a/joints/imu'
2026-09-29T06:37:24Z [41,821ms] [Warning] [omni.physx.tensors.plugin] Failed to find contact report API at '/World/envs/env_0/robot_a/joints/imu'
2026-09-29T06:37:24Z [41,821ms] [Warning] [omni.physx.tensors.plugin] Failed to find contact report API at '/World/envs/env_1/robot_a/joints/imu'
2026-09-29T06:37:24Z [41,822ms] [Warning] [omni.physx.tensors.plugin] Failed to find contact report API at '/World/envs/env_2/robot_a/joints/imu'
2026-09-29T06:37:24Z [41,822ms] [Warning] [omni.physx.tensors.plugin] Failed to find contact report API at '/World/envs/env_3/robot_a/joints/imu'
2026-09-29T06:37:24Z [41,822ms] [Warning] [omni.physx.tensors.plugin] Failed to find contact report API at '/World/envs/env_4/robot_a/joints/imu'
2026-09-29T06:37:24Z [41,822ms] [Warning] [omni.physx.tensors.plugin] Failed to find contact report API at '/World/envs/env_5/robot_a/joints/imu'
2026-09-29T06:37:24Z [41,822ms] [Warning] [omni.physx.tensors.plugin] Failed to find contact report API at '/World/envs/env_6/robot_a/joints/imu'
2026-09-29T06:37:24Z [41,822ms] [Warning] [omni.physx.tensors.plugin] Failed to find contact report API at '/World/envs/env_7/robot_a/joints/imu'
2026-09-29T06:37:24Z [41,822ms] [Warning] [omni.physx.tensors.plugin] Failed to find contact report API at '/World/envs/env_8/robot_a/joints/imu'
2026-09-29T06:37:24Z [41,822ms] [Warning] [omni.physx.tensors.plugin] Failed to find contact report API at '/World/envs/env_9/robot_a/joints/imu'
2026-09-29T06:37:24Z [41,822ms] [Warning] [omni.physx.tensors.plugin] Failed to find contact report API at '/World/envs/env_10/robot_a/joints/imu'
2026-09-29T06:37:24Z [41,822ms] [Warning] [omni.physx.tensors.plugin] Failed to find contact report API at '/World/envs/env_11/robot_a/joints/imu'
2026-09-29T06:37:24Z [41,822ms] [Warning] [omni.physx.tensors.plugin] Failed to find contact report API at '/World/envs/env_12/robot_a/joints/imu'
2026-09-29T06:37:24Z [41,822ms] [Warning] [omni.physx.tensors.plugin] Failed to find contact report API at '/World/envs/env_13/robot_a/joints/imu'
2026-09-29T06:37:24Z [41,822ms] [Warning] [omni.physx.tensors.plugin] Failed to find contact report API at '/World/envs/env_14/robot_a/joints/imu'
2026-09-29T06:37:24Z [41,822ms] [Warning] [omni.physx.tensors.plugin] Failed to find contact report API at '/World/envs/env_15/robot_a/joints/imu'
2026-09-29T06:37:24Z [41,825ms] [Warning] [omni.physx.tensors.plugin] Failed to find rigid body at '/World/envs/env_0/robot_b/joints/imu'
2026-09-29T06:37:24Z [41,825ms] [Warning] [omni.physx.tensors.plugin] Failed to find rigid body at '/World/envs/env_1/robot_b/joints/imu'
2026-09-29T06:37:24Z [41,825ms] [Warning] [omni.physx.tensors.plugin] Failed to find rigid body at '/World/envs/env_2/robot_b/joints/imu'
2026-09-29T06:37:24Z [41,825ms] [Warning] [omni.physx.tensors.plugin] Failed to find rigid body at '/World/envs/env_3/robot_b/joints/imu'
2026-09-29T06:37:24Z [41,825ms] [Warning] [omni.physx.tensors.plugin] Failed to find rigid body at '/World/envs/env_4/robot_b/joints/imu'
2026-09-29T06:37:24Z [41,825ms] [Warning] [omni.physx.tensors.plugin] Failed to find rigid body at '/World/envs/env_5/robot_b/joints/imu'
2026-09-29T06:37:24Z [41,825ms] [Warning] [omni.physx.tensors.plugin] Failed to find rigid body at '/World/envs/env_6/robot_b/joints/imu'
2026-09-29T06:37:24Z [41,825ms] [Warning] [omni.physx.tensors.plugin] Failed to find rigid body at '/World/envs/env_7/robot_b/joints/imu'
2026-09-29T06:37:24Z [41,825ms] [Warning] [omni.physx.tensors.plugin] Failed to find rigid body at '/World/envs/env_8/robot_b/joints/imu'
2026-09-29T06:37:24Z [41,825ms] [Warning] [omni.physx.tensors.plugin] Failed to find rigid body at '/World/envs/env_9/robot_b/joints/imu'
2026-09-29T06:37:24Z [41,825ms] [Warning] [omni.physx.tensors.plugin] Failed to find rigid body at '/World/envs/env_10/robot_b/joints/imu'
2026-09-29T06:37:24Z [41,825ms] [Warning] [omni.physx.tensors.plugin] Failed to find rigid body at '/World/envs/env_11/robot_b/joints/imu'
2026-09-29T06:37:24Z [41,825ms] [Warning] [omni.physx.tensors.plugin] Failed to find rigid body at '/World/envs/env_12/robot_b/joints/imu'
2026-09-29T06:37:24Z [41,825ms] [Warning] [omni.physx.tensors.plugin] Failed to find rigid body at '/World/envs/env_13/robot_b/joints/imu'
2026-09-29T06:37:24Z [41,825ms] [Warning] [omni.physx.tensors.plugin] Failed to find rigid body at '/World/envs/env_14/robot_b/joints/imu'
2026-09-29T06:37:24Z [41,825ms] [Warning] [omni.physx.tensors.plugin] Failed to find rigid body at '/World/envs/env_15/robot_b/joints/imu'
2026-09-29T06:37:24Z [41,827ms] [Warning] [omni.physx.tensors.plugin] Failed to find contact report API at '/World/envs/env_0/robot_b/joints/imu'
2026-09-29T06:37:24Z [41,827ms] [Warning] [omni.physx.tensors.plugin] Failed to find contact report API at '/World/envs/env_1/robot_b/joints/imu'
2026-09-29T06:37:24Z [41,827ms] [Warning] [omni.physx.tensors.plugin] Failed to find contact report API at '/World/envs/env_2/robot_b/joints/imu'
2026-09-29T06:37:24Z [41,827ms] [Warning] [omni.physx.tensors.plugin] Failed to find contact report API at '/World/envs/env_3/robot_b/joints/imu'
2026-09-29T06:37:24Z [41,827ms] [Warning] [omni.physx.tensors.plugin] Failed to find contact report API at '/World/envs/env_4/robot_b/joints/imu'
2026-09-29T06:37:24Z [41,827ms] [Warning] [omni.physx.tensors.plugin] Failed to find contact report API at '/World/envs/env_5/robot_b/joints/imu'
[INFO]: Time taken for simulation start Last: 6.020921 s, Mean: 6.020921 s, Std: 0.000000 s, N: 1
[INFO] Command Manager:  <CommandManager> contains 0 active terms.
+------------------------+
|  Active Command Terms  |
+--------+-------+-------+
| Index  | Name  |  Type |
+--------+-------+-------+
+--------+-------+-------+

[INFO] Event Manager:  <EventManager> contains 1 active terms.
+-----------------------------------+
| Active Event Terms in Mode: 'reset' |
+----------+------------------------+
|  Index   | Name                   |
+----------+------------------------+
|    0     | reset_joints_a         |
|    1     | reset_joints_b         |
|    2     | reset_root_a           |
|    3     | reset_root_b           |
|    4     | reset_object           |
+----------+------------------------+

[INFO] Recorder Manager:  <RecorderManager> contains 0 active terms.
+---------------------+
| Active Recorder Terms |
+-----------+---------+
|   Index   | Name    |
+-----------+---------+
+-----------+---------+

[INFO]: Resolved joint names for the action term JointPositionAction: ['arm_left_shoulder_pitch_joint', 'arm_left_shoulder_roll_joint', 'arm_left_shoulder_yaw_joint', 'arm_left_elbow_pitch_joint', 'arm_left_elbow_roll_joint', 'arm_right_shoulder_pitch_joint', 'arm_right_shoulder_roll_joint', 'arm_right_shoulder_yaw_joint', 'arm_right_elbow_pitch_joint', 'arm_right_elbow_roll_joint', 'leg_left_hip_roll_joint', 'leg_left_hip_yaw_joint', 'leg_left_hip_pitch_joint', 'leg_left_knee_pitch_joint', 'leg_left_ankle_pitch_joint', 'leg_left_ankle_roll_joint', 'leg_right_hip_roll_joint', 'leg_right_hip_yaw_joint', 'leg_right_hip_pitch_joint', 'leg_right_knee_pitch_joint', 'leg_right_ankle_pitch_joint', 'leg_right_ankle_roll_joint'] [[0, 4, 8, 12, 16, 1, 5, 9, 13, 17, 2, 6, 10, 14, 18, 20, 3, 7, 11, 15, 19, 21]]
[INFO]: Resolved joint names for the action term JointPositionAction: ['arm_left_shoulder_pitch_joint', 'arm_left_shoulder_roll_joint', 'arm_left_shoulder_yaw_joint', 'arm_left_elbow_pitch_joint', 'arm_left_elbow_roll_joint', 'arm_right_shoulder_pitch_joint', 'arm_right_shoulder_roll_joint', 'arm_right_shoulder_yaw_joint', 'arm_right_elbow_pitch_joint', 'arm_right_elbow_roll_joint', 'leg_left_hip_roll_joint', 'leg_left_hip_yaw_joint', 'leg_left_hip_pitch_joint', 'leg_left_knee_pitch_joint', 'leg_left_ankle_pitch_joint', 'leg_left_ankle_roll_joint', 'leg_right_hip_roll_joint', 'leg_right_hip_yaw_joint', 'leg_right_hip_pitch_joint', 'leg_right_knee_pitch_joint', 'leg_right_ankle_pitch_joint', 'leg_right_ankle_roll_joint'] [[0, 4, 8, 12, 16, 1, 5, 9, 13, 17, 2, 6, 10, 14, 18, 20, 3, 7, 11, 15, 19, 21]]
[INFO] Action Manager:  <ActionManager> contains 2 active terms.
+------------------------------------+
|  Active Action Terms (shape: 44)   |
+--------+--------------+------------+
| Index  | Name         |  Dimension |
+--------+--------------+------------+
|   0    | joint_pos_a  |         22 |
|   1    | joint_pos_b  |         22 |
+--------+--------------+------------+

[INFO] Observation Manager: <ObservationManager> contains 2 groups.
+-----------------------------------------------------------+
| Active Observation Terms in Group: 'policy' (shape: (194,)) |
+-----------+-----------------------------------+-----------+
|   Index   | Name                              |   Shape   |
+-----------+-----------------------------------+-----------+
|     0     | projected_gravity_a               |    (3,)   |
|     1     | projected_gravity_b               |    (3,)   |
|     2     | base_ang_vel_a                    |    (3,)   |
|     3     | base_ang_vel_b                    |    (3,)   |
|     4     | joint_pos_a                       |   (22,)   |
|     5     | joint_pos_b                       |   (22,)   |
|     6     | joint_vel_a                       |   (22,)   |
|     7     | joint_vel_b                       |   (22,)   |
|     8     | object_pos_a                      |    (3,)   |
|     9     | object_pos_b                      |    (3,)   |
|     10    | track_err_a                       |   (22,)   |
|     11    | track_err_b                       |   (22,)   |
|     12    | actions                           |   (44,)   |
+-----------+-----------------------------------+-----------+
+-----------------------------------------------------------+
| Active Observation Terms in Group: 'critic' (shape: (206,)) |
+-----------+-----------------------------------+-----------+
|   Index   | Name                              |   Shape   |
+-----------+-----------------------------------+-----------+
|     0     | projected_gravity_a               |    (3,)   |
|     1     | projected_gravity_b               |    (3,)   |
|     2     | base_ang_vel_a                    |    (3,)   |
|     3     | base_ang_vel_b                    |    (3,)   |
|     4     | joint_pos_a                       |   (22,)   |
|     5     | joint_pos_b                       |   (22,)   |
|     6     | joint_vel_a                       |   (22,)   |
|     7     | joint_vel_b                       |   (22,)   |
|     8     | object_pos_a                      |    (3,)   |
|     9     | object_pos_b                      |    (3,)   |
|     10    | track_err_a                       |   (22,)   |
|     11    | track_err_b                       |   (22,)   |
|     12    | actions                           |   (44,)   |
|     13    | base_lin_vel_a                    |    (3,)   |
|     14    | base_lin_vel_b                    |    (3,)   |
|     15    | object_lin_vel                    |    (3,)   |
|     16    | object_ang_vel                    |    (3,)   |
+-----------+-----------------------------------+-----------+

[INFO] Termination Manager:  <TerminationManager> contains 3 active terms.
+-----------------------------+
|   Active Termination Terms  |
+-------+----------+----------+
| Index | Name     | Time Out |
+-------+----------+----------+
|   0   | time_out |   True   |
|   1   | fallen   |  False   |
|   2   | success  |  False   |
+-------+----------+----------+

[INFO] Reward Manager:  <RewardManager> contains 18 active terms.
+--------------------------------------+
|         Active Reward Terms          |
+-------+---------------------+--------+
| Index | Name                | Weight |
+-------+---------------------+--------+
|   0   | reaching_coarse     |    1.0 |
|   1   | reaching_fine       |    1.0 |
|   2   | opposing_clamp      |    1.5 |
|   3   | lift_progress       |    2.0 |
|   4   | lifting_object      |   15.0 |
|   5   | object_vel          |  -0.05 |
|   6   | object_tilt         |   -1.5 |
|   7   | still_alive         |    1.0 |
|   8   | flat_a              |   -1.0 |
|   9   | flat_b              |   -1.0 |
|   10  | torques_a           | -2e-05 |
|   11  | torques_b           | -2e-05 |
|   12  | base_contact_a      |   -1.0 |
|   13  | base_contact_b      |   -1.0 |
|   14  | placed              | 5000.0 |
|   15  | fall_penalty        | -500.0 |
|   16  | deck_progress       |    3.0 |
|   17  | action_rate_clipped |  -0.01 |
+-------+---------------------+--------+

[INFO] Curriculum Manager:  <CurriculumManager> contains 10 active terms.
+--------------------------+
| Active Curriculum Terms  |
+-------+------------------+
| Index | Name             |
+-------+------------------+
|   0   | lift_height      |
|   1   | stage_lift       |
|   2   | base_height      |
|   3   | upright_gate     |
|   4   | fell_a           |
|   5   | fell_b           |
|   6   | over_deck        |
|   7   | cube_abs_x       |
|   8   | cube_tilted      |
|   9   | tipped_over_deck |
+-------+------------------+

[INFO]: Completed setting up the environment...
[INFO]: SimulationContext cleared
QUATFIX-PROBE status=ok order=xyzw cfg_object_rot=[0.0, 0.0, 0.0, 1.0] reset={'root_quat_w_env0': [0.0, 0.0, 0.0, 1.0], 'object_tilt_max': 0.0, 'cube_tilt_deg_max': 0.0, 'cube_tilted_share': 0.0} known_object_tilt=[0.0, 1.000000238418579, 1.000000238418579, 0.0, 4.0] known_cube_tilt_deg=[0.0, 90.00000762939453, 90.00000762939453, 0.0, 180.0] live={'max_abs_err_object_tilt': 0.0, 'max_abs_err_tilt_deg': 0.0, 'max_cube_tilt_deg_seen': 1.9785304069519043, 'n_checks': 21} -> /nfs/hpc/share/sanchej7/Humanoid_Lite/bhl-robustness-ladder/results/repo-gpu-20260923/quatfix_2026-09-28/probe_21463685.json
2026-09-29T06:37:24Z [41,827ms] [Warning] [omni.physx.tensors.plugin] Failed to find contact report API at '/World/envs/env_6/robot_b/joints/imu'
2026-09-29T06:37:24Z [41,827ms] [Warning] [omni.physx.tensors.plugin] Failed to find contact report API at '/World/envs/env_7/robot_b/joints/imu'
2026-09-29T06:37:24Z [41,827ms] [Warning] [omni.physx.tensors.plugin] Failed to find contact report API at '/World/envs/env_8/robot_b/joints/imu'
2026-09-29T06:37:24Z [41,827ms] [Warning] [omni.physx.tensors.plugin] Failed to find contact report API at '/World/envs/env_9/robot_b/joints/imu'
2026-09-29T06:37:24Z [41,827ms] [Warning] [omni.physx.tensors.plugin] Failed to find contact report API at '/World/envs/env_10/robot_b/joints/imu'
2026-09-29T06:37:24Z [41,827ms] [Warning] [omni.physx.tensors.plugin] Failed to find contact report API at '/World/envs/env_11/robot_b/joints/imu'
2026-09-29T06:37:24Z [41,827ms] [Warning] [omni.physx.tensors.plugin] Failed to find contact report API at '/World/envs/env_12/robot_b/joints/imu'
2026-09-29T06:37:24Z [41,827ms] [Warning] [omni.physx.tensors.plugin] Failed to find contact report API at '/World/envs/env_13/robot_b/joints/imu'
2026-09-29T06:37:24Z [41,827ms] [Warning] [omni.physx.tensors.plugin] Failed to find contact report API at '/World/envs/env_14/robot_b/joints/imu'
2026-09-29T06:37:24Z [41,827ms] [Warning] [omni.physx.tensors.plugin] Failed to find contact report API at '/World/envs/env_15/robot_b/joints/imu'
2026-09-29T06:37:31Z [48,221ms] [Warning] [omni.kit.material.library.material_extensions] Could not initialize context menu integration: No module named 'omni.kit.context_menu'
