==================== guarded(21397732,PASS) upright 10 / 10
L 0 fall=False t_fall=None T=55.04
    cross {'door': 0, 't0': 24.479999999988298, 't1': 25.719999999985408, 'along0': -0.353, 'along1': -0.277, 'along_max': -0.239, 'lat0': -0.097, 'lat1': -0.122, 'yaw_err0': -1.534, 'yaw_err1': -1.838, 'dur': 1.24, 'cmd0': [0.0, 0.0, 0.0], 'cmd_mid': [-0.003, 0.3, 0.0]}
L 1 fall=False t_fall=None T=43.68
    cross {'door': 0, 't0': 20.199999999998273, 't1': 21.439999999995383, 'along0': -0.402, 'along1': -0.187, 'along_max': -0.142, 'lat0': 0.145, 'lat1': 0.193, 'yaw_err0': -0.094, 'yaw_err1': 0.263, 'dur': 1.24, 'cmd0': [0.0, 0.0, 0.0], 'cmd_mid': [0.299, 0.024, 0.0]}
L 4 fall=False t_fall=None T=45.08
    cross {'door': 0, 't0': 16.200000000007595, 't1': 17.440000000004705, 'along0': -0.343, 'along1': -0.328, 'along_max': -0.258, 'lat0': -0.077, 'lat1': -0.08, 'yaw_err0': -1.519, 'yaw_err1': -1.757, 'dur': 1.24, 'cmd0': [0.0, 0.0, 0.0], 'cmd_mid': [-0.002, 0.3, 0.0]}
L 5 fall=False t_fall=None T=42.6
L 7 fall=False t_fall=None T=44.48
    cross {'door': 0, 't0': 16.2400000000075, 't1': 17.480000000004612, 'along0': -0.362, 'along1': -0.219, 'along_max': -0.219, 'lat0': -0.001, 'lat1': 0.005, 'yaw_err0': -1.517, 'yaw_err1': -1.572, 'dur': 1.24, 'cmd0': [0.0, 0.0, 0.0], 'cmd_mid': [0.02, 0.299, 0.0]}
L 9 fall=False t_fall=None T=20.88
L12 fall=False t_fall=None T=13.6
L13 fall=False t_fall=None T=15.24
L14 fall=False t_fall=None T=37.16
    cross {'door': 0, 't0': 19.679999999999485, 't1': 20.919999999996595, 'along0': -0.274, 'along1': -0.254, 'along_max': -0.239, 'lat0': 0.129, 'lat1': 0.13, 'yaw_err0': -1.345, 'yaw_err1': -1.265, 'dur': 1.24, 'cmd0': [0.0, 0.0, 0.0], 'cmd_mid': [0.085, 0.288, 0.0]}
L15 fall=False t_fall=None T=40.68
==================== waitopen2(21400863,PASS) upright 10 / 10
L 0 fall=False t_fall=None T=55.04
    cross {'door': 0, 't0': 24.479999999988298, 't1': 25.719999999985408, 'along0': -0.353, 'along1': -0.277, 'along_max': -0.239, 'lat0': -0.097, 'lat1': -0.122, 'yaw_err0': -1.534, 'yaw_err1': -1.838, 'dur': 1.24, 'cmd0': [0.0, 0.0, 0.0], 'cmd_mid': [-0.003, 0.3, 0.0]}
L 1 fall=False t_fall=None T=43.68
    cross {'door': 0, 't0': 20.199999999998273, 't1': 21.439999999995383, 'along0': -0.402, 'along1': -0.187, 'along_max': -0.142, 'lat0': 0.145, 'lat1': 0.193, 'yaw_err0': -0.094, 'yaw_err1': 0.263, 'dur': 1.24, 'cmd0': [0.0, 0.0, 0.0], 'cmd_mid': [0.299, 0.024, 0.0]}
L 4 fall=False t_fall=None T=45.08
    cross {'door': 0, 't0': 16.200000000007595, 't1': 17.440000000004705, 'along0': -0.343, 'along1': -0.328, 'along_max': -0.258, 'lat0': -0.077, 'lat1': -0.08, 'yaw_err0': -1.519, 'yaw_err1': -1.757, 'dur': 1.24, 'cmd0': [0.0, 0.0, 0.0], 'cmd_mid': [-0.002, 0.3, 0.0]}
L 5 fall=False t_fall=None T=42.6
L 7 fall=False t_fall=None T=44.48
    cross {'door': 0, 't0': 16.2400000000075, 't1': 17.480000000004612, 'along0': -0.362, 'along1': -0.219, 'along_max': -0.219, 'lat0': -0.001, 'lat1': 0.005, 'yaw_err0': -1.517, 'yaw_err1': -1.572, 'dur': 1.24, 'cmd0': [0.0, 0.0, 0.0], 'cmd_mid': [0.02, 0.299, 0.0]}
L 9 fall=False t_fall=None T=20.88
L12 fall=False t_fall=None T=13.6
L13 fall=False t_fall=None T=15.24
L14 fall=False t_fall=None T=37.16
    cross {'door': 0, 't0': 19.679999999999485, 't1': 20.919999999996595, 'along0': -0.274, 'along1': -0.254, 'along_max': -0.239, 'lat0': 0.129, 'lat1': 0.13, 'yaw_err0': -1.345, 'yaw_err1': -1.265, 'dur': 1.24, 'cmd0': [0.0, 0.0, 0.0], 'cmd_mid': [0.085, 0.288, 0.0]}
L15 fall=False t_fall=None T=40.68
==================== v2-align(21405537) upright 9 / 10
L 0 fall=False t_fall=None T=55.04
    cross {'door': 0, 't0': 24.159999999989044, 't1': 27.67999999998084, 'along0': -0.457, 'along1': 0.352, 'along_max': 0.352, 'lat0': -0.14, 'lat1': -0.441, 'yaw_err0': -1.102, 'yaw_err1': -0.072, 'dur': 3.52, 'cmd0': [0.0, 0.0, 0.0], 'cmd_mid': [0.254, 0.159, 0.35]}
L 1 fall=False t_fall=None T=43.68
    cross {'door': 0, 't0': 20.079999999998552, 't1': 23.159999999991374, 'along0': -0.459, 'along1': 0.357, 'along_max': 0.357, 'lat0': 0.073, 'lat1': 0.186, 'yaw_err0': 0.021, 'yaw_err1': 0.007, 'dur': 3.08, 'cmd0': [0.0, 0.0, 0.0], 'cmd_mid': [0.292, -0.068, -0.273]}
L 4 fall=False t_fall=None T=45.08
    cross {'door': 0, 't0': 16.080000000007875, 't1': 20.11999999999846, 'along0': -0.462, 'along1': 0.297, 'along_max': 0.297, 'lat0': -0.115, 'lat1': -0.377, 'yaw_err0': -1.046, 'yaw_err1': -0.049, 'dur': 4.04, 'cmd0': [0.0, 0.0, 0.0], 'cmd_mid': [0.281, 0.104, 0.35]}
L 5 fall=False t_fall=None T=42.6
    cross {'door': 0, 't0': 19.559999999999764, 't1': 22.83999999999212, 'along0': -0.471, 'along1': 0.355, 'along_max': 0.355, 'lat0': 0.064, 'lat1': 0.058, 'yaw_err0': -0.125, 'yaw_err1': 0.005, 'dur': 3.28, 'cmd0': [0.0, 0.0, 0.0], 'cmd_mid': [0.3, -0.016, -0.062]}
L 7 fall=True  t_fall=18.280000000002747 T=44.48
    cross {'door': 0, 't0': 15.880000000007916, 't1': 19.919999999998925, 'along0': -0.536, 'along1': -0.609, 'along_max': -0.287, 'lat0': -0.038, 'lat1': -0.04, 'yaw_err0': -1.02, 'yaw_err1': -1.122, 'dur': 4.04, 'cmd0': [0.0, 0.0, 0.0], 'cmd_mid': [0.279, 0.11, 0.35]}
    FALL phase cross xy [1.305, 2.83] plate {'door': 0, 'side': 1, 'along': -0.45, 'lat': -0.025, 'dist': 0.451} correct 1 plates ['plate_0_1'] bodies ['r0_leg_left_ankle_roll', 'r0_leg_right_ankle_roll'] walls [] peakN 263.4
L 9 fall=False t_fall=None T=20.88
L12 fall=False t_fall=None T=13.6
L13 fall=False t_fall=None T=15.24
L14 fall=False t_fall=None T=37.16
    cross {'door': 0, 't0': 19.519999999999857, 't1': 23.559999999990442, 'along0': -0.464, 'along1': -0.375, 'along_max': -0.204, 'lat0': 0.05, 'lat1': 0.035, 'yaw_err0': -0.081, 'yaw_err1': -0.015, 'dur': 4.04, 'cmd0': [0.0, 0.0, 0.0], 'cmd_mid': [0.3, 0.008, 0.03]}
L15 fall=False t_fall=None T=40.68
    cross {'door': 0, 't0': 17.88000000000368, 't1': 20.639999999997247, 'along0': -0.466, 'along1': 0.353, 'along_max': 0.353, 'lat0': 0.075, 'lat1': 0.077, 'yaw_err0': -0.072, 'yaw_err1': -0.017, 'dur': 2.76, 'cmd0': [0.0, 0.0, 0.0], 'cmd_mid': [0.3, 0.016, 0.065]}
==================== v3-settle190(21405539) upright 6 / 10
L 0 fall=True  t_fall=27.999999999980094 T=55.04
    cross {'door': 0, 't0': 25.759999999985315, 't1': 29.7999999999759, 'along0': -0.472, 'along1': -0.498, 'along_max': -0.183, 'lat0': -0.129, 'lat1': -0.221, 'yaw_err0': -1.501, 'yaw_err1': 1.39, 'dur': 4.04, 'cmd0': [0.0, 0.0, 0.0], 'cmd_mid': [-0.154, 0.258, 0.0]}
    FALL phase cross xy [0.524, 4.256] plate {'door': 0, 'side': -1, 'along': -0.424, 'lat': 0.104, 'dist': 0.437} correct -1 plates ['plate_0_-1'] bodies ['r0_leg_left_ankle_roll'] walls [] peakN 444.5
L 1 fall=True  t_fall=28.15999999997972 T=43.68
    cross {'door': 0, 't0': 21.559999999995103, 't1': 24.799999999987552, 'along0': -0.474, 'along1': 0.352, 'along_max': 0.352, 'lat0': 0.071, 'lat1': -0.022, 'yaw_err0': 0.064, 'yaw_err1': 0.595, 'dur': 3.24, 'cmd0': [0.0, 0.0, 0.0], 'cmd_mid': [0.281, -0.105, 0.0]}
    FALL phase recorded xy [1.832, 4.58] plate {'door': 0, 'side': 1, 'along': 0.452, 'lat': -0.34, 'dist': 0.566} correct -1 plates ['plate_0_1'] bodies ['r0_leg_left_ankle_roll', 'r0_leg_left_knee_pitch'] walls ['wall_m7_16'] peakN 292.5
L 4 fall=True  t_fall=19.799999999999205 T=45.08
    cross {'door': 0, 't0': 17.440000000004705, 't1': 21.47999999999529, 'along0': -0.471, 'along1': -0.43, 'along_max': -0.234, 'lat0': -0.103, 'lat1': 0.156, 'yaw_err0': -1.534, 'yaw_err1': 0.797, 'dur': 4.04, 'cmd0': [0.0, 0.0, 0.0], 'cmd_mid': [-0.112, 0.278, 0.0]}
    FALL phase cross xy [2.244, 2.864] plate {'door': 0, 'side': -1, 'along': -0.416, 'lat': 0.124, 'dist': 0.434} correct -1 plates ['plate_0_-1'] bodies ['r0_leg_left_ankle_roll'] walls [] peakN 216.7
L 5 fall=False t_fall=None T=42.6
    cross {'door': 0, 't0': 20.399999999997807, 't1': 24.43999999998839, 'along0': -0.402, 'along1': 0.147, 'along_max': 0.147, 'lat0': 0.123, 'lat1': 0.078, 'yaw_err0': -1.508, 'yaw_err1': -1.333, 'dur': 4.04, 'cmd0': [0.0, 0.0, 0.0], 'cmd_mid': [0.033, 0.298, 0.0]}
L 7 fall=True  t_fall=19.36000000000023 T=44.48
    cross {'door': 0, 't0': 17.160000000005358, 't1': 21.199999999995942, 'along0': -0.509, 'along1': -0.348, 'along_max': -0.08, 'lat0': -0.043, 'lat1': -0.123, 'yaw_err0': -1.539, 'yaw_err1': 0.898, 'dur': 4.04, 'cmd0': [0.0, 0.0, 0.0], 'cmd_mid': [-0.033, 0.298, 0.0]}
    FALL phase cross xy [1.588, 2.885] plate {'door': 0, 'side': 1, 'along': -0.395, 'lat': -0.308, 'dist': 0.501} correct 1 plates ['plate_0_1'] bodies ['r0_leg_left_ankle_roll'] walls [] peakN 434.0
L 9 fall=False t_fall=None T=20.88
L12 fall=False t_fall=None T=13.6
L13 fall=False t_fall=None T=15.24
L14 fall=False t_fall=None T=37.16
    cross {'door': 0, 't0': 21.039999999996315, 't1': 25.0799999999869, 'along0': -0.347, 'along1': -0.329, 'along_max': -0.283, 'lat0': 0.105, 'lat1': 0.164, 'yaw_err0': -1.722, 'yaw_err1': -1.594, 'dur': 4.04, 'cmd0': [0.0, 0.0, 0.0], 'cmd_mid': [-0.003, 0.3, 0.0]}
L15 fall=False t_fall=None T=40.68
    cross {'door': 0, 't0': 19.559999999999764, 't1': 23.59999999999035, 'along0': -0.364, 'along1': -0.217, 'along_max': -0.2, 'lat0': 0.134, 'lat1': 0.104, 'yaw_err0': -1.35, 'yaw_err1': -1.415, 'dur': 4.04, 'cmd0': [0.0, 0.0, 0.0], 'cmd_mid': [0.044, 0.297, 0.0]}
==================== v4-settle080(21405541) upright 9 / 10
L 0 fall=True  t_fall=26.599999999983357 T=55.04
    cross {'door': 0, 't0': 24.67999999998783, 't1': 28.719999999978416, 'along0': -0.458, 'along1': -0.362, 'along_max': -0.186, 'lat0': -0.115, 'lat1': -0.342, 'yaw_err0': -1.493, 'yaw_err1': 1.528, 'dur': 4.04, 'cmd0': [0.0, 0.0, 0.0], 'cmd_mid': [0.0, 0.3, 0.0]}
    FALL phase cross xy [0.223, 4.391] plate {'door': 0, 'side': -1, 'along': -0.289, 'lat': -0.197, 'dist': 0.35} correct -1 plates ['plate_0_-1'] bodies ['r0_leg_left_ankle_roll'] walls [] peakN 344.0
L 1 fall=False t_fall=None T=43.68
    cross {'door': 0, 't0': 20.47999999999762, 't1': 24.07999999998923, 'along0': -0.473, 'along1': 0.367, 'along_max': 0.367, 'lat0': 0.072, 'lat1': 0.044, 'yaw_err0': 0.066, 'yaw_err1': 0.242, 'dur': 3.6, 'cmd0': [0.0, 0.0, 0.0], 'cmd_mid': [0.297, -0.039, 0.0]}
L 4 fall=False t_fall=None T=45.08
    cross {'door': 0, 't0': 16.360000000007222, 't1': 20.399999999997807, 'along0': -0.469, 'along1': -0.239, 'along_max': -0.223, 'lat0': -0.1, 'lat1': -0.161, 'yaw_err0': -1.533, 'yaw_err1': -1.252, 'dur': 4.04, 'cmd0': [0.0, 0.0, 0.0], 'cmd_mid': [0.08, 0.289, 0.0]}
L 5 fall=False t_fall=None T=42.6
    cross {'door': 0, 't0': 19.320000000000324, 't1': 23.359999999990908, 'along0': -0.402, 'along1': -0.111, 'along_max': -0.11, 'lat0': 0.123, 'lat1': 0.052, 'yaw_err0': -1.509, 'yaw_err1': -1.588, 'dur': 4.04, 'cmd0': [0.0, 0.0, 0.0], 'cmd_mid': [-0.055, 0.295, 0.0]}
L 7 fall=False t_fall=None T=44.48
    cross {'door': 0, 't0': 16.040000000007968, 't1': 20.079999999998552, 'along0': -0.506, 'along1': -0.09, 'along_max': -0.086, 'lat0': -0.041, 'lat1': -0.096, 'yaw_err0': -1.529, 'yaw_err1': -1.382, 'dur': 4.04, 'cmd0': [0.0, 0.0, 0.0], 'cmd_mid': [-0.05, 0.296, 0.0]}
L 9 fall=False t_fall=None T=20.88
L12 fall=False t_fall=None T=13.6
L13 fall=False t_fall=None T=15.24
L14 fall=False t_fall=None T=37.16
    cross {'door': 0, 't0': 19.959999999998832, 't1': 23.999999999989416, 'along0': -0.346, 'along1': -0.326, 'along_max': -0.27, 'lat0': 0.104, 'lat1': 0.155, 'yaw_err0': -1.723, 'yaw_err1': -1.572, 'dur': 4.04, 'cmd0': [0.0, 0.0, 0.0], 'cmd_mid': [-0.003, 0.3, 0.0]}
L15 fall=False t_fall=None T=40.68
    cross {'door': 0, 't0': 18.48000000000228, 't1': 22.519999999992866, 'along0': -0.363, 'along1': -0.21, 'along_max': -0.191, 'lat0': 0.134, 'lat1': 0.106, 'yaw_err0': -1.361, 'yaw_err1': -1.45, 'dur': 4.04, 'cmd0': [0.0, 0.0, 0.0], 'cmd_mid': [0.035, 0.298, 0.0]}
==================== v3-settle190-align(21405543) upright 7 / 10
L 0 fall=False t_fall=None T=55.04
    cross {'door': 0, 't0': 25.639999999985594, 't1': 29.55999999997646, 'along0': -0.457, 'along1': 0.369, 'along_max': 0.369, 'lat0': -0.149, 'lat1': -0.431, 'yaw_err0': -1.119, 'yaw_err1': -0.044, 'dur': 3.92, 'cmd0': [0.0, 0.0, 0.0], 'cmd_mid': [0.272, 0.127, 0.35]}
L 1 fall=False t_fall=None T=43.68
    cross {'door': 0, 't0': 21.559999999995103, 't1': 25.599999999985688, 'along0': -0.472, 'along1': -0.303, 'along_max': -0.293, 'lat0': 0.071, 'lat1': 0.064, 'yaw_err0': 0.013, 'yaw_err1': 0.114, 'dur': 4.04, 'cmd0': [0.0, 0.0, 0.0], 'cmd_mid': [0.299, -0.024, -0.096]}
L 4 fall=True  t_fall=25.119999999986806 T=45.08
    cross {'door': 0, 't0': 17.600000000004332, 't1': 21.639999999994917, 'along0': -0.458, 'along1': -0.319, 'along_max': -0.305, 'lat0': -0.118, 'lat1': -0.142, 'yaw_err0': -1.036, 'yaw_err1': -0.449, 'dur': 4.04, 'cmd0': [0.0, 0.0, 0.0], 'cmd_mid': [0.255, 0.158, 0.35]}
    FALL phase recorded xy [1.481, 3.099] plate {'door': 0, 'side': 1, 'along': -0.181, 'lat': -0.201, 'dist': 0.271} correct -1 plates ['plate_0_-1', 'plate_0_1'] bodies ['r0_leg_left_ankle_roll', 'r0_leg_right_ankle_roll'] walls [] peakN 286.2
L 5 fall=True  t_fall=26.43999999998373 T=42.6
    cross {'door': 0, 't0': 21.039999999996315, 't1': 24.31999999998867, 'along0': -0.471, 'along1': 0.365, 'along_max': 0.365, 'lat0': 0.068, 'lat1': 0.046, 'yaw_err0': -0.122, 'yaw_err1': -0.017, 'dur': 3.28, 'cmd0': [0.0, 0.0, 0.0], 'cmd_mid': [0.3, 0.004, 0.016]}
    FALL phase recorded xy [6.316, 0.292] plate {'door': 0, 'side': 1, 'along': 0.412, 'lat': 0.064, 'dist': 0.417} correct -1 plates ['plate_0_1'] bodies ['r0_leg_left_ankle_roll', 'r0_leg_right_ankle_roll'] walls [] peakN 235.4
L 7 fall=True  t_fall=19.83999999999911 T=44.48
    cross {'door': 0, 't0': 17.4000000000048, 't1': 21.439999999995383, 'along0': -0.535, 'along1': -0.143, 'along_max': -0.05, 'lat0': -0.029, 'lat1': 0.022, 'yaw_err0': -1.02, 'yaw_err1': -1.768, 'dur': 4.04, 'cmd0': [0.0, 0.0, 0.0], 'cmd_mid': [0.269, 0.132, 0.35]}
    FALL phase cross xy [1.374, 3.06] plate {'door': 0, 'side': 1, 'along': -0.22, 'lat': -0.094, 'dist': 0.239} correct 1 plates ['plate_0_1'] bodies ['r0_leg_left_ankle_roll', 'r0_leg_right_ankle_roll'] walls [] peakN 329.5
L 9 fall=False t_fall=None T=20.88
L12 fall=False t_fall=None T=13.6
L13 fall=False t_fall=None T=15.24
L14 fall=False t_fall=None T=37.16
    cross {'door': 0, 't0': 20.999999999996408, 't1': 25.039999999986993, 'along0': -0.458, 'along1': -0.317, 'along_max': -0.313, 'lat0': 0.049, 'lat1': 0.072, 'yaw_err0': -0.092, 'yaw_err1': -0.025, 'dur': 4.04, 'cmd0': [0.0, 0.0, 0.0], 'cmd_mid': [0.3, 0.009, 0.036]}
L15 fall=False t_fall=None T=40.68
    cross {'door': 0, 't0': 19.36000000000023, 't1': 23.399999999990815, 'along0': -0.466, 'along1': 0.105, 'along_max': 0.105, 'lat0': 0.087, 'lat1': 0.085, 'yaw_err0': -0.07, 'yaw_err1': -0.025, 'dur': 4.04, 'cmd0': [0.0, 0.0, 0.0], 'cmd_mid': [0.3, 0.006, 0.024]}
==================== v4-settle080-align(21405545) upright 7 / 10
L 0 fall=False t_fall=None T=55.04
    cross {'door': 0, 't0': 24.55999999998811, 't1': 28.599999999978696, 'along0': -0.454, 'along1': 0.019, 'along_max': 0.019, 'lat0': -0.148, 'lat1': -0.254, 'yaw_err0': -1.11, 'yaw_err1': -0.122, 'dur': 4.04, 'cmd0': [0.0, 0.0, 0.0], 'cmd_mid': [0.27, 0.131, 0.35]}
L 1 fall=True  t_fall=31.559999999971797 T=43.68
    cross {'door': 0, 't0': 20.47999999999762, 't1': 24.519999999988205, 'along0': -0.471, 'along1': -0.303, 'along_max': -0.298, 'lat0': 0.073, 'lat1': 0.063, 'yaw_err0': 0.014, 'yaw_err1': 0.09, 'dur': 4.04, 'cmd0': [0.0, 0.0, 0.0], 'cmd_mid': [0.3, -0.016, -0.066]}
    FALL phase recorded xy [1.229, 4.838] plate {'door': 0, 'side': 1, 'along': -0.151, 'lat': -0.082, 'dist': 0.172} correct -1 plates ['plate_0_1'] bodies ['r0_leg_left_ankle_roll', 'r0_leg_right_ankle_roll'] walls ['wall_m7_16'] peakN 436.1
L 4 fall=True  t_fall=23.59999999999035 T=45.08
    cross {'door': 0, 't0': 16.52000000000685, 't1': 20.559999999997434, 'along0': -0.455, 'along1': -0.321, 'along_max': -0.307, 'lat0': -0.119, 'lat1': -0.136, 'yaw_err0': -1.041, 'yaw_err1': -0.641, 'dur': 4.04, 'cmd0': [0.0, 0.0, 0.0], 'cmd_mid': [0.237, 0.183, 0.35]}
    FALL phase recorded xy [1.701, 3.286] plate {'door': 0, 'side': -1, 'along': 0.006, 'lat': -0.419, 'dist': 0.419} correct -1 plates ['plate_0_-1', 'plate_0_1'] bodies ['r0_leg_left_ankle_roll', 'r0_leg_right_ankle_roll'] walls [] peakN 299.3
L 5 fall=False t_fall=None T=42.6
    cross {'door': 0, 't0': 19.959999999998832, 't1': 23.999999999989416, 'along0': -0.471, 'along1': -0.314, 'along_max': -0.298, 'lat0': 0.065, 'lat1': 0.187, 'yaw_err0': -0.119, 'yaw_err1': -0.042, 'dur': 4.04, 'cmd0': [0.0, 0.0, 0.0], 'cmd_mid': [0.299, 0.022, 0.087]}
L 7 fall=True  t_fall=18.200000000002934 T=44.48
    cross {'door': 0, 't0': 16.320000000007315, 't1': 20.3599999999979, 'along0': -0.538, 'along1': -0.269, 'along_max': -0.236, 'lat0': -0.032, 'lat1': -0.232, 'yaw_err0': -1.019, 'yaw_err1': -3.005, 'dur': 4.04, 'cmd0': [0.0, 0.0, 0.0], 'cmd_mid': [-0.023, 0.299, 0.35]}
    FALL phase cross xy [1.336, 2.912] plate {'door': 0, 'side': 1, 'along': -0.368, 'lat': -0.056, 'dist': 0.373} correct 1 plates ['plate_0_1'] bodies ['r0_leg_left_ankle_roll'] walls [] peakN 381.8
L 9 fall=False t_fall=None T=20.88
L12 fall=False t_fall=None T=13.6
L13 fall=False t_fall=None T=15.24
L14 fall=False t_fall=None T=37.16
    cross {'door': 0, 't0': 19.919999999998925, 't1': 23.95999999998951, 'along0': -0.457, 'along1': -0.322, 'along_max': -0.318, 'lat0': 0.045, 'lat1': 0.076, 'yaw_err0': -0.09, 'yaw_err1': -0.022, 'dur': 4.04, 'cmd0': [0.0, 0.0, 0.0], 'cmd_mid': [0.3, 0.011, 0.046]}
L15 fall=False t_fall=None T=40.68
    cross {'door': 0, 't0': 18.280000000002747, 't1': 21.399999999995476, 'along0': -0.465, 'along1': 0.373, 'along_max': 0.373, 'lat0': 0.087, 'lat1': 0.098, 'yaw_err0': -0.073, 'yaw_err1': -0.04, 'dur': 3.12, 'cmd0': [0.0, 0.0, 0.0], 'cmd_mid': [0.3, -0.009, -0.035]}
