guarded(21397732,PASS) L 0 hb= 25.72 tail= 29.3s dyaw=-0.14 dpos=0.43 cmd_angle_err=15.0 
guarded(21397732,PASS) L 1 hb= 21.44 tail= 22.2s dyaw=+0.36 dpos=0.93 cmd_angle_err=22.3 
guarded(21397732,PASS) L 4 hb= 17.44 tail= 27.6s dyaw=-0.04 dpos=0.51 cmd_angle_err=33.5 
guarded(21397732,PASS) L 7 hb= 17.48 tail= 27.0s dyaw=+0.01 dpos=0.42 cmd_angle_err=15.9 
guarded(21397732,PASS) L14 hb= 20.92 tail= 16.2s dyaw=+0.31 dpos=1.22 cmd_angle_err=18.5 
waitopen2(21400863,PAS L 0 hb= 25.72 tail= 29.3s dyaw=-0.14 dpos=0.43 cmd_angle_err=15.0 
waitopen2(21400863,PAS L 1 hb= 21.44 tail= 22.2s dyaw=+0.36 dpos=0.93 cmd_angle_err=22.3 
waitopen2(21400863,PAS L 4 hb= 17.44 tail= 27.6s dyaw=-0.04 dpos=0.51 cmd_angle_err=33.5 
waitopen2(21400863,PAS L 7 hb= 17.48 tail= 27.0s dyaw=+0.01 dpos=0.42 cmd_angle_err=15.9 
waitopen2(21400863,PAS L14 hb= 20.92 tail= 16.2s dyaw=+0.31 dpos=1.22 cmd_angle_err=18.5 
v2-align(21405537)     L 0 hb= 27.68 tail= 27.4s dyaw=+1.49 dpos=0.26 cmd_angle_err=81.8 
v2-align(21405537)     L 1 hb= 23.16 tail= 20.5s dyaw=+0.06 dpos=1.11 cmd_angle_err=2.8 
v2-align(21405537)     L 4 hb= 20.12 tail= 25.0s dyaw=+1.48 dpos=0.58 cmd_angle_err=85.0 
v2-align(21405537)     L 5 hb= 22.84 tail= 19.8s dyaw=+1.56 dpos=1.17 cmd_angle_err=82.3 
v2-align(21405537)     L 7 hb= 19.92 tail= 24.6s dyaw=+0.42 dpos=1.28 cmd_angle_err=55.6 
v2-align(21405537)     L14 hb= 23.56 tail= 13.6s dyaw=+1.52 dpos=1.99 cmd_angle_err=89.7 
v2-align(21405537)     L15 hb= 20.64 tail= 20.0s dyaw=+1.53 dpos=0.80 cmd_angle_err=89.8 
v3-settle190(21405539) L 0 hb= 29.80 tail= 25.2s dyaw=+2.92 dpos=1.73 cmd_angle_err=174.3 
v3-settle190(21405539) L 1 hb= 24.80 tail= 18.9s dyaw=+0.61 dpos=1.32 cmd_angle_err=30.2 POSTFALL@28.16
v3-settle190(21405539) L 4 hb= 21.48 tail= 23.6s dyaw=+2.35 dpos=1.81 cmd_angle_err=121.0 
v3-settle190(21405539) L 5 hb= 24.44 tail= 18.2s dyaw=+0.23 dpos=1.57 cmd_angle_err=6.1 
v3-settle190(21405539) L 7 hb= 21.20 tail= 23.3s dyaw=+2.45 dpos=1.36 cmd_angle_err=83.6 
v3-settle190(21405539) L14 hb= 25.08 tail= 12.1s dyaw=-0.04 dpos=1.92 cmd_angle_err=0.8 
v3-settle190(21405539) L15 hb= 23.60 tail= 17.1s dyaw=+0.12 dpos=2.07 cmd_angle_err=7.5 
v4-settle080(21405541) L 0 hb= 28.72 tail= 26.3s dyaw=+3.09 dpos=1.28 cmd_angle_err=176.9 
v4-settle080(21405541) L 1 hb= 24.08 tail= 19.6s dyaw=+0.32 dpos=1.29 cmd_angle_err=12.3 
v4-settle080(21405541) L 4 hb= 20.40 tail= 24.7s dyaw=+0.28 dpos=1.23 cmd_angle_err=17.2 
v4-settle080(21405541) L 5 hb= 23.36 tail= 19.2s dyaw=-0.02 dpos=1.75 cmd_angle_err=8.4 
v4-settle080(21405541) L 7 hb= 20.08 tail= 24.4s dyaw=+0.19 dpos=0.81 cmd_angle_err=10.3 
v4-settle080(21405541) L14 hb= 24.00 tail= 13.2s dyaw=+0.03 dpos=1.98 cmd_angle_err=3.7 
v4-settle080(21405541) L15 hb= 22.52 tail= 18.2s dyaw=+0.09 dpos=1.78 cmd_angle_err=5.1 
v3-settle190-align(214 L 0 hb= 29.56 tail= 25.5s dyaw=+1.49 dpos=0.79 cmd_angle_err=83.6 
v3-settle190-align(214 L 1 hb= 25.60 tail= 18.1s dyaw=+0.10 dpos=2.03 cmd_angle_err=5.7 
v3-settle190-align(214 L 4 hb= 21.64 tail= 23.4s dyaw=+1.10 dpos=1.67 cmd_angle_err=64.4 POSTFALL@25.12
v3-settle190-align(214 L 5 hb= 24.32 tail= 18.3s dyaw=+1.54 dpos=1.40 cmd_angle_err=86.0 POSTFALL@26.44
v3-settle190-align(214 L 7 hb= 21.44 tail= 23.0s dyaw=-0.20 dpos=1.25 cmd_angle_err=12.4 
v3-settle190-align(214 L14 hb= 25.04 tail= 12.1s dyaw=+1.53 dpos=1.91 cmd_angle_err=89.8 
v3-settle190-align(214 L15 hb= 23.40 tail= 17.3s dyaw=+1.53 dpos=1.71 cmd_angle_err=84.3 
v4-settle080-align(214 L 0 hb= 28.60 tail= 26.4s dyaw=+1.43 dpos=0.92 cmd_angle_err=86.1 
v4-settle080-align(214 L 1 hb= 24.52 tail= 19.2s dyaw=+0.14 dpos=1.96 cmd_angle_err=7.6 POSTFALL@31.56
v4-settle080-align(214 L 4 hb= 20.56 tail= 24.5s dyaw=+0.89 dpos=1.36 cmd_angle_err=54.7 POSTFALL@23.60
v4-settle080-align(214 L 5 hb= 24.00 tail= 18.6s dyaw=+1.51 dpos=2.11 cmd_angle_err=89.3 
v4-settle080-align(214 L 7 hb= 20.36 tail= 24.1s dyaw=-1.44 dpos=1.03 cmd_angle_err=90.1 
v4-settle080-align(214 L14 hb= 23.96 tail= 13.2s dyaw=+1.57 dpos=1.97 cmd_angle_err=89.9 
v4-settle080-align(214 L15 hb= 21.40 tail= 19.3s dyaw=+1.53 dpos=0.94 cmd_angle_err=84.0 
