[2026-10-08T10:03:34.570] error: couldn't chdir to `/tmp/bhl-close-tasks-20261008': No such file or directory: going to /tmp instead
[2026-10-08T10:03:34.571] error: couldn't chdir to `/tmp/bhl-close-tasks-20261008': No such file or directory: going to /tmp instead
[2026-10-08T10:03:34.574] error: Unable to create TMPDIR [/scratch/sanchej7/tmp]: No such file or directory
[2026-10-08T10:03:34.574] error: Setting TMPDIR to /tmp
Frozen archive SHA256 verified
{"preflight": "PASS", "host": "cn-e01.hpc.engr.oregonstate.edu", "python": "3.11.16 (main, Aug 14 2026, 15:35:36) [Clang 22.1.3 ]", "input_files": 235}
{"cell": "armV5-s8-none-drop35", "returncode": 0, "inputs_still_valid": true, "input_problem": null, "wall_s": 2194.738}
{"cell": "armV5-s8-none-nominal", "returncode": 0, "inputs_still_valid": true, "input_problem": null, "wall_s": 2255.672}
{"cell": "armV5-s8-wz-lpf-nominal", "returncode": 0, "inputs_still_valid": true, "input_problem": null, "wall_s": 2058.372}
{"cell": "armV5-s8-wz-lpf-drop35", "returncode": 0, "inputs_still_valid": true, "input_problem": null, "wall_s": 2307.448}
{"cell": "armV5-s9-none-nominal", "returncode": 0, "inputs_still_valid": true, "input_problem": null, "wall_s": 1709.722}
{"cell": "armV5-s9-none-drop35", "returncode": 0, "inputs_still_valid": true, "input_problem": null, "wall_s": 2082.78}
{"cell": "armV5-s9-wz-lpf-nominal", "returncode": 0, "inputs_still_valid": true, "input_problem": null, "wall_s": 1734.685}
{"cell": "armV5-s9-wz-lpf-drop35", "returncode": 0, "inputs_still_valid": true, "input_problem": null, "wall_s": 1855.775}
{"cell": "armV5-s10-none-nominal", "returncode": 0, "inputs_still_valid": true, "input_problem": null, "wall_s": 1706.274}
{"cell": "armV5-s10-none-drop35", "returncode": 0, "inputs_still_valid": true, "input_problem": null, "wall_s": 1963.98}
{"cell": "armV5-s10-wz-lpf-nominal", "returncode": 0, "inputs_still_valid": true, "input_problem": null, "wall_s": 1666.226}
{"cell": "armV5-s10-wz-lpf-drop35", "returncode": 0, "inputs_still_valid": true, "input_problem": null, "wall_s": 1770.664}
{
  "status": "PASS",
  "candidate_rule": "EACH actor >=40/48 nominal goals and >=36/48 drop35 goals, with zero falls in both conditions. Missing/invalid/mispaired episodes -> INCOMPLETE; failed clause -> NEGATIVE.",
  "problems": [],
  "per_cell": {
    "armV5-s8-none-nominal": {
      "episodes": 48,
      "goals": 36,
      "clean_goals": 35,
      "falls": 1,
      "wall_contact_steps": 11,
      "median_gait_flips_per_s": 2.6029999999999998
    },
    "armV5-s8-none-drop35": {
      "episodes": 48,
      "goals": 36,
      "clean_goals": 36,
      "falls": 2,
      "wall_contact_steps": 56,
      "median_gait_flips_per_s": 2.8025
    },
    "armV5-s8-wz-lpf-nominal": {
      "episodes": 48,
      "goals": 41,
      "clean_goals": 41,
      "falls": 0,
      "wall_contact_steps": 0,
      "median_gait_flips_per_s": 1.3559999999999999
    },
    "armV5-s8-wz-lpf-drop35": {
      "episodes": 48,
      "goals": 36,
      "clean_goals": 36,
      "falls": 0,
      "wall_contact_steps": 0,
      "median_gait_flips_per_s": 1.4125
    },
    "armV5-s9-none-nominal": {
      "episodes": 48,
      "goals": 42,
      "clean_goals": 42,
      "falls": 4,
      "wall_contact_steps": 34,
      "median_gait_flips_per_s": 3.649
    },
    "armV5-s9-none-drop35": {
      "episodes": 48,
      "goals": 43,
      "clean_goals": 43,
      "falls": 0,
      "wall_contact_steps": 0,
      "median_gait_flips_per_s": 3.7119999999999997
    },
    "armV5-s9-wz-lpf-nominal": {
      "episodes": 48,
      "goals": 44,
      "clean_goals": 44,
      "falls": 0,
      "wall_contact_steps": 1,
      "median_gait_flips_per_s": 1.7445
    },
    "armV5-s9-wz-lpf-drop35": {
      "episodes": 48,
      "goals": 46,
      "clean_goals": 45,
      "falls": 0,
      "wall_contact_steps": 17,
      "median_gait_flips_per_s": 1.789
    },
    "armV5-s10-none-nominal": {
      "episodes": 48,
      "goals": 46,
      "clean_goals": 46,
      "falls": 1,
      "wall_contact_steps": 17,
      "median_gait_flips_per_s": 3.442
    },
    "armV5-s10-none-drop35": {
      "episodes": 48,
      "goals": 44,
      "clean_goals": 44,
      "falls": 1,
      "wall_contact_steps": 4,
      "median_gait_flips_per_s": 3.748
    },
    "armV5-s10-wz-lpf-nominal": {
      "episodes": 48,
      "goals": 47,
      "clean_goals": 47,
      "falls": 0,
      "wall_contact_steps": 0,
      "median_gait_flips_per_s": 1.673
    },
    "armV5-s10-wz-lpf-drop35": {
      "episodes": 48,
      "goals": 45,
      "clean_goals": 45,
      "falls": 0,
      "wall_contact_steps": 0,
      "median_gait_flips_per_s": 1.744
    }
  },
  "per_actor_pass": {
    "armV5-s8": true,
    "armV5-s9": true,
    "armV5-s10": true
  },
  "paired": {
    "armV5-s8-nominal": {
      "matched_layouts": 48,
      "both_goal": 34,
      "baseline_only_goal": 2,
      "candidate_only_goal": 7,
      "baseline_only_fall": 1,
      "candidate_only_fall": 0,
      "matched_success_time_delta_s": [
        -0.5200000000000031,
        -27.959999999999994,
        32.08000000000001,
        -4.200000000000003,
        -47.800000000000004,
        -4.239999999999995,
        -1.7199999999999989,
        -8.719999999999999,
        -13.919999999999995,
        3.200000000000003,
        4.759999999999998,
        -5.159999999999997,
        8.0,
        -1.7199999999999989,
        12.199999999999996,
        -5.1200000000000045,
        -0.28000000000000114,
        -8.64,
        -4.079999999999998,
        -3.4000000000000057,
        94.6,
        -3.960000000000001,
        -4.640000000000001,
        -4.479999999999997,
        -3.9200000000000017,
        -4.359999999999999,
        -3.6799999999999997,
        0.3999999999999986,
        27.64,
        -2.8799999999999955,
        -3.6000000000000014,
        -19.159999999999997,
        -1.0799999999999983,
        -3.440000000000005
      ]
    },
    "armV5-s8-drop35": {
      "matched_layouts": 48,
      "both_goal": 31,
      "baseline_only_goal": 5,
      "candidate_only_goal": 5,
      "baseline_only_fall": 2,
      "candidate_only_fall": 0,
      "matched_success_time_delta_s": [
        -1.5599999999999952,
        -0.1599999999999966,
        -18.599999999999994,
        -2.160000000000011,
        4.040000000000006,
        24.039999999999992,
        -4.840000000000003,
        -11.64,
        -32.03999999999999,
        48.2,
        -7.520000000000003,
        -4.160000000000004,
        13.36,
        -5.920000000000002,
        6.599999999999994,
        -2.0,
        -6.640000000000001,
        -8.0,
        -5.119999999999997,
        -10.319999999999993,
        -5.359999999999999,
        -56.32,
        -7.880000000000003,
        -2.759999999999998,
        -8.68,
        17.96,
        -5.560000000000002,
        -16.08,
        -5.560000000000002,
        -3.519999999999996,
        -2.960000000000001
      ]
    },
    "armV5-s9-nominal": {
      "matched_layouts": 48,
      "both_goal": 39,
      "baseline_only_goal": 3,
      "candidate_only_goal": 5,
      "baseline_only_fall": 4,
      "candidate_only_fall": 0,
      "matched_success_time_delta_s": [
        -5.159999999999997,
        -4.799999999999997,
        -5.759999999999998,
        32.879999999999995,
        30.320000000000007,
        1.3200000000000074,
        -6.560000000000002,
        -11.799999999999997,
        -9.439999999999998,
        -9.719999999999999,
        -8.840000000000003,
        -9.280000000000001,
        -4.199999999999996,
        -5.32,
        -7.1200000000000045,
        -5.119999999999997,
        -119.47999999999999,
        -6.080000000000005,
        -8.279999999999994,
        -24.520000000000003,
        -9.400000000000006,
        -1.9200000000000017,
        -5.439999999999998,
        -13.199999999999989,
        -1.2000000000000028,
        -5.840000000000003,
        -7.280000000000001,
        -5.68,
        -6.320000000000007,
        -8.04,
        -10.840000000000003,
        -3.9200000000000017,
        -7.040000000000006,
        -4.32,
        -7.959999999999994,
        -8.520000000000003,
        -7.799999999999997,
        -5.079999999999998,
        -6.159999999999997
      ]
    },
    "armV5-s9-drop35": {
      "matched_layouts": 48,
      "both_goal": 42,
      "baseline_only_goal": 1,
      "candidate_only_goal": 4,
      "baseline_only_fall": 0,
      "candidate_only_fall": 0,
      "matched_success_time_delta_s": [
        -7.839999999999996,
        -7.160000000000004,
        -10.36,
        -59.760000000000005,
        -6.600000000000001,
        -14.079999999999998,
        6.8799999999999955,
        -12.64,
        -25.200000000000003,
        -11.64,
        -11.480000000000004,
        -11.719999999999999,
        -5.440000000000005,
        -6.8799999999999955,
        -6.119999999999997,
        -7.440000000000005,
        -6.800000000000004,
        -7.400000000000006,
        -7.839999999999996,
        -11.760000000000005,
        -26.19999999999999,
        -7.719999999999999,
        51.51999999999998,
        -11.240000000000002,
        -9.759999999999998,
        -11.399999999999991,
        42.52,
        -10.280000000000001,
        -11.680000000000007,
        -9.519999999999996,
        -6.279999999999994,
        -6.1200000000000045,
        -4.479999999999997,
        -15.36,
        -7.480000000000004,
        -8.600000000000009,
        -6.839999999999996,
        -9.120000000000005,
        -9.599999999999994,
        -6.399999999999999,
        -50.32000000000001,
        -10.399999999999999
      ]
    },
    "armV5-s10-nominal": {
      "matched_layouts": 48,
      "both_goal": 45,
      "baseline_only_goal": 1,
      "candidate_only_goal": 2,
      "baseline_only_fall": 1,
      "candidate_only_fall": 0,
      "matched_success_time_delta_s": [
        -8.159999999999997,
        -6.840000000000003,
        -2.759999999999998,
        40.44,
        -14.88000000000001,
        -3.8800000000000026,
        14.240000000000002,
        -5.200000000000003,
        -13.680000000000007,
        -7.560000000000002,
        -8.519999999999996,
        -2.759999999999998,
        -2.4399999999999977,
        -2.6799999999999997,
        -2.479999999999997,
        -3.1200000000000045,
        -3.3200000000000003,
        -0.9600000000000009,
        -4.760000000000005,
        -3.799999999999997,
        -7.920000000000002,
        19.72,
        -7.560000000000002,
        -2.960000000000001,
        -4.0,
        -26.52000000000001,
        -2.039999999999999,
        -3.3999999999999986,
        -11.599999999999994,
        -3.519999999999996,
        -20.08,
        -4.960000000000001,
        -4.200000000000003,
        -7.280000000000001,
        -18.83999999999999,
        -4.039999999999999,
        -2.0,
        8.879999999999995,
        -4.519999999999996,
        -5.960000000000001,
        6.32,
        -7.280000000000008,
        27.999999999999986,
        -3.6000000000000014,
        -39.160000000000004
      ]
    },
    "armV5-s10-drop35": {
      "matched_layouts": 48,
      "both_goal": 42,
      "baseline_only_goal": 2,
      "candidate_only_goal": 3,
      "baseline_only_fall": 1,
      "candidate_only_fall": 0,
      "matched_success_time_delta_s": [
        -5.880000000000003,
        -3.240000000000002,
        -9.280000000000001,
        -42.36,
        -20.599999999999994,
        -7.960000000000008,
        -6.280000000000001,
        -14.439999999999998,
        -11.239999999999995,
        -13.159999999999997,
        -9.800000000000011,
        -11.120000000000005,
        -6.359999999999999,
        -2.719999999999999,
        -4.760000000000005,
        -6.399999999999999,
        6.359999999999999,
        -7.199999999999996,
        -16.04,
        -7.0800000000000125,
        -7.119999999999997,
        -7.519999999999996,
        -8.440000000000005,
        -12.280000000000001,
        -5.080000000000005,
        -6.199999999999996,
        -9.439999999999998,
        -4.039999999999999,
        -6.079999999999998,
        -27.639999999999986,
        -6.3999999999999915,
        -6.520000000000003,
        -8.36,
        -6.840000000000003,
        -52.4,
        16.400000000000006,
        13.560000000000002,
        -9.799999999999997,
        -4.200000000000003,
        -4.8799999999999955,
        -7.239999999999995,
        -7.280000000000001
      ]
    }
  },
  "protocol_sha256": "7b0b404ccac476340550166158b652b3d0eebb4a560aa0b397bf58eb75cd9112",
  "fall_comparison": {
    "baseline_falls": 9,
    "candidate_falls": 0,
    "fewer_observed_candidate_falls": true
  },
  "limitations": [
    "Fresh matched MuJoCo simulation confirmation; three frozen NavGym actors; no training or hardware.",
    "48 shared layouts/reset seeds across 3 trained actors and 2 conditions; pooled episodes are not independent trained policies. No hardware robustness claim.",
    "Runtime smoke is excluded; no post-score candidate tuning or cohort exclusion."
  ]
}
{
  "finished_utc": "2026-10-08T20:27:37.982593+00:00",
  "job_id": "21689706",
  "host": "cn-e01.hpc.engr.oregonstate.edu",
  "exit_status": 0,
  "status": "PASS",
  "raw_episode_records": 576,
  "planned_episodes": 576,
  "files": {
    "intake.json": {
      "sha256": "6906b8182fdff4bdd0ed5df331fe33624d2b8a49b6e6a13690469a123dd583f0",
      "bytes": 511
    },
    "submission-start.json": {
      "sha256": "b652087bae6a9fd4e87daed98da0afb916af7cb7a4a38352f6c5d4dddb8fef30",
      "bytes": 650
    },
    "runtime-smoke.json": {
      "sha256": "b5dfb5428a38da8ff5e46daf6c4eb8dfb16ba2ca4c21355e1294ab1235714d4d",
      "bytes": 712
    },
    "protocol.json": {
      "sha256": "7b0b404ccac476340550166158b652b3d0eebb4a560aa0b397bf58eb75cd9112",
      "bytes": 40950
    },
    "submission.json": {
      "sha256": "0a7e364f2010361d8361a09868ae91962202fe688c9e3945dc25d1dc63823165",
      "bytes": 1441
    },
    "h1_navigation.sbatch": {
      "sha256": "049b8120cd479a07372cb5ffac8e28e61054525bfc71e1b37fbdce2a2b6ee9e5",
      "bytes": 3862
    },
    "confirmation_report.json": {
      "sha256": "6effc81c8b6bf967094c5d28608c4eb160c51c5b2ad00f2072ae2a8fd65e27ca",
      "bytes": 11028
    },
    "frozen-campaign.tar.gz": {
      "sha256": "676dba4ebd4199654db2e2c178a0d4a3304f772c84e4988c3e73c68a2aed0ef9",
      "bytes": 6455009
    },
    "episodes-21689706.tar.gz": {
      "sha256": "859226470aa652166bc48867b197f5b282468efd1276dc0f5800eb65c34af9a2",
      "bytes": 5752759
    }
  },
  "local_campaign": "/tmp/bhl-h1-confirm-21689706-cTyoX5",
  "scope": "CPU-only NavGym confirmation, no training, no Mission 7 episodes, no hardware."
}
