Loading user config located at: '/nfs/hpc/share/sanchej7/Humanoid_Lite/venv/lib/python3.11/site-packages/isaacsim/kit/data/Kit/Isaac-Sim/5.1/user.config.json'
[Info] [carb] Logging to file: /nfs/hpc/share/sanchej7/Humanoid_Lite/venv/lib/python3.11/site-packages/isaacsim/kit/logs/Kit/Isaac-Sim/5.1/kit_20260923_124502.log
2026-09-23T19:45:02Z [3ms] [Warning] [carb.crashreporter-breakpad.plugin] [previous crash] preventing upload of minidump due to user opt-out: '/nfs/hpc/share/sanchej7/Humanoid_Lite/venv/lib/python3.11/site-packages/isaacsim/kit/data/Kit/Isaac-Sim/5.1/63613e7b-8759-4371-bf5346a7-b13b68d1.dmp'
2026-09-23T19:45:02Z [6ms] [Warning] [carb.crashreporter-breakpad.plugin] [previous crash] preventing upload of minidump due to user opt-out: '/nfs/hpc/share/sanchej7/Humanoid_Lite/venv/lib/python3.11/site-packages/isaacsim/kit/data/Kit/Isaac-Sim/5.1/d978d7b9-20c7-40fe-688afcbc-45f2ecc9.dmp'
2026-09-23T19:45:02Z [6ms] [Warning] [carb.crashreporter-breakpad.plugin] [previous crash] preventing upload of minidump due to user opt-out: '/nfs/hpc/share/sanchej7/Humanoid_Lite/venv/lib/python3.11/site-packages/isaacsim/kit/data/Kit/Isaac-Sim/5.1/44ceda51-020d-418f-ad61b8ae-9f1889a1.dmp'
2026-09-23T19:45:02Z [7ms] [Warning] [carb.crashreporter-breakpad.plugin] [previous crash] preventing upload of minidump due to user opt-out: '/nfs/hpc/share/sanchej7/Humanoid_Lite/venv/lib/python3.11/site-packages/isaacsim/kit/data/Kit/Isaac-Sim/5.1/16b0e915-468a-41e6-967782b5-166e54a1.dmp'
2026-09-23T19:45:02Z [10ms] [Warning] [carb.crashreporter-breakpad.plugin] [previous crash] preventing upload of minidump due to user opt-out: '/nfs/hpc/share/sanchej7/Humanoid_Lite/venv/lib/python3.11/site-packages/isaacsim/kit/data/Kit/Isaac-Sim/5.1/803da406-5dc1-4faa-7ccdbd93-2d63002f.dmp'
2026-09-23T19:45:02Z [11ms] [Warning] [carb.crashreporter-breakpad.plugin] [previous crash] preventing upload of minidump due to user opt-out: '/nfs/hpc/share/sanchej7/Humanoid_Lite/venv/lib/python3.11/site-packages/isaacsim/kit/data/Kit/Isaac-Sim/5.1/fa36c916-5227-4679-c5cdd0b2-9c0e2924.dmp'
2026-09-23T19:45:02Z [13ms] [Warning] [carb.crashreporter-breakpad.plugin] [previous crash] preventing upload of minidump due to user opt-out: '/nfs/hpc/share/sanchej7/Humanoid_Lite/venv/lib/python3.11/site-packages/isaacsim/kit/data/Kit/Isaac-Sim/5.1/5d094fad-4085-4685-35f927bf-d40c26bb.dmp'
2026-09-23T19:45:02Z [14ms] [Warning] [carb.crashreporter-breakpad.plugin] [previous crash] preventing upload of minidump due to user opt-out: '/nfs/hpc/share/sanchej7/Humanoid_Lite/venv/lib/python3.11/site-packages/isaacsim/kit/data/Kit/Isaac-Sim/5.1/b6ddc6c8-c45e-41f1-66f10b81-fb56cd6b.dmp'
2026-09-23T19:45:02Z [15ms] [Warning] [carb.crashreporter-breakpad.plugin] [previous crash] preventing upload of minidump due to user opt-out: '/nfs/hpc/share/sanchej7/Humanoid_Lite/venv/lib/python3.11/site-packages/isaacsim/kit/data/Kit/Isaac-Sim/5.1/95e36d9c-d997-4a94-37e071a6-e76340bd.dmp'
2026-09-23T19:45:02Z [15ms] [Warning] [carb.crashreporter-breakpad.plugin] [previous crash] preventing upload of minidump due to user opt-out: '/nfs/hpc/share/sanchej7/Humanoid_Lite/venv/lib/python3.11/site-packages/isaacsim/kit/data/Kit/Isaac-Sim/5.1/6ae9510b-191b-4e41-2464af8b-ea1710c5.dmp'
2026-09-23T19:45:02Z [16ms] [Warning] [carb.crashreporter-breakpad.plugin] [previous crash] preventing upload of minidump due to user opt-out: '/nfs/hpc/share/sanchej7/Humanoid_Lite/venv/lib/python3.11/site-packages/isaacsim/kit/data/Kit/Isaac-Sim/5.1/d32f8e76-8ec4-42a6-f779e38a-1fc195e3.dmp'
2026-09-23T19:45:02Z [16ms] [Warning] [carb.crashreporter-breakpad.plugin] [previous crash] preventing upload of minidump due to user opt-out: '/nfs/hpc/share/sanchej7/Humanoid_Lite/venv/lib/python3.11/site-packages/isaacsim/kit/data/Kit/Isaac-Sim/5.1/5920b44d-27f4-4601-9516af85-3caae0d2.dmp'
2026-09-23T19:45:02Z [17ms] [Warning] [carb.crashreporter-breakpad.plugin] [previous crash] preventing upload of minidump due to user opt-out: '/nfs/hpc/share/sanchej7/Humanoid_Lite/venv/lib/python3.11/site-packages/isaacsim/kit/data/Kit/Isaac-Sim/5.1/0af54216-434e-4644-2265ed95-d221c0c0.dmp'
2026-09-23T19:45:02Z [17ms] [Warning] [carb.crashreporter-breakpad.plugin] [previous crash] preventing upload of minidump due to user opt-out: '/nfs/hpc/share/sanchej7/Humanoid_Lite/venv/lib/python3.11/site-packages/isaacsim/kit/data/Kit/Isaac-Sim/5.1/5933a686-58e4-4f89-bbce209c-084bcef8.dmp'
2026-09-23T19:45:02Z [18ms] [Warning] [carb.crashreporter-breakpad.plugin] [previous crash] preventing upload of minidump due to user opt-out: '/nfs/hpc/share/sanchej7/Humanoid_Lite/venv/lib/python3.11/site-packages/isaacsim/kit/data/Kit/Isaac-Sim/5.1/b39b435c-a21c-4f5e-d6f002ab-3afe0484.dmp'
2026-09-23T19:45:02Z [20ms] [Warning] [carb.crashreporter-breakpad.plugin] [previous crash] preventing upload of minidump due to user opt-out: '/nfs/hpc/share/sanchej7/Humanoid_Lite/venv/lib/python3.11/site-packages/isaacsim/kit/data/Kit/Isaac-Sim/5.1/46ef5fa7-9c0a-4092-be442aa9-59521f1f.dmp'
2026-09-23T19:45:02Z [22ms] [Warning] [carb.crashreporter-breakpad.plugin] [previous crash] preventing upload of minidump due to user opt-out: '/nfs/hpc/share/sanchej7/Humanoid_Lite/venv/lib/python3.11/site-packages/isaacsim/kit/data/Kit/Isaac-Sim/5.1/8f50649c-59c1-4132-d445fd83-d772859a.dmp'
2026-09-23T19:45:02Z [24ms] [Warning] [carb.crashreporter-breakpad.plugin] [previous crash] preventing upload of minidump due to user opt-out: '/nfs/hpc/share/sanchej7/Humanoid_Lite/venv/lib/python3.11/site-packages/isaacsim/kit/data/Kit/Isaac-Sim/5.1/c5ef1610-ef44-45e3-ff9c68bc-164e7944.dmp'
2026-09-23T19:45:02Z [25ms] [Warning] [carb.crashreporter-breakpad.plugin] [previous crash] preventing upload of minidump due to user opt-out: '/nfs/hpc/share/sanchej7/Humanoid_Lite/venv/lib/python3.11/site-packages/isaacsim/kit/data/Kit/Isaac-Sim/5.1/62a3bd3c-dc11-491b-81c2429b-f14cc2e2.dmp'
2026-09-23T19:45:02Z [27ms] [Warning] [carb.crashreporter-breakpad.plugin] [previous crash] preventing upload of minidump due to user opt-out: '/nfs/hpc/share/sanchej7/Humanoid_Lite/venv/lib/python3.11/site-packages/isaacsim/kit/data/Kit/Isaac-Sim/5.1/92807cd9-eedb-4309-78bfe58c-182d510a.dmp'
2026-09-23T19:45:03Z [29ms] [Warning] [carb.crashreporter-breakpad.plugin] [previous crash] preventing upload of minidump due to user opt-out: '/nfs/hpc/share/sanchej7/Humanoid_Lite/venv/lib/python3.11/site-packages/isaacsim/kit/data/Kit/Isaac-Sim/5.1/49dd57b6-8469-4851-dfd814a6-cc4a7c5a.dmp'
2026-09-23T19:45:03Z [677ms] [Warning] [omni.usd_config.extension] Enable omni.materialx.libs extension to use MaterialX
2026-09-23T19:45:04Z [1,175ms] [Warning] [omni.platforminfo.plugin] failed to open the default display.  Can't verify X Server version.
2026-09-23T19:45:04Z [1,501ms] [Warning] [carb] Acquiring non optional plugin interface which is not listed as dependency: [omni::physx::IPhysxBenchmarks v1.0] (plugin: <default plugin>), by client: omni.physics.physx.plugin. Add it to CARB_PLUGIN_IMPL_DEPS() macro of a client.
2026-09-23T19:45:04Z [1,518ms] [Warning] [omni.isaac.dynamic_control] omni.isaac.dynamic_control is deprecated as of Isaac Sim 4.5. No action is needed from end-users.
2026-09-23T19:45:10Z [7,585ms] [Warning] [carb.cudainterop.plugin] CUDA_VISIBLE_DEVICES environment variable is set.
2026-09-23T19:45:10Z [7,585ms] [Warning] [carb.cudainterop.plugin] Note CUDA device enumeration and Omniverse device enumeration are different.
2026-09-23T19:45:10Z [7,585ms] [Warning] [carb.cudainterop.plugin] Setting CUDA_VISIBLE_DEVICES can lead to undesired behavior or crashes.

|---------------------------------------------------------------------------------------------|
| Driver Version: 595.71.05     | Graphics API: Vulkan
|=============================================================================================|
| GPU | Name                             | Active | LDA | GPU Memory | Vendor-ID | LUID       |
|     |                                  |        |     |            | Device-ID | UUID       |
|     |                                  |        |     |            | Bus-ID    |            |
|-----------------------------------------------------------[INFO][AppLauncher]: Using device: cuda:0
[INFO][AppLauncher]: Loading experience file: /nfs/hpc/share/sanchej7/Humanoid_Lite/venv/lib/python3.11/site-packages/isaaclab/apps/isaaclab.python.headless.kit
[INFO]: Parsing configuration from: <class 'bhl_robust.tasks.terrain_env_cfg.BipedBumpyEnvCfg'>

[36m=======================================================================================================[0m
[36m[1m[INFO][IsaacLab]: Logging to file: /scratch/sanchej7/tmp/isaaclab/logs/isaaclab_2026-09-23_12-45-14.log[0m
[36m=======================================================================================================[0m

[33m12:45:14 [simulation_context.py] WARNING: The `disable_contact_processing` attribute is deprecated and always set to True to avoid unnecessary overhead. Contact processing is automatically enabled when a contact sensor is created, so manual configuration is no longer required.[0m
[33m12:45:14 [simulation_context.py] WARNING: The `enable_external_forces_every_iteration` parameter in the PhysxCfg is set to False. If you are experiencing noisy velocities, consider enabling this flag. You may need to slightly increase the number of velocity iterations (setting it to 1 or 2 rather than 0), together with this flag, to improve the accuracy of velocity updates.[0m
[INFO]: Base environment:
	Environment device    : cuda:0
	Environment seed      : None
	Physics step-size     : 0.005
	Rendering step-size   : 0.02
	Environment step-size : 0.04
[33m12:45:14 [manager_based_env.py] WARNING: The render interval (4) is smaller than the decimation (8). Multiple render calls will happen for each environment step. If this is not intended, set the render interval to be equal to the decimation.[0m
[INFO] Generating terrains based on curriculum took : 1.603457 seconds
[INFO]: Time taken for scene creation : 6.798502 seconds
[INFO]: Scene manager:  <class InteractiveScene>
	Number of environments: 4096
	Environment spacing   : 2.5
	Source prim name      : /World/envs/env_0
	Global prim paths     : ['/World/ground']
	Replicate physics     : True
[INFO]: Starting the simulation. This may take a few seconds. Please wait...
[33m12:45:31 [actuator_pd.py] WARNING: The <ImplicitActuatorCfg> object has a value for 'effort_limit'. This parameter will be removed in the future. To set the effort limit, please use 'effort_limit_sim' instead.[0m
[33m12:45:31 [actuator_pd.py] WARNING: The <ImplicitActuatorCfg> object has a value for 'velocity_limit'. Previously, although this value was specified, it was not getting used by implicit actuators. Since this parameter affects the simulation behavior, we continue to not use it. This parameter will be removed in the future. To set the velocity limit, please use 'velocity_limit_sim' instead.[0m
[INFO]: Time taken for simulation start : 12.366857 seconds
[INFO] Command Manager:  <CommandManager> contains 1 active terms.
+------------------------------------------------+
|              Active Command Terms              |
+-------+---------------+------------------------+
| Index | Name          |          Type          |
+-------+---------------+------------------------+
|   0   | base_velocity | UniformVelocityCommand |
+-------+---------------+------------------------+

[INFO] Event Manager:  <EventManager> contains 2 active terms.
+--------------------------------------------+
|   Active Event Terms in Mode: 'startup'    |
+-------+------------------------------------+
| Index | Name                               |
+-------+------------------------------------+
|   0   | physics_material                   |
|   1   | add_base_mass                      |
|   2   | add_all_joint_default_pos          |
|   3   | scale_all_actuator_torque_constant |
+-------+------------------------------------+
+---------------------------------------+
|  Active Event Terms in Mode: 'reset'  |
+--------+------------------------------+
| Index  | Name                         |
+--------+------------------------------+
|   0    | reset_base                   |
|   1    | reset_robot_joints           |
|   2    | base_external_force_torque   |
+--------+------------------------------+

[INFO] Recorder Manager:  <RecorderManager> contains 0 active terms.
+---------------------+
| Active Recorder Terms |
+-----------+---------+
|   Index   | Name    |
+-----------+---------+
+-----------+---------+

[INFO] Action Manager:  <ActionManager> contains 1 active terms.
+------------------------------------+
|  Active Action Terms (shape: 12)   |
+--------+-------------+-------------+
| Index  | Name        |   Dimension |
+--------+-------------+-------------+
|   0    | joint_pos   |          12 |
+--------+-------------+-------------+

[INFO] Observation Manager: <ObservationManager> contains 2 groups.
+---------------------------------------------------------+
| Active Observation Terms in Group: 'policy' (shape: (45,)) |
+-----------+---------------------------------+-----------+
|   Index   | Name                            |   Shape   |
+-----------+---------------------------------+-----------+
|     0     | velocity_commands               |    (3,)   |
|     1     | base_ang_vel                    |    (3,)   |
|     2     | projected_gravity               |    (3,)   |
|     3     | joint_pos                       |   (12,)   |
|     4     | joint_vel                       |   (12,)   |
|     5     | actions                         |   (12,)   |
+-----------+---------------------------------+-----------+
+---------------------------------------------------------+
| Active Observation Terms in Group: 'critic' (shape: (48,)) |
+-----------+---------------------------------+-----------+
|   Index   | Name                            |   Shape   |
+-----------+---------------------------------+-----------+
|     0     | velocity_commands               |    (3,)   |
|     1     | base_ang_vel                    |    (3,)   |
|     2     | projected_gravity               |    (3,)   |
|     3     | joint_pos                       |   (12,)   |
|     4     | joint_vel                       |   (12,)   |
|     5     | actions                         |   (12,)   |
|     6     | base_lin_vel                    |    (3,)   |
+-----------+---------------------------------+-----------+

[INFO] Termination Manager:  <TerminationManager> contains 2 active terms.
+-------------------------------------+
|       Active Termination Terms      |
+-------+------------------+----------+
| Index | Name             | Time Out |
+-------+------------------+----------+
|   0   | time_out         |   True   |
|   1   | base_orientation |  False   |
+-------+------------------+----------+

[INFO] Reward Manager:  <RewardManager> contains 15 active terms.
+---------------------------------------------+
|             Active Reward Terms             |
+-------+----------------------------+--------+
| Index | Name                       | Weight |
+-------+----------------------------+--------+
|   0   | track_lin_vel_xy_exp       |    2.0 |
|   1   | track_ang_vel_z_exp        |    1.0 |
|   2   | termination_penalty        |  -10.0 |
|   3   | lin_vel_z_l2               |   -0.1 |
|   4   | ang_vel_xy_l2              |  -0.05 |
|   5   | flat_orientation_l2        |   -2.0 |
|   6   | action_rate_l2             |  -0.01 |
|   7   | dof_torques_l2             | -0.002 |
|   8   | dof_acc_l2                 | -1e-06 |
|   9   | dof_pos_limits             |   -1.0 |
|   10  | feet_air_time              |    1.0 |
|   11  | feet_slide                 |   -0.1 |
|   12  | undesired_contacts         |   -1.0 |
|   13  | joint_deviation_hip        |   -0.2 |
|   14  | joint_deviation_ankle_roll |   -0.2 |
+-------+----------------------------+--------+

[INFO] Curriculum Manager:  <CurriculumManager> contains 1 active terms.
+---------------------------+
|  Active Curriculum Terms  |
+--------+------------------+
| Index  | Name             |
+--------+------------------+
|   0    | terrain_levels   |
+--------+------------------+

[INFO]: Completed setting up the environment...
[33m12:45:35 [math.py] WARNING: The function 'quat_rotate_inverse' will be deprecated in favor of the faster method 'quat_apply_inverse'. Please use 'quat_apply_inverse' instead....[0m
[33m12:45:40 [math.py] WARNING: The function 'quat_rotate_inverse' will be deprecated in favor of the faster method 'quat_apply_inverse'. Please use 'quat_apply_inverse' instead....[0m
[33m12:45:45 [math.py] WARNING: The function 'quat_rotate_inverse' will be deprecated in favor of the faster method 'quat_apply_inverse'. Please use 'quat_apply_inverse' instead....[0m
RESULT | physics only               | envs= 4096 |     24298 env-steps/s |  168.6 ms/step
----------------------------------|
| 0   | Quadro RTX 8000                  | Yes: 0 |     | 78838   MB | 10de      | 0          |
|     |                                  |        |     |            | 1e78      | 73409bc9.. |
|     |                                  |        |     |            | c2        |            |
|=============================================================================================|
| OS: 22.04.5 LTS (Jammy Jellyfish) ubuntu, Version: 22.04.5, Kernel: 5.14.0-611.55.1.el9_7.x86_64
| Processor: Intel(R) Xeon(R) Gold 6248 CPU @ 2.50GHz
| Cores: 40 | Logical Cores: 40
|---------------------------------------------------------------------------------------------|
| Total Memory (MB): 772478 | Free Memory: 747731
| Total Page/Swap (MB): 0 | Free Page/Swap: 0
|---------------------------------------------------------------------------------------------|
2026-09-23T19:45:11Z [8,279ms] [Warning] [gpu.foundation.plugin] ECC is enabled on physical device 0
2026-09-23T19:45:14Z [11,820ms] [Warning] [isaaclab.envs.manager_based_env] Seed not set for the environment. The environment creation may not be deterministic.
2026-09-23T19:45:34Z [32,003ms] [Warning] [omni.physx.fabric.plugin] FabricManager::initializePointInstancer mismatched prototypes on point instancer: /Visuals/Command/velocity_goal.
2026-09-23T19:45:34Z [32,003ms] [Warning] [omni.physx.fabric.plugin] FabricManager::initializePointInstancer mismatched prototypes on point instancer: /Visuals/Command/velocity_current.
