scale: 1
IMU Initializing: 3.3 %Reset ImuProcessIMU Initials: Gravity: -0.0000 -0.0000 -9.8100 9.8100; acc covarience: 0.50000000 0.50000000 0.50000000; gry covarience: 0.30000000 0.30000000 0.30000000 
IMU Initials: ba covarience: 0.00010000 0.00010000 0.00010000; bg covarience: 0.00010000 0.00010000 0.00010000intrinsic: 415.692194, 415.692194, 319.500000, 239.500000
width: 640, height: 480, scale: 1.000000
[ LIO ] Raw feature num: 2042, downsampled feature num:981 effective feature num: 514 average residual: 0.00411371
[ LIO ] Raw feature num: 2042, downsampled feature num:981 effective feature num: 514 average residual: 0.00455919
[ LIO ] Raw feature num: 2042, downsampled feature num:981 effective feature num: 514 average residual: 0.0045594
[ LIO ] Raw feature num: 2042, downsampled feature num:983 effective feature num: 896 average residual: 0.00490701
[ LIO ] Raw feature num: 2042, downsampled feature num:983 effective feature num: 895 average residual: 0.00498065
[ LIO ] Raw feature num: 2042, downsampled feature num:983 effective feature num: 895 average residual: 0.00498062
[ LIO ] Raw feature num: 2042, downsampled feature num:983 effective feature num: 948 average residual: 0.00197231
[ LIO ] Raw feature num: 2042, downsampled feature num:983 effective feature num: 948 average residual: 0.00201521
[ LIO ] Raw feature num: 2042, downsampled feature num:983 effective feature num: 948 average residual: 0.00201521
[ LIO ] Raw feature num: 2042, downsampled feature num:993 effective feature num: 985 average residual: 0.00240675
[ LIO ] Raw feature num: 2042, downsampled feature num:993 effective feature num: 985 average residual: 0.00236338
[ LIO ] Raw feature num: 2042, downsampled feature num:993 effective feature num: 985 average residual: 0.00236334
[ LIO ] Raw feature num: 2042, downsampled feature num:990 effective feature num: 982 average residual: 0.0023924
[ LIO ] Raw feature num: 2042, downsampled feature num:990 effective feature num: 982 average residual: 0.0023975
[ LIO ] Raw feature num: 2042, downsampled feature num:990 effective feature num: 982 average residual: 0.0023975
[ LIO ] Raw feature num: 2042, downsampled feature num:992 effective feature num: 991 average residual: 0.00234962
[ LIO ] Raw feature num: 2042, downsampled feature num:992 effective feature num: 991 average residual: 0.00227853
[ LIO ] Raw feature num: 2042, downsampled feature num:992 effective feature num: 991 average residual: 0.00227853
[ LIO ] Raw feature num: 2042, downsampled feature num:981 effective feature num: 980 average residual: 0.00220943
[ LIO ] Raw feature num: 2042, downsampled feature num:981 effective feature num: 980 average residual: 0.00211591
[ LIO ] Raw feature num: 2042, downsampled feature num:981 effective feature num: 980 average residual: 0.00211587
[ LIO ] Raw feature num: 2042, downsampled feature num:982 effective feature num: 982 average residual: 0.00194922
[ LIO ] Raw feature num: 2042, downsampled feature num:982 effective feature num: 982 average residual: 0.00202003
[ LIO ] Raw feature num: 2042, downsampled feature num:982 effective feature num: 982 average residual: 0.00202004
[ LIO ] Raw feature num: 2042, downsampled feature num:984 effective feature num: 984 average residual: 0.00212239
[ LIO ] Raw feature num: 2042, downsampled feature num:984 effective feature num: 984 average residual: 0.00207532
[ LIO ] Raw feature num: 2042, downsampled feature num:984 effective feature num: 984 average residual: 0.00207533
[ LIO ] Raw feature num: 2042, downsampled feature num:983 effective feature num: 983 average residual: 0.00217001
[ LIO ] Raw feature num: 2042, downsampled feature num:983 effective feature num: 983 average residual: 0.00209168
[ LIO ] Raw feature num: 2042, downsampled feature num:983 effective feature num: 983 average residual: 0.00209168
[ LIO ] Raw feature num: 2042, downsampled feature num:993 effective feature num: 992 average residual: 0.00232282
[ LIO ] Raw feature num: 2042, downsampled feature num:993 effective feature num: 993 average residual: 0.00214607
[ LIO ] Raw feature num: 2042, downsampled feature num:993 effective feature num: 993 average residual: 0.00220131
[ LIO ] Raw feature num: 2042, downsampled feature num:993 effective feature num: 993 average residual: 0.00220131
[ LIO ] Raw feature num: 2042, downsampled feature num:992 effective feature num: 992 average residual: 0.00213973
[ LIO ] Raw feature num: 2042, downsampled feature num:992 effective feature num: 992 average residual: 0.00209369
[ LIO ] Raw feature num: 2042, downsampled feature num:992 effective feature num: 992 average residual: 0.00209369
[ LIO ] Raw feature num: 2042, downsampled feature num:990 effective feature num: 990 average residual: 0.00217825
[ LIO ] Raw feature num: 2042, downsampled feature num:990 effective feature num: 990 average residual: 0.00214758
[ LIO ] Raw feature num: 2042, downsampled feature num:990 effective feature num: 990 average residual: 0.00214758
[ LIO ] Raw feature num: 2042, downsampled feature num:989 effective feature num: 989 average residual: 0.00216711
[ LIO ] Raw feature num: 2042, downsampled feature num:989 effective feature num: 989 average residual: 0.00214788
[ LIO ] Raw feature num: 2042, downsampled feature num:989 effective feature num: 989 average residual: 0.00214788
[ LIO ] Raw feature num: 2042, downsampled feature num:981 effective feature num: 981 average residual: 0.00213775
[ LIO ] Raw feature num: 2042, downsampled feature num:981 effective feature num: 981 average residual: 0.00212616
[ LIO ] Raw feature num: 2042, downsampled feature num:981 effective feature num: 981 average residual: 0.00212615
[ LIO ] Raw feature num: 2042, downsampled feature num:984 effective feature num: 984 average residual: 0.00211355
[ LIO ] Raw feature num: 2042, downsampled feature num:984 effective feature num: 984 average residual: 0.00207981
[ LIO ] Raw feature num: 2042, downsampled feature num:984 effective feature num: 984 average residual: 0.00207981
[ LIO ] Raw feature num: 2042, downsampled feature num:984 effective feature num: 984 average residual: 0.00219475
[ LIO ] Raw feature num: 2042, downsampled feature num:984 effective feature num: 984 average residual: 0.002085
[ LIO ] Raw feature num: 2042, downsampled feature num:984 effective feature num: 984 average residual: 0.002085
[ LIO ] Raw feature num: 2042, downsampled feature num:983 effective feature num: 983 average residual: 0.00210058
[ LIO ] Raw feature num: 2042, downsampled feature num:983 effective feature num: 983 average residual: 0.00199254
[ LIO ] Raw feature num: 2042, downsampled feature num:983 effective feature num: 983 average residual: 0.00199254
[ LIO ] Raw feature num: 2042, downsampled feature num:991 effective feature num: 991 average residual: 0.0021308
[ LIO ] Raw feature num: 2042, downsampled feature num:991 effective feature num: 991 average residual: 0.00207846
[ LIO ] Raw feature num: 2042, downsampled feature num:991 effective feature num: 991 average residual: 0.00207846
[ LIO ] Raw feature num: 2042, downsampled feature num:990 effective feature num: 990 average residual: 0.00210271
[ LIO ] Raw feature num: 2042, downsampled feature num:990 effective feature num: 990 average residual: 0.00213577
[ LIO ] Raw feature num: 2042, downsampled feature num:990 effective feature num: 990 average residual: 0.00213577
[ LIO ] Raw feature num: 2042, downsampled feature num:990 effective feature num: 990 average residual: 0.00227183
[ LIO ] Raw feature num: 2042, downsampled feature num:990 effective feature num: 990 average residual: 0.00223542
[ LIO ] Raw feature num: 2042, downsampled feature num:990 effective feature num: 990 average residual: 0.00223542
[ LIO ] Raw feature num: 2042, downsampled feature num:991 effective feature num: 991 average residual: 0.00229716
[ LIO ] Raw feature num: 2042, downsampled feature num:991 effective feature num: 991 average residual: 0.00219062
[ LIO ] Raw feature num: 2042, downsampled feature num:991 effective feature num: 991 average residual: 0.00219062
[ LIO ] Raw feature num: 2042, downsampled feature num:981 effective feature num: 981 average residual: 0.00213536
[ LIO ] Raw feature num: 2042, downsampled feature num:981 effective feature num: 981 average residual: 0.00207922
[ LIO ] Raw feature num: 2042, downsampled feature num:981 effective feature num: 981 average residual: 0.00207922
[ LIO ] Raw feature num: 2042, downsampled feature num:984 effective feature num: 984 average residual: 0.00200971
[ LIO ] Raw feature num: 2042, downsampled feature num:984 effective feature num: 984 average residual: 0.00197794
[ LIO ] Raw feature num: 2042, downsampled feature num:984 effective feature num: 984 average residual: 0.00208391
[ LIO ] Raw feature num: 2042, downsampled feature num:984 effective feature num: 984 average residual: 0.00198445
[ LIO ] Raw feature num: 2042, downsampled feature num:984 effective feature num: 984 average residual: 0.00198445
[ LIO ] Raw feature num: 2042, downsampled feature num:982 effective feature num: 979 average residual: 0.00211625
[ LIO ] Raw feature num: 2042, downsampled feature num:982 effective feature num: 979 average residual: 0.00202082
[ LIO ] Raw feature num: 2042, downsampled feature num:982 effective feature num: 979 average residual: 0.00202082
[ LIO ] Raw feature num: 2043, downsampled feature num:988 effective feature num: 971 average residual: 0.00214577
[ LIO ] Raw feature num: 2043, downsampled feature num:988 effective feature num: 973 average residual: 0.00210486
[ LIO ] Raw feature num: 2043, downsampled feature num:988 effective feature num: 973 average residual: 0.0021739
[ LIO ] Raw feature num: 2043, downsampled feature num:988 effective feature num: 973 average residual: 0.00210486
[ LIO ] Raw feature num: 2043, downsampled feature num:988 effective feature num: 973 average residual: 0.0021739
[ LIO ] Raw feature num: 2044, downsampled feature num:987 effective feature num: 969 average residual: 0.0025127
[ LIO ] Raw feature num: 2044, downsampled feature num:987 effective feature num: 969 average residual: 0.00273929
[ LIO ] Raw feature num: 2044, downsampled feature num:987 effective feature num: 969 average residual: 0.00273946
[ LIO ] Raw feature num: 2044, downsampled feature num:983 effective feature num: 965 average residual: 0.00312677
[ LIO ] Raw feature num: 2044, downsampled feature num:983 effective feature num: 964 average residual: 0.0034459
[ LIO ] Raw feature num: 2044, downsampled feature num:983 effective feature num: 964 average residual: 0.00344598
[ LIO ] Raw feature num: 2044, downsampled feature num:993 effective feature num: 978 average residual: 0.00374044
[ LIO ] Raw feature num: 2044, downsampled feature num:993 effective feature num: 976 average residual: 0.00352809
[ LIO ] Raw feature num: 2044, downsampled feature num:993 effective feature num: 975 average residual: 0.00346742
[ LIO ] Raw feature num: 2044, downsampled feature num:993 effective feature num: 975 average residual: 0.00352409
[ LIO ] Raw feature num: 2044, downsampled feature num:993 effective feature num: 975 average residual: 0.0035241
[ LIO ] Raw feature num: 2043, downsampled feature num:979 effective feature num: 964 average residual: 0.00348469
[ LIO ] Raw feature num: 2043, downsampled feature num:979 effective feature num: 962 average residual: 0.00369363
[ LIO ] Raw feature num: 2043, downsampled feature num:979 effective feature num: 963 average residual: 0.0037193
[ LIO ] Raw feature num: 2043, downsampled feature num:979 effective feature num: 963 average residual: 0.00371921
[ LIO ] Raw feature num: 2044, downsampled feature num:982 effective feature num: 967 average residual: 0.00480573
[ LIO ] Raw feature num: 2044, downsampled feature num:982 effective feature num: 967 average residual: 0.00485593
[ LIO ] Raw feature num: 2044, downsampled feature num:982 effective feature num: 967 average residual: 0.00485647
[ LIO ] Raw feature num: 2043, downsampled feature num:1005 effective feature num: 991 average residual: 0.00551503
[ LIO ] Raw feature num: 2043, downsampled feature num:1005 effective feature num: 987 average residual: 0.00541578
[ LIO ] Raw feature num: 2043, downsampled feature num:1005 effective feature num: 987 average residual: 0.00541704
[ LIO ] Raw feature num: 2043, downsampled feature num:1005 effective feature num: 987 average residual: 0.00541715
[ LIO ] Raw feature num: 2045, downsampled feature num:989 effective feature num: 975 average residual: 0.00691751
[ LIO ] Raw feature num: 2045, downsampled feature num:989 effective feature num: 975 average residual: 0.00648128
[ LIO ] Raw feature num: 2045, downsampled feature num:989 effective feature num: 976 average residual: 0.00660875
[ LIO ] Raw feature num: 2045, downsampled feature num:989 effective feature num: 976 average residual: 0.0066528
[ LIO ] Raw feature num: 2045, downsampled feature num:989 effective feature num: 976 average residual: 0.00665262
[ LIO ] Raw feature num: 2045, downsampled feature num:1006 effective feature num: 988 average residual: 0.00799361
[ LIO ] Raw feature num: 2045, downsampled feature num:1006 effective feature num: 988 average residual: 0.00784533
[ LIO ] Raw feature num: 2045, downsampled feature num:1006 effective feature num: 988 average residual: 0.00782413
[ LIO ] Raw feature num: 2044, downsampled feature num:982 effective feature num: 954 average residual: 0.00860122
[ LIO ] Raw feature num: 2044, downsampled feature num:982 effective feature num: 952 average residual: 0.00812022
[ LIO ] Raw feature num: 2044, downsampled feature num:982 effective feature num: 952 average residual: 0.00808013
[ LIO ] Raw feature num: 2044, downsampled feature num:982 effective feature num: 952 average residual: 0.00808012
[ LIO ] Raw feature num: 2045, downsampled feature num:984 effective feature num: 953 average residual: 0.0098827
[ LIO ] Raw feature num: 2045, downsampled feature num:984 effective feature num: 953 average residual: 0.00925184
[ LIO ] Raw feature num: 2045, downsampled feature num:984 effective feature num: 953 average residual: 0.00925192
[ LIO ] Raw feature num: 2046, downsampled feature num:1004 effective feature num: 958 average residual: 0.0125727
[ LIO ] Raw feature num: 2046, downsampled feature num:1004 effective feature num: 954 average residual: 0.0115576
[ LIO ] Raw feature num: 2046, downsampled feature num:1004 effective feature num: 954 average residual: 0.0115523
[ LIO ] Raw feature num: 2046, downsampled feature num:1004 effective feature num: 954 average residual: 0.0115528
[ LIO ] Raw feature num: 2046, downsampled feature num:998 effective feature num: 936 average residual: 0.0115612
[ LIO ] Raw feature num: 2046, downsampled feature num:998 effective feature num: 936 average residual: 0.010629
[ LIO ] Raw feature num: 2046, downsampled feature num:998 effective feature num: 936 average residual: 0.0105341
[ LIO ] Raw feature num: 2046, downsampled feature num:998 effective feature num: 936 average residual: 0.0105339
[ LIO ] Raw feature num: 2046, downsampled feature num:1000 effective feature num: 945 average residual: 0.0117072
[ LIO ] Raw feature num: 2046, downsampled feature num:1000 effective feature num: 943 average residual: 0.0114452
[ LIO ] Raw feature num: 2046, downsampled feature num:1000 effective feature num: 943 average residual: 0.0114674
[ LIO ] Raw feature num: 2046, downsampled feature num:1000 effective feature num: 943 average residual: 0.0114673
[ LIO ] Raw feature num: 2047, downsampled feature num:1000 effective feature num: 947 average residual: 0.0123504
[ LIO ] Raw feature num: 2047, downsampled feature num:1000 effective feature num: 948 average residual: 0.0119086
[ LIO ] Raw feature num: 2047, downsampled feature num:1000 effective feature num: 949 average residual: 0.011821
[ LIO ] Raw feature num: 2047, downsampled feature num:1000 effective feature num: 949 average residual: 0.0118577
[ LIO ] Raw feature num: 2047, downsampled feature num:1000 effective feature num: 949 average residual: 0.0118577
[ LIO ] Raw feature num: 2047, downsampled feature num:1001 effective feature num: 933 average residual: 0.0132608
[ LIO ] Raw feature num: 2047, downsampled feature num:1001 effective feature num: 937 average residual: 0.0134032
[ LIO ] Raw feature num: 2047, downsampled feature num:1001 effective feature num: 938 average residual: 0.0134812
[ LIO ] Raw feature num: 2047, downsampled feature num:1001 effective feature num: 938 average residual: 0.0134855
[ LIO ] Raw feature num: 2047, downsampled feature num:1025 effective feature num: 960 average residual: 0.0135515
[ LIO ] Raw feature num: 2047, downsampled feature num:1025 effective feature num: 965 average residual: 0.0136912
[ LIO ] Raw feature num: 2047, downsampled feature num:1025 effective feature num: 965 average residual: 0.0137214
[ LIO ] Raw feature num: 2047, downsampled feature num:1025 effective feature num: 965 average residual: 0.0137422
[ LIO ] Raw feature num: 2047, downsampled feature num:1025 effective feature num: 965 average residual: 0.0137214
[ LIO ] Raw feature num: 2048, downsampled feature num:1045 effective feature num: 996 average residual: 0.0152026
[ LIO ] Raw feature num: 2048, downsampled feature num:1045 effective feature num: 998 average residual: 0.014903
[ LIO ] Raw feature num: 2048, downsampled feature num:1045 effective feature num: 998 average residual: 0.0149488
[ LIO ] Raw feature num: 2048, downsampled feature num:1045 effective feature num: 998 average residual: 0.0149488
[ LIO ] Raw feature num: 2048, downsampled feature num:1013 effective feature num: 965 average residual: 0.0167406
[ LIO ] Raw feature num: 2048, downsampled feature num:1013 effective feature num: 965 average residual: 0.0157165
[ LIO ] Raw feature num: 2048, downsampled feature num:1013 effective feature num: 965 average residual: 0.015626
[ LIO ] Raw feature num: 2048, downsampled feature num:1013 effective feature num: 965 average residual: 0.0156261
[ LIO ] Raw feature num: 2048, downsampled feature num:1020 effective feature num: 974 average residual: 0.0179749
[ LIO ] Raw feature num: 2048, downsampled feature num:1020 effective feature num: 973 average residual: 0.0166187
[ LIO ] Raw feature num: 2048, downsampled feature num:1020 effective feature num: 973 average residual: 0.0166273
[ LIO ] Raw feature num: 2048, downsampled feature num:1039 effective feature num: 997 average residual: 0.0174422
[ LIO ] Raw feature num: 2048, downsampled feature num:1039 effective feature num: 997 average residual: 0.0167877
[ LIO ] Raw feature num: 2048, downsampled feature num:1039 effective feature num: 997 average residual: 0.0167843
[ LIO ] Raw feature num: 2048, downsampled feature num:1039 effective feature num: 997 average residual: 0.0167841
[ LIO ] Raw feature num: 2048, downsampled feature num:1047 effective feature num: 1005 average residual: 0.0168861
[ LIO ] Raw feature num: 2048, downsampled feature num:1047 effective feature num: 1004 average residual: 0.0166962
[ LIO ] Raw feature num: 2048, downsampled feature num:1047 effective feature num: 1004 average residual: 0.0167458
[ LIO ] Raw feature num: 2048, downsampled feature num:1047 effective feature num: 1004 average residual: 0.0167458
[ LIO ] Raw feature num: 2048, downsampled feature num:1048 effective feature num: 1005 average residual: 0.0170402
[ LIO ] Raw feature num: 2048, downsampled feature num:1048 effective feature num: 1004 average residual: 0.0168129
[ LIO ] Raw feature num: 2048, downsampled feature num:1048 effective feature num: 1003 average residual: 0.0167278
[ LIO ] Raw feature num: 2048, downsampled feature num:1048 effective feature num: 1003 average residual: 0.0167278
[ LIO ] Raw feature num: 2048, downsampled feature num:1048 effective feature num: 1009 average residual: 0.0167851
[ LIO ] Raw feature num: 2048, downsampled feature num:1048 effective feature num: 1006 average residual: 0.0167958
[ LIO ] Raw feature num: 2048, downsampled feature num:1048 effective feature num: 1006 average residual: 0.0168539
[ LIO ] Raw feature num: 2048, downsampled feature num:1048 effective feature num: 1006 average residual: 0.0168539
[ LIO ] Raw feature num: 2048, downsampled feature num:1050 effective feature num: 1012 average residual: 0.0169461
[ LIO ] Raw feature num: 2048, downsampled feature num:1050 effective feature num: 1013 average residual: 0.0172388
[ LIO ] Raw feature num: 2048, downsampled feature num:1050 effective feature num: 1013 average residual: 0.0171612
[ LIO ] Raw feature num: 2048, downsampled feature num:1036 effective feature num: 996 average residual: 0.0175221
[ LIO ] Raw feature num: 2048, downsampled feature num:1036 effective feature num: 997 average residual: 0.0167595
[ LIO ] Raw feature num: 2048, downsampled feature num:1036 effective feature num: 997 average residual: 0.0170061
[ LIO ] Raw feature num: 2048, downsampled feature num:1036 effective feature num: 997 average residual: 0.0169959
[ LIO ] Raw feature num: 2048, downsampled feature num:1033 effective feature num: 989 average residual: 0.0168944
[ LIO ] Raw feature num: 2048, downsampled feature num:1033 effective feature num: 989 average residual: 0.0165696
[ LIO ] Raw feature num: 2048, downsampled feature num:1033 effective feature num: 989 average residual: 0.0165702
[ LIO ] Raw feature num: 2048, downsampled feature num:1033 effective feature num: 989 average residual: 0.0165702
[ LIO ] Raw feature num: 2048, downsampled feature num:1026 effective feature num: 984 average residual: 0.016966
[ LIO ] Raw feature num: 2048, downsampled feature num:1026 effective feature num: 983 average residual: 0.0169576
[ LIO ] Raw feature num: 2048, downsampled feature num:1026 effective feature num: 983 average residual: 0.0169579
[ LIO ] Raw feature num: 2048, downsampled feature num:1033 effective feature num: 989 average residual: 0.0184392
[ LIO ] Raw feature num: 2048, downsampled feature num:1033 effective feature num: 991 average residual: 0.0188025
[ LIO ] Raw feature num: 2048, downsampled feature num:1033 effective feature num: 991 average residual: 0.0187641
[ LIO ] Raw feature num: 2048, downsampled feature num:1033 effective feature num: 991 average residual: 0.0187639
[ LIO ] Raw feature num: 2048, downsampled feature num:1025 effective feature num: 980 average residual: 0.0188218
[ LIO ] Raw feature num: 2048, downsampled feature num:1025 effective feature num: 980 average residual: 0.018605
[ LIO ] Raw feature num: 2048, downsampled feature num:1025 effective feature num: 980 average residual: 0.01854
[ LIO ] Raw feature num: 2048, downsampled feature num:1025 effective feature num: 980 average residual: 0.01854
[ LIO ] Raw feature num: 2048, downsampled feature num:1009 effective feature num: 975 average residual: 0.0196798
[ LIO ] Raw feature num: 2048, downsampled feature num:1009 effective feature num: 977 average residual: 0.0198243
[ LIO ] Raw feature num: 2048, downsampled feature num:1009 effective feature num: 977 average residual: 0.0197856
[ LIO ] Raw feature num: 2048, downsampled feature num:1009 effective feature num: 977 average residual: 0.0197893
[ LIO ] Raw feature num: 2048, downsampled feature num:1010 effective feature num: 983 average residual: 0.0210084
[ LIO ] Raw feature num: 2048, downsampled feature num:1010 effective feature num: 982 average residual: 0.021414
[ LIO ] Raw feature num: 2048, downsampled feature num:1010 effective feature num: 982 average residual: 0.0214169
[ LIO ] Raw feature num: 2048, downsampled feature num:1010 effective feature num: 983 average residual: 0.0214597
[ LIO ] Raw feature num: 2048, downsampled feature num:1010 effective feature num: 983 average residual: 0.0214604
[ LIO ] Raw feature num: 2048, downsampled feature num:1003 effective feature num: 971 average residual: 0.022764
[ LIO ] Raw feature num: 2048, downsampled feature num:1003 effective feature num: 971 average residual: 0.0219844
[ LIO ] Raw feature num: 2048, downsampled feature num:1003 effective feature num: 970 average residual: 0.0219473
[ LIO ] Raw feature num: 2048, downsampled feature num:1003 effective feature num: 970 average residual: 0.0219471
[ LIO ] Raw feature num: 2048, downsampled feature num:1001 effective feature num: 967 average residual: 0.0241197
[ LIO ] Raw feature num: 2048, downsampled feature num:1001 effective feature num: 968 average residual: 0.0235297
[ LIO ] Raw feature num: 2048, downsampled feature num:1001 effective feature num: 967 average residual: 0.0235141
[ LIO ] Raw feature num: 2048, downsampled feature num:1001 effective feature num: 967 average residual: 0.0235141
[ LIO ] Raw feature num: 2048, downsampled feature num:1005 effective feature num: 972 average residual: 0.025725
[ LIO ] Raw feature num: 2048, downsampled feature num:1005 effective feature num: 972 average residual: 0.0251689
[ LIO ] Raw feature num: 2048, downsampled feature num:1005 effective feature num: 972 average residual: 0.0251394
[ LIO ] Raw feature num: 2048, downsampled feature num:1005 effective feature num: 972 average residual: 0.0251395
[ LIO ] Raw feature num: 2048, downsampled feature num:965 effective feature num: 935 average residual: 0.0271741
[ LIO ] Raw feature num: 2048, downsampled feature num:965 effective feature num: 934 average residual: 0.0266882
[ LIO ] Raw feature num: 2048, downsampled feature num:965 effective feature num: 934 average residual: 0.0266764
[ LIO ] Raw feature num: 2048, downsampled feature num:965 effective feature num: 934 average residual: 0.0266764
[ LIO ] Raw feature num: 2048, downsampled feature num:978 effective feature num: 948 average residual: 0.0283726
[ LIO ] Raw feature num: 2048, downsampled feature num:978 effective feature num: 948 average residual: 0.0281621
[ LIO ] Raw feature num: 2048, downsampled feature num:978 effective feature num: 947 average residual: 0.0282484
[ LIO ] Raw feature num: 2048, downsampled feature num:978 effective feature num: 947 average residual: 0.0282712
[ LIO ] Raw feature num: 2048, downsampled feature num:978 effective feature num: 947 average residual: 0.0282712
[ LIO ] Raw feature num: 2048, downsampled feature num:985 effective feature num: 953 average residual: 0.0314853
[ LIO ] Raw feature num: 2048, downsampled feature num:985 effective feature num: 952 average residual: 0.0311675
[ LIO ] Raw feature num: 2048, downsampled feature num:985 effective feature num: 953 average residual: 0.0314408
[ LIO ] Raw feature num: 2048, downsampled feature num:985 effective feature num: 953 average residual: 0.0314358
[ LIO ] Raw feature num: 2048, downsampled feature num:985 effective feature num: 953 average residual: 0.0314358
[ LIO ] Raw feature num: 2048, downsampled feature num:1010 effective feature num: 972 average residual: 0.0331692
[ LIO ] Raw feature num: 2048, downsampled feature num:1010 effective feature num: 973 average residual: 0.0334519
[ LIO ] Raw feature num: 2048, downsampled feature num:1010 effective feature num: 973 average residual: 0.0333287
[ LIO ] Raw feature num: 2048, downsampled feature num:1010 effective feature num: 973 average residual: 0.0333252
[ LIO ] Raw feature num: 2048, downsampled feature num:992 effective feature num: 956 average residual: 0.0331036
[ LIO ] Raw feature num: 2048, downsampled feature num:992 effective feature num: 952 average residual: 0.0327589
[ LIO ] Raw feature num: 2048, downsampled feature num:992 effective feature num: 951 average residual: 0.0326523
[ LIO ] Raw feature num: 2048, downsampled feature num:992 effective feature num: 951 average residual: 0.0326253
[ LIO ] Raw feature num: 2048, downsampled feature num:992 effective feature num: 951 average residual: 0.0326252
[ LIO ] Raw feature num: 2048, downsampled feature num:996 effective feature num: 958 average residual: 0.035731
[ LIO ] Raw feature num: 2048, downsampled feature num:996 effective feature num: 954 average residual: 0.0341456
[ LIO ] Raw feature num: 2048, downsampled feature num:996 effective feature num: 954 average residual: 0.0341281
[ LIO ] Raw feature num: 2048, downsampled feature num:996 effective feature num: 955 average residual: 0.0342215
[ LIO ] Raw feature num: 2048, downsampled feature num:996 effective feature num: 955 average residual: 0.0342214
[ LIO ] Raw feature num: 2048, downsampled feature num:976 effective feature num: 931 average residual: 0.0363714
[ LIO ] Raw feature num: 2048, downsampled feature num:976 effective feature num: 931 average residual: 0.0357006
[ LIO ] Raw feature num: 2048, downsampled feature num:976 effective feature num: 932 average residual: 0.0356973
[ LIO ] Raw feature num: 2048, downsampled feature num:976 effective feature num: 932 average residual: 0.0357095
[ LIO ] Raw feature num: 2048, downsampled feature num:971 effective feature num: 924 average residual: 0.0350421
[ LIO ] Raw feature num: 2048, downsampled feature num:971 effective feature num: 923 average residual: 0.0345423
[ LIO ] Raw feature num: 2048, downsampled feature num:971 effective feature num: 923 average residual: 0.0345677
[ LIO ] Raw feature num: 2048, downsampled feature num:971 effective feature num: 923 average residual: 0.0345677
[ LIO ] Raw feature num: 2048, downsampled feature num:980 effective feature num: 929 average residual: 0.0365954
[ LIO ] Raw feature num: 2048, downsampled feature num:980 effective feature num: 930 average residual: 0.0364076
[ LIO ] Raw feature num: 2048, downsampled feature num:980 effective feature num: 930 average residual: 0.0363184
[ LIO ] Raw feature num: 2048, downsampled feature num:980 effective feature num: 930 average residual: 0.0363025
[ LIO ] Raw feature num: 2048, downsampled feature num:980 effective feature num: 930 average residual: 0.0363025
[ LIO ] Raw feature num: 2048, downsampled feature num:955 effective feature num: 905 average residual: 0.0365196
[ LIO ] Raw feature num: 2048, downsampled feature num:955 effective feature num: 904 average residual: 0.0365426
[ LIO ] Raw feature num: 2048, downsampled feature num:955 effective feature num: 904 average residual: 0.0365589
[ LIO ] Raw feature num: 2048, downsampled feature num:955 effective feature num: 904 average residual: 0.0365745
[ LIO ] Raw feature num: 2048, downsampled feature num:955 effective feature num: 904 average residual: 0.0365589
[ LIO ] Raw feature num: 2048, downsampled feature num:980 effective feature num: 930 average residual: 0.0377112
[ LIO ] Raw feature num: 2048, downsampled feature num:980 effective feature num: 929 average residual: 0.0370824
[ LIO ] Raw feature num: 2048, downsampled feature num:980 effective feature num: 928 average residual: 0.0371025
[ LIO ] Raw feature num: 2048, downsampled feature num:980 effective feature num: 928 average residual: 0.0371025
[ LIO ] Raw feature num: 2048, downsampled feature num:989 effective feature num: 942 average residual: 0.0380954
[ LIO ] Raw feature num: 2048, downsampled feature num:989 effective feature num: 939 average residual: 0.0373954
[ LIO ] Raw feature num: 2048, downsampled feature num:989 effective feature num: 940 average residual: 0.037463
[ LIO ] Raw feature num: 2048, downsampled feature num:989 effective feature num: 940 average residual: 0.0375185
[ LIO ] Raw feature num: 2048, downsampled feature num:989 effective feature num: 940 average residual: 0.0375184
[ LIO ] Raw feature num: 2048, downsampled feature num:983 effective feature num: 938 average residual: 0.0380137
[ LIO ] Raw feature num: 2048, downsampled feature num:983 effective feature num: 935 average residual: 0.0369739
[ LIO ] Raw feature num: 2048, downsampled feature num:983 effective feature num: 934 average residual: 0.0370369
[ LIO ] Raw feature num: 2048, downsampled feature num:983 effective feature num: 935 average residual: 0.0370432
[ LIO ] Raw feature num: 2048, downsampled feature num:983 effective feature num: 935 average residual: 0.0370432
[ LIO ] Raw feature num: 2048, downsampled feature num:983 effective feature num: 939 average residual: 0.0382108
[ LIO ] Raw feature num: 2048, downsampled feature num:983 effective feature num: 936 average residual: 0.0369601
[ LIO ] Raw feature num: 2048, downsampled feature num:983 effective feature num: 935 average residual: 0.0370152
[ LIO ] Raw feature num: 2048, downsampled feature num:983 effective feature num: 936 average residual: 0.0370194
[ LIO ] Raw feature num: 2048, downsampled feature num:983 effective feature num: 935 average residual: 0.0370142
[ LIO ] Raw feature num: 2048, downsampled feature num:981 effective feature num: 937 average residual: 0.0383412
[ LIO ] Raw feature num: 2048, downsampled feature num:981 effective feature num: 934 average residual: 0.036978
[ LIO ] Raw feature num: 2048, downsampled feature num:981 effective feature num: 934 average residual: 0.0370034
[ LIO ] Raw feature num: 2048, downsampled feature num:981 effective feature num: 934 average residual: 0.0370354
[ LIO ] Raw feature num: 2048, downsampled feature num:981 effective feature num: 934 average residual: 0.0370025
[ LIO ] Raw feature num: 2048, downsampled feature num:973 effective feature num: 928 average residual: 0.0388324
[ LIO ] Raw feature num: 2048, downsampled feature num:973 effective feature num: 923 average residual: 0.0375424
[ LIO ] Raw feature num: 2048, downsampled feature num:973 effective feature num: 923 average residual: 0.0375997
[ LIO ] Raw feature num: 2048, downsampled feature num:973 effective feature num: 923 average residual: 0.0375996
[ LIO ] Raw feature num: 2048, downsampled feature num:990 effective feature num: 941 average residual: 0.0373463
[ LIO ] Raw feature num: 2048, downsampled feature num:990 effective feature num: 939 average residual: 0.0363289
[ LIO ] Raw feature num: 2048, downsampled feature num:990 effective feature num: 938 average residual: 0.0362826
[ LIO ] Raw feature num: 2048, downsampled feature num:990 effective feature num: 938 average residual: 0.0362653
[ LIO ] Raw feature num: 2048, downsampled feature num:990 effective feature num: 938 average residual: 0.0362653
[ LIO ] Raw feature num: 2048, downsampled feature num:982 effective feature num: 927 average residual: 0.0377298
[ LIO ] Raw feature num: 2048, downsampled feature num:982 effective feature num: 928 average residual: 0.0364556
[ LIO ] Raw feature num: 2048, downsampled feature num:982 effective feature num: 930 average residual: 0.0363794
[ LIO ] Raw feature num: 2048, downsampled feature num:982 effective feature num: 930 average residual: 0.0363827
[ LIO ] Raw feature num: 2048, downsampled feature num:964 effective feature num: 917 average residual: 0.0380334
[ LIO ] Raw feature num: 2048, downsampled feature num:964 effective feature num: 916 average residual: 0.0370913
[ LIO ] Raw feature num: 2048, downsampled feature num:964 effective feature num: 916 average residual: 0.0374951
[ LIO ] Raw feature num: 2048, downsampled feature num:964 effective feature num: 916 average residual: 0.0376554
[ LIO ] Raw feature num: 2048, downsampled feature num:964 effective feature num: 916 average residual: 0.037687
[ LIO ] Raw feature num: 2048, downsampled feature num:979 effective feature num: 931 average residual: 0.0371194
[ LIO ] Raw feature num: 2048, downsampled feature num:979 effective feature num: 933 average residual: 0.0365518
[ LIO ] Raw feature num: 2048, downsampled feature num:979 effective feature num: 931 average residual: 0.0364294
[ LIO ] Raw feature num: 2048, downsampled feature num:979 effective feature num: 928 average residual: 0.0363062
[ LIO ] Raw feature num: 2048, downsampled feature num:979 effective feature num: 928 average residual: 0.0363403
[ LIO ] Raw feature num: 2048, downsampled feature num:973 effective feature num: 917 average residual: 0.0380438
[ LIO ] Raw feature num: 2048, downsampled feature num:973 effective feature num: 921 average residual: 0.0376883
[ LIO ] Raw feature num: 2048, downsampled feature num:973 effective feature num: 923 average residual: 0.037429
[ LIO ] Raw feature num: 2048, downsampled feature num:973 effective feature num: 923 average residual: 0.0368535
[ LIO ] Raw feature num: 2048, downsampled feature num:973 effective feature num: 920 average residual: 0.0420263
[ LIO ] Raw feature num: 2048, downsampled feature num:965 effective feature num: 906 average residual: 0.0429159
[ LIO ] Raw feature num: 2048, downsampled feature num:965 effective feature num: 902 average residual: 0.0471214
[ LIO ] Raw feature num: 2048, downsampled feature num:965 effective feature num: 903 average residual: 0.0467819
[ LIO ] Raw feature num: 2048, downsampled feature num:965 effective feature num: 903 average residual: 0.0466121
[ LIO ] Raw feature num: 2048, downsampled feature num:965 effective feature num: 903 average residual: 0.0466195
[ LIO ] Raw feature num: 2048, downsampled feature num:965 effective feature num: 908 average residual: 0.046595
[ LIO ] Raw feature num: 2048, downsampled feature num:965 effective feature num: 911 average residual: 0.0468866
[ LIO ] Raw feature num: 2048, downsampled feature num:965 effective feature num: 910 average residual: 0.046852
[ LIO ] Raw feature num: 2048, downsampled feature num:965 effective feature num: 913 average residual: 0.0470215
[ LIO ] Raw feature num: 2048, downsampled feature num:965 effective feature num: 913 average residual: 0.0466229
[ LIO ] Raw feature num: 2048, downsampled feature num:951 effective feature num: 896 average residual: 0.0488925
[ LIO ] Raw feature num: 2048, downsampled feature num:951 effective feature num: 892 average residual: 0.0470026
[ LIO ] Raw feature num: 2048, downsampled feature num:951 effective feature num: 893 average residual: 0.0470384
[ LIO ] Raw feature num: 2048, downsampled feature num:951 effective feature num: 893 average residual: 0.047046
[ LIO ] Raw feature num: 2048, downsampled feature num:951 effective feature num: 893 average residual: 0.047046
[ LIO ] Raw feature num: 2048, downsampled feature num:946 effective feature num: 895 average residual: 0.048686
[ LIO ] Raw feature num: 2048, downsampled feature num:946 effective feature num: 893 average residual: 0.0467723
[ LIO ] Raw feature num: 2048, downsampled feature num:946 effective feature num: 892 average residual: 0.0456999
[ LIO ] Raw feature num: 2048, downsampled feature num:946 effective feature num: 893 average residual: 0.0452071
[ LIO ] Raw feature num: 2048, downsampled feature num:946 effective feature num: 893 average residual: 0.0439161
[ LIO ] Raw feature num: 2048, downsampled feature num:959 effective feature num: 904 average residual: 0.0441624
[ LIO ] Raw feature num: 2048, downsampled feature num:959 effective feature num: 912 average residual: 0.0359566
[ LIO ] Raw feature num: 2048, downsampled feature num:959 effective feature num: 915 average residual: 0.0356017
[ LIO ] Raw feature num: 2048, downsampled feature num:959 effective feature num: 914 average residual: 0.0356713
[ LIO ] Raw feature num: 2048, downsampled feature num:959 effective feature num: 915 average residual: 0.0356976
[ LIO ] Raw feature num: 2048, downsampled feature num:949 effective feature num: 896 average residual: 0.0386878
[ LIO ] Raw feature num: 2048, downsampled feature num:949 effective feature num: 893 average residual: 0.0396458
[ LIO ] Raw feature num: 2048, downsampled feature num:949 effective feature num: 894 average residual: 0.0395418
[ LIO ] Raw feature num: 2048, downsampled feature num:949 effective feature num: 894 average residual: 0.0395333
[ LIO ] Raw feature num: 2048, downsampled feature num:936 effective feature num: 874 average residual: 0.0507878
[ LIO ] Raw feature num: 2048, downsampled feature num:936 effective feature num: 881 average residual: 0.0412062
[ LIO ] Raw feature num: 2048, downsampled feature num:936 effective feature num: 881 average residual: 0.0388087
[ LIO ] Raw feature num: 2048, downsampled feature num:936 effective feature num: 882 average residual: 0.0386783
[ LIO ] Raw feature num: 2048, downsampled feature num:936 effective feature num: 881 average residual: 0.0383459
[ LIO ] Raw feature num: 2048, downsampled feature num:973 effective feature num: 919 average residual: 0.0448659
[ LIO ] Raw feature num: 2048, downsampled feature num:973 effective feature num: 927 average residual: 0.0370072
[ LIO ] Raw feature num: 2048, downsampled feature num:973 effective feature num: 925 average residual: 0.0371113
[ LIO ] Raw feature num: 2048, downsampled feature num:973 effective feature num: 926 average residual: 0.0376594
[ LIO ] Raw feature num: 2048, downsampled feature num:973 effective feature num: 928 average residual: 0.0384553
[ LIO ] Raw feature num: 2048, downsampled feature num:982 effective feature num: 930 average residual: 0.0390961
[ LIO ] Raw feature num: 2048, downsampled feature num:982 effective feature num: 924 average residual: 0.0398748
[ LIO ] Raw feature num: 2048, downsampled feature num:982 effective feature num: 922 average residual: 0.0421226
[ LIO ] Raw feature num: 2048, downsampled feature num:982 effective feature num: 922 average residual: 0.0425395
[ LIO ] Raw feature num: 2048, downsampled feature num:982 effective feature num: 924 average residual: 0.0443641
[ LIO ] Raw feature num: 2048, downsampled feature num:979 effective feature num: 924 average residual: 0.0491979
[ LIO ] Raw feature num: 2048, downsampled feature num:979 effective feature num: 921 average residual: 0.0469679
[ LIO ] Raw feature num: 2048, downsampled feature num:979 effective feature num: 921 average residual: 0.0468593
[ LIO ] Raw feature num: 2048, downsampled feature num:979 effective feature num: 919 average residual: 0.0470685
[ LIO ] Raw feature num: 2048, downsampled feature num:979 effective feature num: 919 average residual: 0.0470686
[ LIO ] Raw feature num: 2048, downsampled feature num:962 effective feature num: 906 average residual: 0.045186
[ LIO ] Raw feature num: 2048, downsampled feature num:962 effective feature num: 903 average residual: 0.0470915
[ LIO ] Raw feature num: 2048, downsampled feature num:962 effective feature num: 901 average residual: 0.0468365
[ LIO ] Raw feature num: 2048, downsampled feature num:962 effective feature num: 902 average residual: 0.0468216
[ LIO ] Raw feature num: 2048, downsampled feature num:962 effective feature num: 902 average residual: 0.0468105
[ LIO ] Raw feature num: 2048, downsampled feature num:991 effective feature num: 942 average residual: 0.0449236
[ LIO ] Raw feature num: 2048, downsampled feature num:991 effective feature num: 934 average residual: 0.0467113
[ LIO ] Raw feature num: 2048, downsampled feature num:991 effective feature num: 935 average residual: 0.0466897
[ LIO ] Raw feature num: 2048, downsampled feature num:991 effective feature num: 933 average residual: 0.0467366
[ LIO ] Raw feature num: 2048, downsampled feature num:991 effective feature num: 933 average residual: 0.0470258
[ LIO ] Raw feature num: 2048, downsampled feature num:950 effective feature num: 899 average residual: 0.0475176
[ LIO ] Raw feature num: 2048, downsampled feature num:950 effective feature num: 896 average residual: 0.0481286
[ LIO ] Raw feature num: 2048, downsampled feature num:950 effective feature num: 896 average residual: 0.0487336
[ LIO ] Raw feature num: 2048, downsampled feature num:950 effective feature num: 897 average residual: 0.0489229
[ LIO ] Raw feature num: 2048, downsampled feature num:950 effective feature num: 897 average residual: 0.0489233
[ LIO ] Raw feature num: 2048, downsampled feature num:933 effective feature num: 880 average residual: 0.0483064
[ LIO ] Raw feature num: 2048, downsampled feature num:933 effective feature num: 882 average residual: 0.043987
[ LIO ] Raw feature num: 2048, downsampled feature num:933 effective feature num: 884 average residual: 0.0380616
[ LIO ] Raw feature num: 2048, downsampled feature num:933 effective feature num: 885 average residual: 0.038147
[ LIO ] Raw feature num: 2048, downsampled feature num:933 effective feature num: 886 average residual: 0.0385899
[ LIO ] Raw feature num: 2048, downsampled feature num:961 effective feature num: 911 average residual: 0.0388182
[ LIO ] Raw feature num: 2048, downsampled feature num:961 effective feature num: 912 average residual: 0.0385018
[ LIO ] Raw feature num: 2048, downsampled feature num:961 effective feature num: 912 average residual: 0.0387352
[ LIO ] Raw feature num: 2048, downsampled feature num:961 effective feature num: 912 average residual: 0.0387353
[ LIO ] Raw feature num: 2048, downsampled feature num:954 effective feature num: 895 average residual: 0.0446075
[ LIO ] Raw feature num: 2048, downsampled feature num:954 effective feature num: 902 average residual: 0.039179
[ LIO ] Raw feature num: 2048, downsampled feature num:954 effective feature num: 898 average residual: 0.0385145
[ LIO ] Raw feature num: 2048, downsampled feature num:954 effective feature num: 901 average residual: 0.0384292
[ LIO ] Raw feature num: 2048, downsampled feature num:954 effective feature num: 900 average residual: 0.0374965
[ LIO ] Raw feature num: 2048, downsampled feature num:982 effective feature num: 926 average residual: 0.0438721
[ LIO ] Raw feature num: 2048, downsampled feature num:982 effective feature num: 930 average residual: 0.0385142
[ LIO ] Raw feature num: 2048, downsampled feature num:982 effective feature num: 927 average residual: 0.0392192
[ LIO ] Raw feature num: 2048, downsampled feature num:982 effective feature num: 923 average residual: 0.0421171
[ LIO ] Raw feature num: 2048, downsampled feature num:982 effective feature num: 921 average residual: 0.0422544
[ LIO ] Raw feature num: 2048, downsampled feature num:985 effective feature num: 923 average residual: 0.0470143
[ LIO ] Raw feature num: 2048, downsampled feature num:985 effective feature num: 926 average residual: 0.0416066
[ LIO ] Raw feature num: 2048, downsampled feature num:985 effective feature num: 930 average residual: 0.0401203
[ LIO ] Raw feature num: 2048, downsampled feature num:985 effective feature num: 931 average residual: 0.0398217
[ LIO ] Raw feature num: 2048, downsampled feature num:985 effective feature num: 931 average residual: 0.0398137
[ LIO ] Raw feature num: 2048, downsampled feature num:989 effective feature num: 945 average residual: 0.0412488
[ LIO ] Raw feature num: 2048, downsampled feature num:989 effective feature num: 941 average residual: 0.0399179
[ LIO ] Raw feature num: 2048, downsampled feature num:989 effective feature num: 941 average residual: 0.0396891
[ LIO ] Raw feature num: 2048, downsampled feature num:989 effective feature num: 941 average residual: 0.0396848
[ LIO ] Raw feature num: 2048, downsampled feature num:990 effective feature num: 947 average residual: 0.0404362
[ LIO ] Raw feature num: 2048, downsampled feature num:990 effective feature num: 944 average residual: 0.0391764
[ LIO ] Raw feature num: 2048, downsampled feature num:990 effective feature num: 944 average residual: 0.0392815
[ LIO ] Raw feature num: 2048, downsampled feature num:990 effective feature num: 944 average residual: 0.0392816
[ LIO ] Raw feature num: 2048, downsampled feature num:978 effective feature num: 935 average residual: 0.0404023
[ LIO ] Raw feature num: 2048, downsampled feature num:978 effective feature num: 932 average residual: 0.0394317
[ LIO ] Raw feature num: 2048, downsampled feature num:978 effective feature num: 932 average residual: 0.0386993
[ LIO ] Raw feature num: 2048, downsampled feature num:978 effective feature num: 932 average residual: 0.0385983
[ LIO ] Raw feature num: 2048, downsampled feature num:978 effective feature num: 932 average residual: 0.0385985
[ LIO ] Raw feature num: 2048, downsampled feature num:974 effective feature num: 930 average residual: 0.0395268
[ LIO ] Raw feature num: 2048, downsampled feature num:974 effective feature num: 924 average residual: 0.0393882
[ LIO ] Raw feature num: 2048, downsampled feature num:974 effective feature num: 925 average residual: 0.0409995
[ LIO ] Raw feature num: 2048, downsampled feature num:974 effective feature num: 921 average residual: 0.0418001
[ LIO ] Raw feature num: 2048, downsampled feature num:974 effective feature num: 921 average residual: 0.0418847
[ LIO ] Raw feature num: 2048, downsampled feature num:1006 effective feature num: 959 average residual: 0.0427034
[ LIO ] Raw feature num: 2048, downsampled feature num:1006 effective feature num: 955 average residual: 0.0428606
[ LIO ] Raw feature num: 2048, downsampled feature num:1006 effective feature num: 955 average residual: 0.0429599
[ LIO ] Raw feature num: 2048, downsampled feature num:1006 effective feature num: 955 average residual: 0.0429599
[ LIO ] Raw feature num: 2048, downsampled feature num:992 effective feature num: 937 average residual: 0.0423272
[ LIO ] Raw feature num: 2048, downsampled feature num:992 effective feature num: 942 average residual: 0.0373833
[ LIO ] Raw feature num: 2048, downsampled feature num:992 effective feature num: 941 average residual: 0.0371705
[ LIO ] Raw feature num: 2048, downsampled feature num:992 effective feature num: 940 average residual: 0.0372034
[ LIO ] Raw feature num: 2048, downsampled feature num:992 effective feature num: 940 average residual: 0.0372031
[ LIO ] Raw feature num: 2048, downsampled feature num:999 effective feature num: 953 average residual: 0.0395536
[ LIO ] Raw feature num: 2048, downsampled feature num:999 effective feature num: 953 average residual: 0.0375537
[ LIO ] Raw feature num: 2048, downsampled feature num:999 effective feature num: 953 average residual: 0.0377169
[ LIO ] Raw feature num: 2048, downsampled feature num:999 effective feature num: 953 average residual: 0.037722
[ LIO ] Raw feature num: 2048, downsampled feature num:981 effective feature num: 936 average residual: 0.0406085
[ LIO ] Raw feature num: 2048, downsampled feature num:981 effective feature num: 941 average residual: 0.0382127
[ LIO ] Raw feature num: 2048, downsampled feature num:981 effective feature num: 938 average residual: 0.0377206
[ LIO ] Raw feature num: 2048, downsampled feature num:981 effective feature num: 938 average residual: 0.0371334
[ LIO ] Raw feature num: 2048, downsampled feature num:981 effective feature num: 940 average residual: 0.0375111
[ LIO ] Raw feature num: 2048, downsampled feature num:987 effective feature num: 951 average residual: 0.0377484
[ LIO ] Raw feature num: 2048, downsampled feature num:987 effective feature num: 950 average residual: 0.0337978
[ LIO ] Raw feature num: 2048, downsampled feature num:987 effective feature num: 949 average residual: 0.03326
[ LIO ] Raw feature num: 2048, downsampled feature num:987 effective feature num: 947 average residual: 0.0326911
[ LIO ] Raw feature num: 2048, downsampled feature num:987 effective feature num: 947 average residual: 0.0327124
[ LIO ] Raw feature num: 2048, downsampled feature num:999 effective feature num: 966 average residual: 0.0336863
[ LIO ] Raw feature num: 2048, downsampled feature num:999 effective feature num: 966 average residual: 0.0323094
[ LIO ] Raw feature num: 2048, downsampled feature num:999 effective feature num: 966 average residual: 0.0322726
[ LIO ] Raw feature num: 2048, downsampled feature num:999 effective feature num: 966 average residual: 0.0322726
[ LIO ] Raw feature num: 2048, downsampled feature num:980 effective feature num: 951 average residual: 0.0309824
[ LIO ] Raw feature num: 2048, downsampled feature num:980 effective feature num: 953 average residual: 0.0311556
[ LIO ] Raw feature num: 2048, downsampled feature num:980 effective feature num: 952 average residual: 0.0314029
[ LIO ] Raw feature num: 2048, downsampled feature num:980 effective feature num: 952 average residual: 0.0313945
[ LIO ] Raw feature num: 2048, downsampled feature num:997 effective feature num: 970 average residual: 0.0296809
[ LIO ] Raw feature num: 2048, downsampled feature num:997 effective feature num: 969 average residual: 0.0284556
[ LIO ] Raw feature num: 2048, downsampled feature num:997 effective feature num: 969 average residual: 0.0284507
[ LIO ] Raw feature num: 2048, downsampled feature num:997 effective feature num: 969 average residual: 0.0284507
[ LIO ] Raw feature num: 2048, downsampled feature num:997 effective feature num: 968 average residual: 0.027904
[ LIO ] Raw feature num: 2048, downsampled feature num:997 effective feature num: 968 average residual: 0.0264327
[ LIO ] Raw feature num: 2048, downsampled feature num:997 effective feature num: 967 average residual: 0.0260228
[ LIO ] Raw feature num: 2048, downsampled feature num:997 effective feature num: 967 average residual: 0.0261464
[ LIO ] Raw feature num: 2048, downsampled feature num:997 effective feature num: 969 average residual: 0.0261988
[ LIO ] Raw feature num: 2048, downsampled feature num:1008 effective feature num: 981 average residual: 0.0247212
[ LIO ] Raw feature num: 2048, downsampled feature num:1008 effective feature num: 981 average residual: 0.0243637
[ LIO ] Raw feature num: 2048, downsampled feature num:1008 effective feature num: 981 average residual: 0.0243431
[ LIO ] Raw feature num: 2048, downsampled feature num:1008 effective feature num: 981 average residual: 0.0243432
[ LIO ] Raw feature num: 2048, downsampled feature num:1021 effective feature num: 993 average residual: 0.0226768
[ LIO ] Raw feature num: 2048, downsampled feature num:1021 effective feature num: 993 average residual: 0.0224336
[ LIO ] Raw feature num: 2048, downsampled feature num:1021 effective feature num: 991 average residual: 0.0222616
[ LIO ] Raw feature num: 2048, downsampled feature num:1021 effective feature num: 991 average residual: 0.0222059
[ LIO ] Raw feature num: 2048, downsampled feature num:1021 effective feature num: 991 average residual: 0.0221644
[ LIO ] Raw feature num: 2048, downsampled feature num:1012 effective feature num: 984 average residual: 0.0230133
[ LIO ] Raw feature num: 2048, downsampled feature num:1012 effective feature num: 985 average residual: 0.0223302
[ LIO ] Raw feature num: 2048, downsampled feature num:1012 effective feature num: 983 average residual: 0.0219323
[ LIO ] Raw feature num: 2048, downsampled feature num:1012 effective feature num: 983 average residual: 0.0217595
[ LIO ] Raw feature num: 2048, downsampled feature num:1012 effective feature num: 983 average residual: 0.0219472
[ LIO ] Raw feature num: 2048, downsampled feature num:1025 effective feature num: 993 average residual: 0.0225916
[ LIO ] Raw feature num: 2048, downsampled feature num:1025 effective feature num: 995 average residual: 0.0212712
[ LIO ] Raw feature num: 2048, downsampled feature num:1025 effective feature num: 995 average residual: 0.0212627
[ LIO ] Raw feature num: 2048, downsampled feature num:1016 effective feature num: 980 average residual: 0.0203553
[ LIO ] Raw feature num: 2048, downsampled feature num:1016 effective feature num: 982 average residual: 0.0193619
[ LIO ] Raw feature num: 2048, downsampled feature num:1016 effective feature num: 981 average residual: 0.0190025
[ LIO ] Raw feature num: 2048, downsampled feature num:1016 effective feature num: 981 average residual: 0.0190303
[ LIO ] Raw feature num: 2048, downsampled feature num:1016 effective feature num: 981 average residual: 0.0190325
[ LIO ] Raw feature num: 2048, downsampled feature num:1019 effective feature num: 978 average residual: 0.0181884
[ LIO ] Raw feature num: 2048, downsampled feature num:1019 effective feature num: 979 average residual: 0.0185859
[ LIO ] Raw feature num: 2048, downsampled feature num:1019 effective feature num: 979 average residual: 0.0186571
[ LIO ] Raw feature num: 2048, downsampled feature num:1019 effective feature num: 979 average residual: 0.018657
[ LIO ] Raw feature num: 2048, downsampled feature num:1027 effective feature num: 991 average residual: 0.0172781
[ LIO ] Raw feature num: 2048, downsampled feature num:1027 effective feature num: 988 average residual: 0.0174001
[ LIO ] Raw feature num: 2048, downsampled feature num:1027 effective feature num: 988 average residual: 0.0174055
[ LIO ] Raw feature num: 2048, downsampled feature num:1035 effective feature num: 992 average residual: 0.0167205
[ LIO ] Raw feature num: 2048, downsampled feature num:1035 effective feature num: 992 average residual: 0.0169152
[ LIO ] Raw feature num: 2048, downsampled feature num:1035 effective feature num: 992 average residual: 0.0169052
[ LIO ] Raw feature num: 2048, downsampled feature num:1035 effective feature num: 992 average residual: 0.0169052
[ LIO ] Raw feature num: 2048, downsampled feature num:1035 effective feature num: 991 average residual: 0.016846
[ LIO ] Raw feature num: 2048, downsampled feature num:1035 effective feature num: 991 average residual: 0.016819
[ LIO ] Raw feature num: 2048, downsampled feature num:1035 effective feature num: 991 average residual: 0.0168189
[ LIO ] Raw feature num: 2048, downsampled feature num:1041 effective feature num: 1003 average residual: 0.0168662
[ LIO ] Raw feature num: 2048, downsampled feature num:1041 effective feature num: 1004 average residual: 0.016859
[ LIO ] Raw feature num: 2048, downsampled feature num:1041 effective feature num: 1004 average residual: 0.016859
[ LIO ] Raw feature num: 2048, downsampled feature num:1044 effective feature num: 1004 average residual: 0.0168041
[ LIO ] Raw feature num: 2048, downsampled feature num:1044 effective feature num: 1005 average residual: 0.016753
[ LIO ] Raw feature num: 2048, downsampled feature num:1044 effective feature num: 1005 average residual: 0.0167373
[ LIO ] Raw feature num: 2048, downsampled feature num:1044 effective feature num: 1005 average residual: 0.0167373
[ LIO ] Raw feature num: 2048, downsampled feature num:1044 effective feature num: 1005 average residual: 0.0167683
[ LIO ] Raw feature num: 2048, downsampled feature num:1044 effective feature num: 1005 average residual: 0.0168136
[ LIO ] Raw feature num: 2048, downsampled feature num:1044 effective feature num: 1005 average residual: 0.0168137
[ LIO ] Raw feature num: 2048, downsampled feature num:1032 effective feature num: 995 average residual: 0.0169497
[ LIO ] Raw feature num: 2048, downsampled feature num:1032 effective feature num: 994 average residual: 0.0169015
[ LIO ] Raw feature num: 2048, downsampled feature num:1032 effective feature num: 994 average residual: 0.0169016
[ LIO ] Raw feature num: 2048, downsampled feature num:1016 effective feature num: 976 average residual: 0.0167686
[ LIO ] Raw feature num: 2048, downsampled feature num:1016 effective feature num: 976 average residual: 0.0166951
[ LIO ] Raw feature num: 2048, downsampled feature num:1016 effective feature num: 976 average residual: 0.0166951
[ LIO ] Raw feature num: 2048, downsampled feature num:1008 effective feature num: 966 average residual: 0.0161543
[ LIO ] Raw feature num: 2048, downsampled feature num:1008 effective feature num: 966 average residual: 0.0160258
[ LIO ] Raw feature num: 2048, downsampled feature num:1008 effective feature num: 966 average residual: 0.0160256
[ LIO ] Raw feature num: 2048, downsampled feature num:1011 effective feature num: 972 average residual: 0.0159498
[ LIO ] Raw feature num: 2048, downsampled feature num:1011 effective feature num: 972 average residual: 0.0153812
[ LIO ] Raw feature num: 2048, downsampled feature num:1011 effective feature num: 972 average residual: 0.0153773
[ LIO ] Raw feature num: 2048, downsampled feature num:1011 effective feature num: 972 average residual: 0.0153773
[ LIO ] Raw feature num: 2048, downsampled feature num:1031 effective feature num: 990 average residual: 0.0157587
[ LIO ] Raw feature num: 2048, downsampled feature num:1031 effective feature num: 989 average residual: 0.0152194
[ LIO ] Raw feature num: 2048, downsampled feature num:1031 effective feature num: 989 average residual: 0.0152116
[ LIO ] Raw feature num: 2047, downsampled feature num:1003 effective feature num: 958 average residual: 0.0146799
[ LIO ] Raw feature num: 2047, downsampled feature num:1003 effective feature num: 958 average residual: 0.0144345
[ LIO ] Raw feature num: 2047, downsampled feature num:1003 effective feature num: 958 average residual: 0.0144342
[ LIO ] Raw feature num: 2047, downsampled feature num:992 effective feature num: 946 average residual: 0.0130673
[ LIO ] Raw feature num: 2047, downsampled feature num:992 effective feature num: 946 average residual: 0.013441
[ LIO ] Raw feature num: 2047, downsampled feature num:992 effective feature num: 946 average residual: 0.013449
[ LIO ] Raw feature num: 2047, downsampled feature num:1005 effective feature num: 961 average residual: 0.0130125
[ LIO ] Raw feature num: 2047, downsampled feature num:1005 effective feature num: 960 average residual: 0.0131226
[ LIO ] Raw feature num: 2047, downsampled feature num:1005 effective feature num: 961 average residual: 0.0131706
[ LIO ] Raw feature num: 2047, downsampled feature num:1005 effective feature num: 961 average residual: 0.0131805
[ LIO ] Raw feature num: 2047, downsampled feature num:1009 effective feature num: 962 average residual: 0.011786
[ LIO ] Raw feature num: 2047, downsampled feature num:1009 effective feature num: 965 average residual: 0.0119131
[ LIO ] Raw feature num: 2047, downsampled feature num:1009 effective feature num: 965 average residual: 0.0118673
[ LIO ] Raw feature num: 2047, downsampled feature num:1009 effective feature num: 965 average residual: 0.011853
[ LIO ] Raw feature num: 2047, downsampled feature num:1002 effective feature num: 958 average residual: 0.0116949
[ LIO ] Raw feature num: 2047, downsampled feature num:1002 effective feature num: 959 average residual: 0.0110267
[ LIO ] Raw feature num: 2047, downsampled feature num:1002 effective feature num: 959 average residual: 0.0110755
[ LIO ] Raw feature num: 2047, downsampled feature num:1002 effective feature num: 959 average residual: 0.0110756
[ LIO ] Raw feature num: 2046, downsampled feature num:1007 effective feature num: 970 average residual: 0.00966264
[ LIO ] Raw feature num: 2046, downsampled feature num:1007 effective feature num: 969 average residual: 0.0096418
[ LIO ] Raw feature num: 2046, downsampled feature num:1007 effective feature num: 970 average residual: 0.00969778
[ LIO ] Raw feature num: 2046, downsampled feature num:1007 effective feature num: 970 average residual: 0.00969805
[ LIO ] Raw feature num: 2046, downsampled feature num:994 effective feature num: 968 average residual: 0.0101994
[ LIO ] Raw feature num: 2046, downsampled feature num:994 effective feature num: 969 average residual: 0.00969973
[ LIO ] Raw feature num: 2046, downsampled feature num:994 effective feature num: 969 average residual: 0.00969243
[ LIO ] Raw feature num: 2046, downsampled feature num:994 effective feature num: 969 average residual: 0.00969235
[ LIO ] Raw feature num: 2046, downsampled feature num:1012 effective feature num: 990 average residual: 0.00882734
[ LIO ] Raw feature num: 2046, downsampled feature num:1012 effective feature num: 993 average residual: 0.00837627
[ LIO ] Raw feature num: 2046, downsampled feature num:1012 effective feature num: 994 average residual: 0.0081329
[ LIO ] Raw feature num: 2046, downsampled feature num:1012 effective feature num: 993 average residual: 0.00814175
[ LIO ] Raw feature num: 2046, downsampled feature num:1012 effective feature num: 993 average residual: 0.00811212
[ LIO ] Raw feature num: 2044, downsampled feature num:1002 effective feature num: 990 average residual: 0.00709491
[ LIO ] Raw feature num: 2044, downsampled feature num:1002 effective feature num: 990 average residual: 0.00715189
[ LIO ] Raw feature num: 2044, downsampled feature num:1002 effective feature num: 990 average residual: 0.00715745
[ LIO ] Raw feature num: 2044, downsampled feature num:1008 effective feature num: 998 average residual: 0.00585399
[ LIO ] Raw feature num: 2044, downsampled feature num:1008 effective feature num: 998 average residual: 0.00601828
[ LIO ] Raw feature num: 2044, downsampled feature num:1008 effective feature num: 998 average residual: 0.00594886
[ LIO ] Raw feature num: 2044, downsampled feature num:1008 effective feature num: 998 average residual: 0.00594878
[ LIO ] Raw feature num: 2045, downsampled feature num:987 effective feature num: 980 average residual: 0.00560575
[ LIO ] Raw feature num: 2045, downsampled feature num:987 effective feature num: 979 average residual: 0.00567772
[ LIO ] Raw feature num: 2045, downsampled feature num:987 effective feature num: 979 average residual: 0.00560943
[ LIO ] Raw feature num: 2045, downsampled feature num:987 effective feature num: 979 average residual: 0.00560938
[ LIO ] Raw feature num: 2044, downsampled feature num:976 effective feature num: 967 average residual: 0.00476834
[ LIO ] Raw feature num: 2044, downsampled feature num:976 effective feature num: 968 average residual: 0.0040098
[ LIO ] Raw feature num: 2044, downsampled feature num:976 effective feature num: 968 average residual: 0.00404071
[ LIO ] Raw feature num: 2044, downsampled feature num:976 effective feature num: 968 average residual: 0.00404067
[ LIO ] Raw feature num: 2045, downsampled feature num:983 effective feature num: 978 average residual: 0.00424377
[ LIO ] Raw feature num: 2045, downsampled feature num:983 effective feature num: 976 average residual: 0.00399786
[ LIO ] Raw feature num: 2045, downsampled feature num:983 effective feature num: 976 average residual: 0.00392707
[ LIO ] Raw feature num: 2045, downsampled feature num:983 effective feature num: 976 average residual: 0.00393983
[ LIO ] Raw feature num: 2045, downsampled feature num:983 effective feature num: 976 average residual: 0.00393983
[ LIO ] Raw feature num: 2044, downsampled feature num:985 effective feature num: 980 average residual: 0.00438016
[ LIO ] Raw feature num: 2044, downsampled feature num:985 effective feature num: 980 average residual: 0.00374281
[ LIO ] Raw feature num: 2044, downsampled feature num:985 effective feature num: 980 average residual: 0.00373347
[ LIO ] Raw feature num: 2044, downsampled feature num:997 effective feature num: 992 average residual: 0.0046068
[ LIO ] Raw feature num: 2044, downsampled feature num:997 effective feature num: 992 average residual: 0.00462945
[ LIO ] Raw feature num: 2044, downsampled feature num:997 effective feature num: 990 average residual: 0.00591537
[ LIO ] Raw feature num: 2044, downsampled feature num:997 effective feature num: 988 average residual: 0.00634933
[ LIO ] Raw feature num: 2044, downsampled feature num:997 effective feature num: 988 average residual: 0.00634932
[ LIO ] Raw feature num: 2044, downsampled feature num:994 effective feature num: 988 average residual: 0.00529945
[ LIO ] Raw feature num: 2044, downsampled feature num:994 effective feature num: 990 average residual: 0.0036927
[ LIO ] Raw feature num: 2044, downsampled feature num:994 effective feature num: 990 average residual: 0.00367209
[ LIO ] Raw feature num: 2044, downsampled feature num:986 effective feature num: 975 average residual: 0.00304101
[ LIO ] Raw feature num: 2044, downsampled feature num:986 effective feature num: 978 average residual: 0.00262152
[ LIO ] Raw feature num: 2044, downsampled feature num:986 effective feature num: 978 average residual: 0.00262145
[ LIO ] Raw feature num: 2043, downsampled feature num:986 effective feature num: 980 average residual: 0.00231837
[ LIO ] Raw feature num: 2043, downsampled feature num:986 effective feature num: 986 average residual: 0.00209073
[ LIO ] Raw feature num: 2043, downsampled feature num:986 effective feature num: 986 average residual: 0.00208853
