preflight OK 3.3.5
=== lab traverse humanoid seed 0 ===
=== lane height profile (ray-cast, y=0) ===
  x=-0.20  surface   0.8 cm  (   3% leg)  step  +0.8 cm  [carpet]
  x= 0.80  surface   0.0 cm  (   0% leg)  step  -0.8 cm  [floor]
  x= 0.90  surface   2.5 cm  (   9% leg)  step  +2.5 cm  [cable]
  x= 0.92  surface   0.0 cm  (   0% leg)  step  -2.5 cm  [floor]
  x= 1.64  surface   4.0 cm  (  14% leg)  step  +4.0 cm  [threshold]
  x= 1.78  surface   0.0 cm  (   0% leg)  step  -4.0 cm  [floor]
  x= 2.32  surface   2.1 cm  (   8% leg)  step  +2.1 cm  [ramp]
  x= 2.40  surface   2.7 cm  (   9% leg)  step  +0.5 cm  [ramp]
  x= 2.48  surface   3.2 cm  (  11% leg)  step  +0.5 cm  [ramp]
  x= 2.56  surface   3.7 cm  (  13% leg)  step  +0.5 cm  [ramp]
  x= 2.64  surface   4.2 cm  (  15% leg)  step  +0.5 cm  [ramp]
  x= 2.72  surface   4.7 cm  (  17% leg)  step  +0.5 cm  [ramp]
  x= 2.80  surface   5.3 cm  (  19% leg)  step  +0.5 cm  [ramp]
  x= 2.88  surface   5.8 cm  (  21% leg)  step  +0.5 cm  [ramp]
  x= 2.96  surface   6.3 cm  (  23% leg)  step  +0.5 cm  [ramp]
  x= 3.04  surface   6.8 cm  (  24% leg)  step  +0.5 cm  [ramp]
  x= 3.12  surface   7.4 cm  (  26% leg)  step  +0.5 cm  [ramp]
  x= 3.20  surface   7.9 cm  (  28% leg)  step  +0.5 cm  [ramp]
  x= 3.28  surface   8.4 cm  (  30% leg)  step  +0.5 cm  [ramp]
  x= 3.36  surface   8.9 cm  (  32% leg)  step  +0.5 cm  [ramp]
  x= 3.44  surface   9.5 cm  (  34% leg)  step  +0.5 cm  [ramp]
  x= 3.50  surface  10.5 cm  (  37% leg)  step  +1.0 cm  [landing]
  x= 4.70  surface   0.0 cm  (   0% leg)  step -10.5 cm  [floor]

=== features (leading edge, top) ===
  carpet      x -0.20 ->  0.80  top   0.8 cm (   3% leg)
  cable       x  0.89 ->  0.91  top   2.5 cm (   9% leg)
  threshold   x  1.63 ->  1.77  top   4.0 cm (  14% leg)
  ramp        x  2.30 ->  3.60  top  10.5 cm (  37% leg)
  landing     x  3.50 ->  4.70  top  10.5 cm (  37% leg)
[1;31m2026-09-23 09:37:10.425437529 [E:onnxruntime:Default, env.cc:234 ThreadMain] pthread_setaffinity_np failed for thread: 1289174, index: 1, mask: {4, }, error code: 22 error msg: Invalid argument. Specify the number of threads explicitly so the affinity is not set.[m
[1;31m2026-09-23 09:37:10.425434424 [E:onnxruntime:Default, env.cc:234 ThreadMain] pthread_setaffinity_np failed for thread: 1289173, index: 0, mask: {2, }, error code: 22 error msg: Invalid argument. Specify the number of threads explicitly so the affinity is not set.[m
[1;31m2026-09-23 09:37:10.425438452 [E:onnxruntime:Default, env.cc:234 ThreadMain] pthread_setaffinity_np failed for thread: 1289175, index: 2, mask: {6, }, error code: 22 error msg: Invalid argument. Specify the number of threads explicitly so the affinity is not set.[m
[1;31m2026-09-23 09:37:10.425484148 [E:onnxruntime:Default, env.cc:234 ThreadMain] pthread_setaffinity_np failed for thread: 1289177, index: 4, mask: {10, }, error code: 22 error msg: Invalid argument. Specify the number of threads explicitly so the affinity is not set.[m
[1;31m2026-09-23 09:37:10.425500252 [E:onnxruntime:Default, env.cc:234 ThreadMain] pthread_setaffinity_np failed for thread: 1289178, index: 5, mask: {12, }, error code: 22 error msg: Invalid argument. Specify the number of threads explicitly so the affinity is not set.[m
[1;31m2026-09-23 09:37:10.425532557 [E:onnxruntime:Default, env.cc:234 ThreadMain] pthread_setaffinity_np failed for thread: 1289179, index: 6, mask: {14, }, error code: 22 error msg: Invalid argument. Specify the number of threads explicitly so the affinity is not set.[m
[1;31m2026-09-23 09:37:10.450821035 [E:onnxruntime:Default, env.cc:234 ThreadMain] pthread_setaffinity_np failed for thread: 1289176, index: 3, mask: {8, }, error code: 22 error msg: Invalid argument. Specify the number of threads explicitly so the affinity is not set.[m
[1;31m2026-09-23 09:37:10.425599428 [E:onnxruntime:Default, env.cc:234 ThreadMain] pthread_setaffinity_np failed for thread: 1289181, index: 8, mask: {18, }, error code: 22 error msg: Invalid argument. Specify the number of threads explicitly so the affinity is not set.[m
[1;31m2026-09-23 09:37:10.437828742 [E:onnxruntime:Default, env.cc:234 ThreadMain] pthread_setaffinity_np failed for thread: 1289182, index: 9, mask: {1, }, error code: 22 error msg: Invalid argument. Specify the number of threads explicitly so the affinity is not set.[m
[1;31m2026-09-23 09:37:10.437814791 [E:onnxruntime:Default, env.cc:234 ThreadMain] pthread_setaffinity_np failed for thread: 1289180, index: 7, mask: {16, }, error code: 22 error msg: Invalid argument. Specify the number of threads explicitly so the affinity is not set.[m
[1;31m2026-09-23 09:37:10.450845224 [E:onnxruntime:Default, env.cc:234 ThreadMain] pthread_setaffinity_np failed for thread: 1289183, index: 10, mask: {3, }, error code: 22 error msg: Invalid argument. Specify the number of threads explicitly so the affinity is not set.[m
[1;31m2026-09-23 09:37:10.466380852 [E:onnxruntime:Default, env.cc:234 ThreadMain] pthread_setaffinity_np failed for thread: 1289184, index: 11, mask: {5, }, error code: 22 error msg: Invalid argument. Specify the number of threads explicitly so the affinity is not set.[m
Using ONNX runner
[1;31m2026-09-23 09:37:10.477228171 [E:onnxruntime:Default, env.cc:234 ThreadMain] pthread_setaffinity_np failed for thread: 1289200, index: 8, mask: {18, }, error code: 22 error msg: Invalid argument. Specify the number of threads explicitly so the affinity is not set.[m
[1;31m2026-09-23 09:37:10.480792286 [E:onnxruntime:Default, env.cc:234 ThreadMain] pthread_setaffinity_np failed for thread: 1289201, index: 9, mask: {1, }, error code: 22 error msg: Invalid argument. Specify the number of threads explicitly so the affinity is not set.[m
[1;31m2026-09-23 09:37:10.480911065 [E:onnxruntime:Default, env.cc:234 ThreadMain] pthread_setaffinity_np failed for thread: 1289204, index: 12, mask: {7, }, error code: 22 error msg: Invalid argument. Specify the number of threads explicitly so the affinity is not set.[m
Using ONNX runner
[1;31m2026-09-23 09:37:10.488774400 [E:onnxruntime:Default, env.cc:234 ThreadMain] pthread_setaffinity_np failed for thread: 1289192, index: 0, mask: {2, }, error code: 22 error msg: Invalid argument. Specify the number of threads explicitly so the affinity is not set.[m
[1;31m2026-09-23 09:37:10.488823202 [E:onnxruntime:Default, env.cc:234 ThreadMain] pthread_setaffinity_np failed for thread: 1289193, index: 1, mask: {4, }, error code: 22 error msg: Invalid argument. Specify the number of threads explicitly so the affinity is not set.[m
[1;31m2026-09-23 09:37:10.493242770 [E:onnxruntime:Default, env.cc:234 ThreadMain] pthread_setaffinity_np failed for thread: 1289194, index: 2, mask: {6, }, error code: 22 error msg: Invalid argument. Specify the number of threads explicitly so the affinity is not set.[m
[1;31m2026-09-23 09:37:10.484813229 [E:onnxruntime:Default, env.cc:234 ThreadMain] pthread_setaffinity_np failed for thread: 1289202, index: 10, mask: {3, }, error code: 22 error msg: Invalid argument. Specify the number of threads explicitly so the affinity is not set.[m
[1;31m2026-09-23 09:37:10.496795965 [E:onnxruntime:Default, env.cc:234 ThreadMain] pthread_setaffinity_np failed for thread: 1289198, index: 6, mask: {14, }, error code: 22 error msg: Invalid argument. Specify the number of threads explicitly so the affinity is not set.[m
[1;31m2026-09-23 09:37:10.520077888 [E:onnxruntime:Default, env.cc:234 ThreadMain] pthread_setaffinity_np failed for thread: 1289185, index: 12, mask: {7, }, error code: 22 error msg: Invalid argument. Specify the number of threads explicitly so the affinity is not set.[m
Using ONNX runner
[1;31m2026-09-23 09:37:10.496803744 [E:onnxruntime:Default, env.cc:234 ThreadMain] pthread_setaffinity_np failed for thread: 1289214, index: 3, mask: {8, }, error code: 22 error msg: Invalid argument. Specify the number of threads explicitly so the affinity is not set.[m
[1;31m2026-09-23 09:37:10.501781215 [E:onnxruntime:Default, env.cc:234 ThreadMain] pthread_setaffinity_np failed for thread: 1289221, index: 10, mask: {3, }, error code: 22 error msg: Invalid argument. Specify the number of threads explicitly so the affinity is not set.[m
[1;31m2026-09-23 09:37:10.502784228 [E:onnxruntime:Default, env.cc:234 ThreadMain] pthread_setaffinity_np failed for thread: 1289196, index: 4, mask: {10, }, error code: 22 error msg: Invalid argument. Specify the number of threads explicitly so the affinity is not set.[m
Using ONNX runner
[1;31m2026-09-23 09:37:10.502804871 [E:onnxruntime:Default, env.cc:234 ThreadMain] pthread_setaffinity_np failed for thread: 1289197, index: 5, mask: {12, }, error code: 22 error msg: Invalid argument. Specify the number of threads explicitly so the affinity is not set.[m
[1;31m2026-09-23 09:37:10.508795519 [E:onnxruntime:Default, env.cc:234 ThreadMain] pthread_setaffinity_np failed for thread: 1289191, index: 18, mask: {19, }, error code: 22 error msg: Invalid argument. Specify the number of threads explicitly so the affinity is not set.[m
[1;31m2026-09-23 09:37:10.509791635 [E:onnxruntime:Default, env.cc:234 ThreadMain] pthread_setaffinity_np failed for thread: 1289190, index: 17, mask: {17, }, error code: 22 error msg: Invalid argument. Specify the number of threads explicitly so the affinity is not set.[m
[1;31m2026-09-23 09:37:10.509810373 [E:onnxruntime:Default, env.cc:234 ThreadMain] pthread_setaffinity_np failed for thread: 1289211, index: 0, mask: {2, }, error code: 22 error msg: Invalid argument. Specify the number of threads explicitly so the affinity is not set.[m
[1;31m2026-09-23 09:37:10.509829250 [E:onnxruntime:Default, env.cc:234 ThreadMain] pthread_setaffinity_np failed for thread: 1289212, index: 1, mask: {4, }, error code: 22 error msg: Invalid argument. Specify the number of threads explicitly so the affinity is not set.[m
[1;31m2026-09-23 09:37:10.509846742 [E:onnxruntime:Default, env.cc:234 ThreadMain] pthread_setaffinity_np failed for thread: 1289213, index: 2, mask: {6, }, error code: 22 error msg: Invalid argument. Specify the number of threads explicitly so the affinity is not set.[m
[1;31m2026-09-23 09:37:10.509863999 [E:onnxruntime:Default, env.cc:234 ThreadMain] pthread_setaffinity_np failed for thread: 1289217, index: 6, mask: {14, }, error code: 22 error msg: Invalid argument. Specify the number of threads explicitly so the affinity is not set.[m
[1;31m2026-09-23 09:37:10.509881667 [E:onnxruntime:Default, env.cc:234 ThreadMain] pthread_setaffinity_np failed for thread: 1289218, index: 7, mask: {16, }, error code: 22 error msg: Invalid argument. Specify the number of threads explicitly so the affinity is not set.[m
[1;31m2026-09-23 09:37:10.509918199 [E:onnxruntime:Default, env.cc:234 ThreadMain] pthread_setaffinity_np failed for thread: 1289210, index: 18, mask: {19, }, error code: 22 error msg: Invalid argument. Specify the number of threads explicitly so the affinity is not set.[m
[1;31m2026-09-23 09:37:10.509938991 [E:onnxruntime:Default, env.cc:234 ThreadMain] pthread_setaffinity_np failed for thread: 1289215, index: 4, mask: {10, }, error code: 22 error msg: Invalid argument. Specify the number of threads explicitly so the affinity is not set.[m
[1;31m2026-09-23 09:37:10.509956368 [E:onnxruntime:Default, env.cc:234 ThreadMain] pthread_setaffinity_np failed for thread: 1289220, index: 9, mask: {1, }, error code: 22 error msg: Invalid argument. Specify the number of threads explicitly so the affinity is not set.[m
[1;31m2026-09-23 09:37:10.566598890 [E:onnxruntime:Default, env.cc:234 ThreadMain] pthread_setaffinity_np failed for thread: 1289239, index: 9, mask: {1, }, error code: 22 error msg: Invalid argument. Specify the number of threads explicitly so the affinity is not set.[m
[1;31m2026-09-23 09:37:10.509974409 [E:onnxruntime:Default, env.cc:234 ThreadMain] pthread_setaffinity_np failed for thread: 1289203, index: 11, mask: {5, }, error code: 22 error msg: Invalid argument. Specify the number of threads explicitly so the affinity is not set.[m
[1;31m2026-09-23 09:37:10.569787727 [E:onnxruntime:Default, env.cc:234 ThreadMain] pthread_setaffinity_np failed for thread: 1289240, index: 10, mask: {3, }, error code: 22 error msg: Invalid argument. Specify the number of threads explicitly so the affinity is not set.[m
[1;31m2026-09-23 09:37:10.573789769 [E:onnxruntime:Default, env.cc:234 ThreadMain] pthread_setaffinity_np failed for thread: 1289241, index: 11, mask: {5, }, error code: 22 error msg: Invalid argument. Specify the number of threads explicitly so the affinity is not set.[m
[1;31m2026-09-23 09:37:10.577786904 [E:onnxruntime:Default, env.cc:234 ThreadMain] pthread_setaffinity_np failed for thread: 1289242, index: 12, mask: {7, }, error code: 22 error msg: Invalid argument. Specify the number of threads explicitly so the affinity is not set.[m
[1;31m2026-09-23 09:37:10.512779464 [E:onnxruntime:Default, env.cc:234 ThreadMain] pthread_setaffinity_np failed for thread: 1289216, index: 5, mask: {12, }, error code: 22 error msg: Invalid argument. Specify the number of threads explicitly so the affinity is not set.[m
[1;31m2026-09-23 09:37:10.496839653 [E:onnxruntime:Default, env.cc:234 ThreadMain] pthread_setaffinity_np failed for thread: 1289199, index: 7, mask: {16, }, error code: 22 error msg: Invalid argument. Specify the number of threads explicitly so the affinity is not set.[m
[1;31m2026-09-23 09:37:10.593785579 [E:onnxruntime:Default, env.cc:234 ThreadMain] pthread_setaffinity_np failed for thread: 1289222, index: 11, mask: {5, }, error code: 22 error msg: Invalid argument. Specify the number of threads explicitly so the affinity is not set.[m
[1;31m2026-09-23 09:37:10.496840027 [E:onnxruntime:Default, env.cc:234 ThreadMain] pthread_setaffinity_np failed for thread: 1289209, index: 17, mask: {17, }, error code: 22 error msg: Invalid argument. Specify the number of threads explicitly so the affinity is not set.[m
[1;31m2026-09-23 09:37:10.595798904 [E:onnxruntime:Default, env.cc:234 ThreadMain] pthread_setaffinity_np failed for thread: 1289231, index: 1, mask: {4, }, error code: 22 error msg: Invalid argument. Specify the number of threads explicitly so the affinity is not set.[m
[1;31m2026-09-23 09:37:10.597786651 [E:onnxruntime:Default, env.cc:234 ThreadMain] pthread_setaffinity_np failed for thread: 1289223, index: 12, mask: {7, }, error code: 22 error msg: Invalid argument. Specify the number of threads explicitly so the affinity is not set.[m
[1;31m2026-09-23 09:37:10.599794786 [E:onnxruntime:Default, env.cc:234 ThreadMain] pthread_setaffinity_np failed for thread: 1289229, index: 18, mask: {19, }, error code: 22 error msg: Invalid argument. Specify the number of threads explicitly so the affinity is not set.[m
[1;31m2026-09-23 09:37:10.496858684 [E:onnxruntime:Default, env.cc:234 ThreadMain] pthread_setaffinity_np failed for thread: 1289195, index: 3, mask: {8, }, error code: 22 error msg: Invalid argument. Specify the number of threads explicitly so the affinity is not set.[m
[1;31m2026-09-23 09:37:10.607796007 [E:onnxruntime:Default, env.cc:234 ThreadMain] pthread_setaffinity_np failed for thread: 1289232, index: 2, mask: {6, }, error code: 22 error msg: Invalid argument. Specify the number of threads explicitly so the affinity is not set.[m
[1;31m2026-09-23 09:37:10.612787015 [E:onnxruntime:Default, env.cc:234 ThreadMain] pthread_setaffinity_np failed for thread: 1289233, index: 3, mask: {8, }, error code: 22 error msg: Invalid argument. Specify the number of threads explicitly so the affinity is not set.[m
[1;31m2026-09-23 09:37:10.616786591 [E:onnxruntime:Default, env.cc:234 ThreadMain] pthread_setaffinity_np failed for thread: 1289234, index: 4, mask: {10, }, error code: 22 error msg: Invalid argument. Specify the number of threads explicitly so the affinity is not set.[m
[1;31m2026-09-23 09:37:10.620785697 [E:onnxruntime:Default, env.cc:234 ThreadMain] pthread_setaffinity_np failed for thread: 1289235, index: 5, mask: {12, }, error code: 22 error msg: Invalid argument. Specify the number of threads explicitly so the affinity is not set.[m
[1;31m2026-09-23 09:37:10.624785553 [E:onnxruntime:Default, env.cc:234 ThreadMain] pthread_setaffinity_np failed for thread: 1289236, index: 6, mask: {14, }, error code: 22 error msg: Invalid argument. Specify the number of threads explicitly so the affinity is not set.[m
[1;31m2026-09-23 09:37:10.628787837 [E:onnxruntime:Default, env.cc:234 ThreadMain] pthread_setaffinity_np failed for thread: 1289237, index: 7, mask: {16, }, error code: 22 error msg: Invalid argument. Specify the number of threads explicitly so the affinity is not set.[m
[1;31m2026-09-23 09:37:10.632786242 [E:onnxruntime:Default, env.cc:234 ThreadMain] pthread_setaffinity_np failed for thread: 1289238, index: 8, mask: {18, }, error code: 22 error msg: Invalid argument. Specify the number of threads explicitly so the affinity is not set.[m
[1;31m2026-09-23 09:37:10.640781033 [E:onnxruntime:Default, env.cc:234 ThreadMain] pthread_setaffinity_np failed for thread: 1289247, index: 17, mask: {17, }, error code: 22 error msg: Invalid argument. Specify the number of threads explicitly so the affinity is not set.[m
[1;31m2026-09-23 09:37:10.509907660 [E:onnxruntime:Default, env.cc:234 ThreadMain] pthread_setaffinity_np failed for thread: 1289219, index: 8, mask: {18, }, error code: 22 error msg: Invalid argument. Specify the number of threads explicitly so the affinity is not set.[m
[1;31m2026-09-23 09:37:10.660779880 [E:onnxruntime:Default, env.cc:234 ThreadMain] pthread_setaffinity_np failed for thread: 1289248, index: 18, mask: {19, }, error code: 22 error msg: Invalid argument. Specify the number of threads explicitly so the affinity is not set.[m
[1;31m2026-09-23 09:37:10.555796281 [E:onnxruntime:Default, env.cc:234 ThreadMain] pthread_setaffinity_np failed for thread: 1289230, index: 0, mask: {2, }, error code: 22 error msg: Invalid argument. Specify the number of threads explicitly so the affinity is not set.[m
[1;31m2026-09-23 09:37:10.652777773 [E:onnxruntime:Default, env.cc:234 ThreadMain] pthread_setaffinity_np failed for thread: 1289228, index: 17, mask: {17, }, error code: 22 error msg: Invalid argument. Specify the number of threads explicitly so the affinity is not set.[m

=== traversal: variant=humanoid vx=0.4 24s  finish line x=4.70 ===
policy                 peak x  progress  outcome
randomized               8.84      8.84  FINISHED the course
no_randomization         0.85      0.85  upright, stalled past carpet
push_trained             1.64      1.64  FELL t=  5.9s x= 1.61 (on cable)
terrain_trained          5.61      5.61  FINISHED the course
=== lab traverse humanoid seed 1 ===
=== lane height profile (ray-cast, y=0) ===
  x=-0.20  surface   0.8 cm  (   3% leg)  step  +0.8 cm  [carpet]
  x= 0.80  surface   0.0 cm  (   0% leg)  step  -0.8 cm  [floor]
  x= 0.90  surface   2.5 cm  (   9% leg)  step  +2.5 cm  [cable]
  x= 0.92  surface   0.0 cm  (   0% leg)  step  -2.5 cm  [floor]
  x= 1.64  surface   4.0 cm  (  14% leg)  step  +4.0 cm  [threshold]
  x= 1.78  surface   0.0 cm  (   0% leg)  step  -4.0 cm  [floor]
  x= 2.32  surface   2.1 cm  (   8% leg)  step  +2.1 cm  [ramp]
  x= 2.40  surface   2.7 cm  (   9% leg)  step  +0.5 cm  [ramp]
  x= 2.48  surface   3.2 cm  (  11% leg)  step  +0.5 cm  [ramp]
  x= 2.56  surface   3.7 cm  (  13% leg)  step  +0.5 cm  [ramp]
  x= 2.64  surface   4.2 cm  (  15% leg)  step  +0.5 cm  [ramp]
  x= 2.72  surface   4.7 cm  (  17% leg)  step  +0.5 cm  [ramp]
  x= 2.80  surface   5.3 cm  (  19% leg)  step  +0.5 cm  [ramp]
  x= 2.88  surface   5.8 cm  (  21% leg)  step  +0.5 cm  [ramp]
  x= 2.96  surface   6.3 cm  (  23% leg)  step  +0.5 cm  [ramp]
  x= 3.04  surface   6.8 cm  (  24% leg)  step  +0.5 cm  [ramp]
  x= 3.12  surface   7.4 cm  (  26% leg)  step  +0.5 cm  [ramp]
  x= 3.20  surface   7.9 cm  (  28% leg)  step  +0.5 cm  [ramp]
  x= 3.28  surface   8.4 cm  (  30% leg)  step  +0.5 cm  [ramp]
  x= 3.36  surface   8.9 cm  (  32% leg)  step  +0.5 cm  [ramp]
  x= 3.44  surface   9.5 cm  (  34% leg)  step  +0.5 cm  [ramp]
  x= 3.50  surface  10.5 cm  (  37% leg)  step  +1.0 cm  [landing]
  x= 4.70  surface   0.0 cm  (   0% leg)  step -10.5 cm  [floor]

=== features (leading edge, top) ===
  carpet      x -0.20 ->  0.80  top   0.8 cm (   3% leg)
  cable       x  0.89 ->  0.91  top   2.5 cm (   9% leg)
  threshold   x  1.63 ->  1.77  top   4.0 cm (  14% leg)
  ramp        x  2.30 ->  3.60  top  10.5 cm (  37% leg)
  landing     x  3.50 ->  4.70  top  10.5 cm (  37% leg)
[1;31m2026-09-23 09:37:48.889334869 [E:onnxruntime:Default, env.cc:234 ThreadMain] pthread_setaffinity_np failed for thread: 1290175, index: 2, mask: {6, }, error code: 22 error msg: Invalid argument. Specify the number of threads explicitly so the affinity is not set.[m
Using ONNX runner
[1;31m2026-09-23 09:37:48.897775821 [E:onnxruntime:Default, env.cc:234 ThreadMain] pthread_setaffinity_np failed for thread: 1290194, index: 2, mask: {6, }, error code: 22 error msg: Invalid argument. Specify the number of threads explicitly so the affinity is not set.[m
[1;31m2026-09-23 09:37:48.889338644 [E:onnxruntime:Default, env.cc:234 ThreadMain] pthread_setaffinity_np failed for thread: 1290177, index: 4, mask: {10, }, error code: 22 error msg: Invalid argument. Specify the number of threads explicitly so the affinity is not set.[m
Using ONNX runner
Using ONNX runner
[1;31m2026-09-23 09:37:48.902785398 [E:onnxruntime:Default, env.cc:234 ThreadMain] pthread_setaffinity_np failed for thread: 1290190, index: 17, mask: {17, }, error code: 22 error msg: Invalid argument. Specify the number of threads explicitly so the affinity is not set.[m
[1;31m2026-09-23 09:37:48.889353185 [E:onnxruntime:Default, env.cc:234 ThreadMain] pthread_setaffinity_np failed for thread: 1290173, index: 0, mask: {2, }, error code: 22 error msg: Invalid argument. Specify the number of threads explicitly so the affinity is not set.[m
[1;31m2026-09-23 09:37:48.889342592 [E:onnxruntime:Default, env.cc:234 ThreadMain] pthread_setaffinity_np failed for thread: 1290174, index: 1, mask: {4, }, error code: 22 error msg: Invalid argument. Specify the number of threads explicitly so the affinity is not set.[m
[1;31m2026-09-23 09:37:48.906789065 [E:onnxruntime:Default, env.cc:234 ThreadMain] pthread_setaffinity_np failed for thread: 1290195, index: 3, mask: {8, }, error code: 22 error msg: Invalid argument. Specify the number of threads explicitly so the affinity is not set.[m
[1;31m2026-09-23 09:37:48.889359925 [E:onnxruntime:Default, env.cc:234 ThreadMain] pthread_setaffinity_np failed for thread: 1290176, index: 3, mask: {8, }, error code: 22 error msg: Invalid argument. Specify the number of threads explicitly so the affinity is not set.[m
[1;31m2026-09-23 09:37:48.889401959 [E:onnxruntime:Default, env.cc:234 ThreadMain] pthread_setaffinity_np failed for thread: 1290179, index: 6, mask: {14, }, error code: 22 error msg: Invalid argument. Specify the number of threads explicitly so the affinity is not set.[m
[1;31m2026-09-23 09:37:48.910813350 [E:onnxruntime:Default, env.cc:234 ThreadMain] pthread_setaffinity_np failed for thread: 1290196, index: 4, mask: {10, }, error code: 22 error msg: Invalid argument. Specify the number of threads explicitly so the affinity is not set.[m
[1;31m2026-09-23 09:37:48.910888674 [E:onnxruntime:Default, env.cc:234 ThreadMain] pthread_setaffinity_np failed for thread: 1290203, index: 11, mask: {5, }, error code: 22 error msg: Invalid argument. Specify the number of threads explicitly so the affinity is not set.[m
[1;31m2026-09-23 09:37:48.910916642 [E:onnxruntime:Default, env.cc:234 ThreadMain] pthread_setaffinity_np failed for thread: 1290201, index: 9, mask: {1, }, error code: 22 error msg: Invalid argument. Specify the number of threads explicitly so the affinity is not set.[m
[1;31m2026-09-23 09:37:48.889441595 [E:onnxruntime:Default, env.cc:234 ThreadMain] pthread_setaffinity_np failed for thread: 1290180, index: 7, mask: {16, }, error code: 22 error msg: Invalid argument. Specify the number of threads explicitly so the affinity is not set.[m
[1;31m2026-09-23 09:37:48.889550998 [E:onnxruntime:Default, env.cc:234 ThreadMain] pthread_setaffinity_np failed for thread: 1290183, index: 10, mask: {3, }, error code: 22 error msg: Invalid argument. Specify the number of threads explicitly so the affinity is not set.[m
[1;31m2026-09-23 09:37:48.889487580 [E:onnxruntime:Default, env.cc:234 ThreadMain] pthread_setaffinity_np failed for thread: 1290181, index: 8, mask: {18, }, error code: 22 error msg: Invalid argument. Specify the number of threads explicitly so the affinity is not set.[m
[1;31m2026-09-23 09:37:48.932788154 [E:onnxruntime:Default, env.cc:234 ThreadMain] pthread_setaffinity_np failed for thread: 1290198, index: 6, mask: {14, }, error code: 22 error msg: Invalid argument. Specify the number of threads explicitly so the affinity is not set.[m
Using ONNX runner
[1;31m2026-09-23 09:37:48.902810566 [E:onnxruntime:Default, env.cc:234 ThreadMain] pthread_setaffinity_np failed for thread: 1290191, index: 18, mask: {19, }, error code: 22 error msg: Invalid argument. Specify the number of threads explicitly so the affinity is not set.[m
[1;31m2026-09-23 09:37:48.910846986 [E:onnxruntime:Default, env.cc:234 ThreadMain] pthread_setaffinity_np failed for thread: 1290199, index: 7, mask: {16, }, error code: 22 error msg: Invalid argument. Specify the number of threads explicitly so the affinity is not set.[m
[1;31m2026-09-23 09:37:48.889501446 [E:onnxruntime:Default, env.cc:234 ThreadMain] pthread_setaffinity_np failed for thread: 1290178, index: 5, mask: {12, }, error code: 22 error msg: Invalid argument. Specify the number of threads explicitly so the affinity is not set.[m
[1;31m2026-09-23 09:37:48.889572186 [E:onnxruntime:Default, env.cc:234 ThreadMain] pthread_setaffinity_np failed for thread: 1290184, index: 11, mask: {5, }, error code: 22 error msg: Invalid argument. Specify the number of threads explicitly so the affinity is not set.[m
[1;31m2026-09-23 09:37:48.914788995 [E:onnxruntime:Default, env.cc:234 ThreadMain] pthread_setaffinity_np failed for thread: 1290204, index: 12, mask: {7, }, error code: 22 error msg: Invalid argument. Specify the number of threads explicitly so the affinity is not set.[m
[1;31m2026-09-23 09:37:48.914823794 [E:onnxruntime:Default, env.cc:234 ThreadMain] pthread_setaffinity_np failed for thread: 1290209, index: 17, mask: {17, }, error code: 22 error msg: Invalid argument. Specify the number of threads explicitly so the affinity is not set.[m
[1;31m2026-09-23 09:37:48.961831158 [E:onnxruntime:Default, env.cc:234 ThreadMain] pthread_setaffinity_np failed for thread: 1290212, index: 1, mask: {4, }, error code: 22 error msg: Invalid argument. Specify the number of threads explicitly so the affinity is not set.[m
[1;31m2026-09-23 09:37:48.914847143 [E:onnxruntime:Default, env.cc:234 ThreadMain] pthread_setaffinity_np failed for thread: 1290210, index: 18, mask: {19, }, error code: 22 error msg: Invalid argument. Specify the number of threads explicitly so the affinity is not set.[m
[1;31m2026-09-23 09:37:48.889515889 [E:onnxruntime:Default, env.cc:234 ThreadMain] pthread_setaffinity_np failed for thread: 1290182, index: 9, mask: {1, }, error code: 22 error msg: Invalid argument. Specify the number of threads explicitly so the affinity is not set.[m
[1;31m2026-09-23 09:37:48.961805943 [E:onnxruntime:Default, env.cc:234 ThreadMain] pthread_setaffinity_np failed for thread: 1290211, index: 0, mask: {2, }, error code: 22 error msg: Invalid argument. Specify the number of threads explicitly so the affinity is not set.[m
[1;31m2026-09-23 09:37:48.969801897 [E:onnxruntime:Default, env.cc:234 ThreadMain] pthread_setaffinity_np failed for thread: 1290217, index: 6, mask: {14, }, error code: 22 error msg: Invalid argument. Specify the number of threads explicitly so the affinity is not set.[m
[1;31m2026-09-23 09:37:48.973785339 [E:onnxruntime:Default, env.cc:234 ThreadMain] pthread_setaffinity_np failed for thread: 1290216, index: 5, mask: {12, }, error code: 22 error msg: Invalid argument. Specify the number of threads explicitly so the affinity is not set.[m
[1;31m2026-09-23 09:37:48.977797654 [E:onnxruntime:Default, env.cc:234 ThreadMain] pthread_setaffinity_np failed for thread: 1290218, index: 7, mask: {16, }, error code: 22 error msg: Invalid argument. Specify the number of threads explicitly so the affinity is not set.[m
[1;31m2026-09-23 09:37:48.981792546 [E:onnxruntime:Default, env.cc:234 ThreadMain] pthread_setaffinity_np failed for thread: 1290221, index: 10, mask: {3, }, error code: 22 error msg: Invalid argument. Specify the number of threads explicitly so the affinity is not set.[m
[1;31m2026-09-23 09:37:48.916451655 [E:onnxruntime:Default, env.cc:234 ThreadMain] pthread_setaffinity_np failed for thread: 1290214, index: 3, mask: {8, }, error code: 22 error msg: Invalid argument. Specify the number of threads explicitly so the affinity is not set.[m
[1;31m2026-09-23 09:37:48.981865161 [E:onnxruntime:Default, env.cc:234 ThreadMain] pthread_setaffinity_np failed for thread: 1290239, index: 9, mask: {1, }, error code: 22 error msg: Invalid argument. Specify the number of threads explicitly so the affinity is not set.[m
[1;31m2026-09-23 09:37:48.916429115 [E:onnxruntime:Default, env.cc:234 ThreadMain] pthread_setaffinity_np failed for thread: 1290213, index: 2, mask: {6, }, error code: 22 error msg: Invalid argument. Specify the number of threads explicitly so the affinity is not set.[m
[1;31m2026-09-23 09:37:48.916470953 [E:onnxruntime:Default, env.cc:234 ThreadMain] pthread_setaffinity_np failed for thread: 1290215, index: 4, mask: {10, }, error code: 22 error msg: Invalid argument. Specify the number of threads explicitly so the affinity is not set.[m
[1;31m2026-09-23 09:37:48.916492216 [E:onnxruntime:Default, env.cc:234 ThreadMain] pthread_setaffinity_np failed for thread: 1290219, index: 8, mask: {18, }, error code: 22 error msg: Invalid argument. Specify the number of threads explicitly so the affinity is not set.[m
[1;31m2026-09-23 09:37:48.989789760 [E:onnxruntime:Default, env.cc:234 ThreadMain] pthread_setaffinity_np failed for thread: 1290247, index: 17, mask: {17, }, error code: 22 error msg: Invalid argument. Specify the number of threads explicitly so the affinity is not set.[m
[1;31m2026-09-23 09:37:48.916531523 [E:onnxruntime:Default, env.cc:234 ThreadMain] pthread_setaffinity_np failed for thread: 1290222, index: 11, mask: {5, }, error code: 22 error msg: Invalid argument. Specify the number of threads explicitly so the affinity is not set.[m
[1;31m2026-09-23 09:37:48.916510830 [E:onnxruntime:Default, env.cc:234 ThreadMain] pthread_setaffinity_np failed for thread: 1290220, index: 9, mask: {1, }, error code: 22 error msg: Invalid argument. Specify the number of threads explicitly so the affinity is not set.[m
[1;31m2026-09-23 09:37:48.920809048 [E:onnxruntime:Default, env.cc:234 ThreadMain] pthread_setaffinity_np failed for thread: 1290193, index: 1, mask: {4, }, error code: 22 error msg: Invalid argument. Specify the number of threads explicitly so the affinity is not set.[m
[1;31m2026-09-23 09:37:48.928784772 [E:onnxruntime:Default, env.cc:234 ThreadMain] pthread_setaffinity_np failed for thread: 1290197, index: 5, mask: {12, }, error code: 22 error msg: Invalid argument. Specify the number of threads explicitly so the affinity is not set.[m
[1;31m2026-09-23 09:37:48.928820985 [E:onnxruntime:Default, env.cc:234 ThreadMain] pthread_setaffinity_np failed for thread: 1290200, index: 8, mask: {18, }, error code: 22 error msg: Invalid argument. Specify the number of threads explicitly so the affinity is not set.[m
[1;31m2026-09-23 09:37:48.889602155 [E:onnxruntime:Default, env.cc:234 ThreadMain] pthread_setaffinity_np failed for thread: 1290185, index: 12, mask: {7, }, error code: 22 error msg: Invalid argument. Specify the number of threads explicitly so the affinity is not set.[m
[1;31m2026-09-23 09:37:48.981810674 [E:onnxruntime:Default, env.cc:234 ThreadMain] pthread_setaffinity_np failed for thread: 1290231, index: 1, mask: {4, }, error code: 22 error msg: Invalid argument. Specify the number of threads explicitly so the affinity is not set.[m
[1;31m2026-09-23 09:37:48.981838614 [E:onnxruntime:Default, env.cc:234 ThreadMain] pthread_setaffinity_np failed for thread: 1290235, index: 5, mask: {12, }, error code: 22 error msg: Invalid argument. Specify the number of threads explicitly so the affinity is not set.[m
[1;31m2026-09-23 09:37:48.928804170 [E:onnxruntime:Default, env.cc:234 ThreadMain] pthread_setaffinity_np failed for thread: 1290202, index: 10, mask: {3, }, error code: 22 error msg: Invalid argument. Specify the number of threads explicitly so the affinity is not set.[m
[1;31m2026-09-23 09:37:49.017366889 [E:onnxruntime:Default, env.cc:234 ThreadMain] pthread_setaffinity_np failed for thread: 1290237, index: 7, mask: {16, }, error code: 22 error msg: Invalid argument. Specify the number of threads explicitly so the affinity is not set.[m
[1;31m2026-09-23 09:37:49.018793295 [E:onnxruntime:Default, env.cc:234 ThreadMain] pthread_setaffinity_np failed for thread: 1290230, index: 0, mask: {2, }, error code: 22 error msg: Invalid argument. Specify the number of threads explicitly so the affinity is not set.[m
[1;31m2026-09-23 09:37:49.020790729 [E:onnxruntime:Default, env.cc:234 ThreadMain] pthread_setaffinity_np failed for thread: 1290238, index: 8, mask: {18, }, error code: 22 error msg: Invalid argument. Specify the number of threads explicitly so the affinity is not set.[m
[1;31m2026-09-23 09:37:49.022789172 [E:onnxruntime:Default, env.cc:234 ThreadMain] pthread_setaffinity_np failed for thread: 1290232, index: 2, mask: {6, }, error code: 22 error msg: Invalid argument. Specify the number of threads explicitly so the affinity is not set.[m
[1;31m2026-09-23 09:37:49.024790732 [E:onnxruntime:Default, env.cc:234 ThreadMain] pthread_setaffinity_np failed for thread: 1290240, index: 10, mask: {3, }, error code: 22 error msg: Invalid argument. Specify the number of threads explicitly so the affinity is not set.[m
[1;31m2026-09-23 09:37:49.026802014 [E:onnxruntime:Default, env.cc:234 ThreadMain] pthread_setaffinity_np failed for thread: 1290233, index: 3, mask: {8, }, error code: 22 error msg: Invalid argument. Specify the number of threads explicitly so the affinity is not set.[m
[1;31m2026-09-23 09:37:49.026856513 [E:onnxruntime:Default, env.cc:234 ThreadMain] pthread_setaffinity_np failed for thread: 1290234, index: 4, mask: {10, }, error code: 22 error msg: Invalid argument. Specify the number of threads explicitly so the affinity is not set.[m
[1;31m2026-09-23 09:37:49.030800214 [E:onnxruntime:Default, env.cc:234 ThreadMain] pthread_setaffinity_np failed for thread: 1290229, index: 18, mask: {19, }, error code: 22 error msg: Invalid argument. Specify the number of threads explicitly so the affinity is not set.[m
[1;31m2026-09-23 09:37:49.034786182 [E:onnxruntime:Default, env.cc:234 ThreadMain] pthread_setaffinity_np failed for thread: 1290236, index: 6, mask: {14, }, error code: 22 error msg: Invalid argument. Specify the number of threads explicitly so the affinity is not set.[m
[1;31m2026-09-23 09:37:49.026819805 [E:onnxruntime:Default, env.cc:234 ThreadMain] pthread_setaffinity_np failed for thread: 1290223, index: 12, mask: {7, }, error code: 22 error msg: Invalid argument. Specify the number of threads explicitly so the affinity is not set.[m
[1;31m2026-09-23 09:37:49.028796594 [E:onnxruntime:Default, env.cc:234 ThreadMain] pthread_setaffinity_np failed for thread: 1290248, index: 18, mask: {19, }, error code: 22 error msg: Invalid argument. Specify the number of threads explicitly so the affinity is not set.[m
[1;31m2026-09-23 09:37:49.042781095 [E:onnxruntime:Default, env.cc:234 ThreadMain] pthread_setaffinity_np failed for thread: 1290228, index: 17, mask: {17, }, error code: 22 error msg: Invalid argument. Specify the number of threads explicitly so the affinity is not set.[m
[1;31m2026-09-23 09:37:49.042816900 [E:onnxruntime:Default, env.cc:234 ThreadMain] pthread_setaffinity_np failed for thread: 1290242, index: 12, mask: {7, }, error code: 22 error msg: Invalid argument. Specify the number of threads explicitly so the affinity is not set.[m
[1;31m2026-09-23 09:37:49.042794482 [E:onnxruntime:Default, env.cc:234 ThreadMain] pthread_setaffinity_np failed for thread: 1290241, index: 11, mask: {5, }, error code: 22 error msg: Invalid argument. Specify the number of threads explicitly so the affinity is not set.[m
[1;31m2026-09-23 09:37:49.046804376 [E:onnxruntime:Default, env.cc:234 ThreadMain] pthread_setaffinity_np failed for thread: 1290192, index: 0, mask: {2, }, error code: 22 error msg: Invalid argument. Specify the number of threads explicitly so the affinity is not set.[m

=== traversal: variant=humanoid vx=0.4 24s  finish line x=4.70 ===
policy                 peak x  progress  outcome
randomized               1.71      1.71  FELL t=  5.2s x= 1.65 (on threshold)
no_randomization         0.85      0.85  upright, stalled past carpet
push_trained             8.03      8.03  FINISHED the course
terrain_trained          5.71      5.71  FINISHED the course
=== lab traverse humanoid seed 2 ===
=== lane height profile (ray-cast, y=0) ===
  x=-0.20  surface   0.8 cm  (   3% leg)  step  +0.8 cm  [carpet]
  x= 0.80  surface   0.0 cm  (   0% leg)  step  -0.8 cm  [floor]
  x= 0.90  surface   2.5 cm  (   9% leg)  step  +2.5 cm  [cable]
  x= 0.92  surface   0.0 cm  (   0% leg)  step  -2.5 cm  [floor]
  x= 1.64  surface   4.0 cm  (  14% leg)  step  +4.0 cm  [threshold]
  x= 1.78  surface   0.0 cm  (   0% leg)  step  -4.0 cm  [floor]
  x= 2.32  surface   2.1 cm  (   8% leg)  step  +2.1 cm  [ramp]
  x= 2.40  surface   2.7 cm  (   9% leg)  step  +0.5 cm  [ramp]
  x= 2.48  surface   3.2 cm  (  11% leg)  step  +0.5 cm  [ramp]
  x= 2.56  surface   3.7 cm  (  13% leg)  step  +0.5 cm  [ramp]
  x= 2.64  surface   4.2 cm  (  15% leg)  step  +0.5 cm  [ramp]
  x= 2.72  surface   4.7 cm  (  17% leg)  step  +0.5 cm  [ramp]
  x= 2.80  surface   5.3 cm  (  19% leg)  step  +0.5 cm  [ramp]
  x= 2.88  surface   5.8 cm  (  21% leg)  step  +0.5 cm  [ramp]
  x= 2.96  surface   6.3 cm  (  23% leg)  step  +0.5 cm  [ramp]
  x= 3.04  surface   6.8 cm  (  24% leg)  step  +0.5 cm  [ramp]
  x= 3.12  surface   7.4 cm  (  26% leg)  step  +0.5 cm  [ramp]
  x= 3.20  surface   7.9 cm  (  28% leg)  step  +0.5 cm  [ramp]
  x= 3.28  surface   8.4 cm  (  30% leg)  step  +0.5 cm  [ramp]
  x= 3.36  surface   8.9 cm  (  32% leg)  step  +0.5 cm  [ramp]
  x= 3.44  surface   9.5 cm  (  34% leg)  step  +0.5 cm  [ramp]
  x= 3.50  surface  10.5 cm  (  37% leg)  step  +1.0 cm  [landing]
  x= 4.70  surface   0.0 cm  (   0% leg)  step -10.5 cm  [floor]

=== features (leading edge, top) ===
  carpet      x -0.20 ->  0.80  top   0.8 cm (   3% leg)
  cable       x  0.89 ->  0.91  top   2.5 cm (   9% leg)
  threshold   x  1.63 ->  1.77  top   4.0 cm (  14% leg)
  ramp        x  2.30 ->  3.60  top  10.5 cm (  37% leg)
  landing     x  3.50 ->  4.70  top  10.5 cm (  37% leg)
[1;31m2026-09-23 09:38:28.551695416 [E:onnxruntime:Default, env.cc:234 ThreadMain] pthread_setaffinity_np failed for thread: 1291200, index: 0, mask: {2, }, error code: 22 error msg: Invalid argument. Specify the number of threads explicitly so the affinity is not set.[m
[1;31m2026-09-23 09:38:28.551808848 [E:onnxruntime:Default, env.cc:234 ThreadMain] pthread_setaffinity_np failed for thread: 1291207, index: 7, mask: {16, }, error code: 22 error msg: Invalid argument. Specify the number of threads explicitly so the affinity is not set.[m
[1;31m2026-09-23 09:38:28.551848772 [E:onnxruntime:Default, env.cc:234 ThreadMain] pthread_setaffinity_np failed for thread: 1291203, index: 3, mask: {8, }, error code: 22 error msg: Invalid argument. Specify the number of threads explicitly so the affinity is not set.[m
[1;31m2026-09-23 09:38:28.551721578 [E:onnxruntime:Default, env.cc:234 ThreadMain] pthread_setaffinity_np failed for thread: 1291204, index: 4, mask: {10, }, error code: 22 error msg: Invalid argument. Specify the number of threads explicitly so the affinity is not set.[m
[1;31m2026-09-23 09:38:28.551746745 [E:onnxruntime:Default, env.cc:234 ThreadMain] pthread_setaffinity_np failed for thread: 1291205, index: 5, mask: {12, }, error code: 22 error msg: Invalid argument. Specify the number of threads explicitly so the affinity is not set.[m
[1;31m2026-09-23 09:38:28.552642739 [E:onnxruntime:Default, env.cc:234 ThreadMain] pthread_setaffinity_np failed for thread: 1291217, index: 17, mask: {17, }, error code: 22 error msg: Invalid argument. Specify the number of threads explicitly so the affinity is not set.[m
Using ONNX runner
[1;31m2026-09-23 09:38:28.551777800 [E:onnxruntime:Default, env.cc:234 ThreadMain] pthread_setaffinity_np failed for thread: 1291206, index: 6, mask: {14, }, error code: 22 error msg: Invalid argument. Specify the number of threads explicitly so the affinity is not set.[m
[1;31m2026-09-23 09:38:28.559788440 [E:onnxruntime:Default, env.cc:234 ThreadMain] pthread_setaffinity_np failed for thread: 1291218, index: 18, mask: {19, }, error code: 22 error msg: Invalid argument. Specify the number of threads explicitly so the affinity is not set.[m
[1;31m2026-09-23 09:38:28.551700189 [E:onnxruntime:Default, env.cc:234 ThreadMain] pthread_setaffinity_np failed for thread: 1291201, index: 1, mask: {4, }, error code: 22 error msg: Invalid argument. Specify the number of threads explicitly so the affinity is not set.[m
[1;31m2026-09-23 09:38:28.551846343 [E:onnxruntime:Default, env.cc:234 ThreadMain] pthread_setaffinity_np failed for thread: 1291208, index: 8, mask: {18, }, error code: 22 error msg: Invalid argument. Specify the number of threads explicitly so the affinity is not set.[m
[1;31m2026-09-23 09:38:28.551713329 [E:onnxruntime:Default, env.cc:234 ThreadMain] pthread_setaffinity_np failed for thread: 1291202, index: 2, mask: {6, }, error code: 22 error msg: Invalid argument. Specify the number of threads explicitly so the affinity is not set.[m
[1;31m2026-09-23 09:38:28.563222628 [E:onnxruntime:Default, env.cc:234 ThreadMain] pthread_setaffinity_np failed for thread: 1291223, index: 4, mask: {10, }, error code: 22 error msg: Invalid argument. Specify the number of threads explicitly so the affinity is not set.[m
Using ONNX runner
[1;31m2026-09-23 09:38:28.569512188 [E:onnxruntime:Default, env.cc:234 ThreadMain] pthread_setaffinity_np failed for thread: 1291226, index: 7, mask: {16, }, error code: 22 error msg: Invalid argument. Specify the number of threads explicitly so the affinity is not set.[m
[1;31m2026-09-23 09:38:28.572793375 [E:onnxruntime:Default, env.cc:234 ThreadMain] pthread_setaffinity_np failed for thread: 1291227, index: 8, mask: {18, }, error code: 22 error msg: Invalid argument. Specify the number of threads explicitly so the affinity is not set.[m
[1;31m2026-09-23 09:38:28.576829981 [E:onnxruntime:Default, env.cc:234 ThreadMain] pthread_setaffinity_np failed for thread: 1291236, index: 17, mask: {17, }, error code: 22 error msg: Invalid argument. Specify the number of threads explicitly so the affinity is not set.[m
[1;31m2026-09-23 09:38:28.551877326 [E:onnxruntime:Default, env.cc:234 ThreadMain] pthread_setaffinity_np failed for thread: 1291209, index: 9, mask: {1, }, error code: 22 error msg: Invalid argument. Specify the number of threads explicitly so the affinity is not set.[m
[1;31m2026-09-23 09:38:28.551903045 [E:onnxruntime:Default, env.cc:234 ThreadMain] pthread_setaffinity_np failed for thread: 1291210, index: 10, mask: {3, }, error code: 22 error msg: Invalid argument. Specify the number of threads explicitly so the affinity is not set.[m
[1;31m2026-09-23 09:38:28.584794415 [E:onnxruntime:Default, env.cc:234 ThreadMain] pthread_setaffinity_np failed for thread: 1291222, index: 3, mask: {8, }, error code: 22 error msg: Invalid argument. Specify the number of threads explicitly so the affinity is not set.[m
[1;31m2026-09-23 09:38:28.588808888 [E:onnxruntime:Default, env.cc:234 ThreadMain] pthread_setaffinity_np failed for thread: 1291220, index: 1, mask: {4, }, error code: 22 error msg: Invalid argument. Specify the number of threads explicitly so the affinity is not set.[m
[1;31m2026-09-23 09:38:28.588850552 [E:onnxruntime:Default, env.cc:234 ThreadMain] pthread_setaffinity_np failed for thread: 1291225, index: 6, mask: {14, }, error code: 22 error msg: Invalid argument. Specify the number of threads explicitly so the affinity is not set.[m
[1;31m2026-09-23 09:38:28.592789240 [E:onnxruntime:Default, env.cc:234 ThreadMain] pthread_setaffinity_np failed for thread: 1291237, index: 18, mask: {19, }, error code: 22 error msg: Invalid argument. Specify the number of threads explicitly so the affinity is not set.[m
[1;31m2026-09-23 09:38:28.592823420 [E:onnxruntime:Default, env.cc:234 ThreadMain] pthread_setaffinity_np failed for thread: 1291229, index: 10, mask: {3, }, error code: 22 error msg: Invalid argument. Specify the number of threads explicitly so the affinity is not set.[m
[1;31m2026-09-23 09:38:28.593306226 [E:onnxruntime:Default, env.cc:234 ThreadMain] pthread_setaffinity_np failed for thread: 1291243, index: 5, mask: {12, }, error code: 22 error msg: Invalid argument. Specify the number of threads explicitly so the affinity is not set.[m
[1;31m2026-09-23 09:38:28.596793004 [E:onnxruntime:Default, env.cc:234 ThreadMain] pthread_setaffinity_np failed for thread: 1291230, index: 11, mask: {5, }, error code: 22 error msg: Invalid argument. Specify the number of threads explicitly so the affinity is not set.[m
Using ONNX runner
[1;31m2026-09-23 09:38:28.599421154 [E:onnxruntime:Default, env.cc:234 ThreadMain] pthread_setaffinity_np failed for thread: 1291244, index: 6, mask: {14, }, error code: 22 error msg: Invalid argument. Specify the number of threads explicitly so the affinity is not set.[m
[1;31m2026-09-23 09:38:28.588829474 [E:onnxruntime:Default, env.cc:234 ThreadMain] pthread_setaffinity_np failed for thread: 1291224, index: 5, mask: {12, }, error code: 22 error msg: Invalid argument. Specify the number of threads explicitly so the affinity is not set.[m
[1;31m2026-09-23 09:38:28.600823381 [E:onnxruntime:Default, env.cc:234 ThreadMain] pthread_setaffinity_np failed for thread: 1291219, index: 0, mask: {2, }, error code: 22 error msg: Invalid argument. Specify the number of threads explicitly so the affinity is not set.[m
[1;31m2026-09-23 09:38:28.602793045 [E:onnxruntime:Default, env.cc:234 ThreadMain] pthread_setaffinity_np failed for thread: 1291246, index: 8, mask: {18, }, error code: 22 error msg: Invalid argument. Specify the number of threads explicitly so the affinity is not set.[m
[1;31m2026-09-23 09:38:28.592799390 [E:onnxruntime:Default, env.cc:234 ThreadMain] pthread_setaffinity_np failed for thread: 1291228, index: 9, mask: {1, }, error code: 22 error msg: Invalid argument. Specify the number of threads explicitly so the affinity is not set.[m
[1;31m2026-09-23 09:38:28.606801467 [E:onnxruntime:Default, env.cc:234 ThreadMain] pthread_setaffinity_np failed for thread: 1291248, index: 10, mask: {3, }, error code: 22 error msg: Invalid argument. Specify the number of threads explicitly so the affinity is not set.[m
[1;31m2026-09-23 09:38:28.608792197 [E:onnxruntime:Default, env.cc:234 ThreadMain] pthread_setaffinity_np failed for thread: 1291221, index: 2, mask: {6, }, error code: 22 error msg: Invalid argument. Specify the number of threads explicitly so the affinity is not set.[m
[1;31m2026-09-23 09:38:28.610787669 [E:onnxruntime:Default, env.cc:234 ThreadMain] pthread_setaffinity_np failed for thread: 1291250, index: 12, mask: {7, }, error code: 22 error msg: Invalid argument. Specify the number of threads explicitly so the affinity is not set.[m
[1;31m2026-09-23 09:38:28.612814044 [E:onnxruntime:Default, env.cc:234 ThreadMain] pthread_setaffinity_np failed for thread: 1291239, index: 1, mask: {4, }, error code: 22 error msg: Invalid argument. Specify the number of threads explicitly so the affinity is not set.[m
[1;31m2026-09-23 09:38:28.616791870 [E:onnxruntime:Default, env.cc:234 ThreadMain] pthread_setaffinity_np failed for thread: 1291240, index: 2, mask: {6, }, error code: 22 error msg: Invalid argument. Specify the number of threads explicitly so the affinity is not set.[m
[1;31m2026-09-23 09:38:28.617224446 [E:onnxruntime:Default, env.cc:234 ThreadMain] pthread_setaffinity_np failed for thread: 1291257, index: 0, mask: {2, }, error code: 22 error msg: Invalid argument. Specify the number of threads explicitly so the affinity is not set.[m
[1;31m2026-09-23 09:38:28.620804133 [E:onnxruntime:Default, env.cc:234 ThreadMain] pthread_setaffinity_np failed for thread: 1291258, index: 1, mask: {4, }, error code: 22 error msg: Invalid argument. Specify the number of threads explicitly so the affinity is not set.[m
[1;31m2026-09-23 09:38:28.624784446 [E:onnxruntime:Default, env.cc:234 ThreadMain] pthread_setaffinity_np failed for thread: 1291259, index: 2, mask: {6, }, error code: 22 error msg: Invalid argument. Specify the number of threads explicitly so the affinity is not set.[m
[1;31m2026-09-23 09:38:28.600791078 [E:onnxruntime:Default, env.cc:234 ThreadMain] pthread_setaffinity_np failed for thread: 1291231, index: 12, mask: {7, }, error code: 22 error msg: Invalid argument. Specify the number of threads explicitly so the affinity is not set.[m
[1;31m2026-09-23 09:38:28.628785081 [E:onnxruntime:Default, env.cc:234 ThreadMain] pthread_setaffinity_np failed for thread: 1291262, index: 5, mask: {12, }, error code: 22 error msg: Invalid argument. Specify the number of threads explicitly so the affinity is not set.[m
[1;31m2026-09-23 09:38:28.632792588 [E:onnxruntime:Default, env.cc:234 ThreadMain] pthread_setaffinity_np failed for thread: 1291264, index: 7, mask: {16, }, error code: 22 error msg: Invalid argument. Specify the number of threads explicitly so the affinity is not set.[m
[1;31m2026-09-23 09:38:28.551935445 [E:onnxruntime:Default, env.cc:234 ThreadMain] pthread_setaffinity_np failed for thread: 1291211, index: 11, mask: {5, }, error code: 22 error msg: Invalid argument. Specify the number of threads explicitly so the affinity is not set.[m
[1;31m2026-09-23 09:38:28.622447437 [E:onnxruntime:Default, env.cc:234 ThreadMain] pthread_setaffinity_np failed for thread: 1291247, index: 9, mask: {1, }, error code: 22 error msg: Invalid argument. Specify the number of threads explicitly so the affinity is not set.[m
Using ONNX runner[1;31m2026-09-23 09:38:28.644802460 [E:onnxruntime:Default, env.cc:234 ThreadMain] pthread_setaffinity_np failed for thread: 1291268, index: 11, mask: {5, }, error code: 22 error msg: Invalid argument. Specify the number of threads explicitly so the affinity is not set.[m

[1;31m2026-09-23 09:38:28.636804029 [E:onnxruntime:Default, env.cc:234 ThreadMain] pthread_setaffinity_np failed for thread: 1291267, index: 10, mask: {3, }, error code: 22 error msg: Invalid argument. Specify the number of threads explicitly so the affinity is not set.[m
[1;31m2026-09-23 09:38:28.620882552 [E:onnxruntime:Default, env.cc:234 ThreadMain] pthread_setaffinity_np failed for thread: 1291242, index: 4, mask: {10, }, error code: 22 error msg: Invalid argument. Specify the number of threads explicitly so the affinity is not set.[m
[1;31m2026-09-23 09:38:28.652792170 [E:onnxruntime:Default, env.cc:234 ThreadMain] pthread_setaffinity_np failed for thread: 1291212, index: 12, mask: {7, }, error code: 22 error msg: Invalid argument. Specify the number of threads explicitly so the affinity is not set.[m
[1;31m2026-09-23 09:38:28.655284284 [E:onnxruntime:Default, env.cc:234 ThreadMain] pthread_setaffinity_np failed for thread: 1291260, index: 3, mask: {8, }, error code: 22 error msg: Invalid argument. Specify the number of threads explicitly so the affinity is not set.[m
[1;31m2026-09-23 09:38:28.655314485 [E:onnxruntime:Default, env.cc:234 ThreadMain] pthread_setaffinity_np failed for thread: 1291261, index: 4, mask: {10, }, error code: 22 error msg: Invalid argument. Specify the number of threads explicitly so the affinity is not set.[m
[1;31m2026-09-23 09:38:28.655335728 [E:onnxruntime:Default, env.cc:234 ThreadMain] pthread_setaffinity_np failed for thread: 1291263, index: 6, mask: {14, }, error code: 22 error msg: Invalid argument. Specify the number of threads explicitly so the affinity is not set.[m
[1;31m2026-09-23 09:38:28.656386743 [E:onnxruntime:Default, env.cc:234 ThreadMain] pthread_setaffinity_np failed for thread: 1291265, index: 8, mask: {18, }, error code: 22 error msg: Invalid argument. Specify the number of threads explicitly so the affinity is not set.[m
[1;31m2026-09-23 09:38:28.656413067 [E:onnxruntime:Default, env.cc:234 ThreadMain] pthread_setaffinity_np failed for thread: 1291266, index: 9, mask: {1, }, error code: 22 error msg: Invalid argument. Specify the number of threads explicitly so the affinity is not set.[m
[1;31m2026-09-23 09:38:28.656437354 [E:onnxruntime:Default, env.cc:234 ThreadMain] pthread_setaffinity_np failed for thread: 1291269, index: 12, mask: {7, }, error code: 22 error msg: Invalid argument. Specify the number of threads explicitly so the affinity is not set.[m
[1;31m2026-09-23 09:38:28.660814436 [E:onnxruntime:Default, env.cc:234 ThreadMain] pthread_setaffinity_np failed for thread: 1291274, index: 17, mask: {17, }, error code: 22 error msg: Invalid argument. Specify the number of threads explicitly so the affinity is not set.[m
[1;31m2026-09-23 09:38:28.660776899 [E:onnxruntime:Default, env.cc:234 ThreadMain] pthread_setaffinity_np failed for thread: 1291249, index: 11, mask: {5, }, error code: 22 error msg: Invalid argument. Specify the number of threads explicitly so the affinity is not set.[m
[1;31m2026-09-23 09:38:28.660852377 [E:onnxruntime:Default, env.cc:234 ThreadMain] pthread_setaffinity_np failed for thread: 1291275, index: 18, mask: {19, }, error code: 22 error msg: Invalid argument. Specify the number of threads explicitly so the affinity is not set.[m
[1;31m2026-09-23 09:38:28.636783886 [E:onnxruntime:Default, env.cc:234 ThreadMain] pthread_setaffinity_np failed for thread: 1291255, index: 17, mask: {17, }, error code: 22 error msg: Invalid argument. Specify the number of threads explicitly so the affinity is not set.[m
[1;31m2026-09-23 09:38:28.667360644 [E:onnxruntime:Default, env.cc:234 ThreadMain] pthread_setaffinity_np failed for thread: 1291238, index: 0, mask: {2, }, error code: 22 error msg: Invalid argument. Specify the number of threads explicitly so the affinity is not set.[m
[1;31m2026-09-23 09:38:28.667382952 [E:onnxruntime:Default, env.cc:234 ThreadMain] pthread_setaffinity_np failed for thread: 1291241, index: 3, mask: {8, }, error code: 22 error msg: Invalid argument. Specify the number of threads explicitly so the affinity is not set.[m
[1;31m2026-09-23 09:38:28.667405528 [E:onnxruntime:Default, env.cc:234 ThreadMain] pthread_setaffinity_np failed for thread: 1291245, index: 7, mask: {16, }, error code: 22 error msg: Invalid argument. Specify the number of threads explicitly so the affinity is not set.[m
[1;31m2026-09-23 09:38:28.667425499 [E:onnxruntime:Default, env.cc:234 ThreadMain] pthread_setaffinity_np failed for thread: 1291256, index: 18, mask: {19, }, error code: 22 error msg: Invalid argument. Specify the number of threads explicitly so the affinity is not set.[m

=== traversal: variant=humanoid vx=0.4 24s  finish line x=4.70 ===
policy                 peak x  progress  outcome
randomized               3.58      3.58  FELL t= 10.4s x= 3.35 (on ramp)
no_randomization         0.85      0.85  upright, stalled past carpet
push_trained             4.93      4.93  FELL t= 13.2s x= 4.80 (on landing)
terrain_trained          5.47      5.47  FELL t= 17.4s x= 4.79 (on landing)
=== lab traverse humanoid seed 3 ===
=== lane height profile (ray-cast, y=0) ===
  x=-0.20  surface   0.8 cm  (   3% leg)  step  +0.8 cm  [carpet]
  x= 0.80  surface   0.0 cm  (   0% leg)  step  -0.8 cm  [floor]
  x= 0.90  surface   2.5 cm  (   9% leg)  step  +2.5 cm  [cable]
  x= 0.92  surface   0.0 cm  (   0% leg)  step  -2.5 cm  [floor]
  x= 1.64  surface   4.0 cm  (  14% leg)  step  +4.0 cm  [threshold]
  x= 1.78  surface   0.0 cm  (   0% leg)  step  -4.0 cm  [floor]
  x= 2.32  surface   2.1 cm  (   8% leg)  step  +2.1 cm  [ramp]
  x= 2.40  surface   2.7 cm  (   9% leg)  step  +0.5 cm  [ramp]
  x= 2.48  surface   3.2 cm  (  11% leg)  step  +0.5 cm  [ramp]
  x= 2.56  surface   3.7 cm  (  13% leg)  step  +0.5 cm  [ramp]
  x= 2.64  surface   4.2 cm  (  15% leg)  step  +0.5 cm  [ramp]
  x= 2.72  surface   4.7 cm  (  17% leg)  step  +0.5 cm  [ramp]
  x= 2.80  surface   5.3 cm  (  19% leg)  step  +0.5 cm  [ramp]
  x= 2.88  surface   5.8 cm  (  21% leg)  step  +0.5 cm  [ramp]
  x= 2.96  surface   6.3 cm  (  23% leg)  step  +0.5 cm  [ramp]
  x= 3.04  surface   6.8 cm  (  24% leg)  step  +0.5 cm  [ramp]
  x= 3.12  surface   7.4 cm  (  26% leg)  step  +0.5 cm  [ramp]
  x= 3.20  surface   7.9 cm  (  28% leg)  step  +0.5 cm  [ramp]
  x= 3.28  surface   8.4 cm  (  30% leg)  step  +0.5 cm  [ramp]
  x= 3.36  surface   8.9 cm  (  32% leg)  step  +0.5 cm  [ramp]
  x= 3.44  surface   9.5 cm  (  34% leg)  step  +0.5 cm  [ramp]
  x= 3.50  surface  10.5 cm  (  37% leg)  step  +1.0 cm  [landing]
  x= 4.70  surface   0.0 cm  (   0% leg)  step -10.5 cm  [floor]

=== features (leading edge, top) ===
  carpet      x -0.20 ->  0.80  top   0.8 cm (   3% leg)
  cable       x  0.89 ->  0.91  top   2.5 cm (   9% leg)
  threshold   x  1.63 ->  1.77  top   4.0 cm (  14% leg)
  ramp        x  2.30 ->  3.60  top  10.5 cm (  37% leg)
  landing     x  3.50 ->  4.70  top  10.5 cm (  37% leg)
[1;31m2026-09-23 09:39:07.500156939 [E:onnxruntime:Default, env.cc:234 ThreadMain] pthread_setaffinity_np failed for thread: 1292274, index: 1, mask: {4, }, error code: 22 error msg: Invalid argument. Specify the number of threads explicitly so the affinity is not set.[m
[1;31m2026-09-23 09:39:07.500338545 [E:onnxruntime:Default, env.cc:234 ThreadMain] pthread_setaffinity_np failed for thread: 1292280, index: 7, mask: {16, }, error code: 22 error msg: Invalid argument. Specify the number of threads explicitly so the affinity is not set.[m
[1;31m2026-09-23 09:39:07.500194609 [E:onnxruntime:Default, env.cc:234 ThreadMain] pthread_setaffinity_np failed for thread: 1292275, index: 2, mask: {6, }, error code: 22 error msg: Invalid argument. Specify the number of threads explicitly so the affinity is not set.[m
[1;31m2026-09-23 09:39:07.500406609 [E:onnxruntime:Default, env.cc:234 ThreadMain] pthread_setaffinity_np failed for thread: 1292282, index: 9, mask: {1, }, error code: 22 error msg: Invalid argument. Specify the number of threads explicitly so the affinity is not set.[m
[1;31m2026-09-23 09:39:07.500161221 [E:onnxruntime:Default, env.cc:234 ThreadMain] pthread_setaffinity_np failed for thread: 1292277, index: 4, mask: {10, }, error code: 22 error msg: Invalid argument. Specify the number of threads explicitly so the affinity is not set.[m
[1;31m2026-09-23 09:39:07.500271192 [E:onnxruntime:Default, env.cc:234 ThreadMain] pthread_setaffinity_np failed for thread: 1292278, index: 5, mask: {12, }, error code: 22 error msg: Invalid argument. Specify the number of threads explicitly so the affinity is not set.[m
[1;31m2026-09-23 09:39:07.500305859 [E:onnxruntime:Default, env.cc:234 ThreadMain] pthread_setaffinity_np failed for thread: 1292279, index: 6, mask: {14, }, error code: 22 error msg: Invalid argument. Specify the number of threads explicitly so the affinity is not set.[m
[1;31m2026-09-23 09:39:07.500159416 [E:onnxruntime:Default, env.cc:234 ThreadMain] pthread_setaffinity_np failed for thread: 1292273, index: 0, mask: {2, }, error code: 22 error msg: Invalid argument. Specify the number of threads explicitly so the affinity is not set.[m
[1;31m2026-09-23 09:39:07.500389168 [E:onnxruntime:Default, env.cc:234 ThreadMain] pthread_setaffinity_np failed for thread: 1292281, index: 8, mask: {18, }, error code: 22 error msg: Invalid argument. Specify the number of threads explicitly so the affinity is not set.[m
[1;31m2026-09-23 09:39:07.500160849 [E:onnxruntime:Default, env.cc:234 ThreadMain] pthread_setaffinity_np failed for thread: 1292276, index: 3, mask: {8, }, error code: 22 error msg: Invalid argument. Specify the number of threads explicitly so the affinity is not set.[m
[1;31m2026-09-23 09:39:07.522792191 [E:onnxruntime:Default, env.cc:234 ThreadMain] pthread_setaffinity_np failed for thread: 1292290, index: 17, mask: {17, }, error code: 22 error msg: Invalid argument. Specify the number of threads explicitly so the affinity is not set.[m
[1;31m2026-09-23 09:39:07.524469900 [E:onnxruntime:Default, env.cc:234 ThreadMain] pthread_setaffinity_np failed for thread: 1292291, index: 18, mask: {19, }, error code: 22 error msg: Invalid argument. Specify the number of threads explicitly so the affinity is not set.[m
[1;31m2026-09-23 09:39:07.500434078 [E:onnxruntime:Default, env.cc:234 ThreadMain] pthread_setaffinity_np failed for thread: 1292283, index: 10, mask: {3, }, error code: 22 error msg: Invalid argument. Specify the number of threads explicitly so the affinity is not set.[m
[1;31m2026-09-23 09:39:07.500462728 [E:onnxruntime:Default, env.cc:234 ThreadMain] pthread_setaffinity_np failed for thread: 1292284, index: 11, mask: {5, }, error code: 22 error msg: Invalid argument. Specify the number of threads explicitly so the affinity is not set.[m
Using ONNX runner
[1;31m2026-09-23 09:39:07.545220230 [E:onnxruntime:Default, env.cc:234 ThreadMain] pthread_setaffinity_np failed for thread: 1292309, index: 17, mask: {17, }, error code: 22 error msg: Invalid argument. Specify the number of threads explicitly so the affinity is not set.[m
Using ONNX runner
[1;31m2026-09-23 09:39:07.550795918 [E:onnxruntime:Default, env.cc:234 ThreadMain] pthread_setaffinity_np failed for thread: 1292285, index: 12, mask: {7, }, error code: 22 error msg: Invalid argument. Specify the number of threads explicitly so the affinity is not set.[m
[1;31m2026-09-23 09:39:07.551619610 [E:onnxruntime:Default, env.cc:234 ThreadMain] pthread_setaffinity_np failed for thread: 1292310, index: 18, mask: {19, }, error code: 22 error msg: Invalid argument. Specify the number of threads explicitly so the affinity is not set.[m
[1;31m2026-09-23 09:39:07.554805228 [E:onnxruntime:Default, env.cc:234 ThreadMain] pthread_setaffinity_np failed for thread: 1292303, index: 11, mask: {5, }, error code: 22 error msg: Invalid argument. Specify the number of threads explicitly so the affinity is not set.[m
[1;31m2026-09-23 09:39:07.554849902 [E:onnxruntime:Default, env.cc:234 ThreadMain] pthread_setaffinity_np failed for thread: 1292296, index: 4, mask: {10, }, error code: 22 error msg: Invalid argument. Specify the number of threads explicitly so the affinity is not set.[m
[1;31m2026-09-23 09:39:07.557788041 [E:onnxruntime:Default, env.cc:234 ThreadMain] pthread_setaffinity_np failed for thread: 1292300, index: 8, mask: {18, }, error code: 22 error msg: Invalid argument. Specify the number of threads explicitly so the affinity is not set.[m
[1;31m2026-09-23 09:39:07.554805819 [E:onnxruntime:Default, env.cc:234 ThreadMain] pthread_setaffinity_np failed for thread: 1292299, index: 7, mask: {16, }, error code: 22 error msg: Invalid argument. Specify the number of threads explicitly so the affinity is not set.[m
[1;31m2026-09-23 09:39:07.561790378 [E:onnxruntime:Default, env.cc:234 ThreadMain] pthread_setaffinity_np failed for thread: 1292301, index: 9, mask: {1, }, error code: 22 error msg: Invalid argument. Specify the number of threads explicitly so the affinity is not set.[m
[1;31m2026-09-23 09:39:07.554827922 [E:onnxruntime:Default, env.cc:234 ThreadMain] pthread_setaffinity_np failed for thread: 1292297, index: 5, mask: {12, }, error code: 22 error msg: Invalid argument. Specify the number of threads explicitly so the affinity is not set.[m
Using ONNX runner
[1;31m2026-09-23 09:39:07.565243397 [E:onnxruntime:Default, env.cc:234 ThreadMain] pthread_setaffinity_np failed for thread: 1292314, index: 3, mask: {8, }, error code: 22 error msg: Invalid argument. Specify the number of threads explicitly so the affinity is not set.[m
[1;31m2026-09-23 09:39:07.565790529 [E:onnxruntime:Default, env.cc:234 ThreadMain] pthread_setaffinity_np failed for thread: 1292302, index: 10, mask: {3, }, error code: 22 error msg: Invalid argument. Specify the number of threads explicitly so the affinity is not set.[m
[1;31m2026-09-23 09:39:07.566789153 [E:onnxruntime:Default, env.cc:234 ThreadMain] pthread_setaffinity_np failed for thread: 1292304, index: 12, mask: {7, }, error code: 22 error msg: Invalid argument. Specify the number of threads explicitly so the affinity is not set.[m
[1;31m2026-09-23 09:39:07.568792030 [E:onnxruntime:Default, env.cc:234 ThreadMain] pthread_setaffinity_np failed for thread: 1292315, index: 4, mask: {10, }, error code: 22 error msg: Invalid argument. Specify the number of threads explicitly so the affinity is not set.[m
[1;31m2026-09-23 09:39:07.572791042 [E:onnxruntime:Default, env.cc:234 ThreadMain] pthread_setaffinity_np failed for thread: 1292318, index: 7, mask: {16, }, error code: 22 error msg: Invalid argument. Specify the number of threads explicitly so the affinity is not set.[m
[1;31m2026-09-23 09:39:07.574787012 [E:onnxruntime:Default, env.cc:234 ThreadMain] pthread_setaffinity_np failed for thread: 1292298, index: 6, mask: {14, }, error code: 22 error msg: Invalid argument. Specify the number of threads explicitly so the affinity is not set.[m
[1;31m2026-09-23 09:39:07.576792949 [E:onnxruntime:Default, env.cc:234 ThreadMain] pthread_setaffinity_np failed for thread: 1292319, index: 8, mask: {18, }, error code: 22 error msg: Invalid argument. Specify the number of threads explicitly so the affinity is not set.[m
[1;31m2026-09-23 09:39:07.580791106 [E:onnxruntime:Default, env.cc:234 ThreadMain] pthread_setaffinity_np failed for thread: 1292322, index: 11, mask: {5, }, error code: 22 error msg: Invalid argument. Specify the number of threads explicitly so the affinity is not set.[m
[1;31m2026-09-23 09:39:07.581793530 [E:onnxruntime:Default, env.cc:234 ThreadMain] pthread_setaffinity_np failed for thread: 1292292, index: 0, mask: {2, }, error code: 22 error msg: Invalid argument. Specify the number of threads explicitly so the affinity is not set.[m
[1;31m2026-09-23 09:39:07.584785456 [E:onnxruntime:Default, env.cc:234 ThreadMain] pthread_setaffinity_np failed for thread: 1292323, index: 12, mask: {7, }, error code: 22 error msg: Invalid argument. Specify the number of threads explicitly so the affinity is not set.[m
[1;31m2026-09-23 09:39:07.585788266 [E:onnxruntime:Default, env.cc:234 ThreadMain] pthread_setaffinity_np failed for thread: 1292294, index: 2, mask: {6, }, error code: 22 error msg: Invalid argument. Specify the number of threads explicitly so the affinity is not set.[m
[1;31m2026-09-23 09:39:07.586117658 [E:onnxruntime:Default, env.cc:234 ThreadMain] pthread_setaffinity_np failed for thread: 1292293, index: 1, mask: {4, }, error code: 22 error msg: Invalid argument. Specify the number of threads explicitly so the affinity is not set.[m
[1;31m2026-09-23 09:39:07.589791276 [E:onnxruntime:Default, env.cc:234 ThreadMain] pthread_setaffinity_np failed for thread: 1292295, index: 3, mask: {8, }, error code: 22 error msg: Invalid argument. Specify the number of threads explicitly so the affinity is not set.[m
[1;31m2026-09-23 09:39:07.590256673 [E:onnxruntime:Default, env.cc:234 ThreadMain] pthread_setaffinity_np failed for thread: 1292311, index: 0, mask: {2, }, error code: 22 error msg: Invalid argument. Specify the number of threads explicitly so the affinity is not set.[m
[1;31m2026-09-23 09:39:07.593818492 [E:onnxruntime:Default, env.cc:234 ThreadMain] pthread_setaffinity_np failed for thread: 1292316, index: 5, mask: {12, }, error code: 22 error msg: Invalid argument. Specify the number of threads explicitly so the affinity is not set.[m
[1;31m2026-09-23 09:39:07.597799110 [E:onnxruntime:Default, env.cc:234 ThreadMain] pthread_setaffinity_np failed for thread: 1292332, index: 2, mask: {6, }, error code: 22 error msg: Invalid argument. Specify the number of threads explicitly so the affinity is not set.[m
[1;31m2026-09-23 09:39:07.597810216 [E:onnxruntime:Default, env.cc:234 ThreadMain] pthread_setaffinity_np failed for thread: 1292320, index: 9, mask: {1, }, error code: 22 error msg: Invalid argument. Specify the number of threads explicitly so the affinity is not set.[m
[1;31m2026-09-23 09:39:07.597846569 [E:onnxruntime:Default, env.cc:234 ThreadMain] pthread_setaffinity_np failed for thread: 1292336, index: 6, mask: {14, }, error code: 22 error msg: Invalid argument. Specify the number of threads explicitly so the affinity is not set.[m
Using ONNX runner[1;31m2026-09-23 09:39:07.597869630 [E:onnxruntime:Default, env.cc:234 ThreadMain] pthread_setaffinity_np failed for thread: 1292339, index: 9, mask: {1, }, error code: 22 error msg: Invalid argument. Specify the number of threads explicitly so the affinity is not set.[m

[1;31m2026-09-23 09:39:07.597890338 [E:onnxruntime:Default, env.cc:234 ThreadMain] pthread_setaffinity_np failed for thread: 1292340, index: 10, mask: {3, }, error code: 22 error msg: Invalid argument. Specify the number of threads explicitly so the affinity is not set.[m
[1;31m2026-09-23 09:39:07.597910172 [E:onnxruntime:Default, env.cc:234 ThreadMain] pthread_setaffinity_np failed for thread: 1292312, index: 1, mask: {4, }, error code: 22 error msg: Invalid argument. Specify the number of threads explicitly so the affinity is not set.[m
[1;31m2026-09-23 09:39:07.597927611 [E:onnxruntime:Default, env.cc:234 ThreadMain] pthread_setaffinity_np failed for thread: 1292330, index: 0, mask: {2, }, error code: 22 error msg: Invalid argument. Specify the number of threads explicitly so the affinity is not set.[m
[1;31m2026-09-23 09:39:07.597838352 [E:onnxruntime:Default, env.cc:234 ThreadMain] pthread_setaffinity_np failed for thread: 1292321, index: 10, mask: {3, }, error code: 22 error msg: Invalid argument. Specify the number of threads explicitly so the affinity is not set.[m
[1;31m2026-09-23 09:39:07.597791217 [E:onnxruntime:Default, env.cc:234 ThreadMain] pthread_setaffinity_np failed for thread: 1292317, index: 6, mask: {14, }, error code: 22 error msg: Invalid argument. Specify the number of threads explicitly so the affinity is not set.[m
[1;31m2026-09-23 09:39:07.600664074 [E:onnxruntime:Default, env.cc:234 ThreadMain] pthread_setaffinity_np failed for thread: 1292331, index: 1, mask: {4, }, error code: 22 error msg: Invalid argument. Specify the number of threads explicitly so the affinity is not set.[m
[1;31m2026-09-23 09:39:07.600672726 [E:onnxruntime:Default, env.cc:234 ThreadMain] pthread_setaffinity_np failed for thread: 1292335, index: 5, mask: {12, }, error code: 22 error msg: Invalid argument. Specify the number of threads explicitly so the affinity is not set.[m
[1;31m2026-09-23 09:39:07.603784344 [E:onnxruntime:Default, env.cc:234 ThreadMain] pthread_setaffinity_np failed for thread: 1292329, index: 18, mask: {19, }, error code: 22 error msg: Invalid argument. Specify the number of threads explicitly so the affinity is not set.[m
[1;31m2026-09-23 09:39:07.603775373 [E:onnxruntime:Default, env.cc:234 ThreadMain] pthread_setaffinity_np failed for thread: 1292328, index: 17, mask: {17, }, error code: 22 error msg: Invalid argument. Specify the number of threads explicitly so the affinity is not set.[m
[1;31m2026-09-23 09:39:07.613782922 [E:onnxruntime:Default, env.cc:234 ThreadMain] pthread_setaffinity_np failed for thread: 1292333, index: 3, mask: {8, }, error code: 22 error msg: Invalid argument. Specify the number of threads explicitly so the affinity is not set.[m
[1;31m2026-09-23 09:39:07.613803968 [E:onnxruntime:Default, env.cc:234 ThreadMain] pthread_setaffinity_np failed for thread: 1292334, index: 4, mask: {10, }, error code: 22 error msg: Invalid argument. Specify the number of threads explicitly so the affinity is not set.[m
[1;31m2026-09-23 09:39:07.613821522 [E:onnxruntime:Default, env.cc:234 ThreadMain] pthread_setaffinity_np failed for thread: 1292337, index: 7, mask: {16, }, error code: 22 error msg: Invalid argument. Specify the number of threads explicitly so the affinity is not set.[m
[1;31m2026-09-23 09:39:07.613839258 [E:onnxruntime:Default, env.cc:234 ThreadMain] pthread_setaffinity_np failed for thread: 1292338, index: 8, mask: {18, }, error code: 22 error msg: Invalid argument. Specify the number of threads explicitly so the affinity is not set.[m
[1;31m2026-09-23 09:39:07.613855911 [E:onnxruntime:Default, env.cc:234 ThreadMain] pthread_setaffinity_np failed for thread: 1292347, index: 17, mask: {17, }, error code: 22 error msg: Invalid argument. Specify the number of threads explicitly so the affinity is not set.[m
[1;31m2026-09-23 09:39:07.613886772 [E:onnxruntime:Default, env.cc:234 ThreadMain] pthread_setaffinity_np failed for thread: 1292313, index: 2, mask: {6, }, error code: 22 error msg: Invalid argument. Specify the number of threads explicitly so the affinity is not set.[m
[1;31m2026-09-23 09:39:07.628782198 [E:onnxruntime:Default, env.cc:234 ThreadMain] pthread_setaffinity_np failed for thread: 1292341, index: 11, mask: {5, }, error code: 22 error msg: Invalid argument. Specify the number of threads explicitly so the affinity is not set.[m
[1;31m2026-09-23 09:39:07.628801759 [E:onnxruntime:Default, env.cc:234 ThreadMain] pthread_setaffinity_np failed for thread: 1292342, index: 12, mask: {7, }, error code: 22 error msg: Invalid argument. Specify the number of threads explicitly so the affinity is not set.[m
[1;31m2026-09-23 09:39:07.635781275 [E:onnxruntime:Default, env.cc:234 ThreadMain] pthread_setaffinity_np failed for thread: 1292348, index: 18, mask: {19, }, error code: 22 error msg: Invalid argument. Specify the number of threads explicitly so the affinity is not set.[m

=== traversal: variant=humanoid vx=0.4 24s  finish line x=4.70 ===
policy                 peak x  progress  outcome
randomized               3.77      3.77  FELL t= 11.0s x= 3.46 (on ramp)
no_randomization         0.86      0.86  upright, stalled past carpet
push_trained             4.92      4.92  FELL t= 15.0s x= 4.76 (on landing)
terrain_trained          4.91      4.91  FELL t= 15.3s x= 4.77 (on landing)
=== lab traverse humanoid seed 4 ===
=== lane height profile (ray-cast, y=0) ===
  x=-0.20  surface   0.8 cm  (   3% leg)  step  +0.8 cm  [carpet]
  x= 0.80  surface   0.0 cm  (   0% leg)  step  -0.8 cm  [floor]
  x= 0.90  surface   2.5 cm  (   9% leg)  step  +2.5 cm  [cable]
  x= 0.92  surface   0.0 cm  (   0% leg)  step  -2.5 cm  [floor]
  x= 1.64  surface   4.0 cm  (  14% leg)  step  +4.0 cm  [threshold]
  x= 1.78  surface   0.0 cm  (   0% leg)  step  -4.0 cm  [floor]
  x= 2.32  surface   2.1 cm  (   8% leg)  step  +2.1 cm  [ramp]
  x= 2.40  surface   2.7 cm  (   9% leg)  step  +0.5 cm  [ramp]
  x= 2.48  surface   3.2 cm  (  11% leg)  step  +0.5 cm  [ramp]
  x= 2.56  surface   3.7 cm  (  13% leg)  step  +0.5 cm  [ramp]
  x= 2.64  surface   4.2 cm  (  15% leg)  step  +0.5 cm  [ramp]
  x= 2.72  surface   4.7 cm  (  17% leg)  step  +0.5 cm  [ramp]
  x= 2.80  surface   5.3 cm  (  19% leg)  step  +0.5 cm  [ramp]
  x= 2.88  surface   5.8 cm  (  21% leg)  step  +0.5 cm  [ramp]
  x= 2.96  surface   6.3 cm  (  23% leg)  step  +0.5 cm  [ramp]
  x= 3.04  surface   6.8 cm  (  24% leg)  step  +0.5 cm  [ramp]
  x= 3.12  surface   7.4 cm  (  26% leg)  step  +0.5 cm  [ramp]
  x= 3.20  surface   7.9 cm  (  28% leg)  step  +0.5 cm  [ramp]
  x= 3.28  surface   8.4 cm  (  30% leg)  step  +0.5 cm  [ramp]
  x= 3.36  surface   8.9 cm  (  32% leg)  step  +0.5 cm  [ramp]
  x= 3.44  surface   9.5 cm  (  34% leg)  step  +0.5 cm  [ramp]
  x= 3.50  surface  10.5 cm  (  37% leg)  step  +1.0 cm  [landing]
  x= 4.70  surface   0.0 cm  (   0% leg)  step -10.5 cm  [floor]

=== features (leading edge, top) ===
  carpet      x -0.20 ->  0.80  top   0.8 cm (   3% leg)
  cable       x  0.89 ->  0.91  top   2.5 cm (   9% leg)
  threshold   x  1.63 ->  1.77  top   4.0 cm (  14% leg)
  ramp        x  2.30 ->  3.60  top  10.5 cm (  37% leg)
  landing     x  3.50 ->  4.70  top  10.5 cm (  37% leg)
[1;31m2026-09-23 09:39:45.742321614 [E:onnxruntime:Default, env.cc:234 ThreadMain] pthread_setaffinity_np failed for thread: 1293239, index: 2, mask: {6, }, error code: 22 error msg: Invalid argument. Specify the number of threads explicitly so the affinity is not set.[m
[1;31m2026-09-23 09:39:45.742324328 [E:onnxruntime:Default, env.cc:234 ThreadMain] pthread_setaffinity_np failed for thread: 1293238, index: 1, mask: {4, }, error code: 22 error msg: Invalid argument. Specify the number of threads explicitly so the affinity is not set.[m
[1;31m2026-09-23 09:39:45.742320716 [E:onnxruntime:Default, env.cc:234 ThreadMain] pthread_setaffinity_np failed for thread: 1293237, index: 0, mask: {2, }, error code: 22 error msg: Invalid argument. Specify the number of threads explicitly so the affinity is not set.[m
[1;31m2026-09-23 09:39:45.742355463 [E:onnxruntime:Default, env.cc:234 ThreadMain] pthread_setaffinity_np failed for thread: 1293240, index: 3, mask: {8, }, error code: 22 error msg: Invalid argument. Specify the number of threads explicitly so the affinity is not set.[m
[1;31m2026-09-23 09:39:45.742373713 [E:onnxruntime:Default, env.cc:234 ThreadMain] pthread_setaffinity_np failed for thread: 1293241, index: 4, mask: {10, }, error code: 22 error msg: Invalid argument. Specify the number of threads explicitly so the affinity is not set.[m
Using ONNX runner
[1;31m2026-09-23 09:39:45.755562336 [E:onnxruntime:Default, env.cc:234 ThreadMain] pthread_setaffinity_np failed for thread: 1293249, index: 12, mask: {7, }, error code: 22 error msg: Invalid argument. Specify the number of threads explicitly so the affinity is not set.[m
[1;31m2026-09-23 09:39:45.758793873 [E:onnxruntime:Default, env.cc:234 ThreadMain] pthread_setaffinity_np failed for thread: 1293262, index: 6, mask: {14, }, error code: 22 error msg: Invalid argument. Specify the number of threads explicitly so the affinity is not set.[m
[1;31m2026-09-23 09:39:45.759199615 [E:onnxruntime:Default, env.cc:234 ThreadMain] pthread_setaffinity_np failed for thread: 1293261, index: 5, mask: {12, }, error code: 22 error msg: Invalid argument. Specify the number of threads explicitly so the affinity is not set.[m
[1;31m2026-09-23 09:39:45.762788326 [E:onnxruntime:Default, env.cc:234 ThreadMain] pthread_setaffinity_np failed for thread: 1293263, index: 7, mask: {16, }, error code: 22 error msg: Invalid argument. Specify the number of threads explicitly so the affinity is not set.[m
Using ONNX runner
[1;31m2026-09-23 09:39:45.765520951 [E:onnxruntime:Default, env.cc:234 ThreadMain] pthread_setaffinity_np failed for thread: 1293264, index: 8, mask: {18, }, error code: 22 error msg: Invalid argument. Specify the number of threads explicitly so the affinity is not set.[m
[1;31m2026-09-23 09:39:45.766789789 [E:onnxruntime:Default, env.cc:234 ThreadMain] pthread_setaffinity_np failed for thread: 1293267, index: 11, mask: {5, }, error code: 22 error msg: Invalid argument. Specify the number of threads explicitly so the affinity is not set.[m
[1;31m2026-09-23 09:39:45.768789145 [E:onnxruntime:Default, env.cc:234 ThreadMain] pthread_setaffinity_np failed for thread: 1293265, index: 9, mask: {1, }, error code: 22 error msg: Invalid argument. Specify the number of threads explicitly so the affinity is not set.[m
[1;31m2026-09-23 09:39:45.770796070 [E:onnxruntime:Default, env.cc:234 ThreadMain] pthread_setaffinity_np failed for thread: 1293268, index: 12, mask: {7, }, error code: 22 error msg: Invalid argument. Specify the number of threads explicitly so the affinity is not set.[m
[1;31m2026-09-23 09:39:45.772787920 [E:onnxruntime:Default, env.cc:234 ThreadMain] pthread_setaffinity_np failed for thread: 1293266, index: 10, mask: {3, }, error code: 22 error msg: Invalid argument. Specify the number of threads explicitly so the affinity is not set.[m
[1;31m2026-09-23 09:39:45.742417877 [E:onnxruntime:Default, env.cc:234 ThreadMain] pthread_setaffinity_np failed for thread: 1293243, index: 6, mask: {14, }, error code: 22 error msg: Invalid argument. Specify the number of threads explicitly so the affinity is not set.[m
[1;31m2026-09-23 09:39:45.742439294 [E:onnxruntime:Default, env.cc:234 ThreadMain] pthread_setaffinity_np failed for thread: 1293244, index: 7, mask: {16, }, error code: 22 error msg: Invalid argument. Specify the number of threads explicitly so the affinity is not set.[m
[1;31m2026-09-23 09:39:45.773850612 [E:onnxruntime:Default, env.cc:234 ThreadMain] pthread_setaffinity_np failed for thread: 1293276, index: 1, mask: {4, }, error code: 22 error msg: Invalid argument. Specify the number of threads explicitly so the affinity is not set.[m
[1;31m2026-09-23 09:39:45.774806164 [E:onnxruntime:Default, env.cc:234 ThreadMain] pthread_setaffinity_np failed for thread: 1293274, index: 18, mask: {19, }, error code: 22 error msg: Invalid argument. Specify the number of threads explicitly so the affinity is not set.[m
[1;31m2026-09-23 09:39:45.773771227 [E:onnxruntime:Default, env.cc:234 ThreadMain] pthread_setaffinity_np failed for thread: 1293246, index: 9, mask: {1, }, error code: 22 error msg: Invalid argument. Specify the number of threads explicitly so the affinity is not set.[m
[1;31m2026-09-23 09:39:45.778785363 [E:onnxruntime:Default, env.cc:234 ThreadMain] pthread_setaffinity_np failed for thread: 1293258, index: 2, mask: {6, }, error code: 22 error msg: Invalid argument. Specify the number of threads explicitly so the affinity is not set.[m
[1;31m2026-09-23 09:39:45.780798898 [E:onnxruntime:Default, env.cc:234 ThreadMain] pthread_setaffinity_np failed for thread: 1293273, index: 17, mask: {17, }, error code: 22 error msg: Invalid argument. Specify the number of threads explicitly so the affinity is not set.[m
[1;31m2026-09-23 09:39:45.782788487 [E:onnxruntime:Default, env.cc:234 ThreadMain] pthread_setaffinity_np failed for thread: 1293259, index: 3, mask: {8, }, error code: 22 error msg: Invalid argument. Specify the number of threads explicitly so the affinity is not set.[m
[1;31m2026-09-23 09:39:45.784784532 [E:onnxruntime:Default, env.cc:234 ThreadMain] pthread_setaffinity_np failed for thread: 1293260, index: 4, mask: {10, }, error code: 22 error msg: Invalid argument. Specify the number of threads explicitly so the affinity is not set.[m
[1;31m2026-09-23 09:39:45.785786960 [E:onnxruntime:Default, env.cc:234 ThreadMain] pthread_setaffinity_np failed for thread: 1293275, index: 0, mask: {2, }, error code: 22 error msg: Invalid argument. Specify the number of threads explicitly so the affinity is not set.[m
[1;31m2026-09-23 09:39:45.789790095 [E:onnxruntime:Default, env.cc:234 ThreadMain] pthread_setaffinity_np failed for thread: 1293277, index: 2, mask: {6, }, error code: 22 error msg: Invalid argument. Specify the number of threads explicitly so the affinity is not set.[m
[1;31m2026-09-23 09:39:45.793789027 [E:onnxruntime:Default, env.cc:234 ThreadMain] pthread_setaffinity_np failed for thread: 1293278, index: 3, mask: {8, }, error code: 22 error msg: Invalid argument. Specify the number of threads explicitly so the affinity is not set.[m
Using ONNX runner
[1;31m2026-09-23 09:39:45.797795123 [E:onnxruntime:Default, env.cc:234 ThreadMain] pthread_setaffinity_np failed for thread: 1293281, index: 6, mask: {14, }, error code: 22 error msg: Invalid argument. Specify the number of threads explicitly so the affinity is not set.[m
[1;31m2026-09-23 09:39:45.798822868 [E:onnxruntime:Default, env.cc:234 ThreadMain] pthread_setaffinity_np failed for thread: 1293285, index: 10, mask: {3, }, error code: 22 error msg: Invalid argument. Specify the number of threads explicitly so the affinity is not set.[m
[1;31m2026-09-23 09:39:45.801786677 [E:onnxruntime:Default, env.cc:234 ThreadMain] pthread_setaffinity_np failed for thread: 1293283, index: 8, mask: {18, }, error code: 22 error msg: Invalid argument. Specify the number of threads explicitly so the affinity is not set.[m
[1;31m2026-09-23 09:39:45.802792269 [E:onnxruntime:Default, env.cc:234 ThreadMain] pthread_setaffinity_np failed for thread: 1293286, index: 11, mask: {5, }, error code: 22 error msg: Invalid argument. Specify the number of threads explicitly so the affinity is not set.[m
[1;31m2026-09-23 09:39:45.805786193 [E:onnxruntime:Default, env.cc:234 ThreadMain] pthread_setaffinity_np failed for thread: 1293284, index: 9, mask: {1, }, error code: 22 error msg: Invalid argument. Specify the number of threads explicitly so the affinity is not set.[m
[1;31m2026-09-23 09:39:45.806826319 [E:onnxruntime:Default, env.cc:234 ThreadMain] pthread_setaffinity_np failed for thread: 1293257, index: 1, mask: {4, }, error code: 22 error msg: Invalid argument. Specify the number of threads explicitly so the affinity is not set.[m
[1;31m2026-09-23 09:39:45.809786823 [E:onnxruntime:Default, env.cc:234 ThreadMain] pthread_setaffinity_np failed for thread: 1293287, index: 12, mask: {7, }, error code: 22 error msg: Invalid argument. Specify the number of threads explicitly so the affinity is not set.[m
[1;31m2026-09-23 09:39:45.810785827 [E:onnxruntime:Default, env.cc:234 ThreadMain] pthread_setaffinity_np failed for thread: 1293293, index: 18, mask: {19, }, error code: 22 error msg: Invalid argument. Specify the number of threads explicitly so the affinity is not set.[m
[1;31m2026-09-23 09:39:45.813807571 [E:onnxruntime:Default, env.cc:234 ThreadMain] pthread_setaffinity_np failed for thread: 1293292, index: 17, mask: {17, }, error code: 22 error msg: Invalid argument. Specify the number of threads explicitly so the affinity is not set.[m
[1;31m2026-09-23 09:39:45.822784898 [E:onnxruntime:Default, env.cc:234 ThreadMain] pthread_setaffinity_np failed for thread: 1293247, index: 10, mask: {3, }, error code: 22 error msg: Invalid argument. Specify the number of threads explicitly so the affinity is not set.[m
[1;31m2026-09-23 09:39:45.825784911 [E:onnxruntime:Default, env.cc:234 ThreadMain] pthread_setaffinity_np failed for thread: 1293255, index: 18, mask: {19, }, error code: 22 error msg: Invalid argument. Specify the number of threads explicitly so the affinity is not set.[m
[1;31m2026-09-23 09:39:45.826781525 [E:onnxruntime:Default, env.cc:234 ThreadMain] pthread_setaffinity_np failed for thread: 1293245, index: 8, mask: {18, }, error code: 22 error msg: Invalid argument. Specify the number of threads explicitly so the affinity is not set.[m
[1;31m2026-09-23 09:39:45.828782325 [E:onnxruntime:Default, env.cc:234 ThreadMain] pthread_setaffinity_np failed for thread: 1293254, index: 17, mask: {17, }, error code: 22 error msg: Invalid argument. Specify the number of threads explicitly so the affinity is not set.[m
[1;31m2026-09-23 09:39:45.802780832 [E:onnxruntime:Default, env.cc:234 ThreadMain] pthread_setaffinity_np failed for thread: 1293242, index: 5, mask: {12, }, error code: 22 error msg: Invalid argument. Specify the number of threads explicitly so the affinity is not set.[m
[1;31m2026-09-23 09:39:45.830790409 [E:onnxruntime:Default, env.cc:234 ThreadMain] pthread_setaffinity_np failed for thread: 1293279, index: 4, mask: {10, }, error code: 22 error msg: Invalid argument. Specify the number of threads explicitly so the affinity is not set.[m
[1;31m2026-09-23 09:39:45.833795376 [E:onnxruntime:Default, env.cc:234 ThreadMain] pthread_setaffinity_np failed for thread: 1293295, index: 1, mask: {4, }, error code: 22 error msg: Invalid argument. Specify the number of threads explicitly so the affinity is not set.[m
[1;31m2026-09-23 09:39:45.846781640 [E:onnxruntime:Default, env.cc:234 ThreadMain] pthread_setaffinity_np failed for thread: 1293296, index: 2, mask: {6, }, error code: 22 error msg: Invalid argument. Specify the number of threads explicitly so the affinity is not set.[m
[1;31m2026-09-23 09:39:45.806789751 [E:onnxruntime:Default, env.cc:234 ThreadMain] pthread_setaffinity_np failed for thread: 1293294, index: 0, mask: {2, }, error code: 22 error msg: Invalid argument. Specify the number of threads explicitly so the affinity is not set.[m
Using ONNX runner
[1;31m2026-09-23 09:39:45.850786563 [E:onnxruntime:Default, env.cc:234 ThreadMain] pthread_setaffinity_np failed for thread: 1293297, index: 3, mask: {8, }, error code: 22 error msg: Invalid argument. Specify the number of threads explicitly so the affinity is not set.[m
[1;31m2026-09-23 09:39:45.829820680 [E:onnxruntime:Default, env.cc:234 ThreadMain] pthread_setaffinity_np failed for thread: 1293280, index: 5, mask: {12, }, error code: 22 error msg: Invalid argument. Specify the number of threads explicitly so the affinity is not set.[m
[1;31m2026-09-23 09:39:45.842190809 [E:onnxruntime:Default, env.cc:234 ThreadMain] pthread_setaffinity_np failed for thread: 1293256, index: 0, mask: {2, }, error code: 22 error msg: Invalid argument. Specify the number of threads explicitly so the affinity is not set.[m
[1;31m2026-09-23 09:39:45.858791746 [E:onnxruntime:Default, env.cc:234 ThreadMain] pthread_setaffinity_np failed for thread: 1293299, index: 5, mask: {12, }, error code: 22 error msg: Invalid argument. Specify the number of threads explicitly so the affinity is not set.[m
[1;31m2026-09-23 09:39:45.837798333 [E:onnxruntime:Default, env.cc:234 ThreadMain] pthread_setaffinity_np failed for thread: 1293282, index: 7, mask: {16, }, error code: 22 error msg: Invalid argument. Specify the number of threads explicitly so the affinity is not set.[m
[1;31m2026-09-23 09:39:45.869790551 [E:onnxruntime:Default, env.cc:234 ThreadMain] pthread_setaffinity_np failed for thread: 1293298, index: 4, mask: {10, }, error code: 22 error msg: Invalid argument. Specify the number of threads explicitly so the affinity is not set.[m
[1;31m2026-09-23 09:39:45.881789371 [E:onnxruntime:Default, env.cc:234 ThreadMain] pthread_setaffinity_np failed for thread: 1293300, index: 6, mask: {14, }, error code: 22 error msg: Invalid argument. Specify the number of threads explicitly so the affinity is not set.[m
[1;31m2026-09-23 09:39:45.885789228 [E:onnxruntime:Default, env.cc:234 ThreadMain] pthread_setaffinity_np failed for thread: 1293305, index: 11, mask: {5, }, error code: 22 error msg: Invalid argument. Specify the number of threads explicitly so the affinity is not set.[m
[1;31m2026-09-23 09:39:45.889790642 [E:onnxruntime:Default, env.cc:234 ThreadMain] pthread_setaffinity_np failed for thread: 1293306, index: 12, mask: {7, }, error code: 22 error msg: Invalid argument. Specify the number of threads explicitly so the affinity is not set.[m
[1;31m2026-09-23 09:39:45.892791443 [E:onnxruntime:Default, env.cc:234 ThreadMain] pthread_setaffinity_np failed for thread: 1293301, index: 7, mask: {16, }, error code: 22 error msg: Invalid argument. Specify the number of threads explicitly so the affinity is not set.[m
[1;31m2026-09-23 09:39:45.893788716 [E:onnxruntime:Default, env.cc:234 ThreadMain] pthread_setaffinity_np failed for thread: 1293311, index: 17, mask: {17, }, error code: 22 error msg: Invalid argument. Specify the number of threads explicitly so the affinity is not set.[m
[1;31m2026-09-23 09:39:45.896786807 [E:onnxruntime:Default, env.cc:234 ThreadMain] pthread_setaffinity_np failed for thread: 1293303, index: 9, mask: {1, }, error code: 22 error msg: Invalid argument. Specify the number of threads explicitly so the affinity is not set.[m
[1;31m2026-09-23 09:39:45.897788091 [E:onnxruntime:Default, env.cc:234 ThreadMain] pthread_setaffinity_np failed for thread: 1293312, index: 18, mask: {19, }, error code: 22 error msg: Invalid argument. Specify the number of threads explicitly so the affinity is not set.[m
[1;31m2026-09-23 09:39:45.899028581 [E:onnxruntime:Default, env.cc:234 ThreadMain] pthread_setaffinity_np failed for thread: 1293302, index: 8, mask: {18, }, error code: 22 error msg: Invalid argument. Specify the number of threads explicitly so the affinity is not set.[m
[1;31m2026-09-23 09:39:45.902788411 [E:onnxruntime:Default, env.cc:234 ThreadMain] pthread_setaffinity_np failed for thread: 1293304, index: 10, mask: {3, }, error code: 22 error msg: Invalid argument. Specify the number of threads explicitly so the affinity is not set.[m
[1;31m2026-09-23 09:39:45.909799817 [E:onnxruntime:Default, env.cc:234 ThreadMain] pthread_setaffinity_np failed for thread: 1293248, index: 11, mask: {5, }, error code: 22 error msg: Invalid argument. Specify the number of threads explicitly so the affinity is not set.[m

=== traversal: variant=humanoid vx=0.4 24s  finish line x=4.70 ===
policy                 peak x  progress  outcome
randomized               5.15      5.15  FELL t= 13.0s x= 4.92 (on landing)
no_randomization         0.85      0.85  upright, stalled past carpet
push_trained             9.31      9.31  FINISHED the course
terrain_trained          4.42      4.42  upright, stalled past landing
REPO_CPU_EVAL_COMPLETE
