preflight OK 3.3.5
=== lab traverse biped seed 0 ===
=== lane height profile (ray-cast, y=0) ===
  x=-0.20  surface   0.8 cm  (   3% leg)  step  +0.8 cm  [carpet]
  x= 0.80  surface   0.0 cm  (   0% leg)  step  -0.8 cm  [floor]
  x= 0.90  surface   2.5 cm  (   9% leg)  step  +2.5 cm  [cable]
  x= 0.92  surface   0.0 cm  (   0% leg)  step  -2.5 cm  [floor]
  x= 1.64  surface   4.0 cm  (  14% leg)  step  +4.0 cm  [threshold]
  x= 1.78  surface   0.0 cm  (   0% leg)  step  -4.0 cm  [floor]
  x= 2.32  surface   2.1 cm  (   8% leg)  step  +2.1 cm  [ramp]
  x= 2.40  surface   2.7 cm  (   9% leg)  step  +0.5 cm  [ramp]
  x= 2.48  surface   3.2 cm  (  11% leg)  step  +0.5 cm  [ramp]
  x= 2.56  surface   3.7 cm  (  13% leg)  step  +0.5 cm  [ramp]
  x= 2.64  surface   4.2 cm  (  15% leg)  step  +0.5 cm  [ramp]
  x= 2.72  surface   4.7 cm  (  17% leg)  step  +0.5 cm  [ramp]
  x= 2.80  surface   5.3 cm  (  19% leg)  step  +0.5 cm  [ramp]
  x= 2.88  surface   5.8 cm  (  21% leg)  step  +0.5 cm  [ramp]
  x= 2.96  surface   6.3 cm  (  23% leg)  step  +0.5 cm  [ramp]
  x= 3.04  surface   6.8 cm  (  24% leg)  step  +0.5 cm  [ramp]
  x= 3.12  surface   7.4 cm  (  26% leg)  step  +0.5 cm  [ramp]
  x= 3.20  surface   7.9 cm  (  28% leg)  step  +0.5 cm  [ramp]
  x= 3.28  surface   8.4 cm  (  30% leg)  step  +0.5 cm  [ramp]
  x= 3.36  surface   8.9 cm  (  32% leg)  step  +0.5 cm  [ramp]
  x= 3.44  surface   9.5 cm  (  34% leg)  step  +0.5 cm  [ramp]
  x= 3.50  surface  10.5 cm  (  37% leg)  step  +1.0 cm  [landing]
  x= 4.70  surface   0.0 cm  (   0% leg)  step -10.5 cm  [floor]

=== features (leading edge, top) ===
  carpet      x -0.20 ->  0.80  top   0.8 cm (   3% leg)
  cable       x  0.89 ->  0.91  top   2.5 cm (   9% leg)
  threshold   x  1.63 ->  1.77  top   4.0 cm (  14% leg)
  ramp        x  2.30 ->  3.60  top  10.5 cm (  37% leg)
  landing     x  3.50 ->  4.70  top  10.5 cm (  37% leg)
[1;31m2026-09-23 09:37:08.396332322 [E:onnxruntime:Default, env.cc:234 ThreadMain] pthread_setaffinity_np failed for thread: 1289027, index: 0, mask: {2, }, error code: 22 error msg: Invalid argument. Specify the number of threads explicitly so the affinity is not set.[m
[1;31m2026-09-23 09:37:08.396980367 [E:onnxruntime:Default, env.cc:234 ThreadMain] pthread_setaffinity_np failed for thread: 1289037, index: 10, mask: {3, }, error code: 22 error msg: Invalid argument. Specify the number of threads explicitly so the affinity is not set.[m
[1;31m2026-09-23 09:37:08.397102586 [E:onnxruntime:Default, env.cc:234 ThreadMain] pthread_setaffinity_np failed for thread: 1289033, index: 6, mask: {14, }, error code: 22 error msg: Invalid argument. Specify the number of threads explicitly so the affinity is not set.[m
[1;31m2026-09-23 09:37:08.397133871 [E:onnxruntime:Default, env.cc:234 ThreadMain] pthread_setaffinity_np failed for thread: 1289028, index: 1, mask: {4, }, error code: 22 error msg: Invalid argument. Specify the number of threads explicitly so the affinity is not set.[m
[1;31m2026-09-23 09:37:08.410132897 [E:onnxruntime:Default, env.cc:234 ThreadMain] pthread_setaffinity_np failed for thread: 1289030, index: 3, mask: {8, }, error code: 22 error msg: Invalid argument. Specify the number of threads explicitly so the affinity is not set.[m
[1;31m2026-09-23 09:37:08.414745350 [E:onnxruntime:Default, env.cc:234 ThreadMain] pthread_setaffinity_np failed for thread: 1289041, index: 14, mask: {11, }, error code: 22 error msg: Invalid argument. Specify the number of threads explicitly so the affinity is not set.[m
[1;31m2026-09-23 09:37:08.397018665 [E:onnxruntime:Default, env.cc:234 ThreadMain] pthread_setaffinity_np failed for thread: 1289032, index: 5, mask: {12, }, error code: 22 error msg: Invalid argument. Specify the number of threads explicitly so the affinity is not set.[m
[1;31m2026-09-23 09:37:08.419801728 [E:onnxruntime:Default, env.cc:234 ThreadMain] pthread_setaffinity_np failed for thread: 1289042, index: 15, mask: {13, }, error code: 22 error msg: Invalid argument. Specify the number of threads explicitly so the affinity is not set.[m
[1;31m2026-09-23 09:37:08.397138695 [E:onnxruntime:Default, env.cc:234 ThreadMain] pthread_setaffinity_np failed for thread: 1289039, index: 12, mask: {7, }, error code: 22 error msg: Invalid argument. Specify the number of threads explicitly so the affinity is not set.[m
[1;31m2026-09-23 09:37:08.397166023 [E:onnxruntime:Default, env.cc:234 ThreadMain] pthread_setaffinity_np failed for thread: 1289038, index: 11, mask: {5, }, error code: 22 error msg: Invalid argument. Specify the number of threads explicitly so the affinity is not set.[m
[1;31m2026-09-23 09:37:08.397197428 [E:onnxruntime:Default, env.cc:234 ThreadMain] pthread_setaffinity_np failed for thread: 1289029, index: 2, mask: {6, }, error code: 22 error msg: Invalid argument. Specify the number of threads explicitly so the affinity is not set.[m
[1;31m2026-09-23 09:37:08.424796101 [E:onnxruntime:Default, env.cc:234 ThreadMain] pthread_setaffinity_np failed for thread: 1289043, index: 16, mask: {15, }, error code: 22 error msg: Invalid argument. Specify the number of threads explicitly so the affinity is not set.[m
[1;31m2026-09-23 09:37:08.396983185 [E:onnxruntime:Default, env.cc:234 ThreadMain] pthread_setaffinity_np failed for thread: 1289036, index: 9, mask: {1, }, error code: 22 error msg: Invalid argument. Specify the number of threads explicitly so the affinity is not set.[m
[1;31m2026-09-23 09:37:08.397237661 [E:onnxruntime:Default, env.cc:234 ThreadMain] pthread_setaffinity_np failed for thread: 1289031, index: 4, mask: {10, }, error code: 22 error msg: Invalid argument. Specify the number of threads explicitly so the affinity is not set.[m
Using ONNX runner
[1;31m2026-09-23 09:37:08.455378771 [E:onnxruntime:Default, env.cc:234 ThreadMain] pthread_setaffinity_np failed for thread: 1289040, index: 13, mask: {9, }, error code: 22 error msg: Invalid argument. Specify the number of threads explicitly so the affinity is not set.[m
[1;31m2026-09-23 09:37:08.459818898 [E:onnxruntime:Default, env.cc:234 ThreadMain] pthread_setaffinity_np failed for thread: 1289055, index: 9, mask: {1, }, error code: 22 error msg: Invalid argument. Specify the number of threads explicitly so the affinity is not set.[m
Using ONNX runner
[1;31m2026-09-23 09:37:08.463790043 [E:onnxruntime:Default, env.cc:234 ThreadMain] pthread_setaffinity_np failed for thread: 1289058, index: 12, mask: {7, }, error code: 22 error msg: Invalid argument. Specify the number of threads explicitly so the affinity is not set.[m
[1;31m2026-09-23 09:37:08.467793007 [E:onnxruntime:Default, env.cc:234 ThreadMain] pthread_setaffinity_np failed for thread: 1289059, index: 13, mask: {9, }, error code: 22 error msg: Invalid argument. Specify the number of threads explicitly so the affinity is not set.[m
[1;31m2026-09-23 09:37:08.470251762 [E:onnxruntime:Default, env.cc:234 ThreadMain] pthread_setaffinity_np failed for thread: 1289066, index: 1, mask: {4, }, error code: 22 error msg: Invalid argument. Specify the number of threads explicitly so the affinity is not set.[m
[1;31m2026-09-23 09:37:08.471805007 [E:onnxruntime:Default, env.cc:234 ThreadMain] pthread_setaffinity_np failed for thread: 1289060, index: 14, mask: {11, }, error code: 22 error msg: Invalid argument. Specify the number of threads explicitly so the affinity is not set.[m
[1;31m2026-09-23 09:37:08.471847189 [E:onnxruntime:Default, env.cc:234 ThreadMain] pthread_setaffinity_np failed for thread: 1289068, index: 3, mask: {8, }, error code: 22 error msg: Invalid argument. Specify the number of threads explicitly so the affinity is not set.[m
[1;31m2026-09-23 09:37:08.471824648 [E:onnxruntime:Default, env.cc:234 ThreadMain] pthread_setaffinity_np failed for thread: 1289067, index: 2, mask: {6, }, error code: 22 error msg: Invalid argument. Specify the number of threads explicitly so the affinity is not set.[m
[1;31m2026-09-23 09:37:08.472809063 [E:onnxruntime:Default, env.cc:234 ThreadMain] pthread_setaffinity_np failed for thread: 1289070, index: 5, mask: {12, }, error code: 22 error msg: Invalid argument. Specify the number of threads explicitly so the affinity is not set.[m
[1;31m2026-09-23 09:37:08.473927880 [E:onnxruntime:Default, env.cc:234 ThreadMain] pthread_setaffinity_np failed for thread: 1289052, index: 6, mask: {14, }, error code: 22 error msg: Invalid argument. Specify the number of threads explicitly so the affinity is not set.[m
[1;31m2026-09-23 09:37:08.475874212 [E:onnxruntime:Default, env.cc:234 ThreadMain] pthread_setaffinity_np failed for thread: 1289065, index: 0, mask: {2, }, error code: 22 error msg: Invalid argument. Specify the number of threads explicitly so the affinity is not set.[m
[1;31m2026-09-23 09:37:08.475828737 [E:onnxruntime:Default, env.cc:234 ThreadMain] pthread_setaffinity_np failed for thread: 1289069, index: 4, mask: {10, }, error code: 22 error msg: Invalid argument. Specify the number of threads explicitly so the affinity is not set.[m
Using ONNX runner[1;31m2026-09-23 09:37:08.475817256 [E:onnxruntime:Default, env.cc:234 ThreadMain] pthread_setaffinity_np failed for thread: 1289071, index: 6, mask: {14, }, error code: 22 error msg: Invalid argument. Specify the number of threads explicitly so the affinity is not set.[m

[1;31m2026-09-23 09:37:08.479789482 [E:onnxruntime:Default, env.cc:234 ThreadMain] pthread_setaffinity_np failed for thread: 1289046, index: 0, mask: {2, }, error code: 22 error msg: Invalid argument. Specify the number of threads explicitly so the affinity is not set.[m
[1;31m2026-09-23 09:37:08.479835378 [E:onnxruntime:Default, env.cc:234 ThreadMain] pthread_setaffinity_np failed for thread: 1289077, index: 12, mask: {7, }, error code: 22 error msg: Invalid argument. Specify the number of threads explicitly so the affinity is not set.[m
[1;31m2026-09-23 09:37:08.479859623 [E:onnxruntime:Default, env.cc:234 ThreadMain] pthread_setaffinity_np failed for thread: 1289079, index: 14, mask: {11, }, error code: 22 error msg: Invalid argument. Specify the number of threads explicitly so the affinity is not set.[m
Using ONNX runner
[1;31m2026-09-23 09:37:08.479880440 [E:onnxruntime:Default, env.cc:234 ThreadMain] pthread_setaffinity_np failed for thread: 1289081, index: 16, mask: {15, }, error code: 22 error msg: Invalid argument. Specify the number of threads explicitly so the affinity is not set.[m
[1;31m2026-09-23 09:37:08.479806564 [E:onnxruntime:Default, env.cc:234 ThreadMain] pthread_setaffinity_np failed for thread: 1289074, index: 9, mask: {1, }, error code: 22 error msg: Invalid argument. Specify the number of threads explicitly so the affinity is not set.[m
[1;31m2026-09-23 09:37:08.475906858 [E:onnxruntime:Default, env.cc:234 ThreadMain] pthread_setaffinity_np failed for thread: 1289047, index: 1, mask: {4, }, error code: 22 error msg: Invalid argument. Specify the number of threads explicitly so the affinity is not set.[m
[1;31m2026-09-23 09:37:08.479815528 [E:onnxruntime:Default, env.cc:234 ThreadMain] pthread_setaffinity_np failed for thread: 1289075, index: 10, mask: {3, }, error code: 22 error msg: Invalid argument. Specify the number of threads explicitly so the affinity is not set.[m
[1;31m2026-09-23 09:37:08.487819257 [E:onnxruntime:Default, env.cc:234 ThreadMain] pthread_setaffinity_np failed for thread: 1289056, index: 10, mask: {3, }, error code: 22 error msg: Invalid argument. Specify the number of threads explicitly so the affinity is not set.[m
[1;31m2026-09-23 09:37:08.541808431 [E:onnxruntime:Default, env.cc:234 ThreadMain] pthread_setaffinity_np failed for thread: 1289084, index: 0, mask: {2, }, error code: 22 error msg: Invalid argument. Specify the number of threads explicitly so the affinity is not set.[m
[1;31m2026-09-23 09:37:08.487842125 [E:onnxruntime:Default, env.cc:234 ThreadMain] pthread_setaffinity_np failed for thread: 1289057, index: 11, mask: {5, }, error code: 22 error msg: Invalid argument. Specify the number of threads explicitly so the affinity is not set.[m
[1;31m2026-09-23 09:37:08.545789867 [E:onnxruntime:Default, env.cc:234 ThreadMain] pthread_setaffinity_np failed for thread: 1289085, index: 1, mask: {4, }, error code: 22 error msg: Invalid argument. Specify the number of threads explicitly so the affinity is not set.[m
[1;31m2026-09-23 09:37:08.487867296 [E:onnxruntime:Default, env.cc:234 ThreadMain] pthread_setaffinity_np failed for thread: 1289061, index: 15, mask: {13, }, error code: 22 error msg: Invalid argument. Specify the number of threads explicitly so the affinity is not set.[m
[1;31m2026-09-23 09:37:08.495791814 [E:onnxruntime:Default, env.cc:234 ThreadMain] pthread_setaffinity_np failed for thread: 1289078, index: 13, mask: {9, }, error code: 22 error msg: Invalid argument. Specify the number of threads explicitly so the affinity is not set.[m
[1;31m2026-09-23 09:37:08.547851373 [E:onnxruntime:Default, env.cc:234 ThreadMain] pthread_setaffinity_np failed for thread: 1289094, index: 10, mask: {3, }, error code: 22 error msg: Invalid argument. Specify the number of threads explicitly so the affinity is not set.[m
[1;31m2026-09-23 09:37:08.549800140 [E:onnxruntime:Default, env.cc:234 ThreadMain] pthread_setaffinity_np failed for thread: 1289086, index: 2, mask: {6, }, error code: 22 error msg: Invalid argument. Specify the number of threads explicitly so the affinity is not set.[m
[1;31m2026-09-23 09:37:08.483838692 [E:onnxruntime:Default, env.cc:234 ThreadMain] pthread_setaffinity_np failed for thread: 1289076, index: 11, mask: {5, }, error code: 22 error msg: Invalid argument. Specify the number of threads explicitly so the affinity is not set.[m
[1;31m2026-09-23 09:37:08.606791602 [E:onnxruntime:Default, env.cc:234 ThreadMain] pthread_setaffinity_np failed for thread: 1289090, index: 6, mask: {14, }, error code: 22 error msg: Invalid argument. Specify the number of threads explicitly so the affinity is not set.[m
[1;31m2026-09-23 09:37:08.483842665 [E:onnxruntime:Default, env.cc:234 ThreadMain] pthread_setaffinity_np failed for thread: 1289048, index: 2, mask: {6, }, error code: 22 error msg: Invalid argument. Specify the number of threads explicitly so the affinity is not set.[m
[1;31m2026-09-23 09:37:08.499819331 [E:onnxruntime:Default, env.cc:234 ThreadMain] pthread_setaffinity_np failed for thread: 1289062, index: 16, mask: {15, }, error code: 22 error msg: Invalid argument. Specify the number of threads explicitly so the affinity is not set.[m
[1;31m2026-09-23 09:37:08.499839193 [E:onnxruntime:Default, env.cc:234 ThreadMain] pthread_setaffinity_np failed for thread: 1289080, index: 15, mask: {13, }, error code: 22 error msg: Invalid argument. Specify the number of threads explicitly so the affinity is not set.[m
[1;31m2026-09-23 09:37:08.511781109 [E:onnxruntime:Default, env.cc:234 ThreadMain] pthread_setaffinity_np failed for thread: 1289051, index: 5, mask: {12, }, error code: 22 error msg: Invalid argument. Specify the number of threads explicitly so the affinity is not set.[m
[1;31m2026-09-23 09:37:08.511802982 [E:onnxruntime:Default, env.cc:234 ThreadMain] pthread_setaffinity_np failed for thread: 1289050, index: 4, mask: {10, }, error code: 22 error msg: Invalid argument. Specify the number of threads explicitly so the affinity is not set.[m
[1;31m2026-09-23 09:37:08.547826750 [E:onnxruntime:Default, env.cc:234 ThreadMain] pthread_setaffinity_np failed for thread: 1289093, index: 9, mask: {1, }, error code: 22 error msg: Invalid argument. Specify the number of threads explicitly so the affinity is not set.[m
[1;31m2026-09-23 09:37:08.551793964 [E:onnxruntime:Default, env.cc:234 ThreadMain] pthread_setaffinity_np failed for thread: 1289099, index: 15, mask: {13, }, error code: 22 error msg: Invalid argument. Specify the number of threads explicitly so the affinity is not set.[m
[1;31m2026-09-23 09:37:08.551821326 [E:onnxruntime:Default, env.cc:234 ThreadMain] pthread_setaffinity_np failed for thread: 1289100, index: 16, mask: {15, }, error code: 22 error msg: Invalid argument. Specify the number of threads explicitly so the affinity is not set.[m
[1;31m2026-09-23 09:37:08.553789912 [E:onnxruntime:Default, env.cc:234 ThreadMain] pthread_setaffinity_np failed for thread: 1289087, index: 3, mask: {8, }, error code: 22 error msg: Invalid argument. Specify the number of threads explicitly so the affinity is not set.[m
[1;31m2026-09-23 09:37:08.553812918 [E:onnxruntime:Default, env.cc:234 ThreadMain] pthread_setaffinity_np failed for thread: 1289088, index: 4, mask: {10, }, error code: 22 error msg: Invalid argument. Specify the number of threads explicitly so the affinity is not set.[m
[1;31m2026-09-23 09:37:08.553835059 [E:onnxruntime:Default, env.cc:234 ThreadMain] pthread_setaffinity_np failed for thread: 1289089, index: 5, mask: {12, }, error code: 22 error msg: Invalid argument. Specify the number of threads explicitly so the affinity is not set.[m
[1;31m2026-09-23 09:37:08.553855239 [E:onnxruntime:Default, env.cc:234 ThreadMain] pthread_setaffinity_np failed for thread: 1289095, index: 11, mask: {5, }, error code: 22 error msg: Invalid argument. Specify the number of threads explicitly so the affinity is not set.[m
[1;31m2026-09-23 09:37:08.553877197 [E:onnxruntime:Default, env.cc:234 ThreadMain] pthread_setaffinity_np failed for thread: 1289096, index: 12, mask: {7, }, error code: 22 error msg: Invalid argument. Specify the number of threads explicitly so the affinity is not set.[m
[1;31m2026-09-23 09:37:08.553895862 [E:onnxruntime:Default, env.cc:234 ThreadMain] pthread_setaffinity_np failed for thread: 1289097, index: 13, mask: {9, }, error code: 22 error msg: Invalid argument. Specify the number of threads explicitly so the affinity is not set.[m
[1;31m2026-09-23 09:37:08.553916840 [E:onnxruntime:Default, env.cc:234 ThreadMain] pthread_setaffinity_np failed for thread: 1289098, index: 14, mask: {11, }, error code: 22 error msg: Invalid argument. Specify the number of threads explicitly so the affinity is not set.[m
[1;31m2026-09-23 09:37:08.483832506 [E:onnxruntime:Default, env.cc:234 ThreadMain] pthread_setaffinity_np failed for thread: 1289049, index: 3, mask: {8, }, error code: 22 error msg: Invalid argument. Specify the number of threads explicitly so the affinity is not set.[m

=== traversal: variant=biped vx=0.4 24s  finish line x=4.70 ===
policy                 peak x  progress  outcome
randomized               1.66      1.66  FELL t=  6.0s x= 1.43 (on cable)
no_randomization         1.18      1.18  FELL t=  3.4s x= 0.90 (on cable)
push_trained             1.46      1.46  FELL t= 13.8s x= 1.01 (on cable)
terrain_trained          5.31      5.31  FELL t= 17.4s x= 4.98 (on landing)
=== lab traverse biped seed 1 ===
=== lane height profile (ray-cast, y=0) ===
  x=-0.20  surface   0.8 cm  (   3% leg)  step  +0.8 cm  [carpet]
  x= 0.80  surface   0.0 cm  (   0% leg)  step  -0.8 cm  [floor]
  x= 0.90  surface   2.5 cm  (   9% leg)  step  +2.5 cm  [cable]
  x= 0.92  surface   0.0 cm  (   0% leg)  step  -2.5 cm  [floor]
  x= 1.64  surface   4.0 cm  (  14% leg)  step  +4.0 cm  [threshold]
  x= 1.78  surface   0.0 cm  (   0% leg)  step  -4.0 cm  [floor]
  x= 2.32  surface   2.1 cm  (   8% leg)  step  +2.1 cm  [ramp]
  x= 2.40  surface   2.7 cm  (   9% leg)  step  +0.5 cm  [ramp]
  x= 2.48  surface   3.2 cm  (  11% leg)  step  +0.5 cm  [ramp]
  x= 2.56  surface   3.7 cm  (  13% leg)  step  +0.5 cm  [ramp]
  x= 2.64  surface   4.2 cm  (  15% leg)  step  +0.5 cm  [ramp]
  x= 2.72  surface   4.7 cm  (  17% leg)  step  +0.5 cm  [ramp]
  x= 2.80  surface   5.3 cm  (  19% leg)  step  +0.5 cm  [ramp]
  x= 2.88  surface   5.8 cm  (  21% leg)  step  +0.5 cm  [ramp]
  x= 2.96  surface   6.3 cm  (  23% leg)  step  +0.5 cm  [ramp]
  x= 3.04  surface   6.8 cm  (  24% leg)  step  +0.5 cm  [ramp]
  x= 3.12  surface   7.4 cm  (  26% leg)  step  +0.5 cm  [ramp]
  x= 3.20  surface   7.9 cm  (  28% leg)  step  +0.5 cm  [ramp]
  x= 3.28  surface   8.4 cm  (  30% leg)  step  +0.5 cm  [ramp]
  x= 3.36  surface   8.9 cm  (  32% leg)  step  +0.5 cm  [ramp]
  x= 3.44  surface   9.5 cm  (  34% leg)  step  +0.5 cm  [ramp]
  x= 3.50  surface  10.5 cm  (  37% leg)  step  +1.0 cm  [landing]
  x= 4.70  surface   0.0 cm  (   0% leg)  step -10.5 cm  [floor]

=== features (leading edge, top) ===
  carpet      x -0.20 ->  0.80  top   0.8 cm (   3% leg)
  cable       x  0.89 ->  0.91  top   2.5 cm (   9% leg)
  threshold   x  1.63 ->  1.77  top   4.0 cm (  14% leg)
  ramp        x  2.30 ->  3.60  top  10.5 cm (  37% leg)
  landing     x  3.50 ->  4.70  top  10.5 cm (  37% leg)
[1;31m2026-09-23 09:37:36.378168624 [E:onnxruntime:Default, env.cc:234 ThreadMain] pthread_setaffinity_np failed for thread: 1289812, index: 0, mask: {2, }, error code: 22 error msg: Invalid argument. Specify the number of threads explicitly so the affinity is not set.[m
[1;31m2026-09-23 09:37:36.378296825 [E:onnxruntime:Default, env.cc:234 ThreadMain] pthread_setaffinity_np failed for thread: 1289814, index: 2, mask: {6, }, error code: 22 error msg: Invalid argument. Specify the number of threads explicitly so the affinity is not set.[m
[1;31m2026-09-23 09:37:36.378282321 [E:onnxruntime:Default, env.cc:234 ThreadMain] pthread_setaffinity_np failed for thread: 1289818, index: 6, mask: {14, }, error code: 22 error msg: Invalid argument. Specify the number of threads explicitly so the affinity is not set.[m
[1;31m2026-09-23 09:37:36.378349245 [E:onnxruntime:Default, env.cc:234 ThreadMain] pthread_setaffinity_np failed for thread: 1289817, index: 5, mask: {12, }, error code: 22 error msg: Invalid argument. Specify the number of threads explicitly so the affinity is not set.[m
[1;31m2026-09-23 09:37:36.378320906 [E:onnxruntime:Default, env.cc:234 ThreadMain] pthread_setaffinity_np failed for thread: 1289813, index: 1, mask: {4, }, error code: 22 error msg: Invalid argument. Specify the number of threads explicitly so the affinity is not set.[m
[1;31m2026-09-23 09:37:36.395905436 [E:onnxruntime:Default, env.cc:234 ThreadMain] pthread_setaffinity_np failed for thread: 1289816, index: 4, mask: {10, }, error code: 22 error msg: Invalid argument. Specify the number of threads explicitly so the affinity is not set.[m
[1;31m2026-09-23 09:37:36.378773556 [E:onnxruntime:Default, env.cc:234 ThreadMain] pthread_setaffinity_np failed for thread: 1289815, index: 3, mask: {8, }, error code: 22 error msg: Invalid argument. Specify the number of threads explicitly so the affinity is not set.[m
[1;31m2026-09-23 09:37:36.400793931 [E:onnxruntime:Default, env.cc:234 ThreadMain] pthread_setaffinity_np failed for thread: 1289828, index: 16, mask: {15, }, error code: 22 error msg: Invalid argument. Specify the number of threads explicitly so the affinity is not set.[m
Using ONNX runner
Using ONNX runner
[1;31m2026-09-23 09:37:36.412790502 [E:onnxruntime:Default, env.cc:234 ThreadMain] pthread_setaffinity_np failed for thread: 1289834, index: 3, mask: {8, }, error code: 22 error msg: Invalid argument. Specify the number of threads explicitly so the affinity is not set.[m
[1;31m2026-09-23 09:37:36.414531268 [E:onnxruntime:Default, env.cc:234 ThreadMain] pthread_setaffinity_np failed for thread: 1289846, index: 15, mask: {13, }, error code: 22 error msg: Invalid argument. Specify the number of threads explicitly so the affinity is not set.[m
Using ONNX runner
[1;31m2026-09-23 09:37:36.416834554 [E:onnxruntime:Default, env.cc:234 ThreadMain] pthread_setaffinity_np failed for thread: 1289835, index: 4, mask: {10, }, error code: 22 error msg: Invalid argument. Specify the number of threads explicitly so the affinity is not set.[m
[1;31m2026-09-23 09:37:36.416987213 [E:onnxruntime:Default, env.cc:234 ThreadMain] pthread_setaffinity_np failed for thread: 1289847, index: 16, mask: {15, }, error code: 22 error msg: Invalid argument. Specify the number of threads explicitly so the affinity is not set.[m
[1;31m2026-09-23 09:37:36.417794064 [E:onnxruntime:Default, env.cc:234 ThreadMain] pthread_setaffinity_np failed for thread: 1289845, index: 14, mask: {11, }, error code: 22 error msg: Invalid argument. Specify the number of threads explicitly so the affinity is not set.[m
[1;31m2026-09-23 09:37:36.420802506 [E:onnxruntime:Default, env.cc:234 ThreadMain] pthread_setaffinity_np failed for thread: 1289841, index: 10, mask: {3, }, error code: 22 error msg: Invalid argument. Specify the number of threads explicitly so the affinity is not set.[m
[1;31m2026-09-23 09:37:36.420785828 [E:onnxruntime:Default, env.cc:234 ThreadMain] pthread_setaffinity_np failed for thread: 1289836, index: 5, mask: {12, }, error code: 22 error msg: Invalid argument. Specify the number of threads explicitly so the affinity is not set.[m
[1;31m2026-09-23 09:37:36.432922601 [E:onnxruntime:Default, env.cc:234 ThreadMain] pthread_setaffinity_np failed for thread: 1289855, index: 5, mask: {12, }, error code: 22 error msg: Invalid argument. Specify the number of threads explicitly so the affinity is not set.[m
[1;31m2026-09-23 09:37:36.428824852 [E:onnxruntime:Default, env.cc:234 ThreadMain] pthread_setaffinity_np failed for thread: 1289862, index: 12, mask: {7, }, error code: 22 error msg: Invalid argument. Specify the number of threads explicitly so the affinity is not set.[m
Using ONNX runner
[1;31m2026-09-23 09:37:36.421531516 [E:onnxruntime:Default, env.cc:234 ThreadMain] pthread_setaffinity_np failed for thread: 1289842, index: 11, mask: {5, }, error code: 22 error msg: Invalid argument. Specify the number of threads explicitly so the affinity is not set.[m
[1;31m2026-09-23 09:37:36.428868703 [E:onnxruntime:Default, env.cc:234 ThreadMain] pthread_setaffinity_np failed for thread: 1289840, index: 9, mask: {1, }, error code: 22 error msg: Invalid argument. Specify the number of threads explicitly so the affinity is not set.[m
[1;31m2026-09-23 09:37:36.432942660 [E:onnxruntime:Default, env.cc:234 ThreadMain] pthread_setaffinity_np failed for thread: 1289856, index: 6, mask: {14, }, error code: 22 error msg: Invalid argument. Specify the number of threads explicitly so the affinity is not set.[m
[1;31m2026-09-23 09:37:36.432990171 [E:onnxruntime:Default, env.cc:234 ThreadMain] pthread_setaffinity_np failed for thread: 1289859, index: 9, mask: {1, }, error code: 22 error msg: Invalid argument. Specify the number of threads explicitly so the affinity is not set.[m
[1;31m2026-09-23 09:37:36.433012823 [E:onnxruntime:Default, env.cc:234 ThreadMain] pthread_setaffinity_np failed for thread: 1289860, index: 10, mask: {3, }, error code: 22 error msg: Invalid argument. Specify the number of threads explicitly so the affinity is not set.[m
[1;31m2026-09-23 09:37:36.433032201 [E:onnxruntime:Default, env.cc:234 ThreadMain] pthread_setaffinity_np failed for thread: 1289861, index: 11, mask: {5, }, error code: 22 error msg: Invalid argument. Specify the number of threads explicitly so the affinity is not set.[m
[1;31m2026-09-23 09:37:36.433823725 [E:onnxruntime:Default, env.cc:234 ThreadMain] pthread_setaffinity_np failed for thread: 1289833, index: 2, mask: {6, }, error code: 22 error msg: Invalid argument. Specify the number of threads explicitly so the affinity is not set.[m
[1;31m2026-09-23 09:37:36.433843884 [E:onnxruntime:Default, env.cc:234 ThreadMain] pthread_setaffinity_np failed for thread: 1289832, index: 1, mask: {4, }, error code: 22 error msg: Invalid argument. Specify the number of threads explicitly so the affinity is not set.[m
[1;31m2026-09-23 09:37:36.433862522 [E:onnxruntime:Default, env.cc:234 ThreadMain] pthread_setaffinity_np failed for thread: 1289831, index: 0, mask: {2, }, error code: 22 error msg: Invalid argument. Specify the number of threads explicitly so the affinity is not set.[m
[1;31m2026-09-23 09:37:36.433881638 [E:onnxruntime:Default, env.cc:234 ThreadMain] pthread_setaffinity_np failed for thread: 1289827, index: 15, mask: {13, }, error code: 22 error msg: Invalid argument. Specify the number of threads explicitly so the affinity is not set.[m
[1;31m2026-09-23 09:37:36.433901388 [E:onnxruntime:Default, env.cc:234 ThreadMain] pthread_setaffinity_np failed for thread: 1289826, index: 14, mask: {11, }, error code: 22 error msg: Invalid argument. Specify the number of threads explicitly so the affinity is not set.[m
[1;31m2026-09-23 09:37:36.433920685 [E:onnxruntime:Default, env.cc:234 ThreadMain] pthread_setaffinity_np failed for thread: 1289825, index: 13, mask: {9, }, error code: 22 error msg: Invalid argument. Specify the number of threads explicitly so the affinity is not set.[m
[1;31m2026-09-23 09:37:36.436786038 [E:onnxruntime:Default, env.cc:234 ThreadMain] pthread_setaffinity_np failed for thread: 1289821, index: 9, mask: {1, }, error code: 22 error msg: Invalid argument. Specify the number of threads explicitly so the affinity is not set.[m
[1;31m2026-09-23 09:37:36.436811267 [E:onnxruntime:Default, env.cc:234 ThreadMain] pthread_setaffinity_np failed for thread: 1289822, index: 10, mask: {3, }, error code: 22 error msg: Invalid argument. Specify the number of threads explicitly so the affinity is not set.[m
[1;31m2026-09-23 09:37:36.438794713 [E:onnxruntime:Default, env.cc:234 ThreadMain] pthread_setaffinity_np failed for thread: 1289870, index: 1, mask: {4, }, error code: 22 error msg: Invalid argument. Specify the number of threads explicitly so the affinity is not set.[m
[1;31m2026-09-23 09:37:36.438817203 [E:onnxruntime:Default, env.cc:234 ThreadMain] pthread_setaffinity_np failed for thread: 1289871, index: 2, mask: {6, }, error code: 22 error msg: Invalid argument. Specify the number of threads explicitly so the affinity is not set.[m
[1;31m2026-09-23 09:37:36.438836367 [E:onnxruntime:Default, env.cc:234 ThreadMain] pthread_setaffinity_np failed for thread: 1289872, index: 3, mask: {8, }, error code: 22 error msg: Invalid argument. Specify the number of threads explicitly so the affinity is not set.[m
[1;31m2026-09-23 09:37:36.438857660 [E:onnxruntime:Default, env.cc:234 ThreadMain] pthread_setaffinity_np failed for thread: 1289873, index: 4, mask: {10, }, error code: 22 error msg: Invalid argument. Specify the number of threads explicitly so the affinity is not set.[m
[1;31m2026-09-23 09:37:36.438876289 [E:onnxruntime:Default, env.cc:234 ThreadMain] pthread_setaffinity_np failed for thread: 1289874, index: 5, mask: {12, }, error code: 22 error msg: Invalid argument. Specify the number of threads explicitly so the affinity is not set.[m
[1;31m2026-09-23 09:37:36.438894556 [E:onnxruntime:Default, env.cc:234 ThreadMain] pthread_setaffinity_np failed for thread: 1289875, index: 6, mask: {14, }, error code: 22 error msg: Invalid argument. Specify the number of threads explicitly so the affinity is not set.[m
[1;31m2026-09-23 09:37:36.433795662 [E:onnxruntime:Default, env.cc:234 ThreadMain] pthread_setaffinity_np failed for thread: 1289837, index: 6, mask: {14, }, error code: 22 error msg: Invalid argument. Specify the number of threads explicitly so the affinity is not set.[m
[1;31m2026-09-23 09:37:36.432932104 [E:onnxruntime:Default, env.cc:234 ThreadMain] pthread_setaffinity_np failed for thread: 1289885, index: 16, mask: {15, }, error code: 22 error msg: Invalid argument. Specify the number of threads explicitly so the affinity is not set.[m
[1;31m2026-09-23 09:37:36.432891765 [E:onnxruntime:Default, env.cc:234 ThreadMain] pthread_setaffinity_np failed for thread: 1289883, index: 14, mask: {11, }, error code: 22 error msg: Invalid argument. Specify the number of threads explicitly so the affinity is not set.[m
[1;31m2026-09-23 09:37:36.432850017 [E:onnxruntime:Default, env.cc:234 ThreadMain] pthread_setaffinity_np failed for thread: 1289881, index: 12, mask: {7, }, error code: 22 error msg: Invalid argument. Specify the number of threads explicitly so the affinity is not set.[m
[1;31m2026-09-23 09:37:36.432912606 [E:onnxruntime:Default, env.cc:234 ThreadMain] pthread_setaffinity_np failed for thread: 1289884, index: 15, mask: {13, }, error code: 22 error msg: Invalid argument. Specify the number of threads explicitly so the affinity is not set.[m
[1;31m2026-09-23 09:37:36.432871303 [E:onnxruntime:Default, env.cc:234 ThreadMain] pthread_setaffinity_np failed for thread: 1289882, index: 13, mask: {9, }, error code: 22 error msg: Invalid argument. Specify the number of threads explicitly so the affinity is not set.[m
[1;31m2026-09-23 09:37:36.432829470 [E:onnxruntime:Default, env.cc:234 ThreadMain] pthread_setaffinity_np failed for thread: 1289880, index: 11, mask: {5, }, error code: 22 error msg: Invalid argument. Specify the number of threads explicitly so the affinity is not set.[m
[1;31m2026-09-23 09:37:36.432806111 [E:onnxruntime:Default, env.cc:234 ThreadMain] pthread_setaffinity_np failed for thread: 1289879, index: 10, mask: {3, }, error code: 22 error msg: Invalid argument. Specify the number of threads explicitly so the affinity is not set.[m
[1;31m2026-09-23 09:37:36.428845478 [E:onnxruntime:Default, env.cc:234 ThreadMain] pthread_setaffinity_np failed for thread: 1289844, index: 13, mask: {9, }, error code: 22 error msg: Invalid argument. Specify the number of threads explicitly so the affinity is not set.[m
[1;31m2026-09-23 09:37:36.432902664 [E:onnxruntime:Default, env.cc:234 ThreadMain] pthread_setaffinity_np failed for thread: 1289854, index: 4, mask: {10, }, error code: 22 error msg: Invalid argument. Specify the number of threads explicitly so the affinity is not set.[m
[1;31m2026-09-23 09:37:36.432860657 [E:onnxruntime:Default, env.cc:234 ThreadMain] pthread_setaffinity_np failed for thread: 1289852, index: 2, mask: {6, }, error code: 22 error msg: Invalid argument. Specify the number of threads explicitly so the affinity is not set.[m
[1;31m2026-09-23 09:37:36.432882611 [E:onnxruntime:Default, env.cc:234 ThreadMain] pthread_setaffinity_np failed for thread: 1289853, index: 3, mask: {8, }, error code: 22 error msg: Invalid argument. Specify the number of threads explicitly so the affinity is not set.[m
[1;31m2026-09-23 09:37:36.432839705 [E:onnxruntime:Default, env.cc:234 ThreadMain] pthread_setaffinity_np failed for thread: 1289851, index: 1, mask: {4, }, error code: 22 error msg: Invalid argument. Specify the number of threads explicitly so the affinity is not set.[m
[1;31m2026-09-23 09:37:36.432815320 [E:onnxruntime:Default, env.cc:234 ThreadMain] pthread_setaffinity_np failed for thread: 1289850, index: 0, mask: {2, }, error code: 22 error msg: Invalid argument. Specify the number of threads explicitly so the affinity is not set.[m
[1;31m2026-09-23 09:37:36.421554781 [E:onnxruntime:Default, env.cc:234 ThreadMain] pthread_setaffinity_np failed for thread: 1289843, index: 12, mask: {7, }, error code: 22 error msg: Invalid argument. Specify the number of threads explicitly so the affinity is not set.[m
[1;31m2026-09-23 09:37:36.451795199 [E:onnxruntime:Default, env.cc:234 ThreadMain] pthread_setaffinity_np failed for thread: 1289823, index: 11, mask: {5, }, error code: 22 error msg: Invalid argument. Specify the number of threads explicitly so the affinity is not set.[m
[1;31m2026-09-23 09:37:36.455799146 [E:onnxruntime:Default, env.cc:234 ThreadMain] pthread_setaffinity_np failed for thread: 1289863, index: 13, mask: {9, }, error code: 22 error msg: Invalid argument. Specify the number of threads explicitly so the affinity is not set.[m
[1;31m2026-09-23 09:37:36.455821580 [E:onnxruntime:Default, env.cc:234 ThreadMain] pthread_setaffinity_np failed for thread: 1289864, index: 14, mask: {11, }, error code: 22 error msg: Invalid argument. Specify the number of threads explicitly so the affinity is not set.[m
[1;31m2026-09-23 09:37:36.455839386 [E:onnxruntime:Default, env.cc:234 ThreadMain] pthread_setaffinity_np failed for thread: 1289865, index: 15, mask: {13, }, error code: 22 error msg: Invalid argument. Specify the number of threads explicitly so the affinity is not set.[m
[1;31m2026-09-23 09:37:36.455858547 [E:onnxruntime:Default, env.cc:234 ThreadMain] pthread_setaffinity_np failed for thread: 1289866, index: 16, mask: {15, }, error code: 22 error msg: Invalid argument. Specify the number of threads explicitly so the affinity is not set.[m
[1;31m2026-09-23 09:37:36.460788463 [E:onnxruntime:Default, env.cc:234 ThreadMain] pthread_setaffinity_np failed for thread: 1289869, index: 0, mask: {2, }, error code: 22 error msg: Invalid argument. Specify the number of threads explicitly so the affinity is not set.[m
[1;31m2026-09-23 09:37:36.460806303 [E:onnxruntime:Default, env.cc:234 ThreadMain] pthread_setaffinity_np failed for thread: 1289824, index: 12, mask: {7, }, error code: 22 error msg: Invalid argument. Specify the number of threads explicitly so the affinity is not set.[m
[1;31m2026-09-23 09:37:36.472805782 [E:onnxruntime:Default, env.cc:234 ThreadMain] pthread_setaffinity_np failed for thread: 1289878, index: 9, mask: {1, }, error code: 22 error msg: Invalid argument. Specify the number of threads explicitly so the affinity is not set.[m

=== traversal: variant=biped vx=0.4 24s  finish line x=4.70 ===
policy                 peak x  progress  outcome
randomized               1.74      1.74  FELL t=  6.2s x= 1.60 (on cable)
no_randomization         1.82      1.82  FELL t=  3.4s x= 0.91 (on cable)
push_trained             1.65      1.65  FELL t=  6.3s x= 1.36 (on cable)
terrain_trained          3.68      3.68  FELL t= 11.6s x= 3.36 (on ramp)
=== lab traverse biped seed 2 ===
=== lane height profile (ray-cast, y=0) ===
  x=-0.20  surface   0.8 cm  (   3% leg)  step  +0.8 cm  [carpet]
  x= 0.80  surface   0.0 cm  (   0% leg)  step  -0.8 cm  [floor]
  x= 0.90  surface   2.5 cm  (   9% leg)  step  +2.5 cm  [cable]
  x= 0.92  surface   0.0 cm  (   0% leg)  step  -2.5 cm  [floor]
  x= 1.64  surface   4.0 cm  (  14% leg)  step  +4.0 cm  [threshold]
  x= 1.78  surface   0.0 cm  (   0% leg)  step  -4.0 cm  [floor]
  x= 2.32  surface   2.1 cm  (   8% leg)  step  +2.1 cm  [ramp]
  x= 2.40  surface   2.7 cm  (   9% leg)  step  +0.5 cm  [ramp]
  x= 2.48  surface   3.2 cm  (  11% leg)  step  +0.5 cm  [ramp]
  x= 2.56  surface   3.7 cm  (  13% leg)  step  +0.5 cm  [ramp]
  x= 2.64  surface   4.2 cm  (  15% leg)  step  +0.5 cm  [ramp]
  x= 2.72  surface   4.7 cm  (  17% leg)  step  +0.5 cm  [ramp]
  x= 2.80  surface   5.3 cm  (  19% leg)  step  +0.5 cm  [ramp]
  x= 2.88  surface   5.8 cm  (  21% leg)  step  +0.5 cm  [ramp]
  x= 2.96  surface   6.3 cm  (  23% leg)  step  +0.5 cm  [ramp]
  x= 3.04  surface   6.8 cm  (  24% leg)  step  +0.5 cm  [ramp]
  x= 3.12  surface   7.4 cm  (  26% leg)  step  +0.5 cm  [ramp]
  x= 3.20  surface   7.9 cm  (  28% leg)  step  +0.5 cm  [ramp]
  x= 3.28  surface   8.4 cm  (  30% leg)  step  +0.5 cm  [ramp]
  x= 3.36  surface   8.9 cm  (  32% leg)  step  +0.5 cm  [ramp]
  x= 3.44  surface   9.5 cm  (  34% leg)  step  +0.5 cm  [ramp]
  x= 3.50  surface  10.5 cm  (  37% leg)  step  +1.0 cm  [landing]
  x= 4.70  surface   0.0 cm  (   0% leg)  step -10.5 cm  [floor]

=== features (leading edge, top) ===
  carpet      x -0.20 ->  0.80  top   0.8 cm (   3% leg)
  cable       x  0.89 ->  0.91  top   2.5 cm (   9% leg)
  threshold   x  1.63 ->  1.77  top   4.0 cm (  14% leg)
  ramp        x  2.30 ->  3.60  top  10.5 cm (  37% leg)
  landing     x  3.50 ->  4.70  top  10.5 cm (  37% leg)
[1;31m2026-09-23 09:38:05.238875683 [E:onnxruntime:Default, env.cc:234 ThreadMain] pthread_setaffinity_np failed for thread: 1290604, index: 0, mask: {2, }, error code: 22 error msg: Invalid argument. Specify the number of threads explicitly so the affinity is not set.[m
[1;31m2026-09-23 09:38:05.239799973 [E:onnxruntime:Default, env.cc:234 ThreadMain] pthread_setaffinity_np failed for thread: 1290613, index: 9, mask: {1, }, error code: 22 error msg: Invalid argument. Specify the number of threads explicitly so the affinity is not set.[m
[1;31m2026-09-23 09:38:05.239868878 [E:onnxruntime:Default, env.cc:234 ThreadMain] pthread_setaffinity_np failed for thread: 1290614, index: 10, mask: {3, }, error code: 22 error msg: Invalid argument. Specify the number of threads explicitly so the affinity is not set.[m
[1;31m2026-09-23 09:38:05.239879645 [E:onnxruntime:Default, env.cc:234 ThreadMain] pthread_setaffinity_np failed for thread: 1290607, index: 3, mask: {8, }, error code: 22 error msg: Invalid argument. Specify the number of threads explicitly so the affinity is not set.[m
[1;31m2026-09-23 09:38:05.241805308 [E:onnxruntime:Default, env.cc:234 ThreadMain] pthread_setaffinity_np failed for thread: 1290615, index: 11, mask: {5, }, error code: 22 error msg: Invalid argument. Specify the number of threads explicitly so the affinity is not set.[m
[1;31m2026-09-23 09:38:05.239925594 [E:onnxruntime:Default, env.cc:234 ThreadMain] pthread_setaffinity_np failed for thread: 1290608, index: 4, mask: {10, }, error code: 22 error msg: Invalid argument. Specify the number of threads explicitly so the affinity is not set.[m
[1;31m2026-09-23 09:38:05.245836349 [E:onnxruntime:Default, env.cc:234 ThreadMain] pthread_setaffinity_np failed for thread: 1290617, index: 13, mask: {9, }, error code: 22 error msg: Invalid argument. Specify the number of threads explicitly so the affinity is not set.[m
[1;31m2026-09-23 09:38:05.249806423 [E:onnxruntime:Default, env.cc:234 ThreadMain] pthread_setaffinity_np failed for thread: 1290618, index: 14, mask: {11, }, error code: 22 error msg: Invalid argument. Specify the number of threads explicitly so the affinity is not set.[m
[1;31m2026-09-23 09:38:05.249839295 [E:onnxruntime:Default, env.cc:234 ThreadMain] pthread_setaffinity_np failed for thread: 1290609, index: 5, mask: {12, }, error code: 22 error msg: Invalid argument. Specify the number of threads explicitly so the affinity is not set.[m
[1;31m2026-09-23 09:38:05.249848491 [E:onnxruntime:Default, env.cc:234 ThreadMain] pthread_setaffinity_np failed for thread: 1290619, index: 15, mask: {13, }, error code: 22 error msg: Invalid argument. Specify the number of threads explicitly so the affinity is not set.[m
Using ONNX runner
[1;31m2026-09-23 09:38:05.245804739 [E:onnxruntime:Default, env.cc:234 ThreadMain] pthread_setaffinity_np failed for thread: 1290610, index: 6, mask: {14, }, error code: 22 error msg: Invalid argument. Specify the number of threads explicitly so the affinity is not set.[m
[1;31m2026-09-23 09:38:05.250798352 [E:onnxruntime:Default, env.cc:234 ThreadMain] pthread_setaffinity_np failed for thread: 1290616, index: 12, mask: {7, }, error code: 22 error msg: Invalid argument. Specify the number of threads explicitly so the affinity is not set.[m
[1;31m2026-09-23 09:38:05.267217108 [E:onnxruntime:Default, env.cc:234 ThreadMain] pthread_setaffinity_np failed for thread: 1290634, index: 11, mask: {5, }, error code: 22 error msg: Invalid argument. Specify the number of threads explicitly so the affinity is not set.[m
[1;31m2026-09-23 09:38:05.264784851 [E:onnxruntime:Default, env.cc:234 ThreadMain] pthread_setaffinity_np failed for thread: 1290620, index: 16, mask: {15, }, error code: 22 error msg: Invalid argument. Specify the number of threads explicitly so the affinity is not set.[m
Using ONNX runner[1;31m2026-09-23 09:38:05.273796198 [E:onnxruntime:Default, env.cc:234 ThreadMain] pthread_setaffinity_np failed for thread: 1290628, index: 5, mask: {12, }, error code: 22 error msg: Invalid argument. Specify the number of threads explicitly so the affinity is not set.[m

[1;31m2026-09-23 09:38:05.286854682 [E:onnxruntime:Default, env.cc:234 ThreadMain] pthread_setaffinity_np failed for thread: 1290645, index: 3, mask: {8, }, error code: 22 error msg: Invalid argument. Specify the number of threads explicitly so the affinity is not set.[m
[1;31m2026-09-23 09:38:05.273835853 [E:onnxruntime:Default, env.cc:234 ThreadMain] pthread_setaffinity_np failed for thread: 1290629, index: 6, mask: {14, }, error code: 22 error msg: Invalid argument. Specify the number of threads explicitly so the affinity is not set.[m
Using ONNX runner[1;31m2026-09-23 09:38:05.273856971 [E:onnxruntime:Default, env.cc:234 ThreadMain] pthread_setaffinity_np failed for thread: 1290632, index: 9, mask: {1, }, error code: 22 error msg: Invalid argument. Specify the number of threads explicitly so the affinity is not set.[m

[1;31m2026-09-23 09:38:05.308826647 [E:onnxruntime:Default, env.cc:234 ThreadMain] pthread_setaffinity_np failed for thread: 1290646, index: 4, mask: {10, }, error code: 22 error msg: Invalid argument. Specify the number of threads explicitly so the affinity is not set.[m
[1;31m2026-09-23 09:38:05.273898637 [E:onnxruntime:Default, env.cc:234 ThreadMain] pthread_setaffinity_np failed for thread: 1290637, index: 14, mask: {11, }, error code: 22 error msg: Invalid argument. Specify the number of threads explicitly so the affinity is not set.[m
Using ONNX runner
[1;31m2026-09-23 09:38:05.273919278 [E:onnxruntime:Default, env.cc:234 ThreadMain] pthread_setaffinity_np failed for thread: 1290638, index: 15, mask: {13, }, error code: 22 error msg: Invalid argument. Specify the number of threads explicitly so the affinity is not set.[m
[1;31m2026-09-23 09:38:05.286829289 [E:onnxruntime:Default, env.cc:234 ThreadMain] pthread_setaffinity_np failed for thread: 1290639, index: 16, mask: {15, }, error code: 22 error msg: Invalid argument. Specify the number of threads explicitly so the affinity is not set.[m
[1;31m2026-09-23 09:38:05.286801321 [E:onnxruntime:Default, env.cc:234 ThreadMain] pthread_setaffinity_np failed for thread: 1290636, index: 13, mask: {9, }, error code: 22 error msg: Invalid argument. Specify the number of threads explicitly so the affinity is not set.[m
[1;31m2026-09-23 09:38:05.286816926 [E:onnxruntime:Default, env.cc:234 ThreadMain] pthread_setaffinity_np failed for thread: 1290643, index: 1, mask: {4, }, error code: 22 error msg: Invalid argument. Specify the number of threads explicitly so the affinity is not set.[m
[1;31m2026-09-23 09:38:05.291166985 [E:onnxruntime:Default, env.cc:234 ThreadMain] pthread_setaffinity_np failed for thread: 1290627, index: 4, mask: {10, }, error code: 22 error msg: Invalid argument. Specify the number of threads explicitly so the affinity is not set.[m
[1;31m2026-09-23 09:38:05.291185534 [E:onnxruntime:Default, env.cc:234 ThreadMain] pthread_setaffinity_np failed for thread: 1290635, index: 12, mask: {7, }, error code: 22 error msg: Invalid argument. Specify the number of threads explicitly so the affinity is not set.[m
[1;31m2026-09-23 09:38:05.344677398 [E:onnxruntime:Default, env.cc:234 ThreadMain] pthread_setaffinity_np failed for thread: 1290661, index: 0, mask: {2, }, error code: 22 error msg: Invalid argument. Specify the number of threads explicitly so the affinity is not set.[m
[1;31m2026-09-23 09:38:05.290890641 [E:onnxruntime:Default, env.cc:234 ThreadMain] pthread_setaffinity_np failed for thread: 1290644, index: 2, mask: {6, }, error code: 22 error msg: Invalid argument. Specify the number of threads explicitly so the affinity is not set.[m
[1;31m2026-09-23 09:38:05.347801608 [E:onnxruntime:Default, env.cc:234 ThreadMain] pthread_setaffinity_np failed for thread: 1290662, index: 1, mask: {4, }, error code: 22 error msg: Invalid argument. Specify the number of threads explicitly so the affinity is not set.[m
[1;31m2026-09-23 09:38:05.292793630 [E:onnxruntime:Default, env.cc:234 ThreadMain] pthread_setaffinity_np failed for thread: 1290642, index: 0, mask: {2, }, error code: 22 error msg: Invalid argument. Specify the number of threads explicitly so the affinity is not set.[m
[1;31m2026-09-23 09:38:05.312794044 [E:onnxruntime:Default, env.cc:234 ThreadMain] pthread_setaffinity_np failed for thread: 1290647, index: 5, mask: {12, }, error code: 22 error msg: Invalid argument. Specify the number of threads explicitly so the affinity is not set.[m
[1;31m2026-09-23 09:38:05.312815608 [E:onnxruntime:Default, env.cc:234 ThreadMain] pthread_setaffinity_np failed for thread: 1290648, index: 6, mask: {14, }, error code: 22 error msg: Invalid argument. Specify the number of threads explicitly so the affinity is not set.[m
[1;31m2026-09-23 09:38:05.312833326 [E:onnxruntime:Default, env.cc:234 ThreadMain] pthread_setaffinity_np failed for thread: 1290651, index: 9, mask: {1, }, error code: 22 error msg: Invalid argument. Specify the number of threads explicitly so the affinity is not set.[m
[1;31m2026-09-23 09:38:05.312851897 [E:onnxruntime:Default, env.cc:234 ThreadMain] pthread_setaffinity_np failed for thread: 1290652, index: 10, mask: {3, }, error code: 22 error msg: Invalid argument. Specify the number of threads explicitly so the affinity is not set.[m
[1;31m2026-09-23 09:38:05.312870059 [E:onnxruntime:Default, env.cc:234 ThreadMain] pthread_setaffinity_np failed for thread: 1290653, index: 11, mask: {5, }, error code: 22 error msg: Invalid argument. Specify the number of threads explicitly so the affinity is not set.[m
[1;31m2026-09-23 09:38:05.312887160 [E:onnxruntime:Default, env.cc:234 ThreadMain] pthread_setaffinity_np failed for thread: 1290654, index: 12, mask: {7, }, error code: 22 error msg: Invalid argument. Specify the number of threads explicitly so the affinity is not set.[m
[1;31m2026-09-23 09:38:05.312904357 [E:onnxruntime:Default, env.cc:234 ThreadMain] pthread_setaffinity_np failed for thread: 1290655, index: 13, mask: {9, }, error code: 22 error msg: Invalid argument. Specify the number of threads explicitly so the affinity is not set.[m
[1;31m2026-09-23 09:38:05.312924016 [E:onnxruntime:Default, env.cc:234 ThreadMain] pthread_setaffinity_np failed for thread: 1290656, index: 14, mask: {11, }, error code: 22 error msg: Invalid argument. Specify the number of threads explicitly so the affinity is not set.[m
[1;31m2026-09-23 09:38:05.312941155 [E:onnxruntime:Default, env.cc:234 ThreadMain] pthread_setaffinity_np failed for thread: 1290657, index: 15, mask: {13, }, error code: 22 error msg: Invalid argument. Specify the number of threads explicitly so the affinity is not set.[m
[1;31m2026-09-23 09:38:05.312959056 [E:onnxruntime:Default, env.cc:234 ThreadMain] pthread_setaffinity_np failed for thread: 1290658, index: 16, mask: {15, }, error code: 22 error msg: Invalid argument. Specify the number of threads explicitly so the affinity is not set.[m
[1;31m2026-09-23 09:38:05.393507486 [E:onnxruntime:Default, env.cc:234 ThreadMain] pthread_setaffinity_np failed for thread: 1290676, index: 15, mask: {13, }, error code: 22 error msg: Invalid argument. Specify the number of threads explicitly so the affinity is not set.[m
[1;31m2026-09-23 09:38:05.273879709 [E:onnxruntime:Default, env.cc:234 ThreadMain] pthread_setaffinity_np failed for thread: 1290633, index: 10, mask: {3, }, error code: 22 error msg: Invalid argument. Specify the number of threads explicitly so the affinity is not set.[m
[1;31m2026-09-23 09:38:05.396791980 [E:onnxruntime:Default, env.cc:234 ThreadMain] pthread_setaffinity_np failed for thread: 1290675, index: 14, mask: {11, }, error code: 22 error msg: Invalid argument. Specify the number of threads explicitly so the affinity is not set.[m
[1;31m2026-09-23 09:38:05.400793438 [E:onnxruntime:Default, env.cc:234 ThreadMain] pthread_setaffinity_np failed for thread: 1290673, index: 12, mask: {7, }, error code: 22 error msg: Invalid argument. Specify the number of threads explicitly so the affinity is not set.[m
[1;31m2026-09-23 09:38:05.404798169 [E:onnxruntime:Default, env.cc:234 ThreadMain] pthread_setaffinity_np failed for thread: 1290671, index: 10, mask: {3, }, error code: 22 error msg: Invalid argument. Specify the number of threads explicitly so the affinity is not set.[m
[1;31m2026-09-23 09:38:05.421792478 [E:onnxruntime:Default, env.cc:234 ThreadMain] pthread_setaffinity_np failed for thread: 1290677, index: 16, mask: {15, }, error code: 22 error msg: Invalid argument. Specify the number of threads explicitly so the affinity is not set.[m
[1;31m2026-09-23 09:38:05.320791148 [E:onnxruntime:Default, env.cc:234 ThreadMain] pthread_setaffinity_np failed for thread: 1290605, index: 1, mask: {4, }, error code: 22 error msg: Invalid argument. Specify the number of threads explicitly so the affinity is not set.[m
[1;31m2026-09-23 09:38:05.301800937 [E:onnxruntime:Default, env.cc:234 ThreadMain] pthread_setaffinity_np failed for thread: 1290624, index: 1, mask: {4, }, error code: 22 error msg: Invalid argument. Specify the number of threads explicitly so the affinity is not set.[m
[1;31m2026-09-23 09:38:05.301839666 [E:onnxruntime:Default, env.cc:234 ThreadMain] pthread_setaffinity_np failed for thread: 1290625, index: 2, mask: {6, }, error code: 22 error msg: Invalid argument. Specify the number of threads explicitly so the affinity is not set.[m
[1;31m2026-09-23 09:38:05.308857354 [E:onnxruntime:Default, env.cc:234 ThreadMain] pthread_setaffinity_np failed for thread: 1290626, index: 3, mask: {8, }, error code: 22 error msg: Invalid argument. Specify the number of threads explicitly so the affinity is not set.[m
[1;31m2026-09-23 09:38:05.473152329 [E:onnxruntime:Default, env.cc:234 ThreadMain] pthread_setaffinity_np failed for thread: 1290663, index: 2, mask: {6, }, error code: 22 error msg: Invalid argument. Specify the number of threads explicitly so the affinity is not set.[m
[1;31m2026-09-23 09:38:05.476788199 [E:onnxruntime:Default, env.cc:234 ThreadMain] pthread_setaffinity_np failed for thread: 1290664, index: 3, mask: {8, }, error code: 22 error msg: Invalid argument. Specify the number of threads explicitly so the affinity is not set.[m
[1;31m2026-09-23 09:38:05.480787324 [E:onnxruntime:Default, env.cc:234 ThreadMain] pthread_setaffinity_np failed for thread: 1290665, index: 4, mask: {10, }, error code: 22 error msg: Invalid argument. Specify the number of threads explicitly so the affinity is not set.[m
[1;31m2026-09-23 09:38:05.484784920 [E:onnxruntime:Default, env.cc:234 ThreadMain] pthread_setaffinity_np failed for thread: 1290666, index: 5, mask: {12, }, error code: 22 error msg: Invalid argument. Specify the number of threads explicitly so the affinity is not set.[m
[1;31m2026-09-23 09:38:05.488785395 [E:onnxruntime:Default, env.cc:234 ThreadMain] pthread_setaffinity_np failed for thread: 1290667, index: 6, mask: {14, }, error code: 22 error msg: Invalid argument. Specify the number of threads explicitly so the affinity is not set.[m
[1;31m2026-09-23 09:38:05.492806912 [E:onnxruntime:Default, env.cc:234 ThreadMain] pthread_setaffinity_np failed for thread: 1290674, index: 13, mask: {9, }, error code: 22 error msg: Invalid argument. Specify the number of threads explicitly so the affinity is not set.[m
[1;31m2026-09-23 09:38:05.492790827 [E:onnxruntime:Default, env.cc:234 ThreadMain] pthread_setaffinity_np failed for thread: 1290623, index: 0, mask: {2, }, error code: 22 error msg: Invalid argument. Specify the number of threads explicitly so the affinity is not set.[m
[1;31m2026-09-23 09:38:05.492795399 [E:onnxruntime:Default, env.cc:234 ThreadMain] pthread_setaffinity_np failed for thread: 1290606, index: 2, mask: {6, }, error code: 22 error msg: Invalid argument. Specify the number of threads explicitly so the affinity is not set.[m
[1;31m2026-09-23 09:38:05.492792340 [E:onnxruntime:Default, env.cc:234 ThreadMain] pthread_setaffinity_np failed for thread: 1290672, index: 11, mask: {5, }, error code: 22 error msg: Invalid argument. Specify the number of threads explicitly so the affinity is not set.[m
[1;31m2026-09-23 09:38:05.534986177 [E:onnxruntime:Default, env.cc:234 ThreadMain] pthread_setaffinity_np failed for thread: 1290670, index: 9, mask: {1, }, error code: 22 error msg: Invalid argument. Specify the number of threads explicitly so the affinity is not set.[m

=== traversal: variant=biped vx=0.4 24s  finish line x=4.70 ===
policy                 peak x  progress  outcome
randomized               1.78      1.78  FELL t=  9.2s x= 1.65 (on threshold)
no_randomization         1.01      1.01  FELL t=  3.5s x= 1.01 (on cable)
push_trained             1.65      1.65  FELL t=  8.8s x= 1.56 (on cable)
terrain_trained          6.86      6.86  FINISHED the course
=== lab traverse biped seed 3 ===
=== lane height profile (ray-cast, y=0) ===
  x=-0.20  surface   0.8 cm  (   3% leg)  step  +0.8 cm  [carpet]
  x= 0.80  surface   0.0 cm  (   0% leg)  step  -0.8 cm  [floor]
  x= 0.90  surface   2.5 cm  (   9% leg)  step  +2.5 cm  [cable]
  x= 0.92  surface   0.0 cm  (   0% leg)  step  -2.5 cm  [floor]
  x= 1.64  surface   4.0 cm  (  14% leg)  step  +4.0 cm  [threshold]
  x= 1.78  surface   0.0 cm  (   0% leg)  step  -4.0 cm  [floor]
  x= 2.32  surface   2.1 cm  (   8% leg)  step  +2.1 cm  [ramp]
  x= 2.40  surface   2.7 cm  (   9% leg)  step  +0.5 cm  [ramp]
  x= 2.48  surface   3.2 cm  (  11% leg)  step  +0.5 cm  [ramp]
  x= 2.56  surface   3.7 cm  (  13% leg)  step  +0.5 cm  [ramp]
  x= 2.64  surface   4.2 cm  (  15% leg)  step  +0.5 cm  [ramp]
  x= 2.72  surface   4.7 cm  (  17% leg)  step  +0.5 cm  [ramp]
  x= 2.80  surface   5.3 cm  (  19% leg)  step  +0.5 cm  [ramp]
  x= 2.88  surface   5.8 cm  (  21% leg)  step  +0.5 cm  [ramp]
  x= 2.96  surface   6.3 cm  (  23% leg)  step  +0.5 cm  [ramp]
  x= 3.04  surface   6.8 cm  (  24% leg)  step  +0.5 cm  [ramp]
  x= 3.12  surface   7.4 cm  (  26% leg)  step  +0.5 cm  [ramp]
  x= 3.20  surface   7.9 cm  (  28% leg)  step  +0.5 cm  [ramp]
  x= 3.28  surface   8.4 cm  (  30% leg)  step  +0.5 cm  [ramp]
  x= 3.36  surface   8.9 cm  (  32% leg)  step  +0.5 cm  [ramp]
  x= 3.44  surface   9.5 cm  (  34% leg)  step  +0.5 cm  [ramp]
  x= 3.50  surface  10.5 cm  (  37% leg)  step  +1.0 cm  [landing]
  x= 4.70  surface   0.0 cm  (   0% leg)  step -10.5 cm  [floor]

=== features (leading edge, top) ===
  carpet      x -0.20 ->  0.80  top   0.8 cm (   3% leg)
  cable       x  0.89 ->  0.91  top   2.5 cm (   9% leg)
  threshold   x  1.63 ->  1.77  top   4.0 cm (  14% leg)
  ramp        x  2.30 ->  3.60  top  10.5 cm (  37% leg)
  landing     x  3.50 ->  4.70  top  10.5 cm (  37% leg)
[1;31m2026-09-23 09:38:33.176123106 [E:onnxruntime:Default, env.cc:234 ThreadMain] pthread_setaffinity_np failed for thread: 1291346, index: 0, mask: {2, }, error code: 22 error msg: Invalid argument. Specify the number of threads explicitly so the affinity is not set.[m
[1;31m2026-09-23 09:38:33.177043338 [E:onnxruntime:Default, env.cc:234 ThreadMain] pthread_setaffinity_np failed for thread: 1291358, index: 12, mask: {7, }, error code: 22 error msg: Invalid argument. Specify the number of threads explicitly so the affinity is not set.[m
[1;31m2026-09-23 09:38:33.178857040 [E:onnxruntime:Default, env.cc:234 ThreadMain] pthread_setaffinity_np failed for thread: 1291349, index: 3, mask: {8, }, error code: 22 error msg: Invalid argument. Specify the number of threads explicitly so the affinity is not set.[m
[1;31m2026-09-23 09:38:33.181468344 [E:onnxruntime:Default, env.cc:234 ThreadMain] pthread_setaffinity_np failed for thread: 1291359, index: 13, mask: {9, }, error code: 22 error msg: Invalid argument. Specify the number of threads explicitly so the affinity is not set.[m
[1;31m2026-09-23 09:38:33.182826960 [E:onnxruntime:Default, env.cc:234 ThreadMain] pthread_setaffinity_np failed for thread: 1291348, index: 2, mask: {6, }, error code: 22 error msg: Invalid argument. Specify the number of threads explicitly so the affinity is not set.[m
[1;31m2026-09-23 09:38:33.191857992 [E:onnxruntime:Default, env.cc:234 ThreadMain] pthread_setaffinity_np failed for thread: 1291360, index: 14, mask: {11, }, error code: 22 error msg: Invalid argument. Specify the number of threads explicitly so the affinity is not set.[m
[1;31m2026-09-23 09:38:33.191881065 [E:onnxruntime:Default, env.cc:234 ThreadMain] pthread_setaffinity_np failed for thread: 1291362, index: 16, mask: {15, }, error code: 22 error msg: Invalid argument. Specify the number of threads explicitly so the affinity is not set.[m
Using ONNX runner
[1;31m2026-09-23 09:38:33.214113076 [E:onnxruntime:Default, env.cc:234 ThreadMain] pthread_setaffinity_np failed for thread: 1291355, index: 9, mask: {1, }, error code: 22 error msg: Invalid argument. Specify the number of threads explicitly so the affinity is not set.[m
[1;31m2026-09-23 09:38:33.191894714 [E:onnxruntime:Default, env.cc:234 ThreadMain] pthread_setaffinity_np failed for thread: 1291357, index: 11, mask: {5, }, error code: 22 error msg: Invalid argument. Specify the number of threads explicitly so the affinity is not set.[m
[1;31m2026-09-23 09:38:33.191844202 [E:onnxruntime:Default, env.cc:234 ThreadMain] pthread_setaffinity_np failed for thread: 1291347, index: 1, mask: {4, }, error code: 22 error msg: Invalid argument. Specify the number of threads explicitly so the affinity is not set.[m
[1;31m2026-09-23 09:38:33.216792691 [E:onnxruntime:Default, env.cc:234 ThreadMain] pthread_setaffinity_np failed for thread: 1291374, index: 9, mask: {1, }, error code: 22 error msg: Invalid argument. Specify the number of threads explicitly so the affinity is not set.[m
[1;31m2026-09-23 09:38:33.217803339 [E:onnxruntime:Default, env.cc:234 ThreadMain] pthread_setaffinity_np failed for thread: 1291375, index: 10, mask: {3, }, error code: 22 error msg: Invalid argument. Specify the number of threads explicitly so the affinity is not set.[m
Using ONNX runner
[1;31m2026-09-23 09:38:33.221789329 [E:onnxruntime:Default, env.cc:234 ThreadMain] pthread_setaffinity_np failed for thread: 1291376, index: 11, mask: {5, }, error code: 22 error msg: Invalid argument. Specify the number of threads explicitly so the affinity is not set.[m
[1;31m2026-09-23 09:38:33.191912941 [E:onnxruntime:Default, env.cc:234 ThreadMain] pthread_setaffinity_np failed for thread: 1291356, index: 10, mask: {3, }, error code: 22 error msg: Invalid argument. Specify the number of threads explicitly so the affinity is not set.[m
[1;31m2026-09-23 09:38:33.225805861 [E:onnxruntime:Default, env.cc:234 ThreadMain] pthread_setaffinity_np failed for thread: 1291377, index: 12, mask: {7, }, error code: 22 error msg: Invalid argument. Specify the number of threads explicitly so the affinity is not set.[m
Using ONNX runner
[1;31m2026-09-23 09:38:33.196252320 [E:onnxruntime:Default, env.cc:234 ThreadMain] pthread_setaffinity_np failed for thread: 1291351, index: 5, mask: {12, }, error code: 22 error msg: Invalid argument. Specify the number of threads explicitly so the affinity is not set.[m
[1;31m2026-09-23 09:38:33.228684035 [E:onnxruntime:Default, env.cc:234 ThreadMain] pthread_setaffinity_np failed for thread: 1291352, index: 6, mask: {14, }, error code: 22 error msg: Invalid argument. Specify the number of threads explicitly so the affinity is not set.[m
[1;31m2026-09-23 09:38:33.229814205 [E:onnxruntime:Default, env.cc:234 ThreadMain] pthread_setaffinity_np failed for thread: 1291369, index: 4, mask: {10, }, error code: 22 error msg: Invalid argument. Specify the number of threads explicitly so the affinity is not set.[m
[1;31m2026-09-23 09:38:33.230799485 [E:onnxruntime:Default, env.cc:234 ThreadMain] pthread_setaffinity_np failed for thread: 1291370, index: 5, mask: {12, }, error code: 22 error msg: Invalid argument. Specify the number of threads explicitly so the affinity is not set.[m
Using ONNX runner
[1;31m2026-09-23 09:38:33.200116220 [E:onnxruntime:Default, env.cc:234 ThreadMain] pthread_setaffinity_np failed for thread: 1291350, index: 4, mask: {10, }, error code: 22 error msg: Invalid argument. Specify the number of threads explicitly so the affinity is not set.[m
[1;31m2026-09-23 09:38:33.191943366 [E:onnxruntime:Default, env.cc:234 ThreadMain] pthread_setaffinity_np failed for thread: 1291361, index: 15, mask: {13, }, error code: 22 error msg: Invalid argument. Specify the number of threads explicitly so the affinity is not set.[m
[1;31m2026-09-23 09:38:33.244673970 [E:onnxruntime:Default, env.cc:234 ThreadMain] pthread_setaffinity_np failed for thread: 1291365, index: 0, mask: {2, }, error code: 22 error msg: Invalid argument. Specify the number of threads explicitly so the affinity is not set.[m
[1;31m2026-09-23 09:38:33.247800062 [E:onnxruntime:Default, env.cc:234 ThreadMain] pthread_setaffinity_np failed for thread: 1291366, index: 1, mask: {4, }, error code: 22 error msg: Invalid argument. Specify the number of threads explicitly so the affinity is not set.[m
[1;31m2026-09-23 09:38:33.255800765 [E:onnxruntime:Default, env.cc:234 ThreadMain] pthread_setaffinity_np failed for thread: 1291390, index: 6, mask: {14, }, error code: 22 error msg: Invalid argument. Specify the number of threads explicitly so the affinity is not set.[m
[1;31m2026-09-23 09:38:33.258797753 [E:onnxruntime:Default, env.cc:234 ThreadMain] pthread_setaffinity_np failed for thread: 1291403, index: 0, mask: {2, }, error code: 22 error msg: Invalid argument. Specify the number of threads explicitly so the affinity is not set.[m
[1;31m2026-09-23 09:38:33.262801895 [E:onnxruntime:Default, env.cc:234 ThreadMain] pthread_setaffinity_np failed for thread: 1291404, index: 1, mask: {4, }, error code: 22 error msg: Invalid argument. Specify the number of threads explicitly so the affinity is not set.[m
[1;31m2026-09-23 09:38:33.263796006 [E:onnxruntime:Default, env.cc:234 ThreadMain] pthread_setaffinity_np failed for thread: 1291393, index: 9, mask: {1, }, error code: 22 error msg: Invalid argument. Specify the number of threads explicitly so the affinity is not set.[m
[1;31m2026-09-23 09:38:33.266790971 [E:onnxruntime:Default, env.cc:234 ThreadMain] pthread_setaffinity_np failed for thread: 1291405, index: 2, mask: {6, }, error code: 22 error msg: Invalid argument. Specify the number of threads explicitly so the affinity is not set.[m
[1;31m2026-09-23 09:38:33.267791428 [E:onnxruntime:Default, env.cc:234 ThreadMain] pthread_setaffinity_np failed for thread: 1291394, index: 10, mask: {3, }, error code: 22 error msg: Invalid argument. Specify the number of threads explicitly so the affinity is not set.[m
[1;31m2026-09-23 09:38:33.270788517 [E:onnxruntime:Default, env.cc:234 ThreadMain] pthread_setaffinity_np failed for thread: 1291408, index: 5, mask: {12, }, error code: 22 error msg: Invalid argument. Specify the number of threads explicitly so the affinity is not set.[m
[1;31m2026-09-23 09:38:33.271789990 [E:onnxruntime:Default, env.cc:234 ThreadMain] pthread_setaffinity_np failed for thread: 1291395, index: 11, mask: {5, }, error code: 22 error msg: Invalid argument. Specify the number of threads explicitly so the affinity is not set.[m
[1;31m2026-09-23 09:38:33.273789122 [E:onnxruntime:Default, env.cc:234 ThreadMain] pthread_setaffinity_np failed for thread: 1291384, index: 0, mask: {2, }, error code: 22 error msg: Invalid argument. Specify the number of threads explicitly so the affinity is not set.[m
[1;31m2026-09-23 09:38:33.274793794 [E:onnxruntime:Default, env.cc:234 ThreadMain] pthread_setaffinity_np failed for thread: 1291409, index: 6, mask: {14, }, error code: 22 error msg: Invalid argument. Specify the number of threads explicitly so the affinity is not set.[m
[1;31m2026-09-23 09:38:33.275786143 [E:onnxruntime:Default, env.cc:234 ThreadMain] pthread_setaffinity_np failed for thread: 1291396, index: 12, mask: {7, }, error code: 22 error msg: Invalid argument. Specify the number of threads explicitly so the affinity is not set.[m
[1;31m2026-09-23 09:38:33.277802384 [E:onnxruntime:Default, env.cc:234 ThreadMain] pthread_setaffinity_np failed for thread: 1291385, index: 1, mask: {4, }, error code: 22 error msg: Invalid argument. Specify the number of threads explicitly so the affinity is not set.[m
[1;31m2026-09-23 09:38:33.278796644 [E:onnxruntime:Default, env.cc:234 ThreadMain] pthread_setaffinity_np failed for thread: 1291406, index: 3, mask: {8, }, error code: 22 error msg: Invalid argument. Specify the number of threads explicitly so the affinity is not set.[m
[1;31m2026-09-23 09:38:33.278843161 [E:onnxruntime:Default, env.cc:234 ThreadMain] pthread_setaffinity_np failed for thread: 1291415, index: 12, mask: {7, }, error code: 22 error msg: Invalid argument. Specify the number of threads explicitly so the affinity is not set.[m
[1;31m2026-09-23 09:38:33.281368923 [E:onnxruntime:Default, env.cc:234 ThreadMain] pthread_setaffinity_np failed for thread: 1291407, index: 4, mask: {10, }, error code: 22 error msg: Invalid argument. Specify the number of threads explicitly so the affinity is not set.[m
[1;31m2026-09-23 09:38:33.281800258 [E:onnxruntime:Default, env.cc:234 ThreadMain] pthread_setaffinity_np failed for thread: 1291386, index: 2, mask: {6, }, error code: 22 error msg: Invalid argument. Specify the number of threads explicitly so the affinity is not set.[m
[1;31m2026-09-23 09:38:33.282801215 [E:onnxruntime:Default, env.cc:234 ThreadMain] pthread_setaffinity_np failed for thread: 1291417, index: 14, mask: {11, }, error code: 22 error msg: Invalid argument. Specify the number of threads explicitly so the affinity is not set.[m
[1;31m2026-09-23 09:38:33.284817740 [E:onnxruntime:Default, env.cc:234 ThreadMain] pthread_setaffinity_np failed for thread: 1291412, index: 9, mask: {1, }, error code: 22 error msg: Invalid argument. Specify the number of threads explicitly so the affinity is not set.[m
[1;31m2026-09-23 09:38:33.285799524 [E:onnxruntime:Default, env.cc:234 ThreadMain] pthread_setaffinity_np failed for thread: 1291387, index: 3, mask: {8, }, error code: 22 error msg: Invalid argument. Specify the number of threads explicitly so the affinity is not set.[m
[1;31m2026-09-23 09:38:33.286799633 [E:onnxruntime:Default, env.cc:234 ThreadMain] pthread_setaffinity_np failed for thread: 1291419, index: 16, mask: {15, }, error code: 22 error msg: Invalid argument. Specify the number of threads explicitly so the affinity is not set.[m
[1;31m2026-09-23 09:38:33.288798171 [E:onnxruntime:Default, env.cc:234 ThreadMain] pthread_setaffinity_np failed for thread: 1291413, index: 10, mask: {3, }, error code: 22 error msg: Invalid argument. Specify the number of threads explicitly so the affinity is not set.[m
[1;31m2026-09-23 09:38:33.289802610 [E:onnxruntime:Default, env.cc:234 ThreadMain] pthread_setaffinity_np failed for thread: 1291388, index: 4, mask: {10, }, error code: 22 error msg: Invalid argument. Specify the number of threads explicitly so the affinity is not set.[m
[1;31m2026-09-23 09:38:33.290797828 [E:onnxruntime:Default, env.cc:234 ThreadMain] pthread_setaffinity_np failed for thread: 1291381, index: 16, mask: {15, }, error code: 22 error msg: Invalid argument. Specify the number of threads explicitly so the affinity is not set.[m
[1;31m2026-09-23 09:38:33.292801176 [E:onnxruntime:Default, env.cc:234 ThreadMain] pthread_setaffinity_np failed for thread: 1291416, index: 13, mask: {9, }, error code: 22 error msg: Invalid argument. Specify the number of threads explicitly so the affinity is not set.[m
[1;31m2026-09-23 09:38:33.293799729 [E:onnxruntime:Default, env.cc:234 ThreadMain] pthread_setaffinity_np failed for thread: 1291389, index: 5, mask: {12, }, error code: 22 error msg: Invalid argument. Specify the number of threads explicitly so the affinity is not set.[m
[1;31m2026-09-23 09:38:33.294800217 [E:onnxruntime:Default, env.cc:234 ThreadMain] pthread_setaffinity_np failed for thread: 1291380, index: 15, mask: {13, }, error code: 22 error msg: Invalid argument. Specify the number of threads explicitly so the affinity is not set.[m
[1;31m2026-09-23 09:38:33.296794933 [E:onnxruntime:Default, env.cc:234 ThreadMain] pthread_setaffinity_np failed for thread: 1291418, index: 15, mask: {13, }, error code: 22 error msg: Invalid argument. Specify the number of threads explicitly so the affinity is not set.[m
[1;31m2026-09-23 09:38:33.297793945 [E:onnxruntime:Default, env.cc:234 ThreadMain] pthread_setaffinity_np failed for thread: 1291397, index: 13, mask: {9, }, error code: 22 error msg: Invalid argument. Specify the number of threads explicitly so the affinity is not set.[m
[1;31m2026-09-23 09:38:33.298789820 [E:onnxruntime:Default, env.cc:234 ThreadMain] pthread_setaffinity_np failed for thread: 1291379, index: 14, mask: {11, }, error code: 22 error msg: Invalid argument. Specify the number of threads explicitly so the affinity is not set.[m
[1;31m2026-09-23 09:38:33.301786945 [E:onnxruntime:Default, env.cc:234 ThreadMain] pthread_setaffinity_np failed for thread: 1291398, index: 14, mask: {11, }, error code: 22 error msg: Invalid argument. Specify the number of threads explicitly so the affinity is not set.[m
[1;31m2026-09-23 09:38:33.302799126 [E:onnxruntime:Default, env.cc:234 ThreadMain] pthread_setaffinity_np failed for thread: 1291378, index: 13, mask: {9, }, error code: 22 error msg: Invalid argument. Specify the number of threads explicitly so the affinity is not set.[m
[1;31m2026-09-23 09:38:33.278817509 [E:onnxruntime:Default, env.cc:234 ThreadMain] pthread_setaffinity_np failed for thread: 1291414, index: 11, mask: {5, }, error code: 22 error msg: Invalid argument. Specify the number of threads explicitly so the affinity is not set.[m
[1;31m2026-09-23 09:38:33.305799658 [E:onnxruntime:Default, env.cc:234 ThreadMain] pthread_setaffinity_np failed for thread: 1291399, index: 15, mask: {13, }, error code: 22 error msg: Invalid argument. Specify the number of threads explicitly so the affinity is not set.[m
[1;31m2026-09-23 09:38:33.314792886 [E:onnxruntime:Default, env.cc:234 ThreadMain] pthread_setaffinity_np failed for thread: 1291400, index: 16, mask: {15, }, error code: 22 error msg: Invalid argument. Specify the number of threads explicitly so the affinity is not set.[m
[1;31m2026-09-23 09:38:33.321799256 [E:onnxruntime:Default, env.cc:234 ThreadMain] pthread_setaffinity_np failed for thread: 1291371, index: 6, mask: {14, }, error code: 22 error msg: Invalid argument. Specify the number of threads explicitly so the affinity is not set.[m
[1;31m2026-09-23 09:38:33.333799113 [E:onnxruntime:Default, env.cc:234 ThreadMain] pthread_setaffinity_np failed for thread: 1291368, index: 3, mask: {8, }, error code: 22 error msg: Invalid argument. Specify the number of threads explicitly so the affinity is not set.[m
[1;31m2026-09-23 09:38:33.400802669 [E:onnxruntime:Default, env.cc:234 ThreadMain] pthread_setaffinity_np failed for thread: 1291367, index: 2, mask: {6, }, error code: 22 error msg: Invalid argument. Specify the number of threads explicitly so the affinity is not set.[m

=== traversal: variant=biped vx=0.4 24s  finish line x=4.70 ===
policy                 peak x  progress  outcome
randomized               1.67      1.67  FELL t=  6.4s x= 1.43 (on cable)
no_randomization         1.10      1.10  FELL t=  3.4s x= 0.88 (on carpet)
push_trained             1.55      1.55  upright, stalled past cable
terrain_trained          5.00      5.00  FELL t= 20.0s x= 4.89 (on landing)
=== lab traverse biped seed 4 ===
=== lane height profile (ray-cast, y=0) ===
  x=-0.20  surface   0.8 cm  (   3% leg)  step  +0.8 cm  [carpet]
  x= 0.80  surface   0.0 cm  (   0% leg)  step  -0.8 cm  [floor]
  x= 0.90  surface   2.5 cm  (   9% leg)  step  +2.5 cm  [cable]
  x= 0.92  surface   0.0 cm  (   0% leg)  step  -2.5 cm  [floor]
  x= 1.64  surface   4.0 cm  (  14% leg)  step  +4.0 cm  [threshold]
  x= 1.78  surface   0.0 cm  (   0% leg)  step  -4.0 cm  [floor]
  x= 2.32  surface   2.1 cm  (   8% leg)  step  +2.1 cm  [ramp]
  x= 2.40  surface   2.7 cm  (   9% leg)  step  +0.5 cm  [ramp]
  x= 2.48  surface   3.2 cm  (  11% leg)  step  +0.5 cm  [ramp]
  x= 2.56  surface   3.7 cm  (  13% leg)  step  +0.5 cm  [ramp]
  x= 2.64  surface   4.2 cm  (  15% leg)  step  +0.5 cm  [ramp]
  x= 2.72  surface   4.7 cm  (  17% leg)  step  +0.5 cm  [ramp]
  x= 2.80  surface   5.3 cm  (  19% leg)  step  +0.5 cm  [ramp]
  x= 2.88  surface   5.8 cm  (  21% leg)  step  +0.5 cm  [ramp]
  x= 2.96  surface   6.3 cm  (  23% leg)  step  +0.5 cm  [ramp]
  x= 3.04  surface   6.8 cm  (  24% leg)  step  +0.5 cm  [ramp]
  x= 3.12  surface   7.4 cm  (  26% leg)  step  +0.5 cm  [ramp]
  x= 3.20  surface   7.9 cm  (  28% leg)  step  +0.5 cm  [ramp]
  x= 3.28  surface   8.4 cm  (  30% leg)  step  +0.5 cm  [ramp]
  x= 3.36  surface   8.9 cm  (  32% leg)  step  +0.5 cm  [ramp]
  x= 3.44  surface   9.5 cm  (  34% leg)  step  +0.5 cm  [ramp]
  x= 3.50  surface  10.5 cm  (  37% leg)  step  +1.0 cm  [landing]
  x= 4.70  surface   0.0 cm  (   0% leg)  step -10.5 cm  [floor]

=== features (leading edge, top) ===
  carpet      x -0.20 ->  0.80  top   0.8 cm (   3% leg)
  cable       x  0.89 ->  0.91  top   2.5 cm (   9% leg)
  threshold   x  1.63 ->  1.77  top   4.0 cm (  14% leg)
  ramp        x  2.30 ->  3.60  top  10.5 cm (  37% leg)
  landing     x  3.50 ->  4.70  top  10.5 cm (  37% leg)
[1;31m2026-09-23 09:39:01.563499900 [E:onnxruntime:Default, env.cc:234 ThreadMain] pthread_setaffinity_np failed for thread: 1292057, index: 0, mask: {2, }, error code: 22 error msg: Invalid argument. Specify the number of threads explicitly so the affinity is not set.[m
[1;31m2026-09-23 09:39:01.564404406 [E:onnxruntime:Default, env.cc:234 ThreadMain] pthread_setaffinity_np failed for thread: 1292066, index: 9, mask: {1, }, error code: 22 error msg: Invalid argument. Specify the number of threads explicitly so the affinity is not set.[m
[1;31m2026-09-23 09:39:01.564503631 [E:onnxruntime:Default, env.cc:234 ThreadMain] pthread_setaffinity_np failed for thread: 1292058, index: 1, mask: {4, }, error code: 22 error msg: Invalid argument. Specify the number of threads explicitly so the affinity is not set.[m
[1;31m2026-09-23 09:39:01.565816417 [E:onnxruntime:Default, env.cc:234 ThreadMain] pthread_setaffinity_np failed for thread: 1292061, index: 4, mask: {10, }, error code: 22 error msg: Invalid argument. Specify the number of threads explicitly so the affinity is not set.[m
[1;31m2026-09-23 09:39:01.570806236 [E:onnxruntime:Default, env.cc:234 ThreadMain] pthread_setaffinity_np failed for thread: 1292073, index: 16, mask: {15, }, error code: 22 error msg: Invalid argument. Specify the number of threads explicitly so the affinity is not set.[m
[1;31m2026-09-23 09:39:01.574844198 [E:onnxruntime:Default, env.cc:234 ThreadMain] pthread_setaffinity_np failed for thread: 1292067, index: 10, mask: {3, }, error code: 22 error msg: Invalid argument. Specify the number of threads explicitly so the affinity is not set.[m
[1;31m2026-09-23 09:39:01.574904102 [E:onnxruntime:Default, env.cc:234 ThreadMain] pthread_setaffinity_np failed for thread: 1292063, index: 6, mask: {14, }, error code: 22 error msg: Invalid argument. Specify the number of threads explicitly so the affinity is not set.[m
[1;31m2026-09-23 09:39:01.574930860 [E:onnxruntime:Default, env.cc:234 ThreadMain] pthread_setaffinity_np failed for thread: 1292071, index: 14, mask: {11, }, error code: 22 error msg: Invalid argument. Specify the number of threads explicitly so the affinity is not set.[m
[1;31m2026-09-23 09:39:01.574950271 [E:onnxruntime:Default, env.cc:234 ThreadMain] pthread_setaffinity_np failed for thread: 1292070, index: 13, mask: {9, }, error code: 22 error msg: Invalid argument. Specify the number of threads explicitly so the affinity is not set.[m
[1;31m2026-09-23 09:39:01.574970944 [E:onnxruntime:Default, env.cc:234 ThreadMain] pthread_setaffinity_np failed for thread: 1292069, index: 12, mask: {7, }, error code: 22 error msg: Invalid argument. Specify the number of threads explicitly so the affinity is not set.[m
[1;31m2026-09-23 09:39:01.596797619 [E:onnxruntime:Default, env.cc:234 ThreadMain] pthread_setaffinity_np failed for thread: 1292060, index: 3, mask: {8, }, error code: 22 error msg: Invalid argument. Specify the number of threads explicitly so the affinity is not set.[m
[1;31m2026-09-23 09:39:01.603789802 [E:onnxruntime:Default, env.cc:234 ThreadMain] pthread_setaffinity_np failed for thread: 1292059, index: 2, mask: {6, }, error code: 22 error msg: Invalid argument. Specify the number of threads explicitly so the affinity is not set.[m
Using ONNX runner
[1;31m2026-09-23 09:39:01.609121080 [E:onnxruntime:Default, env.cc:234 ThreadMain] pthread_setaffinity_np failed for thread: 1292062, index: 5, mask: {12, }, error code: 22 error msg: Invalid argument. Specify the number of threads explicitly so the affinity is not set.[m
[1;31m2026-09-23 09:39:01.609844516 [E:onnxruntime:Default, env.cc:234 ThreadMain] pthread_setaffinity_np failed for thread: 1292082, index: 6, mask: {14, }, error code: 22 error msg: Invalid argument. Specify the number of threads explicitly so the affinity is not set.[m
Using ONNX runner
[1;31m2026-09-23 09:39:01.616797434 [E:onnxruntime:Default, env.cc:234 ThreadMain] pthread_setaffinity_np failed for thread: 1292068, index: 11, mask: {5, }, error code: 22 error msg: Invalid argument. Specify the number of threads explicitly so the affinity is not set.[m
[1;31m2026-09-23 09:39:01.616820858 [E:onnxruntime:Default, env.cc:234 ThreadMain] pthread_setaffinity_np failed for thread: 1292085, index: 9, mask: {1, }, error code: 22 error msg: Invalid argument. Specify the number of threads explicitly so the affinity is not set.[m
[1;31m2026-09-23 09:39:01.625790769 [E:onnxruntime:Default, env.cc:234 ThreadMain] pthread_setaffinity_np failed for thread: 1292077, index: 1, mask: {4, }, error code: 22 error msg: Invalid argument. Specify the number of threads explicitly so the affinity is not set.[m
[1;31m2026-09-23 09:39:01.628805711 [E:onnxruntime:Default, env.cc:234 ThreadMain] pthread_setaffinity_np failed for thread: 1292087, index: 11, mask: {5, }, error code: 22 error msg: Invalid argument. Specify the number of threads explicitly so the affinity is not set.[m
[1;31m2026-09-23 09:39:01.633789769 [E:onnxruntime:Default, env.cc:234 ThreadMain] pthread_setaffinity_np failed for thread: 1292088, index: 12, mask: {7, }, error code: 22 error msg: Invalid argument. Specify the number of threads explicitly so the affinity is not set.[m
[1;31m2026-09-23 09:39:01.616858923 [E:onnxruntime:Default, env.cc:234 ThreadMain] pthread_setaffinity_np failed for thread: 1292072, index: 15, mask: {13, }, error code: 22 error msg: Invalid argument. Specify the number of threads explicitly so the affinity is not set.[m
Using ONNX runner
[1;31m2026-09-23 09:39:01.638828960 [E:onnxruntime:Default, env.cc:234 ThreadMain] pthread_setaffinity_np failed for thread: 1292090, index: 14, mask: {11, }, error code: 22 error msg: Invalid argument. Specify the number of threads explicitly so the affinity is not set.[m
[1;31m2026-09-23 09:39:01.661794701 [E:onnxruntime:Default, env.cc:234 ThreadMain] pthread_setaffinity_np failed for thread: 1292105, index: 10, mask: {3, }, error code: 22 error msg: Invalid argument. Specify the number of threads explicitly so the affinity is not set.[m
[1;31m2026-09-23 09:39:01.638850462 [E:onnxruntime:Default, env.cc:234 ThreadMain] pthread_setaffinity_np failed for thread: 1292091, index: 15, mask: {13, }, error code: 22 error msg: Invalid argument. Specify the number of threads explicitly so the affinity is not set.[m
[1;31m2026-09-23 09:39:01.665792359 [E:onnxruntime:Default, env.cc:234 ThreadMain] pthread_setaffinity_np failed for thread: 1292106, index: 11, mask: {5, }, error code: 22 error msg: Invalid argument. Specify the number of threads explicitly so the affinity is not set.[m
[1;31m2026-09-23 09:39:01.638874709 [E:onnxruntime:Default, env.cc:234 ThreadMain] pthread_setaffinity_np failed for thread: 1292092, index: 16, mask: {15, }, error code: 22 error msg: Invalid argument. Specify the number of threads explicitly so the affinity is not set.[m
[1;31m2026-09-23 09:39:01.668795271 [E:onnxruntime:Default, env.cc:234 ThreadMain] pthread_setaffinity_np failed for thread: 1292110, index: 15, mask: {13, }, error code: 22 error msg: Invalid argument. Specify the number of threads explicitly so the affinity is not set.[m
[1;31m2026-09-23 09:39:01.638893156 [E:onnxruntime:Default, env.cc:234 ThreadMain] pthread_setaffinity_np failed for thread: 1292081, index: 5, mask: {12, }, error code: 22 error msg: Invalid argument. Specify the number of threads explicitly so the affinity is not set.[m
[1;31m2026-09-23 09:39:01.672792868 [E:onnxruntime:Default, env.cc:234 ThreadMain] pthread_setaffinity_np failed for thread: 1292111, index: 16, mask: {15, }, error code: 22 error msg: Invalid argument. Specify the number of threads explicitly so the affinity is not set.[m
[1;31m2026-09-23 09:39:01.638912029 [E:onnxruntime:Default, env.cc:234 ThreadMain] pthread_setaffinity_np failed for thread: 1292080, index: 4, mask: {10, }, error code: 22 error msg: Invalid argument. Specify the number of threads explicitly so the affinity is not set.[m
[1;31m2026-09-23 09:39:01.638931611 [E:onnxruntime:Default, env.cc:234 ThreadMain] pthread_setaffinity_np failed for thread: 1292079, index: 3, mask: {8, }, error code: 22 error msg: Invalid argument. Specify the number of threads explicitly so the affinity is not set.[m
[1;31m2026-09-23 09:39:01.680794752 [E:onnxruntime:Default, env.cc:234 ThreadMain] pthread_setaffinity_np failed for thread: 1292096, index: 1, mask: {4, }, error code: 22 error msg: Invalid argument. Specify the number of threads explicitly so the affinity is not set.[m
[1;31m2026-09-23 09:39:01.683783580 [E:onnxruntime:Default, env.cc:234 ThreadMain] pthread_setaffinity_np failed for thread: 1292098, index: 3, mask: {8, }, error code: 22 error msg: Invalid argument. Specify the number of threads explicitly so the affinity is not set.[m
[1;31m2026-09-23 09:39:01.638812529 [E:onnxruntime:Default, env.cc:234 ThreadMain] pthread_setaffinity_np failed for thread: 1292086, index: 10, mask: {3, }, error code: 22 error msg: Invalid argument. Specify the number of threads explicitly so the affinity is not set.[m
[1;31m2026-09-23 09:39:01.647793756 [E:onnxruntime:Default, env.cc:234 ThreadMain] pthread_setaffinity_np failed for thread: 1292078, index: 2, mask: {6, }, error code: 22 error msg: Invalid argument. Specify the number of threads explicitly so the affinity is not set.[m
Using ONNX runner
[1;31m2026-09-23 09:39:01.653784506 [E:onnxruntime:Default, env.cc:234 ThreadMain] pthread_setaffinity_np failed for thread: 1292107, index: 12, mask: {7, }, error code: 22 error msg: Invalid argument. Specify the number of threads explicitly so the affinity is not set.[m
[1;31m2026-09-23 09:39:01.653812270 [E:onnxruntime:Default, env.cc:234 ThreadMain] pthread_setaffinity_np failed for thread: 1292108, index: 13, mask: {9, }, error code: 22 error msg: Invalid argument. Specify the number of threads explicitly so the affinity is not set.[m
[1;31m2026-09-23 09:39:01.653831596 [E:onnxruntime:Default, env.cc:234 ThreadMain] pthread_setaffinity_np failed for thread: 1292109, index: 14, mask: {11, }, error code: 22 error msg: Invalid argument. Specify the number of threads explicitly so the affinity is not set.[m
[1;31m2026-09-23 09:39:01.653876410 [E:onnxruntime:Default, env.cc:234 ThreadMain] pthread_setaffinity_np failed for thread: 1292099, index: 4, mask: {10, }, error code: 22 error msg: Invalid argument. Specify the number of threads explicitly so the affinity is not set.[m
[1;31m2026-09-23 09:39:01.653897369 [E:onnxruntime:Default, env.cc:234 ThreadMain] pthread_setaffinity_np failed for thread: 1292100, index: 5, mask: {12, }, error code: 22 error msg: Invalid argument. Specify the number of threads explicitly so the affinity is not set.[m
[1;31m2026-09-23 09:39:01.653917998 [E:onnxruntime:Default, env.cc:234 ThreadMain] pthread_setaffinity_np failed for thread: 1292101, index: 6, mask: {14, }, error code: 22 error msg: Invalid argument. Specify the number of threads explicitly so the affinity is not set.[m
[1;31m2026-09-23 09:39:01.687789950 [E:onnxruntime:Default, env.cc:234 ThreadMain] pthread_setaffinity_np failed for thread: 1292104, index: 9, mask: {1, }, error code: 22 error msg: Invalid argument. Specify the number of threads explicitly so the affinity is not set.[m
[1;31m2026-09-23 09:39:01.687892073 [E:onnxruntime:Default, env.cc:234 ThreadMain] pthread_setaffinity_np failed for thread: 1292097, index: 2, mask: {6, }, error code: 22 error msg: Invalid argument. Specify the number of threads explicitly so the affinity is not set.[m
[1;31m2026-09-23 09:39:01.687803226 [E:onnxruntime:Default, env.cc:234 ThreadMain] pthread_setaffinity_np failed for thread: 1292095, index: 0, mask: {2, }, error code: 22 error msg: Invalid argument. Specify the number of threads explicitly so the affinity is not set.[m
[1;31m2026-09-23 09:39:01.671799854 [E:onnxruntime:Default, env.cc:234 ThreadMain] pthread_setaffinity_np failed for thread: 1292089, index: 13, mask: {9, }, error code: 22 error msg: Invalid argument. Specify the number of threads explicitly so the affinity is not set.[m
[1;31m2026-09-23 09:39:01.725836794 [E:onnxruntime:Default, env.cc:234 ThreadMain] pthread_setaffinity_np failed for thread: 1292128, index: 14, mask: {11, }, error code: 22 error msg: Invalid argument. Specify the number of threads explicitly so the affinity is not set.[m
[1;31m2026-09-23 09:39:01.725810236 [E:onnxruntime:Default, env.cc:234 ThreadMain] pthread_setaffinity_np failed for thread: 1292127, index: 13, mask: {9, }, error code: 22 error msg: Invalid argument. Specify the number of threads explicitly so the affinity is not set.[m
[1;31m2026-09-23 09:39:01.741553921 [E:onnxruntime:Default, env.cc:234 ThreadMain] pthread_setaffinity_np failed for thread: 1292117, index: 3, mask: {8, }, error code: 22 error msg: Invalid argument. Specify the number of threads explicitly so the affinity is not set.[m
[1;31m2026-09-23 09:39:01.745800277 [E:onnxruntime:Default, env.cc:234 ThreadMain] pthread_setaffinity_np failed for thread: 1292123, index: 9, mask: {1, }, error code: 22 error msg: Invalid argument. Specify the number of threads explicitly so the affinity is not set.[m
[1;31m2026-09-23 09:39:01.765789183 [E:onnxruntime:Default, env.cc:234 ThreadMain] pthread_setaffinity_np failed for thread: 1292118, index: 4, mask: {10, }, error code: 22 error msg: Invalid argument. Specify the number of threads explicitly so the affinity is not set.[m
[1;31m2026-09-23 09:39:01.769791040 [E:onnxruntime:Default, env.cc:234 ThreadMain] pthread_setaffinity_np failed for thread: 1292119, index: 5, mask: {12, }, error code: 22 error msg: Invalid argument. Specify the number of threads explicitly so the affinity is not set.[m
[1;31m2026-09-23 09:39:01.773786364 [E:onnxruntime:Default, env.cc:234 ThreadMain] pthread_setaffinity_np failed for thread: 1292120, index: 6, mask: {14, }, error code: 22 error msg: Invalid argument. Specify the number of threads explicitly so the affinity is not set.[m
[1;31m2026-09-23 09:39:01.776797048 [E:onnxruntime:Default, env.cc:234 ThreadMain] pthread_setaffinity_np failed for thread: 1292076, index: 0, mask: {2, }, error code: 22 error msg: Invalid argument. Specify the number of threads explicitly so the affinity is not set.[m
[1;31m2026-09-23 09:39:01.777803405 [E:onnxruntime:Default, env.cc:234 ThreadMain] pthread_setaffinity_np failed for thread: 1292124, index: 10, mask: {3, }, error code: 22 error msg: Invalid argument. Specify the number of threads explicitly so the affinity is not set.[m
[1;31m2026-09-23 09:39:01.781790267 [E:onnxruntime:Default, env.cc:234 ThreadMain] pthread_setaffinity_np failed for thread: 1292125, index: 11, mask: {5, }, error code: 22 error msg: Invalid argument. Specify the number of threads explicitly so the affinity is not set.[m
[1;31m2026-09-23 09:39:01.785787679 [E:onnxruntime:Default, env.cc:234 ThreadMain] pthread_setaffinity_np failed for thread: 1292126, index: 12, mask: {7, }, error code: 22 error msg: Invalid argument. Specify the number of threads explicitly so the affinity is not set.[m
[1;31m2026-09-23 09:39:01.789790550 [E:onnxruntime:Default, env.cc:234 ThreadMain] pthread_setaffinity_np failed for thread: 1292129, index: 15, mask: {13, }, error code: 22 error msg: Invalid argument. Specify the number of threads explicitly so the affinity is not set.[m
[1;31m2026-09-23 09:39:01.793799788 [E:onnxruntime:Default, env.cc:234 ThreadMain] pthread_setaffinity_np failed for thread: 1292130, index: 16, mask: {15, }, error code: 22 error msg: Invalid argument. Specify the number of threads explicitly so the affinity is not set.[m
[1;31m2026-09-23 09:39:01.802232480 [E:onnxruntime:Default, env.cc:234 ThreadMain] pthread_setaffinity_np failed for thread: 1292116, index: 2, mask: {6, }, error code: 22 error msg: Invalid argument. Specify the number of threads explicitly so the affinity is not set.[m
[1;31m2026-09-23 09:39:01.805804367 [E:onnxruntime:Default, env.cc:234 ThreadMain] pthread_setaffinity_np failed for thread: 1292115, index: 1, mask: {4, }, error code: 22 error msg: Invalid argument. Specify the number of threads explicitly so the affinity is not set.[m
[1;31m2026-09-23 09:39:01.813803952 [E:onnxruntime:Default, env.cc:234 ThreadMain] pthread_setaffinity_np failed for thread: 1292114, index: 0, mask: {2, }, error code: 22 error msg: Invalid argument. Specify the number of threads explicitly so the affinity is not set.[m

=== traversal: variant=biped vx=0.4 24s  finish line x=4.70 ===
policy                 peak x  progress  outcome
randomized               1.68      1.68  FELL t=  8.0s x= 1.48 (on cable)
no_randomization         1.08      1.08  FELL t=  3.4s x= 0.91 (on cable)
push_trained             1.63      1.63  FELL t= 10.2s x= 1.17 (on cable)
terrain_trained          6.15      6.15  FINISHED the course
REPO_CPU_EVAL_COMPLETE
