[nominal] cam z=0.300 m  image range [0.058, 1.000]  MR-vs-Isaac pooling max diff 0.039 (16 cells)
[depth] widths=[301] proprio=45 -> depth arms {0: 16} pools {0: 4}
57_ppo-ice-placed-depth-s1 arm=A     cmd=(+0.3,+0.0,+0.0) seed=0 fell=0 surv=12.00s lin_err=0.307 dist=3.37
57_ppo-ice-placed-depth-s1 arm=A     cmd=(+0.3,+0.0,+0.0) seed=1 fell=0 surv=12.00s lin_err=0.303 dist=3.37
57_ppo-ice-placed-depth-s1 arm=A     cmd=(+0.3,+0.0,+0.0) seed=2 fell=0 surv=12.00s lin_err=0.303 dist=3.37
57_ppo-ice-placed-depth-s1 arm=A     cmd=(+0.3,+0.0,+0.0) seed=3 fell=0 surv=12.00s lin_err=0.304 dist=3.35
57_ppo-ice-placed-depth-s1 arm=A     cmd=(+0.3,+0.0,+0.0) seed=4 fell=0 surv=12.00s lin_err=0.303 dist=3.38
57_ppo-ice-placed-depth-s1 arm=A     cmd=(+0.3,+0.0,+0.0) seed=5 fell=0 surv=12.00s lin_err=0.305 dist=3.38
57_ppo-ice-placed-depth-s1 arm=A     cmd=(+0.3,+0.0,+0.0) seed=6 fell=0 surv=12.00s lin_err=0.303 dist=3.36
57_ppo-ice-placed-depth-s1 arm=A     cmd=(+0.3,+0.0,+0.0) seed=7 fell=0 surv=12.00s lin_err=0.303 dist=3.38
57_ppo-ice-placed-depth-s1 arm=A     cmd=(+0.3,+0.0,+0.0) seed=8 fell=0 surv=12.00s lin_err=0.303 dist=3.38
57_ppo-ice-placed-depth-s1 arm=A     cmd=(+0.3,+0.0,+0.0) seed=9 fell=0 surv=12.00s lin_err=0.307 dist=3.38
57_ppo-ice-placed-depth-s1 arm=A     cmd=(+0.5,+0.0,+0.0) seed=0 fell=0 surv=12.00s lin_err=0.310 dist=5.49
57_ppo-ice-placed-depth-s1 arm=A     cmd=(+0.5,+0.0,+0.0) seed=1 fell=0 surv=12.00s lin_err=0.309 dist=5.50
57_ppo-ice-placed-depth-s1 arm=A     cmd=(+0.5,+0.0,+0.0) seed=2 fell=0 surv=12.00s lin_err=0.310 dist=5.54
57_ppo-ice-placed-depth-s1 arm=A     cmd=(+0.5,+0.0,+0.0) seed=3 fell=0 surv=12.00s lin_err=0.309 dist=5.51
57_ppo-ice-placed-depth-s1 arm=A     cmd=(+0.5,+0.0,+0.0) seed=4 fell=0 surv=12.00s lin_err=0.308 dist=5.51
57_ppo-ice-placed-depth-s1 arm=A     cmd=(+0.5,+0.0,+0.0) seed=5 fell=0 surv=12.00s lin_err=0.310 dist=5.51
57_ppo-ice-placed-depth-s1 arm=A     cmd=(+0.5,+0.0,+0.0) seed=6 fell=0 surv=12.00s lin_err=0.310 dist=5.51
57_ppo-ice-placed-depth-s1 arm=A     cmd=(+0.5,+0.0,+0.0) seed=7 fell=0 surv=12.00s lin_err=0.310 dist=5.52
57_ppo-ice-placed-depth-s1 arm=A     cmd=(+0.5,+0.0,+0.0) seed=8 fell=0 surv=12.00s lin_err=0.309 dist=5.52
57_ppo-ice-placed-depth-s1 arm=A     cmd=(+0.5,+0.0,+0.0) seed=9 fell=0 surv=12.00s lin_err=0.310 dist=5.54
57_ppo-ice-placed-depth-s1 arm=A     cmd=(-0.2,+0.0,+0.0) seed=0 fell=0 surv=12.00s lin_err=0.217 dist=2.33
57_ppo-ice-placed-depth-s1 arm=A     cmd=(-0.2,+0.0,+0.0) seed=1 fell=0 surv=12.00s lin_err=0.215 dist=2.33
57_ppo-ice-placed-depth-s1 arm=A     cmd=(-0.2,+0.0,+0.0) seed=2 fell=0 surv=12.00s lin_err=0.216 dist=2.33
57_ppo-ice-placed-depth-s1 arm=A     cmd=(-0.2,+0.0,+0.0) seed=3 fell=0 surv=12.00s lin_err=0.216 dist=2.32
57_ppo-ice-placed-depth-s1 arm=A     cmd=(-0.2,+0.0,+0.0) seed=4 fell=0 surv=12.00s lin_err=0.215 dist=2.32
57_ppo-ice-placed-depth-s1 arm=A     cmd=(-0.2,+0.0,+0.0) seed=5 fell=0 surv=12.00s lin_err=0.218 dist=2.34
57_ppo-ice-placed-depth-s1 arm=A     cmd=(-0.2,+0.0,+0.0) seed=6 fell=0 surv=12.00s lin_err=0.216 dist=2.33
57_ppo-ice-placed-depth-s1 arm=A     cmd=(-0.2,+0.0,+0.0) seed=7 fell=0 surv=12.00s lin_err=0.216 dist=2.32
57_ppo-ice-placed-depth-s1 arm=A     cmd=(-0.2,+0.0,+0.0) seed=8 fell=0 surv=12.00s lin_err=0.217 dist=2.32
57_ppo-ice-placed-depth-s1 arm=A     cmd=(-0.2,+0.0,+0.0) seed=9 fell=0 surv=12.00s lin_err=0.215 dist=2.32
57_ppo-ice-placed-depth-s1 arm=A     cmd=(+0.0,+0.2,+0.0) seed=0 fell=0 surv=12.00s lin_err=0.252 dist=1.44
57_ppo-ice-placed-depth-s1 arm=A     cmd=(+0.0,+0.2,+0.0) seed=1 fell=0 surv=12.00s lin_err=0.262 dist=1.44
57_ppo-ice-placed-depth-s1 arm=A     cmd=(+0.0,+0.2,+0.0) seed=2 fell=0 surv=12.00s lin_err=0.263 dist=1.36
57_ppo-ice-placed-depth-s1 arm=A     cmd=(+0.0,+0.2,+0.0) seed=3 fell=0 surv=12.00s lin_err=0.266 dist=1.41
57_ppo-ice-placed-depth-s1 arm=A     cmd=(+0.0,+0.2,+0.0) seed=4 fell=0 surv=12.00s lin_err=0.261 dist=1.41
57_ppo-ice-placed-depth-s1 arm=A     cmd=(+0.0,+0.2,+0.0) seed=5 fell=0 surv=12.00s lin_err=0.262 dist=1.46
57_ppo-ice-placed-depth-s1 arm=A     cmd=(+0.0,+0.2,+0.0) seed=6 fell=0 surv=12.00s lin_err=0.264 dist=1.43
57_ppo-ice-placed-depth-s1 arm=A     cmd=(+0.0,+0.2,+0.0) seed=7 fell=0 surv=12.00s lin_err=0.264 dist=1.36
57_ppo-ice-placed-depth-s1 arm=A     cmd=(+0.0,+0.2,+0.0) seed=8 fell=0 surv=12.00s lin_err=0.264 dist=1.38
57_ppo-ice-placed-depth-s1 arm=A     cmd=(+0.0,+0.2,+0.0) seed=9 fell=0 surv=12.00s lin_err=0.261 dist=1.41
57_ppo-ice-placed-depth-s1 arm=A     cmd=(+0.0,+0.0,+0.5) seed=0 fell=0 surv=12.00s lin_err=0.152 dist=0.03
57_ppo-ice-placed-depth-s1 arm=A     cmd=(+0.0,+0.0,+0.5) seed=1 fell=0 surv=12.00s lin_err=0.133 dist=0.06
57_ppo-ice-placed-depth-s1 arm=A     cmd=(+0.0,+0.0,+0.5) seed=2 fell=0 surv=12.00s lin_err=0.154 dist=0.00
57_ppo-ice-placed-depth-s1 arm=A     cmd=(+0.0,+0.0,+0.5) seed=3 fell=0 surv=12.00s lin_err=0.127 dist=0.06
57_ppo-ice-placed-depth-s1 arm=A     cmd=(+0.0,+0.0,+0.5) seed=4 fell=0 surv=12.00s lin_err=0.154 dist=0.01
57_ppo-ice-placed-depth-s1 arm=A     cmd=(+0.0,+0.0,+0.5) seed=5 fell=0 surv=12.00s lin_err=0.154 dist=0.01
57_ppo-ice-placed-depth-s1 arm=A     cmd=(+0.0,+0.0,+0.5) seed=6 fell=0 surv=12.00s lin_err=0.156 dist=0.02
57_ppo-ice-placed-depth-s1 arm=A     cmd=(+0.0,+0.0,+0.5) seed=7 fell=0 surv=12.00s lin_err=0.154 dist=0.01
57_ppo-ice-placed-depth-s1 arm=A     cmd=(+0.0,+0.0,+0.5) seed=8 fell=0 surv=12.00s lin_err=0.154 dist=0.02
57_ppo-ice-placed-depth-s1 arm=A     cmd=(+0.0,+0.0,+0.5) seed=9 fell=0 surv=12.00s lin_err=0.156 dist=0.02
57_ppo-ice-placed-depth-s1 arm=A     cmd=(+0.3,+0.0,+0.5) seed=0 fell=0 surv=12.00s lin_err=0.285 dist=0.15
57_ppo-ice-placed-depth-s1 arm=A     cmd=(+0.3,+0.0,+0.5) seed=1 fell=0 surv=12.00s lin_err=0.287 dist=0.15
57_ppo-ice-placed-depth-s1 arm=A     cmd=(+0.3,+0.0,+0.5) seed=2 fell=0 surv=12.00s lin_err=0.286 dist=0.17
57_ppo-ice-placed-depth-s1 arm=A     cmd=(+0.3,+0.0,+0.5) seed=3 fell=0 surv=12.00s lin_err=0.286 dist=0.16
57_ppo-ice-placed-depth-s1 arm=A     cmd=(+0.3,+0.0,+0.5) seed=4 fell=0 surv=12.00s lin_err=0.285 dist=0.18
57_ppo-ice-placed-depth-s1 arm=A     cmd=(+0.3,+0.0,+0.5) seed=5 fell=0 surv=12.00s lin_err=0.286 dist=0.17
57_ppo-ice-placed-depth-s1 arm=A     cmd=(+0.3,+0.0,+0.5) seed=6 fell=0 surv=12.00s lin_err=0.286 dist=0.17
57_ppo-ice-placed-depth-s1 arm=A     cmd=(+0.3,+0.0,+0.5) seed=7 fell=0 surv=12.00s lin_err=0.288 dist=0.21
57_ppo-ice-placed-depth-s1 arm=A     cmd=(+0.3,+0.0,+0.5) seed=8 fell=0 surv=12.00s lin_err=0.286 dist=0.18
57_ppo-ice-placed-depth-s1 arm=A     cmd=(+0.3,+0.0,+0.5) seed=9 fell=0 surv=12.00s lin_err=0.289 dist=0.25
== 2026-09-16_14-43-57_ppo-ice-placed-depth-s1 arm A: n=60 fall=0.000 disp=2.138 m lin_err=0.255 (87.9 s)
[depth] widths=[301] proprio=45 -> depth arms {0: 16} pools {0: 4}
57_ppo-ice-placed-depth-s1 arm=B     cmd=(+0.3,+0.0,+0.0) seed=0 fell=1 surv= 1.72s lin_err=0.290 dist=0.06
57_ppo-ice-placed-depth-s1 arm=B     cmd=(+0.3,+0.0,+0.0) seed=1 fell=1 surv= 1.68s lin_err=0.287 dist=0.07
57_ppo-ice-placed-depth-s1 arm=B     cmd=(+0.3,+0.0,+0.0) seed=2 fell=1 surv= 1.76s lin_err=0.295 dist=0.04
57_ppo-ice-placed-depth-s1 arm=B     cmd=(+0.3,+0.0,+0.0) seed=3 fell=1 surv= 1.60s lin_err=0.287 dist=0.08
57_ppo-ice-placed-depth-s1 arm=B     cmd=(+0.3,+0.0,+0.0) seed=4 fell=1 surv= 1.64s lin_err=0.309 dist=0.10
57_ppo-ice-placed-depth-s1 arm=B     cmd=(+0.3,+0.0,+0.0) seed=5 fell=1 surv= 1.76s lin_err=0.289 dist=0.06
57_ppo-ice-placed-depth-s1 arm=B     cmd=(+0.3,+0.0,+0.0) seed=6 fell=1 surv= 1.84s lin_err=0.297 dist=0.03
57_ppo-ice-placed-depth-s1 arm=B     cmd=(+0.3,+0.0,+0.0) seed=7 fell=1 surv= 1.72s lin_err=0.292 dist=0.04
57_ppo-ice-placed-depth-s1 arm=B     cmd=(+0.3,+0.0,+0.0) seed=8 fell=1 surv= 1.96s lin_err=0.307 dist=0.04
57_ppo-ice-placed-depth-s1 arm=B     cmd=(+0.3,+0.0,+0.0) seed=9 fell=1 surv= 1.72s lin_err=0.289 dist=0.03
57_ppo-ice-placed-depth-s1 arm=B     cmd=(+0.5,+0.0,+0.0) seed=0 fell=1 surv= 0.92s lin_err=nan dist=0.09
57_ppo-ice-placed-depth-s1 arm=B     cmd=(+0.5,+0.0,+0.0) seed=1 fell=1 surv= 0.92s lin_err=nan dist=0.09
57_ppo-ice-placed-depth-s1 arm=B     cmd=(+0.5,+0.0,+0.0) seed=2 fell=1 surv= 0.92s lin_err=nan dist=0.09
57_ppo-ice-placed-depth-s1 arm=B     cmd=(+0.5,+0.0,+0.0) seed=3 fell=1 surv= 0.96s lin_err=nan dist=0.10
57_ppo-ice-placed-depth-s1 arm=B     cmd=(+0.5,+0.0,+0.0) seed=4 fell=1 surv= 1.04s lin_err=0.434 dist=0.08
57_ppo-ice-placed-depth-s1 arm=B     cmd=(+0.5,+0.0,+0.0) seed=5 fell=1 surv= 1.12s lin_err=0.450 dist=0.07
57_ppo-ice-placed-depth-s1 arm=B     cmd=(+0.5,+0.0,+0.0) seed=6 fell=1 surv= 0.88s lin_err=nan dist=0.09
57_ppo-ice-placed-depth-s1 arm=B     cmd=(+0.5,+0.0,+0.0) seed=7 fell=1 surv= 0.88s lin_err=nan dist=0.08
57_ppo-ice-placed-depth-s1 arm=B     cmd=(+0.5,+0.0,+0.0) seed=8 fell=1 surv= 1.28s lin_err=0.449 dist=0.03
57_ppo-ice-placed-depth-s1 arm=B     cmd=(+0.5,+0.0,+0.0) seed=9 fell=1 surv= 1.08s lin_err=0.532 dist=0.09
57_ppo-ice-placed-depth-s1 arm=B     cmd=(-0.2,+0.0,+0.0) seed=0 fell=1 surv= 1.88s lin_err=0.213 dist=0.17
57_ppo-ice-placed-depth-s1 arm=B     cmd=(-0.2,+0.0,+0.0) seed=1 fell=1 surv= 1.64s lin_err=0.238 dist=0.15
57_ppo-ice-placed-depth-s1 arm=B     cmd=(-0.2,+0.0,+0.0) seed=2 fell=1 surv= 1.68s lin_err=0.222 dist=0.15
57_ppo-ice-placed-depth-s1 arm=B     cmd=(-0.2,+0.0,+0.0) seed=3 fell=1 surv= 1.60s lin_err=0.233 dist=0.17
57_ppo-ice-placed-depth-s1 arm=B     cmd=(-0.2,+0.0,+0.0) seed=4 fell=1 surv= 1.92s lin_err=0.179 dist=0.16
57_ppo-ice-placed-depth-s1 arm=B     cmd=(-0.2,+0.0,+0.0) seed=5 fell=1 surv= 1.84s lin_err=0.188 dist=0.16
57_ppo-ice-placed-depth-s1 arm=B     cmd=(-0.2,+0.0,+0.0) seed=6 fell=1 surv= 2.16s lin_err=0.189 dist=0.18
57_ppo-ice-placed-depth-s1 arm=B     cmd=(-0.2,+0.0,+0.0) seed=7 fell=1 surv= 1.72s lin_err=0.225 dist=0.14
57_ppo-ice-placed-depth-s1 arm=B     cmd=(-0.2,+0.0,+0.0) seed=8 fell=1 surv= 1.92s lin_err=0.215 dist=0.14
57_ppo-ice-placed-depth-s1 arm=B     cmd=(-0.2,+0.0,+0.0) seed=9 fell=1 surv= 1.72s lin_err=0.219 dist=0.14
57_ppo-ice-placed-depth-s1 arm=B     cmd=(+0.0,+0.2,+0.0) seed=0 fell=1 surv= 2.60s lin_err=0.201 dist=0.16
57_ppo-ice-placed-depth-s1 arm=B     cmd=(+0.0,+0.2,+0.0) seed=1 fell=1 surv= 2.32s lin_err=0.202 dist=0.17
57_ppo-ice-placed-depth-s1 arm=B     cmd=(+0.0,+0.2,+0.0) seed=2 fell=1 surv= 2.48s lin_err=0.200 dist=0.15
57_ppo-ice-placed-depth-s1 arm=B     cmd=(+0.0,+0.2,+0.0) seed=3 fell=1 surv= 2.32s lin_err=0.198 dist=0.17
57_ppo-ice-placed-depth-s1 arm=B     cmd=(+0.0,+0.2,+0.0) seed=4 fell=1 surv= 2.52s lin_err=0.203 dist=0.15
57_ppo-ice-placed-depth-s1 arm=B     cmd=(+0.0,+0.2,+0.0) seed=5 fell=1 surv= 2.64s lin_err=0.198 dist=0.16
57_ppo-ice-placed-depth-s1 arm=B     cmd=(+0.0,+0.2,+0.0) seed=6 fell=1 surv= 1.92s lin_err=0.186 dist=0.16
57_ppo-ice-placed-depth-s1 arm=B     cmd=(+0.0,+0.2,+0.0) seed=7 fell=1 surv= 2.52s lin_err=0.203 dist=0.15
57_ppo-ice-placed-depth-s1 arm=B     cmd=(+0.0,+0.2,+0.0) seed=8 fell=1 surv= 2.68s lin_err=0.192 dist=0.13
57_ppo-ice-placed-depth-s1 arm=B     cmd=(+0.0,+0.2,+0.0) seed=9 fell=1 surv= 2.48s lin_err=0.198 dist=0.14
57_ppo-ice-placed-depth-s1 arm=B     cmd=(+0.0,+0.0,+0.5) seed=0 fell=1 surv= 1.20s lin_err=0.264 dist=0.18
57_ppo-ice-placed-depth-s1 arm=B     cmd=(+0.0,+0.0,+0.5) seed=1 fell=1 surv= 1.24s lin_err=0.201 dist=0.18
57_ppo-ice-placed-depth-s1 arm=B     cmd=(+0.0,+0.0,+0.5) seed=2 fell=1 surv= 1.28s lin_err=0.209 dist=0.18
57_ppo-ice-placed-depth-s1 arm=B     cmd=(+0.0,+0.0,+0.5) seed=3 fell=1 surv= 1.20s lin_err=0.341 dist=0.17
57_ppo-ice-placed-depth-s1 arm=B     cmd=(+0.0,+0.0,+0.5) seed=4 fell=1 surv= 1.16s lin_err=0.216 dist=0.17
57_ppo-ice-placed-depth-s1 arm=B     cmd=(+0.0,+0.0,+0.5) seed=5 fell=1 surv= 1.16s lin_err=0.178 dist=0.20
57_ppo-ice-placed-depth-s1 arm=B     cmd=(+0.0,+0.0,+0.5) seed=6 fell=1 surv= 1.24s lin_err=0.230 dist=0.17
57_ppo-ice-placed-depth-s1 arm=B     cmd=(+0.0,+0.0,+0.5) seed=7 fell=1 surv= 1.28s lin_err=0.226 dist=0.16
57_ppo-ice-placed-depth-s1 arm=B     cmd=(+0.0,+0.0,+0.5) seed=8 fell=1 surv= 1.24s lin_err=0.202 dist=0.14
57_ppo-ice-placed-depth-s1 arm=B     cmd=(+0.0,+0.0,+0.5) seed=9 fell=1 surv= 1.16s lin_err=0.331 dist=0.20
57_ppo-ice-placed-depth-s1 arm=B     cmd=(+0.3,+0.0,+0.5) seed=0 fell=1 surv= 2.00s lin_err=0.293 dist=0.04
57_ppo-ice-placed-depth-s1 arm=B     cmd=(+0.3,+0.0,+0.5) seed=1 fell=1 surv= 1.84s lin_err=0.312 dist=0.05
57_ppo-ice-placed-depth-s1 arm=B     cmd=(+0.3,+0.0,+0.5) seed=2 fell=1 surv= 2.20s lin_err=0.337 dist=0.08
57_ppo-ice-placed-depth-s1 arm=B     cmd=(+0.3,+0.0,+0.5) seed=3 fell=1 surv= 1.88s lin_err=0.298 dist=0.04
57_ppo-ice-placed-depth-s1 arm=B     cmd=(+0.3,+0.0,+0.5) seed=4 fell=1 surv= 1.88s lin_err=0.272 dist=0.02
57_ppo-ice-placed-depth-s1 arm=B     cmd=(+0.3,+0.0,+0.5) seed=5 fell=1 surv= 1.92s lin_err=0.277 dist=0.03
57_ppo-ice-placed-depth-s1 arm=B     cmd=(+0.3,+0.0,+0.5) seed=6 fell=1 surv= 2.00s lin_err=0.359 dist=0.08
57_ppo-ice-placed-depth-s1 arm=B     cmd=(+0.3,+0.0,+0.5) seed=7 fell=1 surv= 2.12s lin_err=0.348 dist=0.08
57_ppo-ice-placed-depth-s1 arm=B     cmd=(+0.3,+0.0,+0.5) seed=8 fell=0 surv=12.00s lin_err=0.300 dist=0.05
57_ppo-ice-placed-depth-s1 arm=B     cmd=(+0.3,+0.0,+0.5) seed=9 fell=1 surv= 1.68s lin_err=0.252 dist=0.02
== 2026-09-16_14-43-57_ppo-ice-placed-depth-s1 arm B: n=60 fall=0.983 disp=0.112 m lin_err=0.266 (11.2 s)
[depth] widths=[301] proprio=45 -> depth arms {0: 16} pools {0: 4}
57_ppo-ice-placed-depth-s1 arm=Bsettle cmd=(+0.3,+0.0,+0.0) seed=0 fell=1 surv= 1.92s lin_err=0.419 dist=0.33
57_ppo-ice-placed-depth-s1 arm=Bsettle cmd=(+0.3,+0.0,+0.0) seed=1 fell=1 surv= 1.92s lin_err=0.407 dist=0.37
57_ppo-ice-placed-depth-s1 arm=Bsettle cmd=(+0.3,+0.0,+0.0) seed=2 fell=1 surv= 1.92s lin_err=0.418 dist=0.35
57_ppo-ice-placed-depth-s1 arm=Bsettle cmd=(+0.3,+0.0,+0.0) seed=3 fell=1 surv= 1.88s lin_err=0.416 dist=0.30
57_ppo-ice-placed-depth-s1 arm=Bsettle cmd=(+0.3,+0.0,+0.0) seed=4 fell=1 surv= 1.88s lin_err=0.418 dist=0.38
57_ppo-ice-placed-depth-s1 arm=Bsettle cmd=(+0.3,+0.0,+0.0) seed=5 fell=1 surv= 1.88s lin_err=0.418 dist=0.37
57_ppo-ice-placed-depth-s1 arm=Bsettle cmd=(+0.3,+0.0,+0.0) seed=6 fell=1 surv= 1.88s lin_err=0.416 dist=0.34
57_ppo-ice-placed-depth-s1 arm=Bsettle cmd=(+0.3,+0.0,+0.0) seed=7 fell=1 surv= 1.92s lin_err=0.409 dist=0.37
57_ppo-ice-placed-depth-s1 arm=Bsettle cmd=(+0.3,+0.0,+0.0) seed=8 fell=1 surv= 1.88s lin_err=0.421 dist=0.35
57_ppo-ice-placed-depth-s1 arm=Bsettle cmd=(+0.3,+0.0,+0.0) seed=9 fell=1 surv= 1.92s lin_err=0.414 dist=0.37
57_ppo-ice-placed-depth-s1 arm=Bsettle cmd=(+0.5,+0.0,+0.0) seed=0 fell=1 surv= 1.92s lin_err=0.493 dist=0.63
57_ppo-ice-placed-depth-s1 arm=Bsettle cmd=(+0.5,+0.0,+0.0) seed=1 fell=1 surv= 1.96s lin_err=0.509 dist=0.68
57_ppo-ice-placed-depth-s1 arm=Bsettle cmd=(+0.5,+0.0,+0.0) seed=2 fell=1 surv= 1.92s lin_err=0.506 dist=0.64
57_ppo-ice-placed-depth-s1 arm=Bsettle cmd=(+0.5,+0.0,+0.0) seed=3 fell=1 surv= 1.96s lin_err=0.485 dist=0.66
57_ppo-ice-placed-depth-s1 arm=Bsettle cmd=(+0.5,+0.0,+0.0) seed=4 fell=1 surv= 1.88s lin_err=0.514 dist=0.66
57_ppo-ice-placed-depth-s1 arm=Bsettle cmd=(+0.5,+0.0,+0.0) seed=5 fell=1 surv= 1.92s lin_err=0.457 dist=0.63
57_ppo-ice-placed-depth-s1 arm=Bsettle cmd=(+0.5,+0.0,+0.0) seed=6 fell=1 surv= 1.88s lin_err=0.485 dist=0.66
57_ppo-ice-placed-depth-s1 arm=Bsettle cmd=(+0.5,+0.0,+0.0) seed=7 fell=1 surv= 1.92s lin_err=0.516 dist=0.66
57_ppo-ice-placed-depth-s1 arm=Bsettle cmd=(+0.5,+0.0,+0.0) seed=8 fell=1 surv= 1.88s lin_err=0.496 dist=0.67
57_ppo-ice-placed-depth-s1 arm=Bsettle cmd=(+0.5,+0.0,+0.0) seed=9 fell=1 surv= 1.92s lin_err=0.493 dist=0.65
57_ppo-ice-placed-depth-s1 arm=Bsettle cmd=(-0.2,+0.0,+0.0) seed=0 fell=1 surv= 2.20s lin_err=0.339 dist=0.43
57_ppo-ice-placed-depth-s1 arm=Bsettle cmd=(-0.2,+0.0,+0.0) seed=1 fell=1 surv= 2.52s lin_err=0.319 dist=0.45
57_ppo-ice-placed-depth-s1 arm=Bsettle cmd=(-0.2,+0.0,+0.0) seed=2 fell=1 surv= 2.24s lin_err=0.273 dist=0.31
57_ppo-ice-placed-depth-s1 arm=Bsettle cmd=(-0.2,+0.0,+0.0) seed=3 fell=1 surv= 4.72s lin_err=0.268 dist=0.83
57_ppo-ice-placed-depth-s1 arm=Bsettle cmd=(-0.2,+0.0,+0.0) seed=4 fell=1 surv= 2.48s lin_err=0.320 dist=0.37
57_ppo-ice-placed-depth-s1 arm=Bsettle cmd=(-0.2,+0.0,+0.0) seed=5 fell=1 surv= 7.08s lin_err=0.285 dist=1.21
57_ppo-ice-placed-depth-s1 arm=Bsettle cmd=(-0.2,+0.0,+0.0) seed=6 fell=1 surv= 1.60s lin_err=0.396 dist=0.42
57_ppo-ice-placed-depth-s1 arm=Bsettle cmd=(-0.2,+0.0,+0.0) seed=7 fell=1 surv= 2.20s lin_err=0.271 dist=0.31
57_ppo-ice-placed-depth-s1 arm=Bsettle cmd=(-0.2,+0.0,+0.0) seed=8 fell=1 surv= 2.48s lin_err=0.251 dist=0.35
57_ppo-ice-placed-depth-s1 arm=Bsettle cmd=(-0.2,+0.0,+0.0) seed=9 fell=1 surv= 1.96s lin_err=0.291 dist=0.35
57_ppo-ice-placed-depth-s1 arm=Bsettle cmd=(+0.0,+0.2,+0.0) seed=0 fell=1 surv= 3.32s lin_err=0.276 dist=0.39
57_ppo-ice-placed-depth-s1 arm=Bsettle cmd=(+0.0,+0.2,+0.0) seed=1 fell=0 surv=12.00s lin_err=0.226 dist=1.61
57_ppo-ice-placed-depth-s1 arm=Bsettle cmd=(+0.0,+0.2,+0.0) seed=2 fell=1 surv= 2.68s lin_err=0.300 dist=0.30
57_ppo-ice-placed-depth-s1 arm=Bsettle cmd=(+0.0,+0.2,+0.0) seed=3 fell=1 surv= 2.96s lin_err=0.286 dist=0.39
57_ppo-ice-placed-depth-s1 arm=Bsettle cmd=(+0.0,+0.2,+0.0) seed=4 fell=1 surv= 3.12s lin_err=0.282 dist=0.35
57_ppo-ice-placed-depth-s1 arm=Bsettle cmd=(+0.0,+0.2,+0.0) seed=5 fell=1 surv= 3.52s lin_err=0.343 dist=0.49
57_ppo-ice-placed-depth-s1 arm=Bsettle cmd=(+0.0,+0.2,+0.0) seed=6 fell=0 surv=12.00s lin_err=0.212 dist=1.55
57_ppo-ice-placed-depth-s1 arm=Bsettle cmd=(+0.0,+0.2,+0.0) seed=7 fell=1 surv= 2.64s lin_err=0.305 dist=0.27
57_ppo-ice-placed-depth-s1 arm=Bsettle cmd=(+0.0,+0.2,+0.0) seed=8 fell=1 surv= 2.68s lin_err=0.299 dist=0.34
57_ppo-ice-placed-depth-s1 arm=Bsettle cmd=(+0.0,+0.2,+0.0) seed=9 fell=1 surv= 2.60s lin_err=0.471 dist=0.38
57_ppo-ice-placed-depth-s1 arm=Bsettle cmd=(+0.0,+0.0,+0.5) seed=0 fell=0 surv=12.00s lin_err=0.167 dist=0.05
57_ppo-ice-placed-depth-s1 arm=Bsettle cmd=(+0.0,+0.0,+0.5) seed=1 fell=1 surv= 2.72s lin_err=0.288 dist=0.09
57_ppo-ice-placed-depth-s1 arm=Bsettle cmd=(+0.0,+0.0,+0.5) seed=2 fell=0 surv=12.00s lin_err=0.167 dist=0.08
57_ppo-ice-placed-depth-s1 arm=Bsettle cmd=(+0.0,+0.0,+0.5) seed=3 fell=1 surv= 2.68s lin_err=0.283 dist=0.07
57_ppo-ice-placed-depth-s1 arm=Bsettle cmd=(+0.0,+0.0,+0.5) seed=4 fell=1 surv= 3.56s lin_err=0.270 dist=0.21
57_ppo-ice-placed-depth-s1 arm=Bsettle cmd=(+0.0,+0.0,+0.5) seed=5 fell=1 surv= 2.76s lin_err=0.328 dist=0.13
57_ppo-ice-placed-depth-s1 arm=Bsettle cmd=(+0.0,+0.0,+0.5) seed=6 fell=0 surv=12.00s lin_err=0.143 dist=0.03
57_ppo-ice-placed-depth-s1 arm=Bsettle cmd=(+0.0,+0.0,+0.5) seed=7 fell=0 surv=12.00s lin_err=0.147 dist=0.10
57_ppo-ice-placed-depth-s1 arm=Bsettle cmd=(+0.0,+0.0,+0.5) seed=8 fell=0 surv=12.00s lin_err=0.148 dist=0.07
57_ppo-ice-placed-depth-s1 arm=Bsettle cmd=(+0.0,+0.0,+0.5) seed=9 fell=0 surv=12.00s lin_err=0.147 dist=0.07
57_ppo-ice-placed-depth-s1 arm=Bsettle cmd=(+0.3,+0.0,+0.5) seed=0 fell=1 surv= 2.12s lin_err=0.427 dist=0.33
57_ppo-ice-placed-depth-s1 arm=Bsettle cmd=(+0.3,+0.0,+0.5) seed=1 fell=1 surv= 2.04s lin_err=0.435 dist=0.37
57_ppo-ice-placed-depth-s1 arm=Bsettle cmd=(+0.3,+0.0,+0.5) seed=2 fell=1 surv= 2.08s lin_err=0.455 dist=0.35
57_ppo-ice-placed-depth-s1 arm=Bsettle cmd=(+0.3,+0.0,+0.5) seed=3 fell=1 surv= 2.08s lin_err=0.459 dist=0.35
57_ppo-ice-placed-depth-s1 arm=Bsettle cmd=(+0.3,+0.0,+0.5) seed=4 fell=1 surv= 2.04s lin_err=0.412 dist=0.40
57_ppo-ice-placed-depth-s1 arm=Bsettle cmd=(+0.3,+0.0,+0.5) seed=5 fell=1 surv= 2.08s lin_err=0.456 dist=0.35
57_ppo-ice-placed-depth-s1 arm=Bsettle cmd=(+0.3,+0.0,+0.5) seed=6 fell=1 surv= 2.00s lin_err=0.442 dist=0.34
57_ppo-ice-placed-depth-s1 arm=Bsettle cmd=(+0.3,+0.0,+0.5) seed=7 fell=1 surv= 2.00s lin_err=0.432 dist=0.31
57_ppo-ice-placed-depth-s1 arm=Bsettle cmd=(+0.3,+0.0,+0.5) seed=8 fell=1 surv= 2.04s lin_err=0.440 dist=0.39
57_ppo-ice-placed-depth-s1 arm=Bsettle cmd=(+0.3,+0.0,+0.5) seed=9 fell=1 surv= 2.04s lin_err=0.441 dist=0.38
== 2026-09-16_14-43-57_ppo-ice-placed-depth-s1 arm Bsettle: n=60 fall=0.867 disp=0.428 m lin_err=0.360 (22.2 s)
57_ppo-ice-placed-depth-s1 arm=C     cmd=(+0.3,+0.0,+0.0) seed=0 fell=0 surv=12.00s lin_err=0.307 dist=3.35
57_ppo-ice-placed-depth-s1 arm=C     cmd=(+0.3,+0.0,+0.0) seed=1 fell=0 surv=12.00s lin_err=0.307 dist=3.36
57_ppo-ice-placed-depth-s1 arm=C     cmd=(+0.3,+0.0,+0.0) seed=2 fell=0 surv=12.00s lin_err=0.310 dist=3.37
57_ppo-ice-placed-depth-s1 arm=C     cmd=(+0.3,+0.0,+0.0) seed=3 fell=0 surv=12.00s lin_err=0.307 dist=3.37
57_ppo-ice-placed-depth-s1 arm=C     cmd=(+0.3,+0.0,+0.0) seed=4 fell=0 surv=12.00s lin_err=0.309 dist=3.40
57_ppo-ice-placed-depth-s1 arm=C     cmd=(+0.3,+0.0,+0.0) seed=5 fell=0 surv=12.00s lin_err=0.307 dist=3.36
57_ppo-ice-placed-depth-s1 arm=C     cmd=(+0.3,+0.0,+0.0) seed=6 fell=0 surv=12.00s lin_err=0.313 dist=3.36
57_ppo-ice-placed-depth-s1 arm=C     cmd=(+0.3,+0.0,+0.0) seed=7 fell=0 surv=12.00s lin_err=0.307 dist=3.36
57_ppo-ice-placed-depth-s1 arm=C     cmd=(+0.3,+0.0,+0.0) seed=8 fell=0 surv=12.00s lin_err=0.308 dist=3.37
57_ppo-ice-placed-depth-s1 arm=C     cmd=(+0.3,+0.0,+0.0) seed=9 fell=0 surv=12.00s lin_err=0.307 dist=3.39
57_ppo-ice-placed-depth-s1 arm=C     cmd=(+0.5,+0.0,+0.0) seed=0 fell=0 surv=12.00s lin_err=0.310 dist=5.52
57_ppo-ice-placed-depth-s1 arm=C     cmd=(+0.5,+0.0,+0.0) seed=1 fell=0 surv=12.00s lin_err=0.308 dist=5.53
57_ppo-ice-placed-depth-s1 arm=C     cmd=(+0.5,+0.0,+0.0) seed=2 fell=0 surv=12.00s lin_err=0.309 dist=5.57
57_ppo-ice-placed-depth-s1 arm=C     cmd=(+0.5,+0.0,+0.0) seed=3 fell=0 surv=12.00s lin_err=0.309 dist=5.53
57_ppo-ice-placed-depth-s1 arm=C     cmd=(+0.5,+0.0,+0.0) seed=4 fell=0 surv=12.00s lin_err=0.310 dist=5.56
57_ppo-ice-placed-depth-s1 arm=C     cmd=(+0.5,+0.0,+0.0) seed=5 fell=0 surv=12.00s lin_err=0.309 dist=5.53
57_ppo-ice-placed-depth-s1 arm=C     cmd=(+0.5,+0.0,+0.0) seed=6 fell=0 surv=12.00s lin_err=0.309 dist=5.53
57_ppo-ice-placed-depth-s1 arm=C     cmd=(+0.5,+0.0,+0.0) seed=7 fell=0 surv=12.00s lin_err=0.309 dist=5.57
57_ppo-ice-placed-depth-s1 arm=C     cmd=(+0.5,+0.0,+0.0) seed=8 fell=0 surv=12.00s lin_err=0.308 dist=5.55
57_ppo-ice-placed-depth-s1 arm=C     cmd=(+0.5,+0.0,+0.0) seed=9 fell=0 surv=12.00s lin_err=0.309 dist=5.56
57_ppo-ice-placed-depth-s1 arm=C     cmd=(-0.2,+0.0,+0.0) seed=0 fell=0 surv=12.00s lin_err=0.217 dist=2.31
57_ppo-ice-placed-depth-s1 arm=C     cmd=(-0.2,+0.0,+0.0) seed=1 fell=0 surv=12.00s lin_err=0.217 dist=2.29
57_ppo-ice-placed-depth-s1 arm=C     cmd=(-0.2,+0.0,+0.0) seed=2 fell=0 surv=12.00s lin_err=0.219 dist=2.27
57_ppo-ice-placed-depth-s1 arm=C     cmd=(-0.2,+0.0,+0.0) seed=3 fell=0 surv=12.00s lin_err=0.216 dist=2.30
57_ppo-ice-placed-depth-s1 arm=C     cmd=(-0.2,+0.0,+0.0) seed=4 fell=0 surv=12.00s lin_err=0.216 dist=2.29
57_ppo-ice-placed-depth-s1 arm=C     cmd=(-0.2,+0.0,+0.0) seed=5 fell=0 surv=12.00s lin_err=0.218 dist=2.31
57_ppo-ice-placed-depth-s1 arm=C     cmd=(-0.2,+0.0,+0.0) seed=6 fell=0 surv=12.00s lin_err=0.217 dist=2.29
57_ppo-ice-placed-depth-s1 arm=C     cmd=(-0.2,+0.0,+0.0) seed=7 fell=0 surv=12.00s lin_err=0.216 dist=2.27
57_ppo-ice-placed-depth-s1 arm=C     cmd=(-0.2,+0.0,+0.0) seed=8 fell=0 surv=12.00s lin_err=0.219 dist=2.28
57_ppo-ice-placed-depth-s1 arm=C     cmd=(-0.2,+0.0,+0.0) seed=9 fell=0 surv=12.00s lin_err=0.214 dist=2.28
57_ppo-ice-placed-depth-s1 arm=C     cmd=(+0.0,+0.2,+0.0) seed=0 fell=0 surv=12.00s lin_err=0.273 dist=1.41
57_ppo-ice-placed-depth-s1 arm=C     cmd=(+0.0,+0.2,+0.0) seed=1 fell=0 surv=12.00s lin_err=0.261 dist=1.43
57_ppo-ice-placed-depth-s1 arm=C     cmd=(+0.0,+0.2,+0.0) seed=2 fell=0 surv=12.00s lin_err=0.268 dist=1.40
57_ppo-ice-placed-depth-s1 arm=C     cmd=(+0.0,+0.2,+0.0) seed=3 fell=0 surv=12.00s lin_err=0.261 dist=1.38
57_ppo-ice-placed-depth-s1 arm=C     cmd=(+0.0,+0.2,+0.0) seed=4 fell=0 surv=12.00s lin_err=0.257 dist=1.40
57_ppo-ice-placed-depth-s1 arm=C     cmd=(+0.0,+0.2,+0.0) seed=5 fell=0 surv=12.00s lin_err=0.262 dist=1.37
57_ppo-ice-placed-depth-s1 arm=C     cmd=(+0.0,+0.2,+0.0) seed=6 fell=0 surv=12.00s lin_err=0.262 dist=1.41
57_ppo-ice-placed-depth-s1 arm=C     cmd=(+0.0,+0.2,+0.0) seed=7 fell=0 surv=12.00s lin_err=0.269 dist=1.41
57_ppo-ice-placed-depth-s1 arm=C     cmd=(+0.0,+0.2,+0.0) seed=8 fell=0 surv=12.00s lin_err=0.258 dist=1.42
57_ppo-ice-placed-depth-s1 arm=C     cmd=(+0.0,+0.2,+0.0) seed=9 fell=0 surv=12.00s lin_err=0.259 dist=1.44
57_ppo-ice-placed-depth-s1 arm=C     cmd=(+0.0,+0.0,+0.5) seed=0 fell=0 surv=12.00s lin_err=0.148 dist=0.03
57_ppo-ice-placed-depth-s1 arm=C     cmd=(+0.0,+0.0,+0.5) seed=1 fell=0 surv=12.00s lin_err=0.120 dist=0.06
57_ppo-ice-placed-depth-s1 arm=C     cmd=(+0.0,+0.0,+0.5) seed=2 fell=0 surv=12.00s lin_err=0.148 dist=0.00
57_ppo-ice-placed-depth-s1 arm=C     cmd=(+0.0,+0.0,+0.5) seed=3 fell=0 surv=12.00s lin_err=0.109 dist=0.04
57_ppo-ice-placed-depth-s1 arm=C     cmd=(+0.0,+0.0,+0.5) seed=4 fell=0 surv=12.00s lin_err=0.149 dist=0.02
57_ppo-ice-placed-depth-s1 arm=C     cmd=(+0.0,+0.0,+0.5) seed=5 fell=0 surv=12.00s lin_err=0.149 dist=0.01
57_ppo-ice-placed-depth-s1 arm=C     cmd=(+0.0,+0.0,+0.5) seed=6 fell=0 surv=12.00s lin_err=0.148 dist=0.02
57_ppo-ice-placed-depth-s1 arm=C     cmd=(+0.0,+0.0,+0.5) seed=7 fell=0 surv=12.00s lin_err=0.149 dist=0.01
57_ppo-ice-placed-depth-s1 arm=C     cmd=(+0.0,+0.0,+0.5) seed=8 fell=0 surv=12.00s lin_err=0.154 dist=0.01
57_ppo-ice-placed-depth-s1 arm=C     cmd=(+0.0,+0.0,+0.5) seed=9 fell=0 surv=12.00s lin_err=0.150 dist=0.02
57_ppo-ice-placed-depth-s1 arm=C     cmd=(+0.3,+0.0,+0.5) seed=0 fell=0 surv=12.00s lin_err=0.289 dist=0.17
57_ppo-ice-placed-depth-s1 arm=C     cmd=(+0.3,+0.0,+0.5) seed=1 fell=0 surv=12.00s lin_err=0.289 dist=0.18
57_ppo-ice-placed-depth-s1 arm=C     cmd=(+0.3,+0.0,+0.5) seed=2 fell=0 surv=12.00s lin_err=0.290 dist=0.18
57_ppo-ice-placed-depth-s1 arm=C     cmd=(+0.3,+0.0,+0.5) seed=3 fell=0 surv=12.00s lin_err=0.291 dist=0.22
57_ppo-ice-placed-depth-s1 arm=C     cmd=(+0.3,+0.0,+0.5) seed=4 fell=0 surv=12.00s lin_err=0.287 dist=0.18
57_ppo-ice-placed-depth-s1 arm=C     cmd=(+0.3,+0.0,+0.5) seed=5 fell=0 surv=12.00s lin_err=0.289 dist=0.17
57_ppo-ice-placed-depth-s1 arm=C     cmd=(+0.3,+0.0,+0.5) seed=6 fell=0 surv=12.00s lin_err=0.289 dist=0.18
57_ppo-ice-placed-depth-s1 arm=C     cmd=(+0.3,+0.0,+0.5) seed=7 fell=0 surv=12.00s lin_err=0.286 dist=0.17
57_ppo-ice-placed-depth-s1 arm=C     cmd=(+0.3,+0.0,+0.5) seed=8 fell=0 surv=12.00s lin_err=0.288 dist=0.21
57_ppo-ice-placed-depth-s1 arm=C     cmd=(+0.3,+0.0,+0.5) seed=9 fell=0 surv=12.00s lin_err=0.287 dist=0.17
== 2026-09-16_14-43-57_ppo-ice-placed-depth-s1 arm C: n=60 fall=0.000 disp=2.135 m lin_err=0.255 (73.7 s)
json -> /nfs/hpc/share/sanchej7/Humanoid_Lite/bhl-robustness-ladder/results/repo-gpu-20260926/ice-depth-freeze/parts/2026-09-16_14-43-57_ppo-ice-placed-depth-s1.json
