[nominal] cam z=0.300 m  image range [0.058, 1.000]  MR-vs-Isaac pooling max diff 0.039 (16 cells)
2_ppo-ice-control-blind-s0 arm=blind cmd=(+0.3,+0.0,+0.0) seed=0 fell=0 surv=12.00s lin_err=0.257 dist=3.44
2_ppo-ice-control-blind-s0 arm=blind cmd=(+0.3,+0.0,+0.0) seed=1 fell=0 surv=12.00s lin_err=0.257 dist=3.43
2_ppo-ice-control-blind-s0 arm=blind cmd=(+0.3,+0.0,+0.0) seed=2 fell=0 surv=12.00s lin_err=0.257 dist=3.45
2_ppo-ice-control-blind-s0 arm=blind cmd=(+0.3,+0.0,+0.0) seed=3 fell=0 surv=12.00s lin_err=0.256 dist=3.42
2_ppo-ice-control-blind-s0 arm=blind cmd=(+0.3,+0.0,+0.0) seed=4 fell=0 surv=12.00s lin_err=0.257 dist=3.43
2_ppo-ice-control-blind-s0 arm=blind cmd=(+0.3,+0.0,+0.0) seed=5 fell=0 surv=12.00s lin_err=0.256 dist=3.42
2_ppo-ice-control-blind-s0 arm=blind cmd=(+0.3,+0.0,+0.0) seed=6 fell=0 surv=12.00s lin_err=0.257 dist=3.45
2_ppo-ice-control-blind-s0 arm=blind cmd=(+0.3,+0.0,+0.0) seed=7 fell=0 surv=12.00s lin_err=0.257 dist=3.46
2_ppo-ice-control-blind-s0 arm=blind cmd=(+0.3,+0.0,+0.0) seed=8 fell=0 surv=12.00s lin_err=0.257 dist=3.44
2_ppo-ice-control-blind-s0 arm=blind cmd=(+0.3,+0.0,+0.0) seed=9 fell=0 surv=12.00s lin_err=0.257 dist=3.43
2_ppo-ice-control-blind-s0 arm=blind cmd=(+0.5,+0.0,+0.0) seed=0 fell=0 surv=12.00s lin_err=0.297 dist=5.51
2_ppo-ice-control-blind-s0 arm=blind cmd=(+0.5,+0.0,+0.0) seed=1 fell=0 surv=12.00s lin_err=0.292 dist=5.55
2_ppo-ice-control-blind-s0 arm=blind cmd=(+0.5,+0.0,+0.0) seed=2 fell=0 surv=12.00s lin_err=0.299 dist=5.51
2_ppo-ice-control-blind-s0 arm=blind cmd=(+0.5,+0.0,+0.0) seed=3 fell=0 surv=12.00s lin_err=0.301 dist=5.50
2_ppo-ice-control-blind-s0 arm=blind cmd=(+0.5,+0.0,+0.0) seed=4 fell=0 surv=12.00s lin_err=0.291 dist=5.57
2_ppo-ice-control-blind-s0 arm=blind cmd=(+0.5,+0.0,+0.0) seed=5 fell=0 surv=12.00s lin_err=0.291 dist=5.55
2_ppo-ice-control-blind-s0 arm=blind cmd=(+0.5,+0.0,+0.0) seed=6 fell=0 surv=12.00s lin_err=0.297 dist=5.53
2_ppo-ice-control-blind-s0 arm=blind cmd=(+0.5,+0.0,+0.0) seed=7 fell=0 surv=12.00s lin_err=0.296 dist=5.54
2_ppo-ice-control-blind-s0 arm=blind cmd=(+0.5,+0.0,+0.0) seed=8 fell=0 surv=12.00s lin_err=0.291 dist=5.56
2_ppo-ice-control-blind-s0 arm=blind cmd=(+0.5,+0.0,+0.0) seed=9 fell=0 surv=12.00s lin_err=0.291 dist=5.57
2_ppo-ice-control-blind-s0 arm=blind cmd=(-0.2,+0.0,+0.0) seed=0 fell=0 surv=12.00s lin_err=0.168 dist=2.21
2_ppo-ice-control-blind-s0 arm=blind cmd=(-0.2,+0.0,+0.0) seed=1 fell=0 surv=12.00s lin_err=0.168 dist=2.22
2_ppo-ice-control-blind-s0 arm=blind cmd=(-0.2,+0.0,+0.0) seed=2 fell=0 surv=12.00s lin_err=0.167 dist=2.21
2_ppo-ice-control-blind-s0 arm=blind cmd=(-0.2,+0.0,+0.0) seed=3 fell=0 surv=12.00s lin_err=0.167 dist=2.22
2_ppo-ice-control-blind-s0 arm=blind cmd=(-0.2,+0.0,+0.0) seed=4 fell=0 surv=12.00s lin_err=0.168 dist=2.20
2_ppo-ice-control-blind-s0 arm=blind cmd=(-0.2,+0.0,+0.0) seed=5 fell=0 surv=12.00s lin_err=0.169 dist=2.22
2_ppo-ice-control-blind-s0 arm=blind cmd=(-0.2,+0.0,+0.0) seed=6 fell=0 surv=12.00s lin_err=0.168 dist=2.20
2_ppo-ice-control-blind-s0 arm=blind cmd=(-0.2,+0.0,+0.0) seed=7 fell=0 surv=12.00s lin_err=0.167 dist=2.20
2_ppo-ice-control-blind-s0 arm=blind cmd=(-0.2,+0.0,+0.0) seed=8 fell=0 surv=12.00s lin_err=0.170 dist=2.19
2_ppo-ice-control-blind-s0 arm=blind cmd=(-0.2,+0.0,+0.0) seed=9 fell=0 surv=12.00s lin_err=0.168 dist=2.19
2_ppo-ice-control-blind-s0 arm=blind cmd=(+0.0,+0.2,+0.0) seed=0 fell=0 surv=12.00s lin_err=0.225 dist=1.84
2_ppo-ice-control-blind-s0 arm=blind cmd=(+0.0,+0.2,+0.0) seed=1 fell=0 surv=12.00s lin_err=0.220 dist=1.86
2_ppo-ice-control-blind-s0 arm=blind cmd=(+0.0,+0.2,+0.0) seed=2 fell=0 surv=12.00s lin_err=0.227 dist=1.84
2_ppo-ice-control-blind-s0 arm=blind cmd=(+0.0,+0.2,+0.0) seed=3 fell=0 surv=12.00s lin_err=0.230 dist=1.81
2_ppo-ice-control-blind-s0 arm=blind cmd=(+0.0,+0.2,+0.0) seed=4 fell=0 surv=12.00s lin_err=0.233 dist=1.83
2_ppo-ice-control-blind-s0 arm=blind cmd=(+0.0,+0.2,+0.0) seed=5 fell=0 surv=12.00s lin_err=0.228 dist=1.82
2_ppo-ice-control-blind-s0 arm=blind cmd=(+0.0,+0.2,+0.0) seed=6 fell=0 surv=12.00s lin_err=0.216 dist=1.87
2_ppo-ice-control-blind-s0 arm=blind cmd=(+0.0,+0.2,+0.0) seed=7 fell=0 surv=12.00s lin_err=0.224 dist=1.89
2_ppo-ice-control-blind-s0 arm=blind cmd=(+0.0,+0.2,+0.0) seed=8 fell=0 surv=12.00s lin_err=0.218 dist=1.80
2_ppo-ice-control-blind-s0 arm=blind cmd=(+0.0,+0.2,+0.0) seed=9 fell=0 surv=12.00s lin_err=0.224 dist=1.87
2_ppo-ice-control-blind-s0 arm=blind cmd=(+0.0,+0.0,+0.5) seed=0 fell=0 surv=12.00s lin_err=0.177 dist=0.07
2_ppo-ice-control-blind-s0 arm=blind cmd=(+0.0,+0.0,+0.5) seed=1 fell=0 surv=12.00s lin_err=0.169 dist=0.02
2_ppo-ice-control-blind-s0 arm=blind cmd=(+0.0,+0.0,+0.5) seed=2 fell=0 surv=12.00s lin_err=0.179 dist=0.07
2_ppo-ice-control-blind-s0 arm=blind cmd=(+0.0,+0.0,+0.5) seed=3 fell=0 surv=12.00s lin_err=0.168 dist=0.05
2_ppo-ice-control-blind-s0 arm=blind cmd=(+0.0,+0.0,+0.5) seed=4 fell=0 surv=12.00s lin_err=0.177 dist=0.04
2_ppo-ice-control-blind-s0 arm=blind cmd=(+0.0,+0.0,+0.5) seed=5 fell=0 surv=12.00s lin_err=0.176 dist=0.11
2_ppo-ice-control-blind-s0 arm=blind cmd=(+0.0,+0.0,+0.5) seed=6 fell=0 surv=12.00s lin_err=0.176 dist=0.01
2_ppo-ice-control-blind-s0 arm=blind cmd=(+0.0,+0.0,+0.5) seed=7 fell=0 surv=12.00s lin_err=0.171 dist=0.05
2_ppo-ice-control-blind-s0 arm=blind cmd=(+0.0,+0.0,+0.5) seed=8 fell=0 surv=12.00s lin_err=0.180 dist=0.07
2_ppo-ice-control-blind-s0 arm=blind cmd=(+0.0,+0.0,+0.5) seed=9 fell=0 surv=12.00s lin_err=0.179 dist=0.08
2_ppo-ice-control-blind-s0 arm=blind cmd=(+0.3,+0.0,+0.5) seed=0 fell=0 surv=12.00s lin_err=0.269 dist=0.32
2_ppo-ice-control-blind-s0 arm=blind cmd=(+0.3,+0.0,+0.5) seed=1 fell=0 surv=12.00s lin_err=0.269 dist=0.34
2_ppo-ice-control-blind-s0 arm=blind cmd=(+0.3,+0.0,+0.5) seed=2 fell=0 surv=12.00s lin_err=0.269 dist=0.34
2_ppo-ice-control-blind-s0 arm=blind cmd=(+0.3,+0.0,+0.5) seed=3 fell=0 surv=12.00s lin_err=0.269 dist=0.35
2_ppo-ice-control-blind-s0 arm=blind cmd=(+0.3,+0.0,+0.5) seed=4 fell=0 surv=12.00s lin_err=0.270 dist=0.35
2_ppo-ice-control-blind-s0 arm=blind cmd=(+0.3,+0.0,+0.5) seed=5 fell=0 surv=12.00s lin_err=0.269 dist=0.34
2_ppo-ice-control-blind-s0 arm=blind cmd=(+0.3,+0.0,+0.5) seed=6 fell=0 surv=12.00s lin_err=0.269 dist=0.35
2_ppo-ice-control-blind-s0 arm=blind cmd=(+0.3,+0.0,+0.5) seed=7 fell=0 surv=12.00s lin_err=0.269 dist=0.34
2_ppo-ice-control-blind-s0 arm=blind cmd=(+0.3,+0.0,+0.5) seed=8 fell=0 surv=12.00s lin_err=0.269 dist=0.37
2_ppo-ice-control-blind-s0 arm=blind cmd=(+0.3,+0.0,+0.5) seed=9 fell=0 surv=12.00s lin_err=0.269 dist=0.36
== 2026-09-24_09-53-42_ppo-ice-control-blind-s0 arm blind: n=60 fall=0.000 disp=2.238 m lin_err=0.231 (71.8 s)
json -> /nfs/hpc/share/sanchej7/Humanoid_Lite/bhl-robustness-ladder/results/repo-gpu-20260926/ice-depth-freeze/parts/2026-09-24_09-53-42_ppo-ice-control-blind-s0.json
