[parity] 2026-09-16_07-46-31_ppo-ice-placed-blind-s0: MLP vs exported ONNX max|diff| = 7.63e-06
[nominal] cam z=0.300 m  image range [0.058, 1.000]  MR-vs-Isaac pooling max diff 0.039 (16 cells)
31_ppo-ice-placed-blind-s0 arm=blind cmd=(+0.3,+0.0,+0.0) seed=0 fell=0 surv=12.00s lin_err=0.291 dist=3.54
31_ppo-ice-placed-blind-s0 arm=blind cmd=(+0.3,+0.0,+0.0) seed=1 fell=0 surv=12.00s lin_err=0.291 dist=3.57
31_ppo-ice-placed-blind-s0 arm=blind cmd=(+0.3,+0.0,+0.0) seed=2 fell=0 surv=12.00s lin_err=0.295 dist=3.57
31_ppo-ice-placed-blind-s0 arm=blind cmd=(+0.3,+0.0,+0.0) seed=3 fell=0 surv=12.00s lin_err=0.293 dist=3.57
31_ppo-ice-placed-blind-s0 arm=blind cmd=(+0.3,+0.0,+0.0) seed=4 fell=0 surv=12.00s lin_err=0.292 dist=3.58
31_ppo-ice-placed-blind-s0 arm=blind cmd=(+0.3,+0.0,+0.0) seed=5 fell=0 surv=12.00s lin_err=0.292 dist=3.57
31_ppo-ice-placed-blind-s0 arm=blind cmd=(+0.3,+0.0,+0.0) seed=6 fell=0 surv=12.00s lin_err=0.292 dist=3.58
31_ppo-ice-placed-blind-s0 arm=blind cmd=(+0.3,+0.0,+0.0) seed=7 fell=0 surv=12.00s lin_err=0.295 dist=3.58
31_ppo-ice-placed-blind-s0 arm=blind cmd=(+0.3,+0.0,+0.0) seed=8 fell=0 surv=12.00s lin_err=0.292 dist=3.58
31_ppo-ice-placed-blind-s0 arm=blind cmd=(+0.3,+0.0,+0.0) seed=9 fell=0 surv=12.00s lin_err=0.291 dist=3.55
31_ppo-ice-placed-blind-s0 arm=blind cmd=(+0.5,+0.0,+0.0) seed=0 fell=0 surv=12.00s lin_err=0.287 dist=5.73
31_ppo-ice-placed-blind-s0 arm=blind cmd=(+0.5,+0.0,+0.0) seed=1 fell=0 surv=12.00s lin_err=0.288 dist=5.72
31_ppo-ice-placed-blind-s0 arm=blind cmd=(+0.5,+0.0,+0.0) seed=2 fell=0 surv=12.00s lin_err=0.287 dist=5.73
31_ppo-ice-placed-blind-s0 arm=blind cmd=(+0.5,+0.0,+0.0) seed=3 fell=0 surv=12.00s lin_err=0.288 dist=5.65
31_ppo-ice-placed-blind-s0 arm=blind cmd=(+0.5,+0.0,+0.0) seed=4 fell=0 surv=12.00s lin_err=0.289 dist=5.75
31_ppo-ice-placed-blind-s0 arm=blind cmd=(+0.5,+0.0,+0.0) seed=5 fell=0 surv=12.00s lin_err=0.287 dist=5.75
31_ppo-ice-placed-blind-s0 arm=blind cmd=(+0.5,+0.0,+0.0) seed=6 fell=0 surv=12.00s lin_err=0.291 dist=5.69
31_ppo-ice-placed-blind-s0 arm=blind cmd=(+0.5,+0.0,+0.0) seed=7 fell=0 surv=12.00s lin_err=0.288 dist=5.73
31_ppo-ice-placed-blind-s0 arm=blind cmd=(+0.5,+0.0,+0.0) seed=8 fell=0 surv=12.00s lin_err=0.285 dist=5.81
31_ppo-ice-placed-blind-s0 arm=blind cmd=(+0.5,+0.0,+0.0) seed=9 fell=0 surv=12.00s lin_err=0.288 dist=5.79
31_ppo-ice-placed-blind-s0 arm=blind cmd=(-0.2,+0.0,+0.0) seed=0 fell=0 surv=12.00s lin_err=0.291 dist=2.45
31_ppo-ice-placed-blind-s0 arm=blind cmd=(-0.2,+0.0,+0.0) seed=1 fell=0 surv=12.00s lin_err=0.293 dist=2.40
31_ppo-ice-placed-blind-s0 arm=blind cmd=(-0.2,+0.0,+0.0) seed=2 fell=0 surv=12.00s lin_err=0.292 dist=2.41
31_ppo-ice-placed-blind-s0 arm=blind cmd=(-0.2,+0.0,+0.0) seed=3 fell=0 surv=12.00s lin_err=0.291 dist=2.45
31_ppo-ice-placed-blind-s0 arm=blind cmd=(-0.2,+0.0,+0.0) seed=4 fell=0 surv=12.00s lin_err=0.293 dist=2.40
31_ppo-ice-placed-blind-s0 arm=blind cmd=(-0.2,+0.0,+0.0) seed=5 fell=0 surv=12.00s lin_err=0.292 dist=2.49
31_ppo-ice-placed-blind-s0 arm=blind cmd=(-0.2,+0.0,+0.0) seed=6 fell=0 surv=12.00s lin_err=0.293 dist=2.41
31_ppo-ice-placed-blind-s0 arm=blind cmd=(-0.2,+0.0,+0.0) seed=7 fell=0 surv=12.00s lin_err=0.291 dist=2.33
31_ppo-ice-placed-blind-s0 arm=blind cmd=(-0.2,+0.0,+0.0) seed=8 fell=0 surv=12.00s lin_err=0.292 dist=2.45
31_ppo-ice-placed-blind-s0 arm=blind cmd=(-0.2,+0.0,+0.0) seed=9 fell=0 surv=12.00s lin_err=0.290 dist=2.41
31_ppo-ice-placed-blind-s0 arm=blind cmd=(+0.0,+0.2,+0.0) seed=0 fell=0 surv=12.00s lin_err=0.242 dist=1.94
31_ppo-ice-placed-blind-s0 arm=blind cmd=(+0.0,+0.2,+0.0) seed=1 fell=0 surv=12.00s lin_err=0.246 dist=1.92
31_ppo-ice-placed-blind-s0 arm=blind cmd=(+0.0,+0.2,+0.0) seed=2 fell=0 surv=12.00s lin_err=0.248 dist=1.93
31_ppo-ice-placed-blind-s0 arm=blind cmd=(+0.0,+0.2,+0.0) seed=3 fell=0 surv=12.00s lin_err=0.239 dist=1.90
31_ppo-ice-placed-blind-s0 arm=blind cmd=(+0.0,+0.2,+0.0) seed=4 fell=0 surv=12.00s lin_err=0.246 dist=1.93
31_ppo-ice-placed-blind-s0 arm=blind cmd=(+0.0,+0.2,+0.0) seed=5 fell=0 surv=12.00s lin_err=0.244 dist=1.96
31_ppo-ice-placed-blind-s0 arm=blind cmd=(+0.0,+0.2,+0.0) seed=6 fell=0 surv=12.00s lin_err=0.236 dist=1.96
31_ppo-ice-placed-blind-s0 arm=blind cmd=(+0.0,+0.2,+0.0) seed=7 fell=0 surv=12.00s lin_err=0.247 dist=1.89
31_ppo-ice-placed-blind-s0 arm=blind cmd=(+0.0,+0.2,+0.0) seed=8 fell=0 surv=12.00s lin_err=0.246 dist=1.94
31_ppo-ice-placed-blind-s0 arm=blind cmd=(+0.0,+0.2,+0.0) seed=9 fell=0 surv=12.00s lin_err=0.238 dist=1.99
31_ppo-ice-placed-blind-s0 arm=blind cmd=(+0.0,+0.0,+0.5) seed=0 fell=0 surv=12.00s lin_err=0.088 dist=0.05
31_ppo-ice-placed-blind-s0 arm=blind cmd=(+0.0,+0.0,+0.5) seed=1 fell=0 surv=12.00s lin_err=0.089 dist=0.07
31_ppo-ice-placed-blind-s0 arm=blind cmd=(+0.0,+0.0,+0.5) seed=2 fell=0 surv=12.00s lin_err=0.112 dist=0.05
31_ppo-ice-placed-blind-s0 arm=blind cmd=(+0.0,+0.0,+0.5) seed=3 fell=0 surv=12.00s lin_err=0.091 dist=0.05
31_ppo-ice-placed-blind-s0 arm=blind cmd=(+0.0,+0.0,+0.5) seed=4 fell=0 surv=12.00s lin_err=0.069 dist=0.03
31_ppo-ice-placed-blind-s0 arm=blind cmd=(+0.0,+0.0,+0.5) seed=5 fell=0 surv=12.00s lin_err=0.155 dist=0.07
31_ppo-ice-placed-blind-s0 arm=blind cmd=(+0.0,+0.0,+0.5) seed=6 fell=0 surv=12.00s lin_err=0.111 dist=0.05
31_ppo-ice-placed-blind-s0 arm=blind cmd=(+0.0,+0.0,+0.5) seed=7 fell=0 surv=12.00s lin_err=0.098 dist=0.06
31_ppo-ice-placed-blind-s0 arm=blind cmd=(+0.0,+0.0,+0.5) seed=8 fell=0 surv=12.00s lin_err=0.186 dist=0.10
31_ppo-ice-placed-blind-s0 arm=blind cmd=(+0.0,+0.0,+0.5) seed=9 fell=0 surv=12.00s lin_err=0.141 dist=0.08
31_ppo-ice-placed-blind-s0 arm=blind cmd=(+0.3,+0.0,+0.5) seed=0 fell=0 surv=12.00s lin_err=0.303 dist=0.56
31_ppo-ice-placed-blind-s0 arm=blind cmd=(+0.3,+0.0,+0.5) seed=1 fell=0 surv=12.00s lin_err=0.303 dist=0.57
31_ppo-ice-placed-blind-s0 arm=blind cmd=(+0.3,+0.0,+0.5) seed=2 fell=0 surv=12.00s lin_err=0.303 dist=0.58
31_ppo-ice-placed-blind-s0 arm=blind cmd=(+0.3,+0.0,+0.5) seed=3 fell=0 surv=12.00s lin_err=0.304 dist=0.52
31_ppo-ice-placed-blind-s0 arm=blind cmd=(+0.3,+0.0,+0.5) seed=4 fell=0 surv=12.00s lin_err=0.304 dist=0.58
31_ppo-ice-placed-blind-s0 arm=blind cmd=(+0.3,+0.0,+0.5) seed=5 fell=0 surv=12.00s lin_err=0.304 dist=0.52
31_ppo-ice-placed-blind-s0 arm=blind cmd=(+0.3,+0.0,+0.5) seed=6 fell=0 surv=12.00s lin_err=0.304 dist=0.60
31_ppo-ice-placed-blind-s0 arm=blind cmd=(+0.3,+0.0,+0.5) seed=7 fell=0 surv=12.00s lin_err=0.304 dist=0.59
31_ppo-ice-placed-blind-s0 arm=blind cmd=(+0.3,+0.0,+0.5) seed=8 fell=0 surv=12.00s lin_err=0.304 dist=0.56
31_ppo-ice-placed-blind-s0 arm=blind cmd=(+0.3,+0.0,+0.5) seed=9 fell=0 surv=12.00s lin_err=0.303 dist=0.58
== 2026-09-16_07-46-31_ppo-ice-placed-blind-s0 arm blind: n=60 fall=0.000 disp=2.381 m lin_err=0.255 (71.1 s)
json -> /nfs/hpc/share/sanchej7/Humanoid_Lite/bhl-robustness-ladder/results/repo-gpu-20260926/ice-depth-freeze/parts/2026-09-16_07-46-31_ppo-ice-placed-blind-s0.json
