[nominal] cam z=0.300 m  image range [0.058, 1.000]  MR-vs-Isaac pooling max diff 0.039 (16 cells)
[depth] widths=[301] proprio=45 -> depth arms {0: 16} pools {0: 4}
6_ppo-ice-control-depth-s1 arm=A     cmd=(+0.3,+0.0,+0.0) seed=0 fell=0 surv=12.00s lin_err=0.296 dist=3.35
6_ppo-ice-control-depth-s1 arm=A     cmd=(+0.3,+0.0,+0.0) seed=1 fell=0 surv=12.00s lin_err=0.295 dist=3.37
6_ppo-ice-control-depth-s1 arm=A     cmd=(+0.3,+0.0,+0.0) seed=2 fell=0 surv=12.00s lin_err=0.295 dist=3.37
6_ppo-ice-control-depth-s1 arm=A     cmd=(+0.3,+0.0,+0.0) seed=3 fell=0 surv=12.00s lin_err=0.295 dist=3.36
6_ppo-ice-control-depth-s1 arm=A     cmd=(+0.3,+0.0,+0.0) seed=4 fell=0 surv=12.00s lin_err=0.295 dist=3.38
6_ppo-ice-control-depth-s1 arm=A     cmd=(+0.3,+0.0,+0.0) seed=5 fell=0 surv=12.00s lin_err=0.294 dist=3.35
6_ppo-ice-control-depth-s1 arm=A     cmd=(+0.3,+0.0,+0.0) seed=6 fell=0 surv=12.00s lin_err=0.295 dist=3.37
6_ppo-ice-control-depth-s1 arm=A     cmd=(+0.3,+0.0,+0.0) seed=7 fell=0 surv=12.00s lin_err=0.295 dist=3.38
6_ppo-ice-control-depth-s1 arm=A     cmd=(+0.3,+0.0,+0.0) seed=8 fell=0 surv=12.00s lin_err=0.295 dist=3.37
6_ppo-ice-control-depth-s1 arm=A     cmd=(+0.3,+0.0,+0.0) seed=9 fell=0 surv=12.00s lin_err=0.296 dist=3.38
6_ppo-ice-control-depth-s1 arm=A     cmd=(+0.5,+0.0,+0.0) seed=0 fell=0 surv=12.00s lin_err=0.318 dist=5.58
6_ppo-ice-control-depth-s1 arm=A     cmd=(+0.5,+0.0,+0.0) seed=1 fell=0 surv=12.00s lin_err=0.319 dist=5.58
6_ppo-ice-control-depth-s1 arm=A     cmd=(+0.5,+0.0,+0.0) seed=2 fell=0 surv=12.00s lin_err=0.317 dist=5.62
6_ppo-ice-control-depth-s1 arm=A     cmd=(+0.5,+0.0,+0.0) seed=3 fell=0 surv=12.00s lin_err=0.318 dist=5.65
6_ppo-ice-control-depth-s1 arm=A     cmd=(+0.5,+0.0,+0.0) seed=4 fell=0 surv=12.00s lin_err=0.319 dist=5.66
6_ppo-ice-control-depth-s1 arm=A     cmd=(+0.5,+0.0,+0.0) seed=5 fell=0 surv=12.00s lin_err=0.318 dist=5.64
6_ppo-ice-control-depth-s1 arm=A     cmd=(+0.5,+0.0,+0.0) seed=6 fell=0 surv=12.00s lin_err=0.318 dist=5.59
6_ppo-ice-control-depth-s1 arm=A     cmd=(+0.5,+0.0,+0.0) seed=7 fell=0 surv=12.00s lin_err=0.318 dist=5.64
6_ppo-ice-control-depth-s1 arm=A     cmd=(+0.5,+0.0,+0.0) seed=8 fell=0 surv=12.00s lin_err=0.320 dist=5.64
6_ppo-ice-control-depth-s1 arm=A     cmd=(+0.5,+0.0,+0.0) seed=9 fell=0 surv=12.00s lin_err=0.319 dist=5.62
6_ppo-ice-control-depth-s1 arm=A     cmd=(-0.2,+0.0,+0.0) seed=0 fell=0 surv=12.00s lin_err=0.204 dist=2.66
6_ppo-ice-control-depth-s1 arm=A     cmd=(-0.2,+0.0,+0.0) seed=1 fell=0 surv=12.00s lin_err=0.206 dist=2.65
6_ppo-ice-control-depth-s1 arm=A     cmd=(-0.2,+0.0,+0.0) seed=2 fell=0 surv=12.00s lin_err=0.204 dist=2.64
6_ppo-ice-control-depth-s1 arm=A     cmd=(-0.2,+0.0,+0.0) seed=3 fell=0 surv=12.00s lin_err=0.207 dist=2.64
6_ppo-ice-control-depth-s1 arm=A     cmd=(-0.2,+0.0,+0.0) seed=4 fell=0 surv=12.00s lin_err=0.201 dist=2.63
6_ppo-ice-control-depth-s1 arm=A     cmd=(-0.2,+0.0,+0.0) seed=5 fell=0 surv=12.00s lin_err=0.202 dist=2.65
6_ppo-ice-control-depth-s1 arm=A     cmd=(-0.2,+0.0,+0.0) seed=6 fell=0 surv=12.00s lin_err=0.202 dist=2.64
6_ppo-ice-control-depth-s1 arm=A     cmd=(-0.2,+0.0,+0.0) seed=7 fell=0 surv=12.00s lin_err=0.206 dist=2.62
6_ppo-ice-control-depth-s1 arm=A     cmd=(-0.2,+0.0,+0.0) seed=8 fell=0 surv=12.00s lin_err=0.203 dist=2.61
6_ppo-ice-control-depth-s1 arm=A     cmd=(-0.2,+0.0,+0.0) seed=9 fell=0 surv=12.00s lin_err=0.202 dist=2.60
6_ppo-ice-control-depth-s1 arm=A     cmd=(+0.0,+0.2,+0.0) seed=0 fell=0 surv=12.00s lin_err=0.260 dist=1.83
6_ppo-ice-control-depth-s1 arm=A     cmd=(+0.0,+0.2,+0.0) seed=1 fell=0 surv=12.00s lin_err=0.277 dist=1.85
6_ppo-ice-control-depth-s1 arm=A     cmd=(+0.0,+0.2,+0.0) seed=2 fell=0 surv=12.00s lin_err=0.267 dist=1.80
6_ppo-ice-control-depth-s1 arm=A     cmd=(+0.0,+0.2,+0.0) seed=3 fell=0 surv=12.00s lin_err=0.273 dist=1.82
6_ppo-ice-control-depth-s1 arm=A     cmd=(+0.0,+0.2,+0.0) seed=4 fell=0 surv=12.00s lin_err=0.274 dist=1.83
6_ppo-ice-control-depth-s1 arm=A     cmd=(+0.0,+0.2,+0.0) seed=5 fell=0 surv=12.00s lin_err=0.268 dist=1.86
6_ppo-ice-control-depth-s1 arm=A     cmd=(+0.0,+0.2,+0.0) seed=6 fell=0 surv=12.00s lin_err=0.269 dist=1.83
6_ppo-ice-control-depth-s1 arm=A     cmd=(+0.0,+0.2,+0.0) seed=7 fell=0 surv=12.00s lin_err=0.274 dist=1.83
6_ppo-ice-control-depth-s1 arm=A     cmd=(+0.0,+0.2,+0.0) seed=8 fell=0 surv=12.00s lin_err=0.270 dist=1.85
6_ppo-ice-control-depth-s1 arm=A     cmd=(+0.0,+0.2,+0.0) seed=9 fell=0 surv=12.00s lin_err=0.264 dist=1.84
6_ppo-ice-control-depth-s1 arm=A     cmd=(+0.0,+0.0,+0.5) seed=0 fell=0 surv=12.00s lin_err=0.187 dist=0.04
6_ppo-ice-control-depth-s1 arm=A     cmd=(+0.0,+0.0,+0.5) seed=1 fell=0 surv=12.00s lin_err=0.189 dist=0.03
6_ppo-ice-control-depth-s1 arm=A     cmd=(+0.0,+0.0,+0.5) seed=2 fell=0 surv=12.00s lin_err=0.193 dist=0.04
6_ppo-ice-control-depth-s1 arm=A     cmd=(+0.0,+0.0,+0.5) seed=3 fell=0 surv=12.00s lin_err=0.187 dist=0.02
6_ppo-ice-control-depth-s1 arm=A     cmd=(+0.0,+0.0,+0.5) seed=4 fell=0 surv=12.00s lin_err=0.191 dist=0.04
6_ppo-ice-control-depth-s1 arm=A     cmd=(+0.0,+0.0,+0.5) seed=5 fell=0 surv=12.00s lin_err=0.188 dist=0.02
6_ppo-ice-control-depth-s1 arm=A     cmd=(+0.0,+0.0,+0.5) seed=6 fell=0 surv=12.00s lin_err=0.187 dist=0.05
6_ppo-ice-control-depth-s1 arm=A     cmd=(+0.0,+0.0,+0.5) seed=7 fell=0 surv=12.00s lin_err=0.192 dist=0.03
6_ppo-ice-control-depth-s1 arm=A     cmd=(+0.0,+0.0,+0.5) seed=8 fell=0 surv=12.00s lin_err=0.192 dist=0.04
6_ppo-ice-control-depth-s1 arm=A     cmd=(+0.0,+0.0,+0.5) seed=9 fell=0 surv=12.00s lin_err=0.188 dist=0.04
6_ppo-ice-control-depth-s1 arm=A     cmd=(+0.3,+0.0,+0.5) seed=0 fell=0 surv=12.00s lin_err=0.305 dist=0.12
6_ppo-ice-control-depth-s1 arm=A     cmd=(+0.3,+0.0,+0.5) seed=1 fell=0 surv=12.00s lin_err=0.307 dist=0.13
6_ppo-ice-control-depth-s1 arm=A     cmd=(+0.3,+0.0,+0.5) seed=2 fell=0 surv=12.00s lin_err=0.308 dist=0.16
6_ppo-ice-control-depth-s1 arm=A     cmd=(+0.3,+0.0,+0.5) seed=3 fell=0 surv=12.00s lin_err=0.306 dist=0.13
6_ppo-ice-control-depth-s1 arm=A     cmd=(+0.3,+0.0,+0.5) seed=4 fell=0 surv=12.00s lin_err=0.307 dist=0.15
6_ppo-ice-control-depth-s1 arm=A     cmd=(+0.3,+0.0,+0.5) seed=5 fell=0 surv=12.00s lin_err=0.306 dist=0.13
6_ppo-ice-control-depth-s1 arm=A     cmd=(+0.3,+0.0,+0.5) seed=6 fell=0 surv=12.00s lin_err=0.307 dist=0.13
6_ppo-ice-control-depth-s1 arm=A     cmd=(+0.3,+0.0,+0.5) seed=7 fell=0 surv=12.00s lin_err=0.306 dist=0.10
6_ppo-ice-control-depth-s1 arm=A     cmd=(+0.3,+0.0,+0.5) seed=8 fell=0 surv=12.00s lin_err=0.307 dist=0.15
6_ppo-ice-control-depth-s1 arm=A     cmd=(+0.3,+0.0,+0.5) seed=9 fell=0 surv=12.00s lin_err=0.307 dist=0.12
== 2026-09-24_17-15-06_ppo-ice-control-depth-s1 arm A: n=60 fall=0.000 disp=2.271 m lin_err=0.264 (87.8 s)
[depth] widths=[301] proprio=45 -> depth arms {0: 16} pools {0: 4}
6_ppo-ice-control-depth-s1 arm=B     cmd=(+0.3,+0.0,+0.0) seed=0 fell=1 surv= 2.44s lin_err=0.300 dist=0.28
6_ppo-ice-control-depth-s1 arm=B     cmd=(+0.3,+0.0,+0.0) seed=1 fell=1 surv= 2.16s lin_err=0.253 dist=0.39
6_ppo-ice-control-depth-s1 arm=B     cmd=(+0.3,+0.0,+0.0) seed=2 fell=1 surv= 2.40s lin_err=0.248 dist=0.36
6_ppo-ice-control-depth-s1 arm=B     cmd=(+0.3,+0.0,+0.0) seed=3 fell=1 surv= 1.80s lin_err=0.358 dist=0.28
6_ppo-ice-control-depth-s1 arm=B     cmd=(+0.3,+0.0,+0.0) seed=4 fell=1 surv= 2.04s lin_err=0.376 dist=0.24
6_ppo-ice-control-depth-s1 arm=B     cmd=(+0.3,+0.0,+0.0) seed=5 fell=1 surv= 1.88s lin_err=0.365 dist=0.27
6_ppo-ice-control-depth-s1 arm=B     cmd=(+0.3,+0.0,+0.0) seed=6 fell=1 surv= 2.36s lin_err=0.298 dist=0.29
6_ppo-ice-control-depth-s1 arm=B     cmd=(+0.3,+0.0,+0.0) seed=7 fell=1 surv= 2.32s lin_err=0.307 dist=0.30
6_ppo-ice-control-depth-s1 arm=B     cmd=(+0.3,+0.0,+0.0) seed=8 fell=1 surv= 1.76s lin_err=0.320 dist=0.42
6_ppo-ice-control-depth-s1 arm=B     cmd=(+0.3,+0.0,+0.0) seed=9 fell=1 surv= 2.40s lin_err=0.345 dist=0.29
6_ppo-ice-control-depth-s1 arm=B     cmd=(+0.5,+0.0,+0.0) seed=0 fell=1 surv= 1.68s lin_err=0.579 dist=0.13
6_ppo-ice-control-depth-s1 arm=B     cmd=(+0.5,+0.0,+0.0) seed=1 fell=1 surv= 1.72s lin_err=0.690 dist=0.30
6_ppo-ice-control-depth-s1 arm=B     cmd=(+0.5,+0.0,+0.0) seed=2 fell=1 surv= 2.04s lin_err=0.603 dist=0.14
6_ppo-ice-control-depth-s1 arm=B     cmd=(+0.5,+0.0,+0.0) seed=3 fell=1 surv= 1.60s lin_err=0.723 dist=0.22
6_ppo-ice-control-depth-s1 arm=B     cmd=(+0.5,+0.0,+0.0) seed=4 fell=1 surv= 1.60s lin_err=0.707 dist=0.31
6_ppo-ice-control-depth-s1 arm=B     cmd=(+0.5,+0.0,+0.0) seed=5 fell=1 surv= 1.56s lin_err=0.759 dist=0.23
6_ppo-ice-control-depth-s1 arm=B     cmd=(+0.5,+0.0,+0.0) seed=6 fell=1 surv= 1.44s lin_err=0.614 dist=0.14
6_ppo-ice-control-depth-s1 arm=B     cmd=(+0.5,+0.0,+0.0) seed=7 fell=1 surv= 2.48s lin_err=0.599 dist=0.16
6_ppo-ice-control-depth-s1 arm=B     cmd=(+0.5,+0.0,+0.0) seed=8 fell=1 surv= 1.56s lin_err=0.875 dist=0.21
6_ppo-ice-control-depth-s1 arm=B     cmd=(+0.5,+0.0,+0.0) seed=9 fell=1 surv= 1.68s lin_err=0.729 dist=0.21
6_ppo-ice-control-depth-s1 arm=B     cmd=(-0.2,+0.0,+0.0) seed=0 fell=1 surv= 3.48s lin_err=0.204 dist=0.20
6_ppo-ice-control-depth-s1 arm=B     cmd=(-0.2,+0.0,+0.0) seed=1 fell=1 surv= 3.00s lin_err=0.201 dist=0.19
6_ppo-ice-control-depth-s1 arm=B     cmd=(-0.2,+0.0,+0.0) seed=2 fell=1 surv= 3.36s lin_err=0.203 dist=0.17
6_ppo-ice-control-depth-s1 arm=B     cmd=(-0.2,+0.0,+0.0) seed=3 fell=1 surv= 2.76s lin_err=0.204 dist=0.17
6_ppo-ice-control-depth-s1 arm=B     cmd=(-0.2,+0.0,+0.0) seed=4 fell=1 surv= 2.60s lin_err=0.206 dist=0.17
6_ppo-ice-control-depth-s1 arm=B     cmd=(-0.2,+0.0,+0.0) seed=5 fell=1 surv= 2.64s lin_err=0.188 dist=0.20
6_ppo-ice-control-depth-s1 arm=B     cmd=(-0.2,+0.0,+0.0) seed=6 fell=1 surv= 3.96s lin_err=0.197 dist=0.21
6_ppo-ice-control-depth-s1 arm=B     cmd=(-0.2,+0.0,+0.0) seed=7 fell=1 surv= 2.80s lin_err=0.202 dist=0.16
6_ppo-ice-control-depth-s1 arm=B     cmd=(-0.2,+0.0,+0.0) seed=8 fell=1 surv= 2.96s lin_err=0.187 dist=0.19
6_ppo-ice-control-depth-s1 arm=B     cmd=(-0.2,+0.0,+0.0) seed=9 fell=1 surv= 2.64s lin_err=0.192 dist=0.19
6_ppo-ice-control-depth-s1 arm=B     cmd=(+0.0,+0.2,+0.0) seed=0 fell=1 surv= 1.88s lin_err=0.236 dist=0.07
6_ppo-ice-control-depth-s1 arm=B     cmd=(+0.0,+0.2,+0.0) seed=1 fell=1 surv= 1.96s lin_err=0.315 dist=0.08
6_ppo-ice-control-depth-s1 arm=B     cmd=(+0.0,+0.2,+0.0) seed=2 fell=1 surv= 1.96s lin_err=0.322 dist=0.07
6_ppo-ice-control-depth-s1 arm=B     cmd=(+0.0,+0.2,+0.0) seed=3 fell=1 surv= 2.04s lin_err=0.347 dist=0.07
6_ppo-ice-control-depth-s1 arm=B     cmd=(+0.0,+0.2,+0.0) seed=4 fell=1 surv= 1.96s lin_err=0.228 dist=0.08
6_ppo-ice-control-depth-s1 arm=B     cmd=(+0.0,+0.2,+0.0) seed=5 fell=1 surv= 1.80s lin_err=0.238 dist=0.07
6_ppo-ice-control-depth-s1 arm=B     cmd=(+0.0,+0.2,+0.0) seed=6 fell=1 surv= 1.92s lin_err=0.308 dist=0.10
6_ppo-ice-control-depth-s1 arm=B     cmd=(+0.0,+0.2,+0.0) seed=7 fell=1 surv= 1.96s lin_err=0.309 dist=0.08
6_ppo-ice-control-depth-s1 arm=B     cmd=(+0.0,+0.2,+0.0) seed=8 fell=1 surv= 1.88s lin_err=0.227 dist=0.08
6_ppo-ice-control-depth-s1 arm=B     cmd=(+0.0,+0.2,+0.0) seed=9 fell=1 surv= 1.80s lin_err=0.228 dist=0.09
6_ppo-ice-control-depth-s1 arm=B     cmd=(+0.0,+0.0,+0.5) seed=0 fell=1 surv= 1.84s lin_err=0.307 dist=0.23
6_ppo-ice-control-depth-s1 arm=B     cmd=(+0.0,+0.0,+0.5) seed=1 fell=1 surv= 2.04s lin_err=0.288 dist=0.21
6_ppo-ice-control-depth-s1 arm=B     cmd=(+0.0,+0.0,+0.5) seed=2 fell=1 surv= 2.00s lin_err=0.279 dist=0.20
6_ppo-ice-control-depth-s1 arm=B     cmd=(+0.0,+0.0,+0.5) seed=3 fell=1 surv= 2.08s lin_err=0.250 dist=0.20
6_ppo-ice-control-depth-s1 arm=B     cmd=(+0.0,+0.0,+0.5) seed=4 fell=1 surv= 1.76s lin_err=0.325 dist=0.20
6_ppo-ice-control-depth-s1 arm=B     cmd=(+0.0,+0.0,+0.5) seed=5 fell=1 surv= 2.08s lin_err=0.267 dist=0.23
6_ppo-ice-control-depth-s1 arm=B     cmd=(+0.0,+0.0,+0.5) seed=6 fell=1 surv= 2.00s lin_err=0.286 dist=0.21
6_ppo-ice-control-depth-s1 arm=B     cmd=(+0.0,+0.0,+0.5) seed=7 fell=1 surv= 1.80s lin_err=0.325 dist=0.22
6_ppo-ice-control-depth-s1 arm=B     cmd=(+0.0,+0.0,+0.5) seed=8 fell=1 surv= 2.04s lin_err=0.264 dist=0.22
6_ppo-ice-control-depth-s1 arm=B     cmd=(+0.0,+0.0,+0.5) seed=9 fell=1 surv= 1.80s lin_err=0.324 dist=0.22
6_ppo-ice-control-depth-s1 arm=B     cmd=(+0.3,+0.0,+0.5) seed=0 fell=1 surv= 1.64s lin_err=0.594 dist=0.29
6_ppo-ice-control-depth-s1 arm=B     cmd=(+0.3,+0.0,+0.5) seed=1 fell=1 surv= 2.24s lin_err=0.509 dist=0.23
6_ppo-ice-control-depth-s1 arm=B     cmd=(+0.3,+0.0,+0.5) seed=2 fell=1 surv= 1.92s lin_err=0.571 dist=0.25
6_ppo-ice-control-depth-s1 arm=B     cmd=(+0.3,+0.0,+0.5) seed=3 fell=1 surv= 2.04s lin_err=0.303 dist=0.35
6_ppo-ice-control-depth-s1 arm=B     cmd=(+0.3,+0.0,+0.5) seed=4 fell=1 surv= 2.12s lin_err=0.288 dist=0.34
6_ppo-ice-control-depth-s1 arm=B     cmd=(+0.3,+0.0,+0.5) seed=5 fell=1 surv= 2.20s lin_err=0.280 dist=0.35
6_ppo-ice-control-depth-s1 arm=B     cmd=(+0.3,+0.0,+0.5) seed=6 fell=1 surv= 1.88s lin_err=0.554 dist=0.22
6_ppo-ice-control-depth-s1 arm=B     cmd=(+0.3,+0.0,+0.5) seed=7 fell=1 surv= 1.76s lin_err=0.578 dist=0.27
6_ppo-ice-control-depth-s1 arm=B     cmd=(+0.3,+0.0,+0.5) seed=8 fell=1 surv= 2.04s lin_err=0.310 dist=0.36
6_ppo-ice-control-depth-s1 arm=B     cmd=(+0.3,+0.0,+0.5) seed=9 fell=1 surv= 1.72s lin_err=0.586 dist=0.27
== 2026-09-24_17-15-06_ppo-ice-control-depth-s1 arm B: n=60 fall=1.000 disp=0.214 m lin_err=0.371 (12.6 s)
[depth] widths=[301] proprio=45 -> depth arms {0: 16} pools {0: 4}
6_ppo-ice-control-depth-s1 arm=Bsettle cmd=(+0.3,+0.0,+0.0) seed=0 fell=1 surv= 2.20s lin_err=0.419 dist=0.50
6_ppo-ice-control-depth-s1 arm=Bsettle cmd=(+0.3,+0.0,+0.0) seed=1 fell=1 surv= 1.96s lin_err=0.442 dist=0.45
6_ppo-ice-control-depth-s1 arm=Bsettle cmd=(+0.3,+0.0,+0.0) seed=2 fell=1 surv= 2.08s lin_err=0.330 dist=0.60
6_ppo-ice-control-depth-s1 arm=Bsettle cmd=(+0.3,+0.0,+0.0) seed=3 fell=1 surv= 1.92s lin_err=0.410 dist=0.37
6_ppo-ice-control-depth-s1 arm=Bsettle cmd=(+0.3,+0.0,+0.0) seed=4 fell=1 surv= 2.32s lin_err=0.313 dist=0.65
6_ppo-ice-control-depth-s1 arm=Bsettle cmd=(+0.3,+0.0,+0.0) seed=5 fell=1 surv= 1.92s lin_err=0.438 dist=0.39
6_ppo-ice-control-depth-s1 arm=Bsettle cmd=(+0.3,+0.0,+0.0) seed=6 fell=1 surv= 2.20s lin_err=0.297 dist=0.55
6_ppo-ice-control-depth-s1 arm=Bsettle cmd=(+0.3,+0.0,+0.0) seed=7 fell=1 surv= 2.44s lin_err=0.360 dist=0.66
6_ppo-ice-control-depth-s1 arm=Bsettle cmd=(+0.3,+0.0,+0.0) seed=8 fell=1 surv= 1.92s lin_err=0.427 dist=0.39
6_ppo-ice-control-depth-s1 arm=Bsettle cmd=(+0.3,+0.0,+0.0) seed=9 fell=1 surv= 2.08s lin_err=0.364 dist=0.53
6_ppo-ice-control-depth-s1 arm=Bsettle cmd=(+0.5,+0.0,+0.0) seed=0 fell=1 surv= 2.04s lin_err=0.559 dist=0.55
6_ppo-ice-control-depth-s1 arm=Bsettle cmd=(+0.5,+0.0,+0.0) seed=1 fell=1 surv= 2.04s lin_err=0.452 dist=0.67
6_ppo-ice-control-depth-s1 arm=Bsettle cmd=(+0.5,+0.0,+0.0) seed=2 fell=1 surv= 2.08s lin_err=0.429 dist=0.72
6_ppo-ice-control-depth-s1 arm=Bsettle cmd=(+0.5,+0.0,+0.0) seed=3 fell=1 surv= 2.40s lin_err=0.449 dist=0.93
6_ppo-ice-control-depth-s1 arm=Bsettle cmd=(+0.5,+0.0,+0.0) seed=4 fell=1 surv= 1.88s lin_err=0.487 dist=0.69
6_ppo-ice-control-depth-s1 arm=Bsettle cmd=(+0.5,+0.0,+0.0) seed=5 fell=1 surv= 1.92s lin_err=0.493 dist=0.65
6_ppo-ice-control-depth-s1 arm=Bsettle cmd=(+0.5,+0.0,+0.0) seed=6 fell=1 surv= 1.92s lin_err=0.519 dist=0.62
6_ppo-ice-control-depth-s1 arm=Bsettle cmd=(+0.5,+0.0,+0.0) seed=7 fell=1 surv= 2.44s lin_err=0.459 dist=0.95
6_ppo-ice-control-depth-s1 arm=Bsettle cmd=(+0.5,+0.0,+0.0) seed=8 fell=1 surv= 2.12s lin_err=0.398 dist=0.80
6_ppo-ice-control-depth-s1 arm=Bsettle cmd=(+0.5,+0.0,+0.0) seed=9 fell=1 surv= 1.84s lin_err=0.554 dist=0.61
6_ppo-ice-control-depth-s1 arm=Bsettle cmd=(-0.2,+0.0,+0.0) seed=0 fell=1 surv= 2.28s lin_err=0.274 dist=0.38
6_ppo-ice-control-depth-s1 arm=Bsettle cmd=(-0.2,+0.0,+0.0) seed=1 fell=1 surv= 2.32s lin_err=0.268 dist=0.41
6_ppo-ice-control-depth-s1 arm=Bsettle cmd=(-0.2,+0.0,+0.0) seed=2 fell=1 surv= 2.28s lin_err=0.289 dist=0.39
6_ppo-ice-control-depth-s1 arm=Bsettle cmd=(-0.2,+0.0,+0.0) seed=3 fell=1 surv= 2.24s lin_err=0.303 dist=0.39
6_ppo-ice-control-depth-s1 arm=Bsettle cmd=(-0.2,+0.0,+0.0) seed=4 fell=1 surv= 2.48s lin_err=0.250 dist=0.39
6_ppo-ice-control-depth-s1 arm=Bsettle cmd=(-0.2,+0.0,+0.0) seed=5 fell=1 surv= 2.92s lin_err=0.244 dist=0.55
6_ppo-ice-control-depth-s1 arm=Bsettle cmd=(-0.2,+0.0,+0.0) seed=6 fell=1 surv= 2.80s lin_err=0.362 dist=0.30
6_ppo-ice-control-depth-s1 arm=Bsettle cmd=(-0.2,+0.0,+0.0) seed=7 fell=1 surv= 2.36s lin_err=0.260 dist=0.40
6_ppo-ice-control-depth-s1 arm=Bsettle cmd=(-0.2,+0.0,+0.0) seed=8 fell=1 surv= 2.24s lin_err=0.276 dist=0.35
6_ppo-ice-control-depth-s1 arm=Bsettle cmd=(-0.2,+0.0,+0.0) seed=9 fell=1 surv= 2.32s lin_err=0.280 dist=0.41
6_ppo-ice-control-depth-s1 arm=Bsettle cmd=(+0.0,+0.2,+0.0) seed=0 fell=0 surv=12.00s lin_err=0.236 dist=0.49
6_ppo-ice-control-depth-s1 arm=Bsettle cmd=(+0.0,+0.2,+0.0) seed=1 fell=0 surv=12.00s lin_err=0.219 dist=1.67
6_ppo-ice-control-depth-s1 arm=Bsettle cmd=(+0.0,+0.2,+0.0) seed=2 fell=0 surv=12.00s lin_err=0.228 dist=1.72
6_ppo-ice-control-depth-s1 arm=Bsettle cmd=(+0.0,+0.2,+0.0) seed=3 fell=0 surv=12.00s lin_err=0.218 dist=1.54
6_ppo-ice-control-depth-s1 arm=Bsettle cmd=(+0.0,+0.2,+0.0) seed=4 fell=0 surv=12.00s lin_err=0.222 dist=1.64
6_ppo-ice-control-depth-s1 arm=Bsettle cmd=(+0.0,+0.2,+0.0) seed=5 fell=0 surv=12.00s lin_err=0.257 dist=0.76
6_ppo-ice-control-depth-s1 arm=Bsettle cmd=(+0.0,+0.2,+0.0) seed=6 fell=0 surv=12.00s lin_err=0.217 dist=0.86
6_ppo-ice-control-depth-s1 arm=Bsettle cmd=(+0.0,+0.2,+0.0) seed=7 fell=0 surv=12.00s lin_err=0.234 dist=1.67
6_ppo-ice-control-depth-s1 arm=Bsettle cmd=(+0.0,+0.2,+0.0) seed=8 fell=0 surv=12.00s lin_err=0.227 dist=1.61
6_ppo-ice-control-depth-s1 arm=Bsettle cmd=(+0.0,+0.2,+0.0) seed=9 fell=1 surv= 4.88s lin_err=0.251 dist=0.21
6_ppo-ice-control-depth-s1 arm=Bsettle cmd=(+0.0,+0.0,+0.5) seed=0 fell=1 surv= 2.48s lin_err=0.349 dist=0.17
6_ppo-ice-control-depth-s1 arm=Bsettle cmd=(+0.0,+0.0,+0.5) seed=1 fell=1 surv= 3.08s lin_err=0.295 dist=0.24
6_ppo-ice-control-depth-s1 arm=Bsettle cmd=(+0.0,+0.0,+0.5) seed=2 fell=1 surv= 3.24s lin_err=0.328 dist=0.23
6_ppo-ice-control-depth-s1 arm=Bsettle cmd=(+0.0,+0.0,+0.5) seed=3 fell=1 surv= 3.60s lin_err=0.340 dist=0.21
6_ppo-ice-control-depth-s1 arm=Bsettle cmd=(+0.0,+0.0,+0.5) seed=4 fell=0 surv=12.00s lin_err=0.220 dist=0.06
6_ppo-ice-control-depth-s1 arm=Bsettle cmd=(+0.0,+0.0,+0.5) seed=5 fell=1 surv= 5.24s lin_err=0.249 dist=0.33
6_ppo-ice-control-depth-s1 arm=Bsettle cmd=(+0.0,+0.0,+0.5) seed=6 fell=1 surv= 3.00s lin_err=0.319 dist=0.24
6_ppo-ice-control-depth-s1 arm=Bsettle cmd=(+0.0,+0.0,+0.5) seed=7 fell=0 surv=12.00s lin_err=0.222 dist=0.09
6_ppo-ice-control-depth-s1 arm=Bsettle cmd=(+0.0,+0.0,+0.5) seed=8 fell=1 surv= 2.60s lin_err=0.290 dist=0.17
6_ppo-ice-control-depth-s1 arm=Bsettle cmd=(+0.0,+0.0,+0.5) seed=9 fell=1 surv= 3.08s lin_err=0.287 dist=0.18
6_ppo-ice-control-depth-s1 arm=Bsettle cmd=(+0.3,+0.0,+0.5) seed=0 fell=1 surv= 2.36s lin_err=0.410 dist=0.42
6_ppo-ice-control-depth-s1 arm=Bsettle cmd=(+0.3,+0.0,+0.5) seed=1 fell=1 surv= 2.12s lin_err=0.438 dist=0.40
6_ppo-ice-control-depth-s1 arm=Bsettle cmd=(+0.3,+0.0,+0.5) seed=2 fell=1 surv= 2.32s lin_err=0.351 dist=0.44
6_ppo-ice-control-depth-s1 arm=Bsettle cmd=(+0.3,+0.0,+0.5) seed=3 fell=1 surv= 2.20s lin_err=0.413 dist=0.41
6_ppo-ice-control-depth-s1 arm=Bsettle cmd=(+0.3,+0.0,+0.5) seed=4 fell=1 surv= 1.96s lin_err=0.386 dist=0.34
6_ppo-ice-control-depth-s1 arm=Bsettle cmd=(+0.3,+0.0,+0.5) seed=5 fell=1 surv= 2.20s lin_err=0.388 dist=0.41
6_ppo-ice-control-depth-s1 arm=Bsettle cmd=(+0.3,+0.0,+0.5) seed=6 fell=1 surv= 1.92s lin_err=0.403 dist=0.34
6_ppo-ice-control-depth-s1 arm=Bsettle cmd=(+0.3,+0.0,+0.5) seed=7 fell=1 surv= 2.16s lin_err=0.451 dist=0.40
6_ppo-ice-control-depth-s1 arm=Bsettle cmd=(+0.3,+0.0,+0.5) seed=8 fell=1 surv= 1.96s lin_err=0.398 dist=0.35
6_ppo-ice-control-depth-s1 arm=Bsettle cmd=(+0.3,+0.0,+0.5) seed=9 fell=1 surv= 2.32s lin_err=0.425 dist=0.44
== 2026-09-24_17-15-06_ppo-ice-control-depth-s1 arm Bsettle: n=60 fall=0.817 disp=0.572 m lin_err=0.345 (25.1 s)
6_ppo-ice-control-depth-s1 arm=C     cmd=(+0.3,+0.0,+0.0) seed=0 fell=0 surv=12.00s lin_err=0.296 dist=3.36
6_ppo-ice-control-depth-s1 arm=C     cmd=(+0.3,+0.0,+0.0) seed=1 fell=0 surv=12.00s lin_err=0.295 dist=3.38
6_ppo-ice-control-depth-s1 arm=C     cmd=(+0.3,+0.0,+0.0) seed=2 fell=0 surv=12.00s lin_err=0.295 dist=3.39
6_ppo-ice-control-depth-s1 arm=C     cmd=(+0.3,+0.0,+0.0) seed=3 fell=0 surv=12.00s lin_err=0.295 dist=3.38
6_ppo-ice-control-depth-s1 arm=C     cmd=(+0.3,+0.0,+0.0) seed=4 fell=0 surv=12.00s lin_err=0.295 dist=3.39
6_ppo-ice-control-depth-s1 arm=C     cmd=(+0.3,+0.0,+0.0) seed=5 fell=0 surv=12.00s lin_err=0.295 dist=3.37
6_ppo-ice-control-depth-s1 arm=C     cmd=(+0.3,+0.0,+0.0) seed=6 fell=0 surv=12.00s lin_err=0.296 dist=3.37
6_ppo-ice-control-depth-s1 arm=C     cmd=(+0.3,+0.0,+0.0) seed=7 fell=0 surv=12.00s lin_err=0.296 dist=3.39
6_ppo-ice-control-depth-s1 arm=C     cmd=(+0.3,+0.0,+0.0) seed=8 fell=0 surv=12.00s lin_err=0.295 dist=3.39
6_ppo-ice-control-depth-s1 arm=C     cmd=(+0.3,+0.0,+0.0) seed=9 fell=0 surv=12.00s lin_err=0.297 dist=3.39
6_ppo-ice-control-depth-s1 arm=C     cmd=(+0.5,+0.0,+0.0) seed=0 fell=0 surv=12.00s lin_err=0.321 dist=5.58
6_ppo-ice-control-depth-s1 arm=C     cmd=(+0.5,+0.0,+0.0) seed=1 fell=0 surv=12.00s lin_err=0.321 dist=5.58
6_ppo-ice-control-depth-s1 arm=C     cmd=(+0.5,+0.0,+0.0) seed=2 fell=0 surv=12.00s lin_err=0.320 dist=5.59
6_ppo-ice-control-depth-s1 arm=C     cmd=(+0.5,+0.0,+0.0) seed=3 fell=0 surv=12.00s lin_err=0.321 dist=5.61
6_ppo-ice-control-depth-s1 arm=C     cmd=(+0.5,+0.0,+0.0) seed=4 fell=0 surv=12.00s lin_err=0.320 dist=5.65
6_ppo-ice-control-depth-s1 arm=C     cmd=(+0.5,+0.0,+0.0) seed=5 fell=0 surv=12.00s lin_err=0.321 dist=5.61
6_ppo-ice-control-depth-s1 arm=C     cmd=(+0.5,+0.0,+0.0) seed=6 fell=0 surv=12.00s lin_err=0.321 dist=5.56
6_ppo-ice-control-depth-s1 arm=C     cmd=(+0.5,+0.0,+0.0) seed=7 fell=0 surv=12.00s lin_err=0.320 dist=5.62
6_ppo-ice-control-depth-s1 arm=C     cmd=(+0.5,+0.0,+0.0) seed=8 fell=0 surv=12.00s lin_err=0.323 dist=5.63
6_ppo-ice-control-depth-s1 arm=C     cmd=(+0.5,+0.0,+0.0) seed=9 fell=0 surv=12.00s lin_err=0.321 dist=5.63
6_ppo-ice-control-depth-s1 arm=C     cmd=(-0.2,+0.0,+0.0) seed=0 fell=0 surv=12.00s lin_err=0.206 dist=2.61
6_ppo-ice-control-depth-s1 arm=C     cmd=(-0.2,+0.0,+0.0) seed=1 fell=0 surv=12.00s lin_err=0.207 dist=2.60
6_ppo-ice-control-depth-s1 arm=C     cmd=(-0.2,+0.0,+0.0) seed=2 fell=0 surv=12.00s lin_err=0.207 dist=2.59
6_ppo-ice-control-depth-s1 arm=C     cmd=(-0.2,+0.0,+0.0) seed=3 fell=0 surv=12.00s lin_err=0.208 dist=2.62
6_ppo-ice-control-depth-s1 arm=C     cmd=(-0.2,+0.0,+0.0) seed=4 fell=0 surv=12.00s lin_err=0.202 dist=2.57
6_ppo-ice-control-depth-s1 arm=C     cmd=(-0.2,+0.0,+0.0) seed=5 fell=0 surv=12.00s lin_err=0.201 dist=2.60
6_ppo-ice-control-depth-s1 arm=C     cmd=(-0.2,+0.0,+0.0) seed=6 fell=0 surv=12.00s lin_err=0.199 dist=2.61
6_ppo-ice-control-depth-s1 arm=C     cmd=(-0.2,+0.0,+0.0) seed=7 fell=0 surv=12.00s lin_err=0.205 dist=2.59
6_ppo-ice-control-depth-s1 arm=C     cmd=(-0.2,+0.0,+0.0) seed=8 fell=0 surv=12.00s lin_err=0.207 dist=2.58
6_ppo-ice-control-depth-s1 arm=C     cmd=(-0.2,+0.0,+0.0) seed=9 fell=0 surv=12.00s lin_err=0.202 dist=2.58
6_ppo-ice-control-depth-s1 arm=C     cmd=(+0.0,+0.2,+0.0) seed=0 fell=0 surv=12.00s lin_err=0.263 dist=1.86
6_ppo-ice-control-depth-s1 arm=C     cmd=(+0.0,+0.2,+0.0) seed=1 fell=0 surv=12.00s lin_err=0.263 dist=1.83
6_ppo-ice-control-depth-s1 arm=C     cmd=(+0.0,+0.2,+0.0) seed=2 fell=0 surv=12.00s lin_err=0.275 dist=1.82
6_ppo-ice-control-depth-s1 arm=C     cmd=(+0.0,+0.2,+0.0) seed=3 fell=0 surv=12.00s lin_err=0.266 dist=1.77
6_ppo-ice-control-depth-s1 arm=C     cmd=(+0.0,+0.2,+0.0) seed=4 fell=0 surv=12.00s lin_err=0.275 dist=1.87
6_ppo-ice-control-depth-s1 arm=C     cmd=(+0.0,+0.2,+0.0) seed=5 fell=0 surv=12.00s lin_err=0.269 dist=1.88
6_ppo-ice-control-depth-s1 arm=C     cmd=(+0.0,+0.2,+0.0) seed=6 fell=0 surv=12.00s lin_err=0.257 dist=1.84
6_ppo-ice-control-depth-s1 arm=C     cmd=(+0.0,+0.2,+0.0) seed=7 fell=0 surv=12.00s lin_err=0.274 dist=1.84
6_ppo-ice-control-depth-s1 arm=C     cmd=(+0.0,+0.2,+0.0) seed=8 fell=0 surv=12.00s lin_err=0.269 dist=1.83
6_ppo-ice-control-depth-s1 arm=C     cmd=(+0.0,+0.2,+0.0) seed=9 fell=0 surv=12.00s lin_err=0.267 dist=1.90
6_ppo-ice-control-depth-s1 arm=C     cmd=(+0.0,+0.0,+0.5) seed=0 fell=0 surv=12.00s lin_err=0.189 dist=0.06
6_ppo-ice-control-depth-s1 arm=C     cmd=(+0.0,+0.0,+0.5) seed=1 fell=0 surv=12.00s lin_err=0.172 dist=0.10
6_ppo-ice-control-depth-s1 arm=C     cmd=(+0.0,+0.0,+0.5) seed=2 fell=0 surv=12.00s lin_err=0.182 dist=0.08
6_ppo-ice-control-depth-s1 arm=C     cmd=(+0.0,+0.0,+0.5) seed=3 fell=0 surv=12.00s lin_err=0.188 dist=0.02
6_ppo-ice-control-depth-s1 arm=C     cmd=(+0.0,+0.0,+0.5) seed=4 fell=0 surv=12.00s lin_err=0.191 dist=0.07
6_ppo-ice-control-depth-s1 arm=C     cmd=(+0.0,+0.0,+0.5) seed=5 fell=0 surv=12.00s lin_err=0.182 dist=0.07
6_ppo-ice-control-depth-s1 arm=C     cmd=(+0.0,+0.0,+0.5) seed=6 fell=0 surv=12.00s lin_err=0.189 dist=0.07
6_ppo-ice-control-depth-s1 arm=C     cmd=(+0.0,+0.0,+0.5) seed=7 fell=0 surv=12.00s lin_err=0.188 dist=0.02
6_ppo-ice-control-depth-s1 arm=C     cmd=(+0.0,+0.0,+0.5) seed=8 fell=0 surv=12.00s lin_err=0.194 dist=0.03
6_ppo-ice-control-depth-s1 arm=C     cmd=(+0.0,+0.0,+0.5) seed=9 fell=0 surv=12.00s lin_err=0.186 dist=0.04
6_ppo-ice-control-depth-s1 arm=C     cmd=(+0.3,+0.0,+0.5) seed=0 fell=0 surv=12.00s lin_err=0.312 dist=0.12
6_ppo-ice-control-depth-s1 arm=C     cmd=(+0.3,+0.0,+0.5) seed=1 fell=0 surv=12.00s lin_err=0.312 dist=0.13
6_ppo-ice-control-depth-s1 arm=C     cmd=(+0.3,+0.0,+0.5) seed=2 fell=0 surv=12.00s lin_err=0.312 dist=0.12
6_ppo-ice-control-depth-s1 arm=C     cmd=(+0.3,+0.0,+0.5) seed=3 fell=0 surv=12.00s lin_err=0.312 dist=0.12
6_ppo-ice-control-depth-s1 arm=C     cmd=(+0.3,+0.0,+0.5) seed=4 fell=0 surv=12.00s lin_err=0.312 dist=0.14
6_ppo-ice-control-depth-s1 arm=C     cmd=(+0.3,+0.0,+0.5) seed=5 fell=0 surv=12.00s lin_err=0.312 dist=0.11
6_ppo-ice-control-depth-s1 arm=C     cmd=(+0.3,+0.0,+0.5) seed=6 fell=0 surv=12.00s lin_err=0.311 dist=0.12
6_ppo-ice-control-depth-s1 arm=C     cmd=(+0.3,+0.0,+0.5) seed=7 fell=0 surv=12.00s lin_err=0.312 dist=0.14
6_ppo-ice-control-depth-s1 arm=C     cmd=(+0.3,+0.0,+0.5) seed=8 fell=0 surv=12.00s lin_err=0.312 dist=0.14
6_ppo-ice-control-depth-s1 arm=C     cmd=(+0.3,+0.0,+0.5) seed=9 fell=0 surv=12.00s lin_err=0.314 dist=0.14
== 2026-09-24_17-15-06_ppo-ice-control-depth-s1 arm C: n=60 fall=0.000 disp=2.268 m lin_err=0.265 (73.9 s)
json -> /nfs/hpc/share/sanchej7/Humanoid_Lite/bhl-robustness-ladder/results/repo-gpu-20260926/ice-depth-freeze/parts/2026-09-24_17-15-06_ppo-ice-control-depth-s1.json
