[nominal] cam z=0.300 m  image range [0.058, 1.000]  MR-vs-Isaac pooling max diff 0.039 (16 cells)
9_ppo-ice-control-blind-s1 arm=blind cmd=(+0.3,+0.0,+0.0) seed=0 fell=0 surv=12.00s lin_err=0.265 dist=3.51
9_ppo-ice-control-blind-s1 arm=blind cmd=(+0.3,+0.0,+0.0) seed=1 fell=0 surv=12.00s lin_err=0.265 dist=3.51
9_ppo-ice-control-blind-s1 arm=blind cmd=(+0.3,+0.0,+0.0) seed=2 fell=0 surv=12.00s lin_err=0.266 dist=3.52
9_ppo-ice-control-blind-s1 arm=blind cmd=(+0.3,+0.0,+0.0) seed=3 fell=0 surv=12.00s lin_err=0.265 dist=3.51
9_ppo-ice-control-blind-s1 arm=blind cmd=(+0.3,+0.0,+0.0) seed=4 fell=0 surv=12.00s lin_err=0.265 dist=3.53
9_ppo-ice-control-blind-s1 arm=blind cmd=(+0.3,+0.0,+0.0) seed=5 fell=0 surv=12.00s lin_err=0.265 dist=3.51
9_ppo-ice-control-blind-s1 arm=blind cmd=(+0.3,+0.0,+0.0) seed=6 fell=0 surv=12.00s lin_err=0.265 dist=3.50
9_ppo-ice-control-blind-s1 arm=blind cmd=(+0.3,+0.0,+0.0) seed=7 fell=0 surv=12.00s lin_err=0.265 dist=3.52
9_ppo-ice-control-blind-s1 arm=blind cmd=(+0.3,+0.0,+0.0) seed=8 fell=0 surv=12.00s lin_err=0.264 dist=3.52
9_ppo-ice-control-blind-s1 arm=blind cmd=(+0.3,+0.0,+0.0) seed=9 fell=0 surv=12.00s lin_err=0.265 dist=3.53
9_ppo-ice-control-blind-s1 arm=blind cmd=(+0.5,+0.0,+0.0) seed=0 fell=0 surv=12.00s lin_err=0.276 dist=5.70
9_ppo-ice-control-blind-s1 arm=blind cmd=(+0.5,+0.0,+0.0) seed=1 fell=0 surv=12.00s lin_err=0.276 dist=5.71
9_ppo-ice-control-blind-s1 arm=blind cmd=(+0.5,+0.0,+0.0) seed=2 fell=0 surv=12.00s lin_err=0.276 dist=5.71
9_ppo-ice-control-blind-s1 arm=blind cmd=(+0.5,+0.0,+0.0) seed=3 fell=0 surv=12.00s lin_err=0.276 dist=5.72
9_ppo-ice-control-blind-s1 arm=blind cmd=(+0.5,+0.0,+0.0) seed=4 fell=0 surv=12.00s lin_err=0.276 dist=5.75
9_ppo-ice-control-blind-s1 arm=blind cmd=(+0.5,+0.0,+0.0) seed=5 fell=0 surv=12.00s lin_err=0.275 dist=5.72
9_ppo-ice-control-blind-s1 arm=blind cmd=(+0.5,+0.0,+0.0) seed=6 fell=0 surv=12.00s lin_err=0.275 dist=5.73
9_ppo-ice-control-blind-s1 arm=blind cmd=(+0.5,+0.0,+0.0) seed=7 fell=0 surv=12.00s lin_err=0.276 dist=5.74
9_ppo-ice-control-blind-s1 arm=blind cmd=(+0.5,+0.0,+0.0) seed=8 fell=0 surv=12.00s lin_err=0.275 dist=5.75
9_ppo-ice-control-blind-s1 arm=blind cmd=(+0.5,+0.0,+0.0) seed=9 fell=0 surv=12.00s lin_err=0.275 dist=5.75
9_ppo-ice-control-blind-s1 arm=blind cmd=(-0.2,+0.0,+0.0) seed=0 fell=0 surv=12.00s lin_err=0.198 dist=2.34
9_ppo-ice-control-blind-s1 arm=blind cmd=(-0.2,+0.0,+0.0) seed=1 fell=0 surv=12.00s lin_err=0.190 dist=2.41
9_ppo-ice-control-blind-s1 arm=blind cmd=(-0.2,+0.0,+0.0) seed=2 fell=0 surv=12.00s lin_err=0.200 dist=2.33
9_ppo-ice-control-blind-s1 arm=blind cmd=(-0.2,+0.0,+0.0) seed=3 fell=0 surv=12.00s lin_err=0.198 dist=2.31
9_ppo-ice-control-blind-s1 arm=blind cmd=(-0.2,+0.0,+0.0) seed=4 fell=0 surv=12.00s lin_err=0.198 dist=2.32
9_ppo-ice-control-blind-s1 arm=blind cmd=(-0.2,+0.0,+0.0) seed=5 fell=0 surv=12.00s lin_err=0.187 dist=2.38
9_ppo-ice-control-blind-s1 arm=blind cmd=(-0.2,+0.0,+0.0) seed=6 fell=0 surv=12.00s lin_err=0.194 dist=2.38
9_ppo-ice-control-blind-s1 arm=blind cmd=(-0.2,+0.0,+0.0) seed=7 fell=0 surv=12.00s lin_err=0.190 dist=2.39
9_ppo-ice-control-blind-s1 arm=blind cmd=(-0.2,+0.0,+0.0) seed=8 fell=0 surv=12.00s lin_err=0.198 dist=2.31
9_ppo-ice-control-blind-s1 arm=blind cmd=(-0.2,+0.0,+0.0) seed=9 fell=0 surv=12.00s lin_err=0.199 dist=2.31
9_ppo-ice-control-blind-s1 arm=blind cmd=(+0.0,+0.2,+0.0) seed=0 fell=0 surv=12.00s lin_err=0.246 dist=1.71
9_ppo-ice-control-blind-s1 arm=blind cmd=(+0.0,+0.2,+0.0) seed=1 fell=0 surv=12.00s lin_err=0.247 dist=1.72
9_ppo-ice-control-blind-s1 arm=blind cmd=(+0.0,+0.2,+0.0) seed=2 fell=0 surv=12.00s lin_err=0.242 dist=1.67
9_ppo-ice-control-blind-s1 arm=blind cmd=(+0.0,+0.2,+0.0) seed=3 fell=0 surv=12.00s lin_err=0.245 dist=1.67
9_ppo-ice-control-blind-s1 arm=blind cmd=(+0.0,+0.2,+0.0) seed=4 fell=0 surv=12.00s lin_err=0.242 dist=1.67
9_ppo-ice-control-blind-s1 arm=blind cmd=(+0.0,+0.2,+0.0) seed=5 fell=0 surv=12.00s lin_err=0.249 dist=1.72
9_ppo-ice-control-blind-s1 arm=blind cmd=(+0.0,+0.2,+0.0) seed=6 fell=0 surv=12.00s lin_err=0.244 dist=1.72
9_ppo-ice-control-blind-s1 arm=blind cmd=(+0.0,+0.2,+0.0) seed=7 fell=0 surv=12.00s lin_err=0.238 dist=1.72
9_ppo-ice-control-blind-s1 arm=blind cmd=(+0.0,+0.2,+0.0) seed=8 fell=0 surv=12.00s lin_err=0.243 dist=1.70
9_ppo-ice-control-blind-s1 arm=blind cmd=(+0.0,+0.2,+0.0) seed=9 fell=0 surv=12.00s lin_err=0.242 dist=1.70
9_ppo-ice-control-blind-s1 arm=blind cmd=(+0.0,+0.0,+0.5) seed=0 fell=0 surv=12.00s lin_err=0.303 dist=0.14
9_ppo-ice-control-blind-s1 arm=blind cmd=(+0.0,+0.0,+0.5) seed=1 fell=0 surv=12.00s lin_err=0.304 dist=0.12
9_ppo-ice-control-blind-s1 arm=blind cmd=(+0.0,+0.0,+0.5) seed=2 fell=0 surv=12.00s lin_err=0.303 dist=0.10
9_ppo-ice-control-blind-s1 arm=blind cmd=(+0.0,+0.0,+0.5) seed=3 fell=0 surv=12.00s lin_err=0.309 dist=0.12
9_ppo-ice-control-blind-s1 arm=blind cmd=(+0.0,+0.0,+0.5) seed=4 fell=0 surv=12.00s lin_err=0.310 dist=0.11
9_ppo-ice-control-blind-s1 arm=blind cmd=(+0.0,+0.0,+0.5) seed=5 fell=0 surv=12.00s lin_err=0.306 dist=0.10
9_ppo-ice-control-blind-s1 arm=blind cmd=(+0.0,+0.0,+0.5) seed=6 fell=0 surv=12.00s lin_err=0.312 dist=0.09
9_ppo-ice-control-blind-s1 arm=blind cmd=(+0.0,+0.0,+0.5) seed=7 fell=0 surv=12.00s lin_err=0.303 dist=0.11
9_ppo-ice-control-blind-s1 arm=blind cmd=(+0.0,+0.0,+0.5) seed=8 fell=0 surv=12.00s lin_err=0.309 dist=0.10
9_ppo-ice-control-blind-s1 arm=blind cmd=(+0.0,+0.0,+0.5) seed=9 fell=0 surv=12.00s lin_err=0.307 dist=0.07
9_ppo-ice-control-blind-s1 arm=blind cmd=(+0.3,+0.0,+0.5) seed=0 fell=0 surv=12.00s lin_err=0.262 dist=0.43
9_ppo-ice-control-blind-s1 arm=blind cmd=(+0.3,+0.0,+0.5) seed=1 fell=0 surv=12.00s lin_err=0.262 dist=0.45
9_ppo-ice-control-blind-s1 arm=blind cmd=(+0.3,+0.0,+0.5) seed=2 fell=0 surv=12.00s lin_err=0.262 dist=0.45
9_ppo-ice-control-blind-s1 arm=blind cmd=(+0.3,+0.0,+0.5) seed=3 fell=0 surv=12.00s lin_err=0.264 dist=0.45
9_ppo-ice-control-blind-s1 arm=blind cmd=(+0.3,+0.0,+0.5) seed=4 fell=0 surv=12.00s lin_err=0.262 dist=0.46
9_ppo-ice-control-blind-s1 arm=blind cmd=(+0.3,+0.0,+0.5) seed=5 fell=0 surv=12.00s lin_err=0.261 dist=0.45
9_ppo-ice-control-blind-s1 arm=blind cmd=(+0.3,+0.0,+0.5) seed=6 fell=0 surv=12.00s lin_err=0.263 dist=0.45
9_ppo-ice-control-blind-s1 arm=blind cmd=(+0.3,+0.0,+0.5) seed=7 fell=0 surv=12.00s lin_err=0.262 dist=0.47
9_ppo-ice-control-blind-s1 arm=blind cmd=(+0.3,+0.0,+0.5) seed=8 fell=0 surv=12.00s lin_err=0.262 dist=0.48
9_ppo-ice-control-blind-s1 arm=blind cmd=(+0.3,+0.0,+0.5) seed=9 fell=0 surv=12.00s lin_err=0.262 dist=0.47
== 2026-09-24_09-56-19_ppo-ice-control-blind-s1 arm blind: n=60 fall=0.000 disp=2.309 m lin_err=0.258 (71.8 s)
json -> /nfs/hpc/share/sanchej7/Humanoid_Lite/bhl-robustness-ladder/results/repo-gpu-20260926/ice-depth-freeze/parts/2026-09-24_09-56-19_ppo-ice-control-blind-s1.json
