[parity] 2026-09-16_14-41-36_ppo-ice-placed-depth-s0: MLP vs exported ONNX max|diff| = 5.72e-06
[nominal] cam z=0.300 m  image range [0.058, 1.000]  MR-vs-Isaac pooling max diff 0.039 (16 cells)
[depth] widths=[301] proprio=45 -> depth arms {0: 16} pools {0: 4}
36_ppo-ice-placed-depth-s0 arm=A     cmd=(+0.3,+0.0,+0.0) seed=0 fell=0 surv=12.00s lin_err=0.267 dist=3.37
36_ppo-ice-placed-depth-s0 arm=A     cmd=(+0.3,+0.0,+0.0) seed=1 fell=0 surv=12.00s lin_err=0.268 dist=3.36
36_ppo-ice-placed-depth-s0 arm=A     cmd=(+0.3,+0.0,+0.0) seed=2 fell=0 surv=12.00s lin_err=0.266 dist=3.36
36_ppo-ice-placed-depth-s0 arm=A     cmd=(+0.3,+0.0,+0.0) seed=3 fell=0 surv=12.00s lin_err=0.271 dist=3.36
36_ppo-ice-placed-depth-s0 arm=A     cmd=(+0.3,+0.0,+0.0) seed=4 fell=0 surv=12.00s lin_err=0.270 dist=3.38
36_ppo-ice-placed-depth-s0 arm=A     cmd=(+0.3,+0.0,+0.0) seed=5 fell=0 surv=12.00s lin_err=0.270 dist=3.37
36_ppo-ice-placed-depth-s0 arm=A     cmd=(+0.3,+0.0,+0.0) seed=6 fell=0 surv=12.00s lin_err=0.271 dist=3.37
36_ppo-ice-placed-depth-s0 arm=A     cmd=(+0.3,+0.0,+0.0) seed=7 fell=0 surv=12.00s lin_err=0.267 dist=3.36
36_ppo-ice-placed-depth-s0 arm=A     cmd=(+0.3,+0.0,+0.0) seed=8 fell=0 surv=12.00s lin_err=0.268 dist=3.39
36_ppo-ice-placed-depth-s0 arm=A     cmd=(+0.3,+0.0,+0.0) seed=9 fell=0 surv=12.00s lin_err=0.270 dist=3.38
36_ppo-ice-placed-depth-s0 arm=A     cmd=(+0.5,+0.0,+0.0) seed=0 fell=0 surv=12.00s lin_err=0.253 dist=5.58
36_ppo-ice-placed-depth-s0 arm=A     cmd=(+0.5,+0.0,+0.0) seed=1 fell=0 surv=12.00s lin_err=0.250 dist=5.59
36_ppo-ice-placed-depth-s0 arm=A     cmd=(+0.5,+0.0,+0.0) seed=2 fell=0 surv=12.00s lin_err=0.250 dist=5.61
36_ppo-ice-placed-depth-s0 arm=A     cmd=(+0.5,+0.0,+0.0) seed=3 fell=0 surv=12.00s lin_err=0.248 dist=5.58
36_ppo-ice-placed-depth-s0 arm=A     cmd=(+0.5,+0.0,+0.0) seed=4 fell=0 surv=12.00s lin_err=0.246 dist=5.59
36_ppo-ice-placed-depth-s0 arm=A     cmd=(+0.5,+0.0,+0.0) seed=5 fell=0 surv=12.00s lin_err=0.251 dist=5.61
36_ppo-ice-placed-depth-s0 arm=A     cmd=(+0.5,+0.0,+0.0) seed=6 fell=0 surv=12.00s lin_err=0.247 dist=5.56
36_ppo-ice-placed-depth-s0 arm=A     cmd=(+0.5,+0.0,+0.0) seed=7 fell=0 surv=12.00s lin_err=0.248 dist=5.62
36_ppo-ice-placed-depth-s0 arm=A     cmd=(+0.5,+0.0,+0.0) seed=8 fell=0 surv=12.00s lin_err=0.249 dist=5.63
36_ppo-ice-placed-depth-s0 arm=A     cmd=(+0.5,+0.0,+0.0) seed=9 fell=0 surv=12.00s lin_err=0.250 dist=5.61
36_ppo-ice-placed-depth-s0 arm=A     cmd=(-0.2,+0.0,+0.0) seed=0 fell=0 surv=12.00s lin_err=0.206 dist=2.37
36_ppo-ice-placed-depth-s0 arm=A     cmd=(-0.2,+0.0,+0.0) seed=1 fell=0 surv=12.00s lin_err=0.205 dist=2.38
36_ppo-ice-placed-depth-s0 arm=A     cmd=(-0.2,+0.0,+0.0) seed=2 fell=0 surv=12.00s lin_err=0.205 dist=2.35
36_ppo-ice-placed-depth-s0 arm=A     cmd=(-0.2,+0.0,+0.0) seed=3 fell=0 surv=12.00s lin_err=0.203 dist=2.37
36_ppo-ice-placed-depth-s0 arm=A     cmd=(-0.2,+0.0,+0.0) seed=4 fell=0 surv=12.00s lin_err=0.210 dist=2.36
36_ppo-ice-placed-depth-s0 arm=A     cmd=(-0.2,+0.0,+0.0) seed=5 fell=0 surv=12.00s lin_err=0.208 dist=2.39
36_ppo-ice-placed-depth-s0 arm=A     cmd=(-0.2,+0.0,+0.0) seed=6 fell=0 surv=12.00s lin_err=0.205 dist=2.38
36_ppo-ice-placed-depth-s0 arm=A     cmd=(-0.2,+0.0,+0.0) seed=7 fell=0 surv=12.00s lin_err=0.208 dist=2.37
36_ppo-ice-placed-depth-s0 arm=A     cmd=(-0.2,+0.0,+0.0) seed=8 fell=0 surv=12.00s lin_err=0.208 dist=2.36
36_ppo-ice-placed-depth-s0 arm=A     cmd=(-0.2,+0.0,+0.0) seed=9 fell=0 surv=12.00s lin_err=0.204 dist=2.40
36_ppo-ice-placed-depth-s0 arm=A     cmd=(+0.0,+0.2,+0.0) seed=0 fell=0 surv=12.00s lin_err=0.293 dist=1.87
36_ppo-ice-placed-depth-s0 arm=A     cmd=(+0.0,+0.2,+0.0) seed=1 fell=0 surv=12.00s lin_err=0.294 dist=1.86
36_ppo-ice-placed-depth-s0 arm=A     cmd=(+0.0,+0.2,+0.0) seed=2 fell=0 surv=12.00s lin_err=0.298 dist=1.77
36_ppo-ice-placed-depth-s0 arm=A     cmd=(+0.0,+0.2,+0.0) seed=3 fell=0 surv=12.00s lin_err=0.284 dist=1.87
36_ppo-ice-placed-depth-s0 arm=A     cmd=(+0.0,+0.2,+0.0) seed=4 fell=0 surv=12.00s lin_err=0.293 dist=1.83
36_ppo-ice-placed-depth-s0 arm=A     cmd=(+0.0,+0.2,+0.0) seed=5 fell=0 surv=12.00s lin_err=0.282 dist=1.81
36_ppo-ice-placed-depth-s0 arm=A     cmd=(+0.0,+0.2,+0.0) seed=6 fell=0 surv=12.00s lin_err=0.286 dist=1.84
36_ppo-ice-placed-depth-s0 arm=A     cmd=(+0.0,+0.2,+0.0) seed=7 fell=0 surv=12.00s lin_err=0.287 dist=1.76
36_ppo-ice-placed-depth-s0 arm=A     cmd=(+0.0,+0.2,+0.0) seed=8 fell=0 surv=12.00s lin_err=0.280 dist=1.85
36_ppo-ice-placed-depth-s0 arm=A     cmd=(+0.0,+0.2,+0.0) seed=9 fell=0 surv=12.00s lin_err=0.297 dist=1.80
36_ppo-ice-placed-depth-s0 arm=A     cmd=(+0.0,+0.0,+0.5) seed=0 fell=0 surv=12.00s lin_err=0.178 dist=0.10
36_ppo-ice-placed-depth-s0 arm=A     cmd=(+0.0,+0.0,+0.5) seed=1 fell=0 surv=12.00s lin_err=0.173 dist=0.09
36_ppo-ice-placed-depth-s0 arm=A     cmd=(+0.0,+0.0,+0.5) seed=2 fell=0 surv=12.00s lin_err=0.172 dist=0.10
36_ppo-ice-placed-depth-s0 arm=A     cmd=(+0.0,+0.0,+0.5) seed=3 fell=0 surv=12.00s lin_err=0.171 dist=0.09
36_ppo-ice-placed-depth-s0 arm=A     cmd=(+0.0,+0.0,+0.5) seed=4 fell=0 surv=12.00s lin_err=0.176 dist=0.08
36_ppo-ice-placed-depth-s0 arm=A     cmd=(+0.0,+0.0,+0.5) seed=5 fell=0 surv=12.00s lin_err=0.193 dist=0.07
36_ppo-ice-placed-depth-s0 arm=A     cmd=(+0.0,+0.0,+0.5) seed=6 fell=0 surv=12.00s lin_err=0.183 dist=0.10
36_ppo-ice-placed-depth-s0 arm=A     cmd=(+0.0,+0.0,+0.5) seed=7 fell=0 surv=12.00s lin_err=0.181 dist=0.10
36_ppo-ice-placed-depth-s0 arm=A     cmd=(+0.0,+0.0,+0.5) seed=8 fell=0 surv=12.00s lin_err=0.204 dist=0.09
36_ppo-ice-placed-depth-s0 arm=A     cmd=(+0.0,+0.0,+0.5) seed=9 fell=0 surv=12.00s lin_err=0.175 dist=0.09
36_ppo-ice-placed-depth-s0 arm=A     cmd=(+0.3,+0.0,+0.5) seed=0 fell=0 surv=12.00s lin_err=0.254 dist=0.55
36_ppo-ice-placed-depth-s0 arm=A     cmd=(+0.3,+0.0,+0.5) seed=1 fell=0 surv=12.00s lin_err=0.258 dist=0.52
36_ppo-ice-placed-depth-s0 arm=A     cmd=(+0.3,+0.0,+0.5) seed=2 fell=0 surv=12.00s lin_err=0.255 dist=0.53
36_ppo-ice-placed-depth-s0 arm=A     cmd=(+0.3,+0.0,+0.5) seed=3 fell=0 surv=12.00s lin_err=0.255 dist=0.53
36_ppo-ice-placed-depth-s0 arm=A     cmd=(+0.3,+0.0,+0.5) seed=4 fell=0 surv=12.00s lin_err=0.255 dist=0.55
36_ppo-ice-placed-depth-s0 arm=A     cmd=(+0.3,+0.0,+0.5) seed=5 fell=0 surv=12.00s lin_err=0.256 dist=0.55
36_ppo-ice-placed-depth-s0 arm=A     cmd=(+0.3,+0.0,+0.5) seed=6 fell=0 surv=12.00s lin_err=0.255 dist=0.53
36_ppo-ice-placed-depth-s0 arm=A     cmd=(+0.3,+0.0,+0.5) seed=7 fell=0 surv=12.00s lin_err=0.256 dist=0.54
36_ppo-ice-placed-depth-s0 arm=A     cmd=(+0.3,+0.0,+0.5) seed=8 fell=0 surv=12.00s lin_err=0.255 dist=0.57
36_ppo-ice-placed-depth-s0 arm=A     cmd=(+0.3,+0.0,+0.5) seed=9 fell=0 surv=12.00s lin_err=0.257 dist=0.56
== 2026-09-16_14-41-36_ppo-ice-placed-depth-s0 arm A: n=60 fall=0.000 disp=2.299 m lin_err=0.242 (87.7 s)
[depth] widths=[301] proprio=45 -> depth arms {0: 16} pools {0: 4}
36_ppo-ice-placed-depth-s0 arm=B     cmd=(+0.3,+0.0,+0.0) seed=0 fell=1 surv= 2.20s lin_err=0.340 dist=0.37
36_ppo-ice-placed-depth-s0 arm=B     cmd=(+0.3,+0.0,+0.0) seed=1 fell=1 surv= 2.16s lin_err=0.329 dist=0.35
36_ppo-ice-placed-depth-s0 arm=B     cmd=(+0.3,+0.0,+0.0) seed=2 fell=1 surv= 2.80s lin_err=0.278 dist=0.41
36_ppo-ice-placed-depth-s0 arm=B     cmd=(+0.3,+0.0,+0.0) seed=3 fell=1 surv= 2.40s lin_err=0.307 dist=0.42
36_ppo-ice-placed-depth-s0 arm=B     cmd=(+0.3,+0.0,+0.0) seed=4 fell=1 surv= 2.84s lin_err=0.273 dist=0.44
36_ppo-ice-placed-depth-s0 arm=B     cmd=(+0.3,+0.0,+0.0) seed=5 fell=1 surv= 2.16s lin_err=0.258 dist=0.42
36_ppo-ice-placed-depth-s0 arm=B     cmd=(+0.3,+0.0,+0.0) seed=6 fell=1 surv= 2.52s lin_err=0.318 dist=0.45
36_ppo-ice-placed-depth-s0 arm=B     cmd=(+0.3,+0.0,+0.0) seed=7 fell=1 surv= 2.08s lin_err=0.326 dist=0.37
36_ppo-ice-placed-depth-s0 arm=B     cmd=(+0.3,+0.0,+0.0) seed=8 fell=1 surv= 1.72s lin_err=0.271 dist=0.42
36_ppo-ice-placed-depth-s0 arm=B     cmd=(+0.3,+0.0,+0.0) seed=9 fell=1 surv= 2.04s lin_err=0.335 dist=0.38
36_ppo-ice-placed-depth-s0 arm=B     cmd=(+0.5,+0.0,+0.0) seed=0 fell=1 surv= 2.32s lin_err=0.382 dist=0.67
36_ppo-ice-placed-depth-s0 arm=B     cmd=(+0.5,+0.0,+0.0) seed=1 fell=1 surv= 2.32s lin_err=0.453 dist=0.62
36_ppo-ice-placed-depth-s0 arm=B     cmd=(+0.5,+0.0,+0.0) seed=2 fell=1 surv= 2.16s lin_err=0.499 dist=0.56
36_ppo-ice-placed-depth-s0 arm=B     cmd=(+0.5,+0.0,+0.0) seed=3 fell=1 surv= 2.60s lin_err=0.385 dist=0.85
36_ppo-ice-placed-depth-s0 arm=B     cmd=(+0.5,+0.0,+0.0) seed=4 fell=1 surv= 2.32s lin_err=0.397 dist=0.77
36_ppo-ice-placed-depth-s0 arm=B     cmd=(+0.5,+0.0,+0.0) seed=5 fell=1 surv= 1.64s lin_err=0.594 dist=0.54
36_ppo-ice-placed-depth-s0 arm=B     cmd=(+0.5,+0.0,+0.0) seed=6 fell=1 surv= 1.84s lin_err=0.442 dist=0.58
36_ppo-ice-placed-depth-s0 arm=B     cmd=(+0.5,+0.0,+0.0) seed=7 fell=1 surv= 2.16s lin_err=0.577 dist=0.53
36_ppo-ice-placed-depth-s0 arm=B     cmd=(+0.5,+0.0,+0.0) seed=8 fell=1 surv= 1.60s lin_err=0.377 dist=0.63
36_ppo-ice-placed-depth-s0 arm=B     cmd=(+0.5,+0.0,+0.0) seed=9 fell=1 surv= 1.40s lin_err=0.390 dist=0.45
36_ppo-ice-placed-depth-s0 arm=B     cmd=(-0.2,+0.0,+0.0) seed=0 fell=1 surv= 7.64s lin_err=0.192 dist=0.23
36_ppo-ice-placed-depth-s0 arm=B     cmd=(-0.2,+0.0,+0.0) seed=1 fell=1 surv= 5.44s lin_err=0.193 dist=0.23
36_ppo-ice-placed-depth-s0 arm=B     cmd=(-0.2,+0.0,+0.0) seed=2 fell=1 surv= 6.64s lin_err=0.191 dist=0.22
36_ppo-ice-placed-depth-s0 arm=B     cmd=(-0.2,+0.0,+0.0) seed=3 fell=1 surv= 4.12s lin_err=0.197 dist=0.23
36_ppo-ice-placed-depth-s0 arm=B     cmd=(-0.2,+0.0,+0.0) seed=4 fell=1 surv= 5.96s lin_err=0.194 dist=0.22
36_ppo-ice-placed-depth-s0 arm=B     cmd=(-0.2,+0.0,+0.0) seed=5 fell=1 surv= 2.96s lin_err=0.220 dist=0.24
36_ppo-ice-placed-depth-s0 arm=B     cmd=(-0.2,+0.0,+0.0) seed=6 fell=1 surv= 3.76s lin_err=0.200 dist=0.23
36_ppo-ice-placed-depth-s0 arm=B     cmd=(-0.2,+0.0,+0.0) seed=7 fell=1 surv= 7.32s lin_err=0.191 dist=0.22
36_ppo-ice-placed-depth-s0 arm=B     cmd=(-0.2,+0.0,+0.0) seed=8 fell=1 surv= 4.76s lin_err=0.186 dist=0.23
36_ppo-ice-placed-depth-s0 arm=B     cmd=(-0.2,+0.0,+0.0) seed=9 fell=1 surv= 3.60s lin_err=0.207 dist=0.22
36_ppo-ice-placed-depth-s0 arm=B     cmd=(+0.0,+0.2,+0.0) seed=0 fell=0 surv=12.00s lin_err=0.200 dist=0.07
36_ppo-ice-placed-depth-s0 arm=B     cmd=(+0.0,+0.2,+0.0) seed=1 fell=0 surv=12.00s lin_err=0.199 dist=0.06
36_ppo-ice-placed-depth-s0 arm=B     cmd=(+0.0,+0.2,+0.0) seed=2 fell=0 surv=12.00s lin_err=0.199 dist=0.05
36_ppo-ice-placed-depth-s0 arm=B     cmd=(+0.0,+0.2,+0.0) seed=3 fell=0 surv=12.00s lin_err=0.199 dist=0.06
36_ppo-ice-placed-depth-s0 arm=B     cmd=(+0.0,+0.2,+0.0) seed=4 fell=0 surv=12.00s lin_err=0.201 dist=0.05
36_ppo-ice-placed-depth-s0 arm=B     cmd=(+0.0,+0.2,+0.0) seed=5 fell=0 surv=12.00s lin_err=0.201 dist=0.06
36_ppo-ice-placed-depth-s0 arm=B     cmd=(+0.0,+0.2,+0.0) seed=6 fell=0 surv=12.00s lin_err=0.200 dist=0.07
36_ppo-ice-placed-depth-s0 arm=B     cmd=(+0.0,+0.2,+0.0) seed=7 fell=0 surv=12.00s lin_err=0.200 dist=0.04
36_ppo-ice-placed-depth-s0 arm=B     cmd=(+0.0,+0.2,+0.0) seed=8 fell=0 surv=12.00s lin_err=0.202 dist=0.05
36_ppo-ice-placed-depth-s0 arm=B     cmd=(+0.0,+0.2,+0.0) seed=9 fell=0 surv=12.00s lin_err=0.202 dist=0.06
36_ppo-ice-placed-depth-s0 arm=B     cmd=(+0.0,+0.0,+0.5) seed=0 fell=1 surv= 3.84s lin_err=0.205 dist=0.20
36_ppo-ice-placed-depth-s0 arm=B     cmd=(+0.0,+0.0,+0.5) seed=1 fell=1 surv= 4.16s lin_err=0.176 dist=0.22
36_ppo-ice-placed-depth-s0 arm=B     cmd=(+0.0,+0.0,+0.5) seed=2 fell=1 surv= 3.88s lin_err=0.206 dist=0.16
36_ppo-ice-placed-depth-s0 arm=B     cmd=(+0.0,+0.0,+0.5) seed=3 fell=1 surv= 3.96s lin_err=0.231 dist=0.22
36_ppo-ice-placed-depth-s0 arm=B     cmd=(+0.0,+0.0,+0.5) seed=4 fell=1 surv= 3.40s lin_err=0.231 dist=0.14
36_ppo-ice-placed-depth-s0 arm=B     cmd=(+0.0,+0.0,+0.5) seed=5 fell=1 surv= 4.72s lin_err=0.169 dist=0.22
36_ppo-ice-placed-depth-s0 arm=B     cmd=(+0.0,+0.0,+0.5) seed=6 fell=1 surv= 4.12s lin_err=0.190 dist=0.21
36_ppo-ice-placed-depth-s0 arm=B     cmd=(+0.0,+0.0,+0.5) seed=7 fell=1 surv= 4.12s lin_err=0.206 dist=0.20
36_ppo-ice-placed-depth-s0 arm=B     cmd=(+0.0,+0.0,+0.5) seed=8 fell=1 surv= 4.68s lin_err=0.117 dist=0.17
36_ppo-ice-placed-depth-s0 arm=B     cmd=(+0.0,+0.0,+0.5) seed=9 fell=1 surv= 3.56s lin_err=0.223 dist=0.18
36_ppo-ice-placed-depth-s0 arm=B     cmd=(+0.3,+0.0,+0.5) seed=0 fell=1 surv= 3.88s lin_err=0.284 dist=0.38
36_ppo-ice-placed-depth-s0 arm=B     cmd=(+0.3,+0.0,+0.5) seed=1 fell=1 surv= 2.68s lin_err=0.277 dist=0.44
36_ppo-ice-placed-depth-s0 arm=B     cmd=(+0.3,+0.0,+0.5) seed=2 fell=1 surv= 2.64s lin_err=0.269 dist=0.43
36_ppo-ice-placed-depth-s0 arm=B     cmd=(+0.3,+0.0,+0.5) seed=3 fell=1 surv= 2.52s lin_err=0.270 dist=0.39
36_ppo-ice-placed-depth-s0 arm=B     cmd=(+0.3,+0.0,+0.5) seed=4 fell=1 surv= 2.28s lin_err=0.309 dist=0.35
36_ppo-ice-placed-depth-s0 arm=B     cmd=(+0.3,+0.0,+0.5) seed=5 fell=1 surv= 3.40s lin_err=0.326 dist=0.23
36_ppo-ice-placed-depth-s0 arm=B     cmd=(+0.3,+0.0,+0.5) seed=6 fell=1 surv= 3.24s lin_err=0.269 dist=0.45
36_ppo-ice-placed-depth-s0 arm=B     cmd=(+0.3,+0.0,+0.5) seed=7 fell=1 surv= 2.40s lin_err=0.283 dist=0.36
36_ppo-ice-placed-depth-s0 arm=B     cmd=(+0.3,+0.0,+0.5) seed=8 fell=1 surv= 3.48s lin_err=0.421 dist=0.15
36_ppo-ice-placed-depth-s0 arm=B     cmd=(+0.3,+0.0,+0.5) seed=9 fell=1 surv= 3.84s lin_err=0.398 dist=0.25
== 2026-09-16_14-41-36_ppo-ice-placed-depth-s0 arm B: n=60 fall=0.833 disp=0.307 m lin_err=0.276 (27.4 s)
[depth] widths=[301] proprio=45 -> depth arms {0: 16} pools {0: 4}
36_ppo-ice-placed-depth-s0 arm=Bsettle cmd=(+0.3,+0.0,+0.0) seed=0 fell=1 surv= 3.20s lin_err=0.346 dist=0.53
36_ppo-ice-placed-depth-s0 arm=Bsettle cmd=(+0.3,+0.0,+0.0) seed=1 fell=1 surv= 2.92s lin_err=0.395 dist=0.50
36_ppo-ice-placed-depth-s0 arm=Bsettle cmd=(+0.3,+0.0,+0.0) seed=2 fell=1 surv= 2.48s lin_err=0.261 dist=0.66
36_ppo-ice-placed-depth-s0 arm=Bsettle cmd=(+0.3,+0.0,+0.0) seed=3 fell=1 surv= 2.88s lin_err=0.429 dist=0.36
36_ppo-ice-placed-depth-s0 arm=Bsettle cmd=(+0.3,+0.0,+0.0) seed=4 fell=1 surv= 2.80s lin_err=0.409 dist=0.44
36_ppo-ice-placed-depth-s0 arm=Bsettle cmd=(+0.3,+0.0,+0.0) seed=5 fell=1 surv= 2.64s lin_err=0.347 dist=0.58
36_ppo-ice-placed-depth-s0 arm=Bsettle cmd=(+0.3,+0.0,+0.0) seed=6 fell=1 surv= 2.24s lin_err=0.277 dist=0.61
36_ppo-ice-placed-depth-s0 arm=Bsettle cmd=(+0.3,+0.0,+0.0) seed=7 fell=1 surv= 2.20s lin_err=0.324 dist=0.59
36_ppo-ice-placed-depth-s0 arm=Bsettle cmd=(+0.3,+0.0,+0.0) seed=8 fell=1 surv= 2.84s lin_err=0.334 dist=0.62
36_ppo-ice-placed-depth-s0 arm=Bsettle cmd=(+0.3,+0.0,+0.0) seed=9 fell=1 surv= 2.80s lin_err=0.333 dist=0.62
36_ppo-ice-placed-depth-s0 arm=Bsettle cmd=(+0.5,+0.0,+0.0) seed=0 fell=1 surv= 1.84s lin_err=0.446 dist=0.59
36_ppo-ice-placed-depth-s0 arm=Bsettle cmd=(+0.5,+0.0,+0.0) seed=1 fell=1 surv= 1.92s lin_err=0.394 dist=0.68
36_ppo-ice-placed-depth-s0 arm=Bsettle cmd=(+0.5,+0.0,+0.0) seed=2 fell=1 surv= 1.96s lin_err=0.437 dist=0.65
36_ppo-ice-placed-depth-s0 arm=Bsettle cmd=(+0.5,+0.0,+0.0) seed=3 fell=1 surv= 1.92s lin_err=0.392 dist=0.68
36_ppo-ice-placed-depth-s0 arm=Bsettle cmd=(+0.5,+0.0,+0.0) seed=4 fell=1 surv= 1.88s lin_err=0.400 dist=0.67
36_ppo-ice-placed-depth-s0 arm=Bsettle cmd=(+0.5,+0.0,+0.0) seed=5 fell=1 surv= 1.88s lin_err=0.513 dist=0.67
36_ppo-ice-placed-depth-s0 arm=Bsettle cmd=(+0.5,+0.0,+0.0) seed=6 fell=1 surv= 1.88s lin_err=0.452 dist=0.61
36_ppo-ice-placed-depth-s0 arm=Bsettle cmd=(+0.5,+0.0,+0.0) seed=7 fell=1 surv= 1.88s lin_err=0.457 dist=0.63
36_ppo-ice-placed-depth-s0 arm=Bsettle cmd=(+0.5,+0.0,+0.0) seed=8 fell=1 surv= 1.84s lin_err=0.511 dist=0.65
36_ppo-ice-placed-depth-s0 arm=Bsettle cmd=(+0.5,+0.0,+0.0) seed=9 fell=1 surv= 1.88s lin_err=0.530 dist=0.68
36_ppo-ice-placed-depth-s0 arm=Bsettle cmd=(-0.2,+0.0,+0.0) seed=0 fell=1 surv= 9.44s lin_err=0.212 dist=1.80
36_ppo-ice-placed-depth-s0 arm=Bsettle cmd=(-0.2,+0.0,+0.0) seed=1 fell=1 surv= 1.88s lin_err=0.345 dist=0.25
36_ppo-ice-placed-depth-s0 arm=Bsettle cmd=(-0.2,+0.0,+0.0) seed=2 fell=1 surv=11.76s lin_err=0.248 dist=1.87
36_ppo-ice-placed-depth-s0 arm=Bsettle cmd=(-0.2,+0.0,+0.0) seed=3 fell=1 surv= 3.36s lin_err=0.204 dist=0.44
36_ppo-ice-placed-depth-s0 arm=Bsettle cmd=(-0.2,+0.0,+0.0) seed=4 fell=1 surv= 2.92s lin_err=0.216 dist=0.48
36_ppo-ice-placed-depth-s0 arm=Bsettle cmd=(-0.2,+0.0,+0.0) seed=5 fell=1 surv= 2.20s lin_err=0.385 dist=0.36
36_ppo-ice-placed-depth-s0 arm=Bsettle cmd=(-0.2,+0.0,+0.0) seed=6 fell=1 surv= 2.00s lin_err=0.306 dist=0.28
36_ppo-ice-placed-depth-s0 arm=Bsettle cmd=(-0.2,+0.0,+0.0) seed=7 fell=1 surv= 1.92s lin_err=0.377 dist=0.25
36_ppo-ice-placed-depth-s0 arm=Bsettle cmd=(-0.2,+0.0,+0.0) seed=8 fell=1 surv= 9.28s lin_err=0.231 dist=1.72
36_ppo-ice-placed-depth-s0 arm=Bsettle cmd=(-0.2,+0.0,+0.0) seed=9 fell=1 surv= 2.52s lin_err=0.286 dist=0.48
36_ppo-ice-placed-depth-s0 arm=Bsettle cmd=(+0.0,+0.2,+0.0) seed=0 fell=0 surv=12.00s lin_err=0.199 dist=1.52
36_ppo-ice-placed-depth-s0 arm=Bsettle cmd=(+0.0,+0.2,+0.0) seed=1 fell=0 surv=12.00s lin_err=0.225 dist=1.63
36_ppo-ice-placed-depth-s0 arm=Bsettle cmd=(+0.0,+0.2,+0.0) seed=2 fell=0 surv=12.00s lin_err=0.221 dist=1.62
36_ppo-ice-placed-depth-s0 arm=Bsettle cmd=(+0.0,+0.2,+0.0) seed=3 fell=0 surv=12.00s lin_err=0.211 dist=1.56
36_ppo-ice-placed-depth-s0 arm=Bsettle cmd=(+0.0,+0.2,+0.0) seed=4 fell=0 surv=12.00s lin_err=0.271 dist=2.12
36_ppo-ice-placed-depth-s0 arm=Bsettle cmd=(+0.0,+0.2,+0.0) seed=5 fell=1 surv= 3.92s lin_err=0.288 dist=0.24
36_ppo-ice-placed-depth-s0 arm=Bsettle cmd=(+0.0,+0.2,+0.0) seed=6 fell=0 surv=12.00s lin_err=0.240 dist=1.58
36_ppo-ice-placed-depth-s0 arm=Bsettle cmd=(+0.0,+0.2,+0.0) seed=7 fell=1 surv= 8.56s lin_err=0.274 dist=0.57
36_ppo-ice-placed-depth-s0 arm=Bsettle cmd=(+0.0,+0.2,+0.0) seed=8 fell=0 surv=12.00s lin_err=0.194 dist=1.51
36_ppo-ice-placed-depth-s0 arm=Bsettle cmd=(+0.0,+0.2,+0.0) seed=9 fell=1 surv= 3.96s lin_err=0.271 dist=0.25
36_ppo-ice-placed-depth-s0 arm=Bsettle cmd=(+0.0,+0.0,+0.5) seed=0 fell=0 surv=12.00s lin_err=0.170 dist=0.06
36_ppo-ice-placed-depth-s0 arm=Bsettle cmd=(+0.0,+0.0,+0.5) seed=1 fell=0 surv=12.00s lin_err=0.186 dist=0.08
36_ppo-ice-placed-depth-s0 arm=Bsettle cmd=(+0.0,+0.0,+0.5) seed=2 fell=0 surv=12.00s lin_err=0.189 dist=0.05
36_ppo-ice-placed-depth-s0 arm=Bsettle cmd=(+0.0,+0.0,+0.5) seed=3 fell=0 surv=12.00s lin_err=0.210 dist=0.02
36_ppo-ice-placed-depth-s0 arm=Bsettle cmd=(+0.0,+0.0,+0.5) seed=4 fell=0 surv=12.00s lin_err=0.171 dist=0.04
36_ppo-ice-placed-depth-s0 arm=Bsettle cmd=(+0.0,+0.0,+0.5) seed=5 fell=0 surv=12.00s lin_err=0.195 dist=0.00
36_ppo-ice-placed-depth-s0 arm=Bsettle cmd=(+0.0,+0.0,+0.5) seed=6 fell=0 surv=12.00s lin_err=0.199 dist=0.04
36_ppo-ice-placed-depth-s0 arm=Bsettle cmd=(+0.0,+0.0,+0.5) seed=7 fell=0 surv=12.00s lin_err=0.180 dist=0.04
36_ppo-ice-placed-depth-s0 arm=Bsettle cmd=(+0.0,+0.0,+0.5) seed=8 fell=1 surv= 4.40s lin_err=0.207 dist=0.14
36_ppo-ice-placed-depth-s0 arm=Bsettle cmd=(+0.0,+0.0,+0.5) seed=9 fell=0 surv=12.00s lin_err=0.172 dist=0.06
36_ppo-ice-placed-depth-s0 arm=Bsettle cmd=(+0.3,+0.0,+0.5) seed=0 fell=1 surv= 2.28s lin_err=0.361 dist=0.46
36_ppo-ice-placed-depth-s0 arm=Bsettle cmd=(+0.3,+0.0,+0.5) seed=1 fell=1 surv= 2.32s lin_err=0.475 dist=0.44
36_ppo-ice-placed-depth-s0 arm=Bsettle cmd=(+0.3,+0.0,+0.5) seed=2 fell=1 surv= 2.44s lin_err=0.377 dist=0.49
36_ppo-ice-placed-depth-s0 arm=Bsettle cmd=(+0.3,+0.0,+0.5) seed=3 fell=1 surv= 2.60s lin_err=0.319 dist=0.58
36_ppo-ice-placed-depth-s0 arm=Bsettle cmd=(+0.3,+0.0,+0.5) seed=4 fell=1 surv= 2.60s lin_err=0.318 dist=0.59
36_ppo-ice-placed-depth-s0 arm=Bsettle cmd=(+0.3,+0.0,+0.5) seed=5 fell=1 surv= 3.52s lin_err=0.346 dist=0.50
36_ppo-ice-placed-depth-s0 arm=Bsettle cmd=(+0.3,+0.0,+0.5) seed=6 fell=1 surv= 2.04s lin_err=0.454 dist=0.39
36_ppo-ice-placed-depth-s0 arm=Bsettle cmd=(+0.3,+0.0,+0.5) seed=7 fell=1 surv= 2.40s lin_err=0.446 dist=0.50
36_ppo-ice-placed-depth-s0 arm=Bsettle cmd=(+0.3,+0.0,+0.5) seed=8 fell=1 surv= 3.28s lin_err=0.282 dist=0.61
36_ppo-ice-placed-depth-s0 arm=Bsettle cmd=(+0.3,+0.0,+0.5) seed=9 fell=1 surv= 2.36s lin_err=0.337 dist=0.55
== 2026-09-16_14-41-36_ppo-ice-placed-depth-s0 arm Bsettle: n=60 fall=0.733 disp=0.636 m lin_err=0.313 (33.4 s)
36_ppo-ice-placed-depth-s0 arm=C     cmd=(+0.3,+0.0,+0.0) seed=0 fell=0 surv=12.00s lin_err=0.269 dist=3.35
36_ppo-ice-placed-depth-s0 arm=C     cmd=(+0.3,+0.0,+0.0) seed=1 fell=0 surv=12.00s lin_err=0.267 dist=3.37
36_ppo-ice-placed-depth-s0 arm=C     cmd=(+0.3,+0.0,+0.0) seed=2 fell=0 surv=12.00s lin_err=0.268 dist=3.38
36_ppo-ice-placed-depth-s0 arm=C     cmd=(+0.3,+0.0,+0.0) seed=3 fell=0 surv=12.00s lin_err=0.268 dist=3.37
36_ppo-ice-placed-depth-s0 arm=C     cmd=(+0.3,+0.0,+0.0) seed=4 fell=0 surv=12.00s lin_err=0.268 dist=3.38
36_ppo-ice-placed-depth-s0 arm=C     cmd=(+0.3,+0.0,+0.0) seed=5 fell=0 surv=12.00s lin_err=0.266 dist=3.36
36_ppo-ice-placed-depth-s0 arm=C     cmd=(+0.3,+0.0,+0.0) seed=6 fell=0 surv=12.00s lin_err=0.271 dist=3.37
36_ppo-ice-placed-depth-s0 arm=C     cmd=(+0.3,+0.0,+0.0) seed=7 fell=0 surv=12.00s lin_err=0.267 dist=3.39
36_ppo-ice-placed-depth-s0 arm=C     cmd=(+0.3,+0.0,+0.0) seed=8 fell=0 surv=12.00s lin_err=0.267 dist=3.38
36_ppo-ice-placed-depth-s0 arm=C     cmd=(+0.3,+0.0,+0.0) seed=9 fell=0 surv=12.00s lin_err=0.267 dist=3.38
36_ppo-ice-placed-depth-s0 arm=C     cmd=(+0.5,+0.0,+0.0) seed=0 fell=0 surv=12.00s lin_err=0.252 dist=5.58
36_ppo-ice-placed-depth-s0 arm=C     cmd=(+0.5,+0.0,+0.0) seed=1 fell=0 surv=12.00s lin_err=0.248 dist=5.61
36_ppo-ice-placed-depth-s0 arm=C     cmd=(+0.5,+0.0,+0.0) seed=2 fell=0 surv=12.00s lin_err=0.253 dist=5.62
36_ppo-ice-placed-depth-s0 arm=C     cmd=(+0.5,+0.0,+0.0) seed=3 fell=0 surv=12.00s lin_err=0.250 dist=5.59
36_ppo-ice-placed-depth-s0 arm=C     cmd=(+0.5,+0.0,+0.0) seed=4 fell=0 surv=12.00s lin_err=0.248 dist=5.61
36_ppo-ice-placed-depth-s0 arm=C     cmd=(+0.5,+0.0,+0.0) seed=5 fell=0 surv=12.00s lin_err=0.252 dist=5.58
36_ppo-ice-placed-depth-s0 arm=C     cmd=(+0.5,+0.0,+0.0) seed=6 fell=0 surv=12.00s lin_err=0.252 dist=5.57
36_ppo-ice-placed-depth-s0 arm=C     cmd=(+0.5,+0.0,+0.0) seed=7 fell=0 surv=12.00s lin_err=0.250 dist=5.63
36_ppo-ice-placed-depth-s0 arm=C     cmd=(+0.5,+0.0,+0.0) seed=8 fell=0 surv=12.00s lin_err=0.252 dist=5.60
36_ppo-ice-placed-depth-s0 arm=C     cmd=(+0.5,+0.0,+0.0) seed=9 fell=0 surv=12.00s lin_err=0.249 dist=5.60
36_ppo-ice-placed-depth-s0 arm=C     cmd=(-0.2,+0.0,+0.0) seed=0 fell=0 surv=12.00s lin_err=0.198 dist=2.36
36_ppo-ice-placed-depth-s0 arm=C     cmd=(-0.2,+0.0,+0.0) seed=1 fell=0 surv=12.00s lin_err=0.202 dist=2.31
36_ppo-ice-placed-depth-s0 arm=C     cmd=(-0.2,+0.0,+0.0) seed=2 fell=0 surv=12.00s lin_err=0.199 dist=2.29
36_ppo-ice-placed-depth-s0 arm=C     cmd=(-0.2,+0.0,+0.0) seed=3 fell=0 surv=12.00s lin_err=0.201 dist=2.32
36_ppo-ice-placed-depth-s0 arm=C     cmd=(-0.2,+0.0,+0.0) seed=4 fell=0 surv=12.00s lin_err=0.203 dist=2.30
36_ppo-ice-placed-depth-s0 arm=C     cmd=(-0.2,+0.0,+0.0) seed=5 fell=0 surv=12.00s lin_err=0.201 dist=2.31
36_ppo-ice-placed-depth-s0 arm=C     cmd=(-0.2,+0.0,+0.0) seed=6 fell=0 surv=12.00s lin_err=0.203 dist=2.31
36_ppo-ice-placed-depth-s0 arm=C     cmd=(-0.2,+0.0,+0.0) seed=7 fell=0 surv=12.00s lin_err=0.202 dist=2.27
36_ppo-ice-placed-depth-s0 arm=C     cmd=(-0.2,+0.0,+0.0) seed=8 fell=0 surv=12.00s lin_err=0.200 dist=2.33
36_ppo-ice-placed-depth-s0 arm=C     cmd=(-0.2,+0.0,+0.0) seed=9 fell=0 surv=12.00s lin_err=0.199 dist=2.35
36_ppo-ice-placed-depth-s0 arm=C     cmd=(+0.0,+0.2,+0.0) seed=0 fell=0 surv=12.00s lin_err=0.279 dist=1.85
36_ppo-ice-placed-depth-s0 arm=C     cmd=(+0.0,+0.2,+0.0) seed=1 fell=0 surv=12.00s lin_err=0.266 dist=1.90
36_ppo-ice-placed-depth-s0 arm=C     cmd=(+0.0,+0.2,+0.0) seed=2 fell=0 surv=12.00s lin_err=0.267 dist=1.88
36_ppo-ice-placed-depth-s0 arm=C     cmd=(+0.0,+0.2,+0.0) seed=3 fell=0 surv=12.00s lin_err=0.277 dist=1.80
36_ppo-ice-placed-depth-s0 arm=C     cmd=(+0.0,+0.2,+0.0) seed=4 fell=0 surv=12.00s lin_err=0.286 dist=1.84
36_ppo-ice-placed-depth-s0 arm=C     cmd=(+0.0,+0.2,+0.0) seed=5 fell=0 surv=12.00s lin_err=0.278 dist=1.83
36_ppo-ice-placed-depth-s0 arm=C     cmd=(+0.0,+0.2,+0.0) seed=6 fell=0 surv=12.00s lin_err=0.282 dist=1.79
36_ppo-ice-placed-depth-s0 arm=C     cmd=(+0.0,+0.2,+0.0) seed=7 fell=0 surv=12.00s lin_err=0.287 dist=1.83
36_ppo-ice-placed-depth-s0 arm=C     cmd=(+0.0,+0.2,+0.0) seed=8 fell=0 surv=12.00s lin_err=0.278 dist=1.87
36_ppo-ice-placed-depth-s0 arm=C     cmd=(+0.0,+0.2,+0.0) seed=9 fell=0 surv=12.00s lin_err=0.286 dist=1.83
36_ppo-ice-placed-depth-s0 arm=C     cmd=(+0.0,+0.0,+0.5) seed=0 fell=0 surv=12.00s lin_err=0.177 dist=0.08
36_ppo-ice-placed-depth-s0 arm=C     cmd=(+0.0,+0.0,+0.5) seed=1 fell=0 surv=12.00s lin_err=0.167 dist=0.10
36_ppo-ice-placed-depth-s0 arm=C     cmd=(+0.0,+0.0,+0.5) seed=2 fell=0 surv=12.00s lin_err=0.171 dist=0.11
36_ppo-ice-placed-depth-s0 arm=C     cmd=(+0.0,+0.0,+0.5) seed=3 fell=0 surv=12.00s lin_err=0.171 dist=0.09
36_ppo-ice-placed-depth-s0 arm=C     cmd=(+0.0,+0.0,+0.5) seed=4 fell=0 surv=12.00s lin_err=0.174 dist=0.08
36_ppo-ice-placed-depth-s0 arm=C     cmd=(+0.0,+0.0,+0.5) seed=5 fell=0 surv=12.00s lin_err=0.190 dist=0.07
36_ppo-ice-placed-depth-s0 arm=C     cmd=(+0.0,+0.0,+0.5) seed=6 fell=0 surv=12.00s lin_err=0.167 dist=0.11
36_ppo-ice-placed-depth-s0 arm=C     cmd=(+0.0,+0.0,+0.5) seed=7 fell=0 surv=12.00s lin_err=0.179 dist=0.08
36_ppo-ice-placed-depth-s0 arm=C     cmd=(+0.0,+0.0,+0.5) seed=8 fell=0 surv=12.00s lin_err=0.206 dist=0.07
36_ppo-ice-placed-depth-s0 arm=C     cmd=(+0.0,+0.0,+0.5) seed=9 fell=0 surv=12.00s lin_err=0.178 dist=0.10
36_ppo-ice-placed-depth-s0 arm=C     cmd=(+0.3,+0.0,+0.5) seed=0 fell=0 surv=12.00s lin_err=0.259 dist=0.52
36_ppo-ice-placed-depth-s0 arm=C     cmd=(+0.3,+0.0,+0.5) seed=1 fell=0 surv=12.00s lin_err=0.260 dist=0.53
36_ppo-ice-placed-depth-s0 arm=C     cmd=(+0.3,+0.0,+0.5) seed=2 fell=0 surv=12.00s lin_err=0.260 dist=0.53
36_ppo-ice-placed-depth-s0 arm=C     cmd=(+0.3,+0.0,+0.5) seed=3 fell=0 surv=12.00s lin_err=0.260 dist=0.53
36_ppo-ice-placed-depth-s0 arm=C     cmd=(+0.3,+0.0,+0.5) seed=4 fell=0 surv=12.00s lin_err=0.259 dist=0.55
36_ppo-ice-placed-depth-s0 arm=C     cmd=(+0.3,+0.0,+0.5) seed=5 fell=0 surv=12.00s lin_err=0.259 dist=0.54
36_ppo-ice-placed-depth-s0 arm=C     cmd=(+0.3,+0.0,+0.5) seed=6 fell=0 surv=12.00s lin_err=0.258 dist=0.53
36_ppo-ice-placed-depth-s0 arm=C     cmd=(+0.3,+0.0,+0.5) seed=7 fell=0 surv=12.00s lin_err=0.260 dist=0.53
36_ppo-ice-placed-depth-s0 arm=C     cmd=(+0.3,+0.0,+0.5) seed=8 fell=0 surv=12.00s lin_err=0.260 dist=0.57
36_ppo-ice-placed-depth-s0 arm=C     cmd=(+0.3,+0.0,+0.5) seed=9 fell=0 surv=12.00s lin_err=0.259 dist=0.56
== 2026-09-16_14-41-36_ppo-ice-placed-depth-s0 arm C: n=60 fall=0.000 disp=2.292 m lin_err=0.239 (72.4 s)
json -> /nfs/hpc/share/sanchej7/Humanoid_Lite/bhl-robustness-ladder/results/repo-gpu-20260926/ice-depth-freeze/parts/2026-09-16_14-41-36_ppo-ice-placed-depth-s0.json
