[nominal] cam z=0.300 m  image range [0.058, 1.000]  MR-vs-Isaac pooling max diff 0.039 (16 cells)
[depth] widths=[301] proprio=45 -> depth arms {0: 16} pools {0: 4}
3_ppo-ice-control-depth-s0 arm=A     cmd=(+0.3,+0.0,+0.0) seed=0 fell=0 surv=12.00s lin_err=0.298 dist=3.30
3_ppo-ice-control-depth-s0 arm=A     cmd=(+0.3,+0.0,+0.0) seed=1 fell=0 surv=12.00s lin_err=0.297 dist=3.31
3_ppo-ice-control-depth-s0 arm=A     cmd=(+0.3,+0.0,+0.0) seed=2 fell=0 surv=12.00s lin_err=0.297 dist=3.32
3_ppo-ice-control-depth-s0 arm=A     cmd=(+0.3,+0.0,+0.0) seed=3 fell=0 surv=12.00s lin_err=0.296 dist=3.31
3_ppo-ice-control-depth-s0 arm=A     cmd=(+0.3,+0.0,+0.0) seed=4 fell=0 surv=12.00s lin_err=0.297 dist=3.32
3_ppo-ice-control-depth-s0 arm=A     cmd=(+0.3,+0.0,+0.0) seed=5 fell=0 surv=12.00s lin_err=0.299 dist=3.32
3_ppo-ice-control-depth-s0 arm=A     cmd=(+0.3,+0.0,+0.0) seed=6 fell=0 surv=12.00s lin_err=0.298 dist=3.30
3_ppo-ice-control-depth-s0 arm=A     cmd=(+0.3,+0.0,+0.0) seed=7 fell=0 surv=12.00s lin_err=0.297 dist=3.32
3_ppo-ice-control-depth-s0 arm=A     cmd=(+0.3,+0.0,+0.0) seed=8 fell=0 surv=12.00s lin_err=0.298 dist=3.35
3_ppo-ice-control-depth-s0 arm=A     cmd=(+0.3,+0.0,+0.0) seed=9 fell=0 surv=12.00s lin_err=0.299 dist=3.33
3_ppo-ice-control-depth-s0 arm=A     cmd=(+0.5,+0.0,+0.0) seed=0 fell=0 surv=12.00s lin_err=0.306 dist=5.43
3_ppo-ice-control-depth-s0 arm=A     cmd=(+0.5,+0.0,+0.0) seed=1 fell=0 surv=12.00s lin_err=0.306 dist=5.45
3_ppo-ice-control-depth-s0 arm=A     cmd=(+0.5,+0.0,+0.0) seed=2 fell=0 surv=12.00s lin_err=0.306 dist=5.43
3_ppo-ice-control-depth-s0 arm=A     cmd=(+0.5,+0.0,+0.0) seed=3 fell=0 surv=12.00s lin_err=0.305 dist=5.42
3_ppo-ice-control-depth-s0 arm=A     cmd=(+0.5,+0.0,+0.0) seed=4 fell=0 surv=12.00s lin_err=0.307 dist=5.45
3_ppo-ice-control-depth-s0 arm=A     cmd=(+0.5,+0.0,+0.0) seed=5 fell=0 surv=12.00s lin_err=0.307 dist=5.46
3_ppo-ice-control-depth-s0 arm=A     cmd=(+0.5,+0.0,+0.0) seed=6 fell=0 surv=12.00s lin_err=0.306 dist=5.44
3_ppo-ice-control-depth-s0 arm=A     cmd=(+0.5,+0.0,+0.0) seed=7 fell=0 surv=12.00s lin_err=0.306 dist=5.43
3_ppo-ice-control-depth-s0 arm=A     cmd=(+0.5,+0.0,+0.0) seed=8 fell=0 surv=12.00s lin_err=0.307 dist=5.49
3_ppo-ice-control-depth-s0 arm=A     cmd=(+0.5,+0.0,+0.0) seed=9 fell=0 surv=12.00s lin_err=0.307 dist=5.47
3_ppo-ice-control-depth-s0 arm=A     cmd=(-0.2,+0.0,+0.0) seed=0 fell=0 surv=12.00s lin_err=0.203 dist=2.75
3_ppo-ice-control-depth-s0 arm=A     cmd=(-0.2,+0.0,+0.0) seed=1 fell=0 surv=12.00s lin_err=0.206 dist=2.73
3_ppo-ice-control-depth-s0 arm=A     cmd=(-0.2,+0.0,+0.0) seed=2 fell=0 surv=12.00s lin_err=0.206 dist=2.74
3_ppo-ice-control-depth-s0 arm=A     cmd=(-0.2,+0.0,+0.0) seed=3 fell=0 surv=12.00s lin_err=0.206 dist=2.74
3_ppo-ice-control-depth-s0 arm=A     cmd=(-0.2,+0.0,+0.0) seed=4 fell=0 surv=12.00s lin_err=0.207 dist=2.71
3_ppo-ice-control-depth-s0 arm=A     cmd=(-0.2,+0.0,+0.0) seed=5 fell=0 surv=12.00s lin_err=0.204 dist=2.79
3_ppo-ice-control-depth-s0 arm=A     cmd=(-0.2,+0.0,+0.0) seed=6 fell=0 surv=12.00s lin_err=0.206 dist=2.74
3_ppo-ice-control-depth-s0 arm=A     cmd=(-0.2,+0.0,+0.0) seed=7 fell=0 surv=12.00s lin_err=0.206 dist=2.73
3_ppo-ice-control-depth-s0 arm=A     cmd=(-0.2,+0.0,+0.0) seed=8 fell=0 surv=12.00s lin_err=0.205 dist=2.76
3_ppo-ice-control-depth-s0 arm=A     cmd=(-0.2,+0.0,+0.0) seed=9 fell=0 surv=12.00s lin_err=0.205 dist=2.76
3_ppo-ice-control-depth-s0 arm=A     cmd=(+0.0,+0.2,+0.0) seed=0 fell=0 surv=12.00s lin_err=0.239 dist=1.74
3_ppo-ice-control-depth-s0 arm=A     cmd=(+0.0,+0.2,+0.0) seed=1 fell=0 surv=12.00s lin_err=0.249 dist=1.76
3_ppo-ice-control-depth-s0 arm=A     cmd=(+0.0,+0.2,+0.0) seed=2 fell=0 surv=12.00s lin_err=0.255 dist=1.79
3_ppo-ice-control-depth-s0 arm=A     cmd=(+0.0,+0.2,+0.0) seed=3 fell=0 surv=12.00s lin_err=0.254 dist=1.75
3_ppo-ice-control-depth-s0 arm=A     cmd=(+0.0,+0.2,+0.0) seed=4 fell=0 surv=12.00s lin_err=0.251 dist=1.75
3_ppo-ice-control-depth-s0 arm=A     cmd=(+0.0,+0.2,+0.0) seed=5 fell=0 surv=12.00s lin_err=0.244 dist=1.71
3_ppo-ice-control-depth-s0 arm=A     cmd=(+0.0,+0.2,+0.0) seed=6 fell=0 surv=12.00s lin_err=0.241 dist=1.76
3_ppo-ice-control-depth-s0 arm=A     cmd=(+0.0,+0.2,+0.0) seed=7 fell=0 surv=12.00s lin_err=0.254 dist=1.77
3_ppo-ice-control-depth-s0 arm=A     cmd=(+0.0,+0.2,+0.0) seed=8 fell=0 surv=12.00s lin_err=0.261 dist=1.76
3_ppo-ice-control-depth-s0 arm=A     cmd=(+0.0,+0.2,+0.0) seed=9 fell=0 surv=12.00s lin_err=0.236 dist=1.74
3_ppo-ice-control-depth-s0 arm=A     cmd=(+0.0,+0.0,+0.5) seed=0 fell=0 surv=12.00s lin_err=0.031 dist=0.02
3_ppo-ice-control-depth-s0 arm=A     cmd=(+0.0,+0.0,+0.5) seed=1 fell=0 surv=12.00s lin_err=0.032 dist=0.02
3_ppo-ice-control-depth-s0 arm=A     cmd=(+0.0,+0.0,+0.5) seed=2 fell=0 surv=12.00s lin_err=0.034 dist=0.01
3_ppo-ice-control-depth-s0 arm=A     cmd=(+0.0,+0.0,+0.5) seed=3 fell=0 surv=12.00s lin_err=0.034 dist=0.02
3_ppo-ice-control-depth-s0 arm=A     cmd=(+0.0,+0.0,+0.5) seed=4 fell=0 surv=12.00s lin_err=0.030 dist=0.01
3_ppo-ice-control-depth-s0 arm=A     cmd=(+0.0,+0.0,+0.5) seed=5 fell=0 surv=12.00s lin_err=0.039 dist=0.00
3_ppo-ice-control-depth-s0 arm=A     cmd=(+0.0,+0.0,+0.5) seed=6 fell=0 surv=12.00s lin_err=0.035 dist=0.03
3_ppo-ice-control-depth-s0 arm=A     cmd=(+0.0,+0.0,+0.5) seed=7 fell=0 surv=12.00s lin_err=0.032 dist=0.01
3_ppo-ice-control-depth-s0 arm=A     cmd=(+0.0,+0.0,+0.5) seed=8 fell=0 surv=12.00s lin_err=0.190 dist=0.04
3_ppo-ice-control-depth-s0 arm=A     cmd=(+0.0,+0.0,+0.5) seed=9 fell=0 surv=12.00s lin_err=0.032 dist=0.02
3_ppo-ice-control-depth-s0 arm=A     cmd=(+0.3,+0.0,+0.5) seed=0 fell=0 surv=12.00s lin_err=0.298 dist=0.11
3_ppo-ice-control-depth-s0 arm=A     cmd=(+0.3,+0.0,+0.5) seed=1 fell=0 surv=12.00s lin_err=0.298 dist=0.10
3_ppo-ice-control-depth-s0 arm=A     cmd=(+0.3,+0.0,+0.5) seed=2 fell=0 surv=12.00s lin_err=0.297 dist=0.10
3_ppo-ice-control-depth-s0 arm=A     cmd=(+0.3,+0.0,+0.5) seed=3 fell=0 surv=12.00s lin_err=0.297 dist=0.12
3_ppo-ice-control-depth-s0 arm=A     cmd=(+0.3,+0.0,+0.5) seed=4 fell=0 surv=12.00s lin_err=0.297 dist=0.11
3_ppo-ice-control-depth-s0 arm=A     cmd=(+0.3,+0.0,+0.5) seed=5 fell=0 surv=12.00s lin_err=0.297 dist=0.13
3_ppo-ice-control-depth-s0 arm=A     cmd=(+0.3,+0.0,+0.5) seed=6 fell=0 surv=12.00s lin_err=0.297 dist=0.11
3_ppo-ice-control-depth-s0 arm=A     cmd=(+0.3,+0.0,+0.5) seed=7 fell=0 surv=12.00s lin_err=0.296 dist=0.11
3_ppo-ice-control-depth-s0 arm=A     cmd=(+0.3,+0.0,+0.5) seed=8 fell=0 surv=12.00s lin_err=0.297 dist=0.15
3_ppo-ice-control-depth-s0 arm=A     cmd=(+0.3,+0.0,+0.5) seed=9 fell=0 surv=12.00s lin_err=0.298 dist=0.15
== 2026-09-24_16-48-43_ppo-ice-control-depth-s0 arm A: n=60 fall=0.000 disp=2.233 m lin_err=0.234 (87.9 s)
[depth] widths=[301] proprio=45 -> depth arms {0: 16} pools {0: 4}
3_ppo-ice-control-depth-s0 arm=B     cmd=(+0.3,+0.0,+0.0) seed=0 fell=1 surv= 1.28s lin_err=0.310 dist=0.35
3_ppo-ice-control-depth-s0 arm=B     cmd=(+0.3,+0.0,+0.0) seed=1 fell=1 surv= 1.20s lin_err=0.230 dist=0.31
3_ppo-ice-control-depth-s0 arm=B     cmd=(+0.3,+0.0,+0.0) seed=2 fell=1 surv= 1.20s lin_err=0.342 dist=0.30
3_ppo-ice-control-depth-s0 arm=B     cmd=(+0.3,+0.0,+0.0) seed=3 fell=1 surv= 1.12s lin_err=0.464 dist=0.30
3_ppo-ice-control-depth-s0 arm=B     cmd=(+0.3,+0.0,+0.0) seed=4 fell=1 surv= 1.24s lin_err=0.289 dist=0.32
3_ppo-ice-control-depth-s0 arm=B     cmd=(+0.3,+0.0,+0.0) seed=5 fell=1 surv= 1.24s lin_err=0.378 dist=0.29
3_ppo-ice-control-depth-s0 arm=B     cmd=(+0.3,+0.0,+0.0) seed=6 fell=1 surv= 1.28s lin_err=0.351 dist=0.33
3_ppo-ice-control-depth-s0 arm=B     cmd=(+0.3,+0.0,+0.0) seed=7 fell=1 surv= 1.28s lin_err=0.327 dist=0.35
3_ppo-ice-control-depth-s0 arm=B     cmd=(+0.3,+0.0,+0.0) seed=8 fell=1 surv= 1.28s lin_err=0.296 dist=0.33
3_ppo-ice-control-depth-s0 arm=B     cmd=(+0.3,+0.0,+0.0) seed=9 fell=1 surv= 1.40s lin_err=0.358 dist=0.33
3_ppo-ice-control-depth-s0 arm=B     cmd=(+0.5,+0.0,+0.0) seed=0 fell=1 surv= 1.44s lin_err=0.534 dist=0.49
3_ppo-ice-control-depth-s0 arm=B     cmd=(+0.5,+0.0,+0.0) seed=1 fell=1 surv= 1.36s lin_err=0.438 dist=0.51
3_ppo-ice-control-depth-s0 arm=B     cmd=(+0.5,+0.0,+0.0) seed=2 fell=1 surv= 1.24s lin_err=0.402 dist=0.47
3_ppo-ice-control-depth-s0 arm=B     cmd=(+0.5,+0.0,+0.0) seed=3 fell=1 surv= 1.20s lin_err=0.423 dist=0.46
3_ppo-ice-control-depth-s0 arm=B     cmd=(+0.5,+0.0,+0.0) seed=4 fell=1 surv= 1.44s lin_err=0.547 dist=0.53
3_ppo-ice-control-depth-s0 arm=B     cmd=(+0.5,+0.0,+0.0) seed=5 fell=1 surv= 1.48s lin_err=0.542 dist=0.51
3_ppo-ice-control-depth-s0 arm=B     cmd=(+0.5,+0.0,+0.0) seed=6 fell=1 surv= 1.48s lin_err=0.481 dist=0.54
3_ppo-ice-control-depth-s0 arm=B     cmd=(+0.5,+0.0,+0.0) seed=7 fell=1 surv= 1.24s lin_err=0.395 dist=0.47
3_ppo-ice-control-depth-s0 arm=B     cmd=(+0.5,+0.0,+0.0) seed=8 fell=1 surv= 1.52s lin_err=0.443 dist=0.60
3_ppo-ice-control-depth-s0 arm=B     cmd=(+0.5,+0.0,+0.0) seed=9 fell=1 surv= 1.52s lin_err=0.367 dist=0.54
3_ppo-ice-control-depth-s0 arm=B     cmd=(-0.2,+0.0,+0.0) seed=0 fell=0 surv=12.00s lin_err=0.224 dist=0.31
3_ppo-ice-control-depth-s0 arm=B     cmd=(-0.2,+0.0,+0.0) seed=1 fell=1 surv=10.24s lin_err=0.237 dist=0.12
3_ppo-ice-control-depth-s0 arm=B     cmd=(-0.2,+0.0,+0.0) seed=2 fell=0 surv=12.00s lin_err=0.227 dist=0.19
3_ppo-ice-control-depth-s0 arm=B     cmd=(-0.2,+0.0,+0.0) seed=3 fell=0 surv=12.00s lin_err=0.226 dist=0.24
3_ppo-ice-control-depth-s0 arm=B     cmd=(-0.2,+0.0,+0.0) seed=4 fell=0 surv=12.00s lin_err=0.224 dist=0.17
3_ppo-ice-control-depth-s0 arm=B     cmd=(-0.2,+0.0,+0.0) seed=5 fell=0 surv=12.00s lin_err=0.231 dist=0.28
3_ppo-ice-control-depth-s0 arm=B     cmd=(-0.2,+0.0,+0.0) seed=6 fell=1 surv= 9.24s lin_err=0.253 dist=0.09
3_ppo-ice-control-depth-s0 arm=B     cmd=(-0.2,+0.0,+0.0) seed=7 fell=1 surv= 2.68s lin_err=0.404 dist=0.08
3_ppo-ice-control-depth-s0 arm=B     cmd=(-0.2,+0.0,+0.0) seed=8 fell=0 surv=12.00s lin_err=0.231 dist=0.35
3_ppo-ice-control-depth-s0 arm=B     cmd=(-0.2,+0.0,+0.0) seed=9 fell=0 surv=12.00s lin_err=0.226 dist=0.25
3_ppo-ice-control-depth-s0 arm=B     cmd=(+0.0,+0.2,+0.0) seed=0 fell=0 surv=12.00s lin_err=0.194 dist=0.93
3_ppo-ice-control-depth-s0 arm=B     cmd=(+0.0,+0.2,+0.0) seed=1 fell=0 surv=12.00s lin_err=0.194 dist=0.92
3_ppo-ice-control-depth-s0 arm=B     cmd=(+0.0,+0.2,+0.0) seed=2 fell=0 surv=12.00s lin_err=0.193 dist=0.91
3_ppo-ice-control-depth-s0 arm=B     cmd=(+0.0,+0.2,+0.0) seed=3 fell=0 surv=12.00s lin_err=0.193 dist=0.92
3_ppo-ice-control-depth-s0 arm=B     cmd=(+0.0,+0.2,+0.0) seed=4 fell=0 surv=12.00s lin_err=0.199 dist=0.93
3_ppo-ice-control-depth-s0 arm=B     cmd=(+0.0,+0.2,+0.0) seed=5 fell=0 surv=12.00s lin_err=0.192 dist=0.96
3_ppo-ice-control-depth-s0 arm=B     cmd=(+0.0,+0.2,+0.0) seed=6 fell=0 surv=12.00s lin_err=0.187 dist=0.95
3_ppo-ice-control-depth-s0 arm=B     cmd=(+0.0,+0.2,+0.0) seed=7 fell=0 surv=12.00s lin_err=0.190 dist=0.90
3_ppo-ice-control-depth-s0 arm=B     cmd=(+0.0,+0.2,+0.0) seed=8 fell=0 surv=12.00s lin_err=0.186 dist=0.99
3_ppo-ice-control-depth-s0 arm=B     cmd=(+0.0,+0.2,+0.0) seed=9 fell=0 surv=12.00s lin_err=0.187 dist=0.97
3_ppo-ice-control-depth-s0 arm=B     cmd=(+0.0,+0.0,+0.5) seed=0 fell=0 surv=12.00s lin_err=0.008 dist=0.18
3_ppo-ice-control-depth-s0 arm=B     cmd=(+0.0,+0.0,+0.5) seed=1 fell=1 surv= 3.92s lin_err=0.138 dist=0.10
3_ppo-ice-control-depth-s0 arm=B     cmd=(+0.0,+0.0,+0.5) seed=2 fell=0 surv=12.00s lin_err=0.011 dist=0.17
3_ppo-ice-control-depth-s0 arm=B     cmd=(+0.0,+0.0,+0.5) seed=3 fell=1 surv= 3.92s lin_err=0.225 dist=0.08
3_ppo-ice-control-depth-s0 arm=B     cmd=(+0.0,+0.0,+0.5) seed=4 fell=0 surv=12.00s lin_err=0.009 dist=0.16
3_ppo-ice-control-depth-s0 arm=B     cmd=(+0.0,+0.0,+0.5) seed=5 fell=0 surv=12.00s lin_err=0.008 dist=0.17
3_ppo-ice-control-depth-s0 arm=B     cmd=(+0.0,+0.0,+0.5) seed=6 fell=1 surv= 4.08s lin_err=0.198 dist=0.11
3_ppo-ice-control-depth-s0 arm=B     cmd=(+0.0,+0.0,+0.5) seed=7 fell=0 surv=12.00s lin_err=0.009 dist=0.16
3_ppo-ice-control-depth-s0 arm=B     cmd=(+0.0,+0.0,+0.5) seed=8 fell=0 surv=12.00s lin_err=0.008 dist=0.15
3_ppo-ice-control-depth-s0 arm=B     cmd=(+0.0,+0.0,+0.5) seed=9 fell=0 surv=12.00s lin_err=0.008 dist=0.16
3_ppo-ice-control-depth-s0 arm=B     cmd=(+0.3,+0.0,+0.5) seed=0 fell=1 surv= 1.28s lin_err=0.672 dist=0.27
3_ppo-ice-control-depth-s0 arm=B     cmd=(+0.3,+0.0,+0.5) seed=1 fell=1 surv= 1.20s lin_err=0.412 dist=0.23
3_ppo-ice-control-depth-s0 arm=B     cmd=(+0.3,+0.0,+0.5) seed=2 fell=1 surv= 1.24s lin_err=0.380 dist=0.24
3_ppo-ice-control-depth-s0 arm=B     cmd=(+0.3,+0.0,+0.5) seed=3 fell=1 surv= 1.52s lin_err=0.419 dist=0.26
3_ppo-ice-control-depth-s0 arm=B     cmd=(+0.3,+0.0,+0.5) seed=4 fell=1 surv= 1.28s lin_err=0.379 dist=0.24
3_ppo-ice-control-depth-s0 arm=B     cmd=(+0.3,+0.0,+0.5) seed=5 fell=1 surv= 1.32s lin_err=0.385 dist=0.25
3_ppo-ice-control-depth-s0 arm=B     cmd=(+0.3,+0.0,+0.5) seed=6 fell=1 surv= 1.16s lin_err=0.860 dist=0.26
3_ppo-ice-control-depth-s0 arm=B     cmd=(+0.3,+0.0,+0.5) seed=7 fell=1 surv= 1.24s lin_err=0.586 dist=0.25
3_ppo-ice-control-depth-s0 arm=B     cmd=(+0.3,+0.0,+0.5) seed=8 fell=1 surv= 1.28s lin_err=0.510 dist=0.26
3_ppo-ice-control-depth-s0 arm=B     cmd=(+0.3,+0.0,+0.5) seed=9 fell=1 surv= 1.32s lin_err=0.550 dist=0.28
== 2026-09-24_16-48-43_ppo-ice-control-depth-s0 arm B: n=60 fall=0.600 disp=0.396 m lin_err=0.302 (35.2 s)
[depth] widths=[301] proprio=45 -> depth arms {0: 16} pools {0: 4}
3_ppo-ice-control-depth-s0 arm=Bsettle cmd=(+0.3,+0.0,+0.0) seed=0 fell=1 surv= 1.92s lin_err=0.352 dist=0.52
3_ppo-ice-control-depth-s0 arm=Bsettle cmd=(+0.3,+0.0,+0.0) seed=1 fell=1 surv= 1.92s lin_err=0.369 dist=0.56
3_ppo-ice-control-depth-s0 arm=Bsettle cmd=(+0.3,+0.0,+0.0) seed=2 fell=1 surv= 1.96s lin_err=0.370 dist=0.56
3_ppo-ice-control-depth-s0 arm=Bsettle cmd=(+0.3,+0.0,+0.0) seed=3 fell=1 surv= 2.00s lin_err=0.331 dist=0.50
3_ppo-ice-control-depth-s0 arm=Bsettle cmd=(+0.3,+0.0,+0.0) seed=4 fell=1 surv= 1.96s lin_err=0.354 dist=0.57
3_ppo-ice-control-depth-s0 arm=Bsettle cmd=(+0.3,+0.0,+0.0) seed=5 fell=1 surv= 1.88s lin_err=0.416 dist=0.42
3_ppo-ice-control-depth-s0 arm=Bsettle cmd=(+0.3,+0.0,+0.0) seed=6 fell=1 surv= 1.92s lin_err=0.363 dist=0.57
3_ppo-ice-control-depth-s0 arm=Bsettle cmd=(+0.3,+0.0,+0.0) seed=7 fell=1 surv= 1.96s lin_err=0.371 dist=0.57
3_ppo-ice-control-depth-s0 arm=Bsettle cmd=(+0.3,+0.0,+0.0) seed=8 fell=1 surv= 1.88s lin_err=0.429 dist=0.43
3_ppo-ice-control-depth-s0 arm=Bsettle cmd=(+0.3,+0.0,+0.0) seed=9 fell=1 surv= 1.92s lin_err=0.407 dist=0.37
3_ppo-ice-control-depth-s0 arm=Bsettle cmd=(+0.5,+0.0,+0.0) seed=0 fell=1 surv= 1.76s lin_err=0.529 dist=0.52
3_ppo-ice-control-depth-s0 arm=Bsettle cmd=(+0.5,+0.0,+0.0) seed=1 fell=1 surv= 1.92s lin_err=0.527 dist=0.69
3_ppo-ice-control-depth-s0 arm=Bsettle cmd=(+0.5,+0.0,+0.0) seed=2 fell=1 surv= 1.96s lin_err=0.504 dist=0.73
3_ppo-ice-control-depth-s0 arm=Bsettle cmd=(+0.5,+0.0,+0.0) seed=3 fell=1 surv= 1.88s lin_err=0.369 dist=0.73
3_ppo-ice-control-depth-s0 arm=Bsettle cmd=(+0.5,+0.0,+0.0) seed=4 fell=1 surv= 1.84s lin_err=0.553 dist=0.62
3_ppo-ice-control-depth-s0 arm=Bsettle cmd=(+0.5,+0.0,+0.0) seed=5 fell=1 surv= 1.68s lin_err=0.555 dist=0.51
3_ppo-ice-control-depth-s0 arm=Bsettle cmd=(+0.5,+0.0,+0.0) seed=6 fell=1 surv= 1.72s lin_err=0.552 dist=0.51
3_ppo-ice-control-depth-s0 arm=Bsettle cmd=(+0.5,+0.0,+0.0) seed=7 fell=1 surv= 1.88s lin_err=0.403 dist=0.73
3_ppo-ice-control-depth-s0 arm=Bsettle cmd=(+0.5,+0.0,+0.0) seed=8 fell=1 surv= 1.68s lin_err=0.557 dist=0.53
3_ppo-ice-control-depth-s0 arm=Bsettle cmd=(+0.5,+0.0,+0.0) seed=9 fell=1 surv= 1.68s lin_err=0.556 dist=0.52
3_ppo-ice-control-depth-s0 arm=Bsettle cmd=(-0.2,+0.0,+0.0) seed=0 fell=1 surv= 2.64s lin_err=0.246 dist=0.43
3_ppo-ice-control-depth-s0 arm=Bsettle cmd=(-0.2,+0.0,+0.0) seed=1 fell=1 surv= 3.20s lin_err=0.228 dist=0.57
3_ppo-ice-control-depth-s0 arm=Bsettle cmd=(-0.2,+0.0,+0.0) seed=2 fell=0 surv=12.00s lin_err=0.218 dist=1.60
3_ppo-ice-control-depth-s0 arm=Bsettle cmd=(-0.2,+0.0,+0.0) seed=3 fell=0 surv=12.00s lin_err=0.221 dist=2.31
3_ppo-ice-control-depth-s0 arm=Bsettle cmd=(-0.2,+0.0,+0.0) seed=4 fell=1 surv= 2.24s lin_err=0.278 dist=0.45
3_ppo-ice-control-depth-s0 arm=Bsettle cmd=(-0.2,+0.0,+0.0) seed=5 fell=1 surv= 3.64s lin_err=0.262 dist=0.60
3_ppo-ice-control-depth-s0 arm=Bsettle cmd=(-0.2,+0.0,+0.0) seed=6 fell=1 surv= 2.60s lin_err=0.231 dist=0.43
3_ppo-ice-control-depth-s0 arm=Bsettle cmd=(-0.2,+0.0,+0.0) seed=7 fell=1 surv= 3.36s lin_err=0.251 dist=0.43
3_ppo-ice-control-depth-s0 arm=Bsettle cmd=(-0.2,+0.0,+0.0) seed=8 fell=1 surv= 3.52s lin_err=0.366 dist=0.26
3_ppo-ice-control-depth-s0 arm=Bsettle cmd=(-0.2,+0.0,+0.0) seed=9 fell=1 surv= 2.44s lin_err=0.231 dist=0.41
3_ppo-ice-control-depth-s0 arm=Bsettle cmd=(+0.0,+0.2,+0.0) seed=0 fell=1 surv= 3.72s lin_err=0.364 dist=0.36
3_ppo-ice-control-depth-s0 arm=Bsettle cmd=(+0.0,+0.2,+0.0) seed=1 fell=0 surv=12.00s lin_err=0.248 dist=1.15
3_ppo-ice-control-depth-s0 arm=Bsettle cmd=(+0.0,+0.2,+0.0) seed=2 fell=0 surv=12.00s lin_err=0.275 dist=1.84
3_ppo-ice-control-depth-s0 arm=Bsettle cmd=(+0.0,+0.2,+0.0) seed=3 fell=1 surv= 9.40s lin_err=0.342 dist=1.27
3_ppo-ice-control-depth-s0 arm=Bsettle cmd=(+0.0,+0.2,+0.0) seed=4 fell=1 surv= 3.76s lin_err=0.305 dist=0.23
3_ppo-ice-control-depth-s0 arm=Bsettle cmd=(+0.0,+0.2,+0.0) seed=5 fell=1 surv= 2.64s lin_err=0.297 dist=0.15
3_ppo-ice-control-depth-s0 arm=Bsettle cmd=(+0.0,+0.2,+0.0) seed=6 fell=1 surv= 2.68s lin_err=0.455 dist=0.21
3_ppo-ice-control-depth-s0 arm=Bsettle cmd=(+0.0,+0.2,+0.0) seed=7 fell=1 surv= 4.44s lin_err=0.489 dist=0.51
3_ppo-ice-control-depth-s0 arm=Bsettle cmd=(+0.0,+0.2,+0.0) seed=8 fell=1 surv= 3.24s lin_err=0.323 dist=0.15
3_ppo-ice-control-depth-s0 arm=Bsettle cmd=(+0.0,+0.2,+0.0) seed=9 fell=1 surv= 2.64s lin_err=0.501 dist=0.33
3_ppo-ice-control-depth-s0 arm=Bsettle cmd=(+0.0,+0.0,+0.5) seed=0 fell=1 surv= 3.84s lin_err=0.209 dist=0.18
3_ppo-ice-control-depth-s0 arm=Bsettle cmd=(+0.0,+0.0,+0.5) seed=1 fell=1 surv= 3.56s lin_err=0.270 dist=0.14
3_ppo-ice-control-depth-s0 arm=Bsettle cmd=(+0.0,+0.0,+0.5) seed=2 fell=1 surv= 4.28s lin_err=0.278 dist=0.08
3_ppo-ice-control-depth-s0 arm=Bsettle cmd=(+0.0,+0.0,+0.5) seed=3 fell=1 surv= 5.52s lin_err=0.302 dist=0.46
3_ppo-ice-control-depth-s0 arm=Bsettle cmd=(+0.0,+0.0,+0.5) seed=4 fell=0 surv=12.00s lin_err=0.018 dist=0.03
3_ppo-ice-control-depth-s0 arm=Bsettle cmd=(+0.0,+0.0,+0.5) seed=5 fell=1 surv= 3.92s lin_err=0.291 dist=0.21
3_ppo-ice-control-depth-s0 arm=Bsettle cmd=(+0.0,+0.0,+0.5) seed=6 fell=1 surv= 3.04s lin_err=0.300 dist=0.14
3_ppo-ice-control-depth-s0 arm=Bsettle cmd=(+0.0,+0.0,+0.5) seed=7 fell=1 surv= 4.64s lin_err=0.333 dist=0.13
3_ppo-ice-control-depth-s0 arm=Bsettle cmd=(+0.0,+0.0,+0.5) seed=8 fell=1 surv= 5.80s lin_err=0.233 dist=0.26
3_ppo-ice-control-depth-s0 arm=Bsettle cmd=(+0.0,+0.0,+0.5) seed=9 fell=1 surv= 4.08s lin_err=0.232 dist=0.25
3_ppo-ice-control-depth-s0 arm=Bsettle cmd=(+0.3,+0.0,+0.5) seed=0 fell=1 surv= 1.92s lin_err=0.330 dist=0.48
3_ppo-ice-control-depth-s0 arm=Bsettle cmd=(+0.3,+0.0,+0.5) seed=1 fell=1 surv= 2.04s lin_err=0.385 dist=0.46
3_ppo-ice-control-depth-s0 arm=Bsettle cmd=(+0.3,+0.0,+0.5) seed=2 fell=1 surv= 2.04s lin_err=0.378 dist=0.46
3_ppo-ice-control-depth-s0 arm=Bsettle cmd=(+0.3,+0.0,+0.5) seed=3 fell=1 surv= 2.16s lin_err=0.377 dist=0.43
3_ppo-ice-control-depth-s0 arm=Bsettle cmd=(+0.3,+0.0,+0.5) seed=4 fell=1 surv= 2.00s lin_err=0.380 dist=0.48
3_ppo-ice-control-depth-s0 arm=Bsettle cmd=(+0.3,+0.0,+0.5) seed=5 fell=1 surv= 1.84s lin_err=0.420 dist=0.44
3_ppo-ice-control-depth-s0 arm=Bsettle cmd=(+0.3,+0.0,+0.5) seed=6 fell=1 surv= 2.08s lin_err=0.369 dist=0.47
3_ppo-ice-control-depth-s0 arm=Bsettle cmd=(+0.3,+0.0,+0.5) seed=7 fell=1 surv= 1.96s lin_err=0.347 dist=0.48
3_ppo-ice-control-depth-s0 arm=Bsettle cmd=(+0.3,+0.0,+0.5) seed=8 fell=1 surv= 1.88s lin_err=0.416 dist=0.41
3_ppo-ice-control-depth-s0 arm=Bsettle cmd=(+0.3,+0.0,+0.5) seed=9 fell=1 surv= 1.88s lin_err=0.427 dist=0.41
== 2026-09-24_16-48-43_ppo-ice-control-depth-s0 arm Bsettle: n=60 fall=0.917 disp=0.522 m lin_err=0.355 (21.7 s)
3_ppo-ice-control-depth-s0 arm=C     cmd=(+0.3,+0.0,+0.0) seed=0 fell=0 surv=12.00s lin_err=0.300 dist=3.31
3_ppo-ice-control-depth-s0 arm=C     cmd=(+0.3,+0.0,+0.0) seed=1 fell=0 surv=12.00s lin_err=0.300 dist=3.31
3_ppo-ice-control-depth-s0 arm=C     cmd=(+0.3,+0.0,+0.0) seed=2 fell=0 surv=12.00s lin_err=0.299 dist=3.32
3_ppo-ice-control-depth-s0 arm=C     cmd=(+0.3,+0.0,+0.0) seed=3 fell=0 surv=12.00s lin_err=0.298 dist=3.32
3_ppo-ice-control-depth-s0 arm=C     cmd=(+0.3,+0.0,+0.0) seed=4 fell=0 surv=12.00s lin_err=0.299 dist=3.32
3_ppo-ice-control-depth-s0 arm=C     cmd=(+0.3,+0.0,+0.0) seed=5 fell=0 surv=12.00s lin_err=0.299 dist=3.33
3_ppo-ice-control-depth-s0 arm=C     cmd=(+0.3,+0.0,+0.0) seed=6 fell=0 surv=12.00s lin_err=0.299 dist=3.31
3_ppo-ice-control-depth-s0 arm=C     cmd=(+0.3,+0.0,+0.0) seed=7 fell=0 surv=12.00s lin_err=0.299 dist=3.32
3_ppo-ice-control-depth-s0 arm=C     cmd=(+0.3,+0.0,+0.0) seed=8 fell=0 surv=12.00s lin_err=0.300 dist=3.35
3_ppo-ice-control-depth-s0 arm=C     cmd=(+0.3,+0.0,+0.0) seed=9 fell=0 surv=12.00s lin_err=0.300 dist=3.35
3_ppo-ice-control-depth-s0 arm=C     cmd=(+0.5,+0.0,+0.0) seed=0 fell=0 surv=12.00s lin_err=0.306 dist=5.42
3_ppo-ice-control-depth-s0 arm=C     cmd=(+0.5,+0.0,+0.0) seed=1 fell=0 surv=12.00s lin_err=0.306 dist=5.44
3_ppo-ice-control-depth-s0 arm=C     cmd=(+0.5,+0.0,+0.0) seed=2 fell=0 surv=12.00s lin_err=0.303 dist=5.45
3_ppo-ice-control-depth-s0 arm=C     cmd=(+0.5,+0.0,+0.0) seed=3 fell=0 surv=12.00s lin_err=0.305 dist=5.43
3_ppo-ice-control-depth-s0 arm=C     cmd=(+0.5,+0.0,+0.0) seed=4 fell=0 surv=12.00s lin_err=0.304 dist=5.45
3_ppo-ice-control-depth-s0 arm=C     cmd=(+0.5,+0.0,+0.0) seed=5 fell=0 surv=12.00s lin_err=0.305 dist=5.44
3_ppo-ice-control-depth-s0 arm=C     cmd=(+0.5,+0.0,+0.0) seed=6 fell=0 surv=12.00s lin_err=0.306 dist=5.42
3_ppo-ice-control-depth-s0 arm=C     cmd=(+0.5,+0.0,+0.0) seed=7 fell=0 surv=12.00s lin_err=0.305 dist=5.43
3_ppo-ice-control-depth-s0 arm=C     cmd=(+0.5,+0.0,+0.0) seed=8 fell=0 surv=12.00s lin_err=0.305 dist=5.46
3_ppo-ice-control-depth-s0 arm=C     cmd=(+0.5,+0.0,+0.0) seed=9 fell=0 surv=12.00s lin_err=0.305 dist=5.45
3_ppo-ice-control-depth-s0 arm=C     cmd=(-0.2,+0.0,+0.0) seed=0 fell=0 surv=12.00s lin_err=0.207 dist=2.73
3_ppo-ice-control-depth-s0 arm=C     cmd=(-0.2,+0.0,+0.0) seed=1 fell=0 surv=12.00s lin_err=0.205 dist=2.69
3_ppo-ice-control-depth-s0 arm=C     cmd=(-0.2,+0.0,+0.0) seed=2 fell=0 surv=12.00s lin_err=0.205 dist=2.71
3_ppo-ice-control-depth-s0 arm=C     cmd=(-0.2,+0.0,+0.0) seed=3 fell=0 surv=12.00s lin_err=0.205 dist=2.71
3_ppo-ice-control-depth-s0 arm=C     cmd=(-0.2,+0.0,+0.0) seed=4 fell=0 surv=12.00s lin_err=0.205 dist=2.69
3_ppo-ice-control-depth-s0 arm=C     cmd=(-0.2,+0.0,+0.0) seed=5 fell=0 surv=12.00s lin_err=0.206 dist=2.74
3_ppo-ice-control-depth-s0 arm=C     cmd=(-0.2,+0.0,+0.0) seed=6 fell=0 surv=12.00s lin_err=0.205 dist=2.72
3_ppo-ice-control-depth-s0 arm=C     cmd=(-0.2,+0.0,+0.0) seed=7 fell=0 surv=12.00s lin_err=0.205 dist=2.71
3_ppo-ice-control-depth-s0 arm=C     cmd=(-0.2,+0.0,+0.0) seed=8 fell=0 surv=12.00s lin_err=0.207 dist=2.70
3_ppo-ice-control-depth-s0 arm=C     cmd=(-0.2,+0.0,+0.0) seed=9 fell=0 surv=12.00s lin_err=0.206 dist=2.75
3_ppo-ice-control-depth-s0 arm=C     cmd=(+0.0,+0.2,+0.0) seed=0 fell=0 surv=12.00s lin_err=0.230 dist=1.73
3_ppo-ice-control-depth-s0 arm=C     cmd=(+0.0,+0.2,+0.0) seed=1 fell=0 surv=12.00s lin_err=0.250 dist=1.78
3_ppo-ice-control-depth-s0 arm=C     cmd=(+0.0,+0.2,+0.0) seed=2 fell=0 surv=12.00s lin_err=0.263 dist=1.84
3_ppo-ice-control-depth-s0 arm=C     cmd=(+0.0,+0.2,+0.0) seed=3 fell=0 surv=12.00s lin_err=0.253 dist=1.81
3_ppo-ice-control-depth-s0 arm=C     cmd=(+0.0,+0.2,+0.0) seed=4 fell=0 surv=12.00s lin_err=0.240 dist=1.70
3_ppo-ice-control-depth-s0 arm=C     cmd=(+0.0,+0.2,+0.0) seed=5 fell=0 surv=12.00s lin_err=0.243 dist=1.79
3_ppo-ice-control-depth-s0 arm=C     cmd=(+0.0,+0.2,+0.0) seed=6 fell=0 surv=12.00s lin_err=0.251 dist=1.70
3_ppo-ice-control-depth-s0 arm=C     cmd=(+0.0,+0.2,+0.0) seed=7 fell=0 surv=12.00s lin_err=0.244 dist=1.71
3_ppo-ice-control-depth-s0 arm=C     cmd=(+0.0,+0.2,+0.0) seed=8 fell=0 surv=12.00s lin_err=0.230 dist=1.68
3_ppo-ice-control-depth-s0 arm=C     cmd=(+0.0,+0.2,+0.0) seed=9 fell=0 surv=12.00s lin_err=0.236 dist=1.70
3_ppo-ice-control-depth-s0 arm=C     cmd=(+0.0,+0.0,+0.5) seed=0 fell=0 surv=12.00s lin_err=0.033 dist=0.02
3_ppo-ice-control-depth-s0 arm=C     cmd=(+0.0,+0.0,+0.5) seed=1 fell=0 surv=12.00s lin_err=0.034 dist=0.02
3_ppo-ice-control-depth-s0 arm=C     cmd=(+0.0,+0.0,+0.5) seed=2 fell=0 surv=12.00s lin_err=0.035 dist=0.01
3_ppo-ice-control-depth-s0 arm=C     cmd=(+0.0,+0.0,+0.5) seed=3 fell=0 surv=12.00s lin_err=0.035 dist=0.02
3_ppo-ice-control-depth-s0 arm=C     cmd=(+0.0,+0.0,+0.5) seed=4 fell=0 surv=12.00s lin_err=0.031 dist=0.01
3_ppo-ice-control-depth-s0 arm=C     cmd=(+0.0,+0.0,+0.5) seed=5 fell=0 surv=12.00s lin_err=0.071 dist=0.02
3_ppo-ice-control-depth-s0 arm=C     cmd=(+0.0,+0.0,+0.5) seed=6 fell=0 surv=12.00s lin_err=0.037 dist=0.03
3_ppo-ice-control-depth-s0 arm=C     cmd=(+0.0,+0.0,+0.5) seed=7 fell=0 surv=12.00s lin_err=0.034 dist=0.01
3_ppo-ice-control-depth-s0 arm=C     cmd=(+0.0,+0.0,+0.5) seed=8 fell=0 surv=12.00s lin_err=0.191 dist=0.02
3_ppo-ice-control-depth-s0 arm=C     cmd=(+0.0,+0.0,+0.5) seed=9 fell=0 surv=12.00s lin_err=0.034 dist=0.02
3_ppo-ice-control-depth-s0 arm=C     cmd=(+0.3,+0.0,+0.5) seed=0 fell=0 surv=12.00s lin_err=0.294 dist=0.10
3_ppo-ice-control-depth-s0 arm=C     cmd=(+0.3,+0.0,+0.5) seed=1 fell=0 surv=12.00s lin_err=0.296 dist=0.12
3_ppo-ice-control-depth-s0 arm=C     cmd=(+0.3,+0.0,+0.5) seed=2 fell=0 surv=12.00s lin_err=0.296 dist=0.13
3_ppo-ice-control-depth-s0 arm=C     cmd=(+0.3,+0.0,+0.5) seed=3 fell=0 surv=12.00s lin_err=0.294 dist=0.13
3_ppo-ice-control-depth-s0 arm=C     cmd=(+0.3,+0.0,+0.5) seed=4 fell=0 surv=12.00s lin_err=0.294 dist=0.12
3_ppo-ice-control-depth-s0 arm=C     cmd=(+0.3,+0.0,+0.5) seed=5 fell=0 surv=12.00s lin_err=0.295 dist=0.13
3_ppo-ice-control-depth-s0 arm=C     cmd=(+0.3,+0.0,+0.5) seed=6 fell=0 surv=12.00s lin_err=0.296 dist=0.11
3_ppo-ice-control-depth-s0 arm=C     cmd=(+0.3,+0.0,+0.5) seed=7 fell=0 surv=12.00s lin_err=0.294 dist=0.12
3_ppo-ice-control-depth-s0 arm=C     cmd=(+0.3,+0.0,+0.5) seed=8 fell=0 surv=12.00s lin_err=0.295 dist=0.15
3_ppo-ice-control-depth-s0 arm=C     cmd=(+0.3,+0.0,+0.5) seed=9 fell=0 surv=12.00s lin_err=0.296 dist=0.15
== 2026-09-24_16-48-43_ppo-ice-control-depth-s0 arm C: n=60 fall=0.000 disp=2.228 m lin_err=0.234 (73.8 s)
json -> /nfs/hpc/share/sanchej7/Humanoid_Lite/bhl-robustness-ladder/results/repo-gpu-20260926/ice-depth-freeze/parts/2026-09-24_16-48-43_ppo-ice-control-depth-s0.json
