[nominal] cam z=0.300 m  image range [0.058, 1.000]  MR-vs-Isaac pooling max diff 0.039 (16 cells)
05_ppo-ice-placed-blind-s1 arm=blind cmd=(+0.3,+0.0,+0.0) seed=0 fell=0 surv=12.00s lin_err=0.272 dist=3.61
05_ppo-ice-placed-blind-s1 arm=blind cmd=(+0.3,+0.0,+0.0) seed=1 fell=0 surv=12.00s lin_err=0.272 dist=3.64
05_ppo-ice-placed-blind-s1 arm=blind cmd=(+0.3,+0.0,+0.0) seed=2 fell=0 surv=12.00s lin_err=0.272 dist=3.65
05_ppo-ice-placed-blind-s1 arm=blind cmd=(+0.3,+0.0,+0.0) seed=3 fell=0 surv=12.00s lin_err=0.274 dist=3.62
05_ppo-ice-placed-blind-s1 arm=blind cmd=(+0.3,+0.0,+0.0) seed=4 fell=0 surv=12.00s lin_err=0.273 dist=3.66
05_ppo-ice-placed-blind-s1 arm=blind cmd=(+0.3,+0.0,+0.0) seed=5 fell=0 surv=12.00s lin_err=0.273 dist=3.64
05_ppo-ice-placed-blind-s1 arm=blind cmd=(+0.3,+0.0,+0.0) seed=6 fell=0 surv=12.00s lin_err=0.272 dist=3.62
05_ppo-ice-placed-blind-s1 arm=blind cmd=(+0.3,+0.0,+0.0) seed=7 fell=0 surv=12.00s lin_err=0.272 dist=3.65
05_ppo-ice-placed-blind-s1 arm=blind cmd=(+0.3,+0.0,+0.0) seed=8 fell=0 surv=12.00s lin_err=0.273 dist=3.65
05_ppo-ice-placed-blind-s1 arm=blind cmd=(+0.3,+0.0,+0.0) seed=9 fell=0 surv=12.00s lin_err=0.272 dist=3.65
05_ppo-ice-placed-blind-s1 arm=blind cmd=(+0.5,+0.0,+0.0) seed=0 fell=0 surv=12.00s lin_err=0.288 dist=5.65
05_ppo-ice-placed-blind-s1 arm=blind cmd=(+0.5,+0.0,+0.0) seed=1 fell=0 surv=12.00s lin_err=0.287 dist=5.71
05_ppo-ice-placed-blind-s1 arm=blind cmd=(+0.5,+0.0,+0.0) seed=2 fell=0 surv=12.00s lin_err=0.288 dist=5.70
05_ppo-ice-placed-blind-s1 arm=blind cmd=(+0.5,+0.0,+0.0) seed=3 fell=0 surv=12.00s lin_err=0.288 dist=5.75
05_ppo-ice-placed-blind-s1 arm=blind cmd=(+0.5,+0.0,+0.0) seed=4 fell=0 surv=12.00s lin_err=0.288 dist=5.74
05_ppo-ice-placed-blind-s1 arm=blind cmd=(+0.5,+0.0,+0.0) seed=5 fell=0 surv=12.00s lin_err=0.288 dist=5.71
05_ppo-ice-placed-blind-s1 arm=blind cmd=(+0.5,+0.0,+0.0) seed=6 fell=0 surv=12.00s lin_err=0.287 dist=5.69
05_ppo-ice-placed-blind-s1 arm=blind cmd=(+0.5,+0.0,+0.0) seed=7 fell=0 surv=12.00s lin_err=0.288 dist=5.72
05_ppo-ice-placed-blind-s1 arm=blind cmd=(+0.5,+0.0,+0.0) seed=8 fell=0 surv=12.00s lin_err=0.288 dist=5.73
05_ppo-ice-placed-blind-s1 arm=blind cmd=(+0.5,+0.0,+0.0) seed=9 fell=0 surv=12.00s lin_err=0.288 dist=5.74
05_ppo-ice-placed-blind-s1 arm=blind cmd=(-0.2,+0.0,+0.0) seed=0 fell=0 surv=12.00s lin_err=0.240 dist=2.63
05_ppo-ice-placed-blind-s1 arm=blind cmd=(-0.2,+0.0,+0.0) seed=1 fell=0 surv=12.00s lin_err=0.241 dist=2.62
05_ppo-ice-placed-blind-s1 arm=blind cmd=(-0.2,+0.0,+0.0) seed=2 fell=0 surv=12.00s lin_err=0.240 dist=2.62
05_ppo-ice-placed-blind-s1 arm=blind cmd=(-0.2,+0.0,+0.0) seed=3 fell=0 surv=12.00s lin_err=0.240 dist=2.60
05_ppo-ice-placed-blind-s1 arm=blind cmd=(-0.2,+0.0,+0.0) seed=4 fell=0 surv=12.00s lin_err=0.239 dist=2.57
05_ppo-ice-placed-blind-s1 arm=blind cmd=(-0.2,+0.0,+0.0) seed=5 fell=0 surv=12.00s lin_err=0.240 dist=2.61
05_ppo-ice-placed-blind-s1 arm=blind cmd=(-0.2,+0.0,+0.0) seed=6 fell=0 surv=12.00s lin_err=0.240 dist=2.62
05_ppo-ice-placed-blind-s1 arm=blind cmd=(-0.2,+0.0,+0.0) seed=7 fell=0 surv=12.00s lin_err=0.240 dist=2.59
05_ppo-ice-placed-blind-s1 arm=blind cmd=(-0.2,+0.0,+0.0) seed=8 fell=0 surv=12.00s lin_err=0.240 dist=2.58
05_ppo-ice-placed-blind-s1 arm=blind cmd=(-0.2,+0.0,+0.0) seed=9 fell=0 surv=12.00s lin_err=0.240 dist=2.60
05_ppo-ice-placed-blind-s1 arm=blind cmd=(+0.0,+0.2,+0.0) seed=0 fell=0 surv=12.00s lin_err=0.298 dist=1.97
05_ppo-ice-placed-blind-s1 arm=blind cmd=(+0.0,+0.2,+0.0) seed=1 fell=0 surv=12.00s lin_err=0.300 dist=1.88
05_ppo-ice-placed-blind-s1 arm=blind cmd=(+0.0,+0.2,+0.0) seed=2 fell=0 surv=12.00s lin_err=0.296 dist=1.91
05_ppo-ice-placed-blind-s1 arm=blind cmd=(+0.0,+0.2,+0.0) seed=3 fell=0 surv=12.00s lin_err=0.291 dist=1.89
05_ppo-ice-placed-blind-s1 arm=blind cmd=(+0.0,+0.2,+0.0) seed=4 fell=0 surv=12.00s lin_err=0.296 dist=1.94
05_ppo-ice-placed-blind-s1 arm=blind cmd=(+0.0,+0.2,+0.0) seed=5 fell=0 surv=12.00s lin_err=0.291 dist=1.94
05_ppo-ice-placed-blind-s1 arm=blind cmd=(+0.0,+0.2,+0.0) seed=6 fell=0 surv=12.00s lin_err=0.295 dist=1.94
05_ppo-ice-placed-blind-s1 arm=blind cmd=(+0.0,+0.2,+0.0) seed=7 fell=0 surv=12.00s lin_err=0.293 dist=1.90
05_ppo-ice-placed-blind-s1 arm=blind cmd=(+0.0,+0.2,+0.0) seed=8 fell=0 surv=12.00s lin_err=0.290 dist=1.95
05_ppo-ice-placed-blind-s1 arm=blind cmd=(+0.0,+0.2,+0.0) seed=9 fell=0 surv=12.00s lin_err=0.301 dist=1.90
05_ppo-ice-placed-blind-s1 arm=blind cmd=(+0.0,+0.0,+0.5) seed=0 fell=0 surv=12.00s lin_err=0.082 dist=0.04
05_ppo-ice-placed-blind-s1 arm=blind cmd=(+0.0,+0.0,+0.5) seed=1 fell=0 surv=12.00s lin_err=0.066 dist=0.03
05_ppo-ice-placed-blind-s1 arm=blind cmd=(+0.0,+0.0,+0.5) seed=2 fell=0 surv=12.00s lin_err=0.090 dist=0.03
05_ppo-ice-placed-blind-s1 arm=blind cmd=(+0.0,+0.0,+0.5) seed=3 fell=0 surv=12.00s lin_err=0.055 dist=0.02
05_ppo-ice-placed-blind-s1 arm=blind cmd=(+0.0,+0.0,+0.5) seed=4 fell=0 surv=12.00s lin_err=0.032 dist=0.04
05_ppo-ice-placed-blind-s1 arm=blind cmd=(+0.0,+0.0,+0.5) seed=5 fell=0 surv=12.00s lin_err=0.093 dist=0.03
05_ppo-ice-placed-blind-s1 arm=blind cmd=(+0.0,+0.0,+0.5) seed=6 fell=0 surv=12.00s lin_err=0.094 dist=0.05
05_ppo-ice-placed-blind-s1 arm=blind cmd=(+0.0,+0.0,+0.5) seed=7 fell=0 surv=12.00s lin_err=0.087 dist=0.04
05_ppo-ice-placed-blind-s1 arm=blind cmd=(+0.0,+0.0,+0.5) seed=8 fell=0 surv=12.00s lin_err=0.121 dist=0.03
05_ppo-ice-placed-blind-s1 arm=blind cmd=(+0.0,+0.0,+0.5) seed=9 fell=0 surv=12.00s lin_err=0.093 dist=0.04
05_ppo-ice-placed-blind-s1 arm=blind cmd=(+0.3,+0.0,+0.5) seed=0 fell=0 surv=12.00s lin_err=0.283 dist=0.41
05_ppo-ice-placed-blind-s1 arm=blind cmd=(+0.3,+0.0,+0.5) seed=1 fell=0 surv=12.00s lin_err=0.284 dist=0.42
05_ppo-ice-placed-blind-s1 arm=blind cmd=(+0.3,+0.0,+0.5) seed=2 fell=0 surv=12.00s lin_err=0.284 dist=0.41
05_ppo-ice-placed-blind-s1 arm=blind cmd=(+0.3,+0.0,+0.5) seed=3 fell=0 surv=12.00s lin_err=0.284 dist=0.40
05_ppo-ice-placed-blind-s1 arm=blind cmd=(+0.3,+0.0,+0.5) seed=4 fell=0 surv=12.00s lin_err=0.284 dist=0.39
05_ppo-ice-placed-blind-s1 arm=blind cmd=(+0.3,+0.0,+0.5) seed=5 fell=0 surv=12.00s lin_err=0.283 dist=0.42
05_ppo-ice-placed-blind-s1 arm=blind cmd=(+0.3,+0.0,+0.5) seed=6 fell=0 surv=12.00s lin_err=0.284 dist=0.45
05_ppo-ice-placed-blind-s1 arm=blind cmd=(+0.3,+0.0,+0.5) seed=7 fell=0 surv=12.00s lin_err=0.284 dist=0.44
05_ppo-ice-placed-blind-s1 arm=blind cmd=(+0.3,+0.0,+0.5) seed=8 fell=0 surv=12.00s lin_err=0.284 dist=0.43
05_ppo-ice-placed-blind-s1 arm=blind cmd=(+0.3,+0.0,+0.5) seed=9 fell=0 surv=12.00s lin_err=0.284 dist=0.43
== 2026-09-16_07-49-05_ppo-ice-placed-blind-s1 arm blind: n=60 fall=0.000 disp=2.389 m lin_err=0.243 (72.0 s)
json -> /nfs/hpc/share/sanchej7/Humanoid_Lite/bhl-robustness-ladder/results/repo-gpu-20260926/ice-depth-freeze/parts/2026-09-16_07-49-05_ppo-ice-placed-blind-s1.json
