Loading user config located at: '/nfs/hpc/share/sanchej7/Humanoid_Lite/venv/lib/python3.11/site-packages/isaacsim/kit/data/Kit/Isaac-Sim/5.1/user.config.json'
[Info] [carb] Logging to file: /nfs/hpc/share/sanchej7/Humanoid_Lite/venv/lib/python3.11/site-packages/isaacsim/kit/logs/Kit/Isaac-Sim/5.1/kit_20260923_231123.log
2026-09-24T06:11:23Z [4ms] [Warning] [carb.crashreporter-breakpad.plugin] [previous crash] preventing upload of minidump due to user opt-out: '/nfs/hpc/share/sanchej7/Humanoid_Lite/venv/lib/python3.11/site-packages/isaacsim/kit/data/Kit/Isaac-Sim/5.1/63613e7b-8759-4371-bf5346a7-b13b68d1.dmp'
2026-09-24T06:11:23Z [6ms] [Warning] [carb.crashreporter-breakpad.plugin] [previous crash] preventing upload of minidump due to user opt-out: '/nfs/hpc/share/sanchej7/Humanoid_Lite/venv/lib/python3.11/site-packages/isaacsim/kit/data/Kit/Isaac-Sim/5.1/d978d7b9-20c7-40fe-688afcbc-45f2ecc9.dmp'
2026-09-24T06:11:23Z [7ms] [Warning] [carb.crashreporter-breakpad.plugin] [previous crash] preventing upload of minidump due to user opt-out: '/nfs/hpc/share/sanchej7/Humanoid_Lite/venv/lib/python3.11/site-packages/isaacsim/kit/data/Kit/Isaac-Sim/5.1/44ceda51-020d-418f-ad61b8ae-9f1889a1.dmp'
2026-09-24T06:11:23Z [9ms] [Warning] [carb.crashreporter-breakpad.plugin] [previous crash] preventing upload of minidump due to user opt-out: '/nfs/hpc/share/sanchej7/Humanoid_Lite/venv/lib/python3.11/site-packages/isaacsim/kit/data/Kit/Isaac-Sim/5.1/16b0e915-468a-41e6-967782b5-166e54a1.dmp'
2026-09-24T06:11:23Z [9ms] [Warning] [carb.crashreporter-breakpad.plugin] [previous crash] preventing upload of minidump due to user opt-out: '/nfs/hpc/share/sanchej7/Humanoid_Lite/venv/lib/python3.11/site-packages/isaacsim/kit/data/Kit/Isaac-Sim/5.1/803da406-5dc1-4faa-7ccdbd93-2d63002f.dmp'
2026-09-24T06:11:23Z [11ms] [Warning] [carb.crashreporter-breakpad.plugin] [previous crash] preventing upload of minidump due to user opt-out: '/nfs/hpc/share/sanchej7/Humanoid_Lite/venv/lib/python3.11/site-packages/isaacsim/kit/data/Kit/Isaac-Sim/5.1/fa36c916-5227-4679-c5cdd0b2-9c0e2924.dmp'
2026-09-24T06:11:23Z [12ms] [Warning] [carb.crashreporter-breakpad.plugin] [previous crash] preventing upload of minidump due to user opt-out: '/nfs/hpc/share/sanchej7/Humanoid_Lite/venv/lib/python3.11/site-packages/isaacsim/kit/data/Kit/Isaac-Sim/5.1/5d094fad-4085-4685-35f927bf-d40c26bb.dmp'
2026-09-24T06:11:23Z [13ms] [Warning] [carb.crashreporter-breakpad.plugin] [previous crash] preventing upload of minidump due to user opt-out: '/nfs/hpc/share/sanchej7/Humanoid_Lite/venv/lib/python3.11/site-packages/isaacsim/kit/data/Kit/Isaac-Sim/5.1/b6ddc6c8-c45e-41f1-66f10b81-fb56cd6b.dmp'
2026-09-24T06:11:23Z [13ms] [Warning] [carb.crashreporter-breakpad.plugin] [previous crash] preventing upload of minidump due to user opt-out: '/nfs/hpc/share/sanchej7/Humanoid_Lite/venv/lib/python3.11/site-packages/isaacsim/kit/data/Kit/Isaac-Sim/5.1/95e36d9c-d997-4a94-37e071a6-e76340bd.dmp'
2026-09-24T06:11:23Z [14ms] [Warning] [carb.crashreporter-breakpad.plugin] [previous crash] preventing upload of minidump due to user opt-out: '/nfs/hpc/share/sanchej7/Humanoid_Lite/venv/lib/python3.11/site-packages/isaacsim/kit/data/Kit/Isaac-Sim/5.1/6ae9510b-191b-4e41-2464af8b-ea1710c5.dmp'
2026-09-24T06:11:23Z [14ms] [Warning] [carb.crashreporter-breakpad.plugin] [previous crash] preventing upload of minidump due to user opt-out: '/nfs/hpc/share/sanchej7/Humanoid_Lite/venv/lib/python3.11/site-packages/isaacsim/kit/data/Kit/Isaac-Sim/5.1/d32f8e76-8ec4-42a6-f779e38a-1fc195e3.dmp'
2026-09-24T06:11:23Z [15ms] [Warning] [carb.crashreporter-breakpad.plugin] [previous crash] preventing upload of minidump due to user opt-out: '/nfs/hpc/share/sanchej7/Humanoid_Lite/venv/lib/python3.11/site-packages/isaacsim/kit/data/Kit/Isaac-Sim/5.1/5920b44d-27f4-4601-9516af85-3caae0d2.dmp'
2026-09-24T06:11:23Z [15ms] [Warning] [carb.crashreporter-breakpad.plugin] [previous crash] preventing upload of minidump due to user opt-out: '/nfs/hpc/share/sanchej7/Humanoid_Lite/venv/lib/python3.11/site-packages/isaacsim/kit/data/Kit/Isaac-Sim/5.1/0af54216-434e-4644-2265ed95-d221c0c0.dmp'
2026-09-24T06:11:23Z [16ms] [Warning] [carb.crashreporter-breakpad.plugin] [previous crash] preventing upload of minidump due to user opt-out: '/nfs/hpc/share/sanchej7/Humanoid_Lite/venv/lib/python3.11/site-packages/isaacsim/kit/data/Kit/Isaac-Sim/5.1/5933a686-58e4-4f89-bbce209c-084bcef8.dmp'
2026-09-24T06:11:23Z [16ms] [Warning] [carb.crashreporter-breakpad.plugin] [previous crash] preventing upload of minidump due to user opt-out: '/nfs/hpc/share/sanchej7/Humanoid_Lite/venv/lib/python3.11/site-packages/isaacsim/kit/data/Kit/Isaac-Sim/5.1/b39b435c-a21c-4f5e-d6f002ab-3afe0484.dmp'
2026-09-24T06:11:23Z [17ms] [Warning] [carb.crashreporter-breakpad.plugin] [previous crash] preventing upload of minidump due to user opt-out: '/nfs/hpc/share/sanchej7/Humanoid_Lite/venv/lib/python3.11/site-packages/isaacsim/kit/data/Kit/Isaac-Sim/5.1/46ef5fa7-9c0a-4092-be442aa9-59521f1f.dmp'
2026-09-24T06:11:23Z [18ms] [Warning] [carb.crashreporter-breakpad.plugin] [previous crash] preventing upload of minidump due to user opt-out: '/nfs/hpc/share/sanchej7/Humanoid_Lite/venv/lib/python3.11/site-packages/isaacsim/kit/data/Kit/Isaac-Sim/5.1/8f50649c-59c1-4132-d445fd83-d772859a.dmp'
2026-09-24T06:11:23Z [19ms] [Warning] [carb.crashreporter-breakpad.plugin] [previous crash] preventing upload of minidump due to user opt-out: '/nfs/hpc/share/sanchej7/Humanoid_Lite/venv/lib/python3.11/site-packages/isaacsim/kit/data/Kit/Isaac-Sim/5.1/c5ef1610-ef44-45e3-ff9c68bc-164e7944.dmp'
2026-09-24T06:11:23Z [21ms] [Warning] [carb.crashreporter-breakpad.plugin] [previous crash] preventing upload of minidump due to user opt-out: '/nfs/hpc/share/sanchej7/Humanoid_Lite/venv/lib/python3.11/site-packages/isaacsim/kit/data/Kit/Isaac-Sim/5.1/62a3bd3c-dc11-491b-81c2429b-f14cc2e2.dmp'
2026-09-24T06:11:23Z [23ms] [Warning] [carb.crashreporter-breakpad.plugin] [previous crash] preventing upload of minidump due to user opt-out: '/nfs/hpc/share/sanchej7/Humanoid_Lite/venv/lib/python3.11/site-packages/isaacsim/kit/data/Kit/Isaac-Sim/5.1/92807cd9-eedb-4309-78bfe58c-182d510a.dmp'
2026-09-24T06:11:23Z [25ms] [Warning] [carb.crashreporter-breakpad.plugin] [previous crash] preventing upload of minidump due to user opt-out: '/nfs/hpc/share/sanchej7/Humanoid_Lite/venv/lib/python3.11/site-packages/isaacsim/kit/data/Kit/Isaac-Sim/5.1/49dd57b6-8469-4851-dfd814a6-cc4a7c5a.dmp'
2026-09-24T06:11:24Z [595ms] [Warning] [omni.usd_config.extension] Enable omni.materialx.libs extension to use MaterialX
2026-09-24T06:11:24Z [1,026ms] [Warning] [omni.platforminfo.plugin] failed to open the default display.  Can't verify X Server version.
2026-09-24T06:11:25Z [1,310ms] [Warning] [carb] Acquiring non optional plugin interface which is not listed as dependency: [omni::physx::IPhysxBenchmarks v1.0] (plugin: <default plugin>), by client: omni.physics.physx.plugin. Add it to CARB_PLUGIN_IMPL_DEPS() macro of a client.
2026-09-24T06:11:25Z [1,326ms] [Warning] [omni.isaac.dynamic_control] omni.isaac.dynamic_control is deprecated as of Isaac Sim 4.5. No action is needed from end-users.
2026-09-24T06:11:30Z [6,911ms] [Warning] [carb.cudainterop.plugin] CUDA_VISIBLE_DEVICES environment variable is set.
2026-09-24T06:11:30Z [6,911ms] [Warning] [carb.cudainterop.plugin] Note CUDA device enumeration and Omniverse device enumeration are different.
2026-09-24T06:11:30Z [6,911ms] [Warning] [carb.cudainterop.plugin] Setting CUDA_VISIBLE_DEVICES can lead to undesired behavior or crashes.

|---------------------------------------------------------------------------------------------|
| Driver Version: 595.71.05     | Graphics API: Vulkan
|=============================================================================================|
| GPU | Name                             | Active | LDA | GPU Memory | Vendor-ID | LUID       |
|     |                                  |        |     |            | Device-ID | UUID       |
|     |                                  |        |     |            | Bus-ID    |            |
|------------------------------------------------------------[bhl_robust.tasks] SF-04 distillation id NOT registered: ImportError("cannot import name 'RslRlMLPModelCfg' from 'isaaclab_rl.rsl_rl' (/nfs/hpc/share/sanchej7/Humanoid_Lite/venv/lib/python3.11/site-packages/isaaclab/source/isaaclab_rl/isaaclab_rl/rsl_rl/__init__.py)")
[INFO][AppLauncher]: Using device: cuda:0
[INFO][AppLauncher]: Loading experience file: /nfs/hpc/share/sanchej7/Humanoid_Lite/venv/lib/python3.11/site-packages/isaaclab/apps/isaaclab.python.headless.kit
REGISTERED ['CoopLift-BHL-Cube-Crew3-Depth-v0', 'CoopLift-BHL-Cube-Crew3-v0', 'CoopLift-BHL-Cube-Crew4-Depth-v0', 'CoopLift-BHL-Cube-Crew4-v0']
[INFO]: Parsing configuration from: <class 'bhl_robust.tasks.coop_crew_generated.Crew3DepthCfg'>
CONSTRUCTED CoopLift-BHL-Cube-Crew3-Depth-v0 crew_size=3 policy_terms=22 robots=['robot_0', 'robot_1', 'robot_2'] pair_terms=[]
[INFO]: Parsing configuration from: <class 'bhl_robust.tasks.coop_crew_generated.Crew3Cfg'>
CONSTRUCTED CoopLift-BHL-Cube-Crew3-v0 crew_size=3 policy_terms=19 robots=['robot_0', 'robot_1', 'robot_2'] pair_terms=[]
[INFO]: Parsing configuration from: <class 'bhl_robust.tasks.coop_crew_generated.Crew4DepthCfg'>
CONSTRUCTED CoopLift-BHL-Cube-Crew4-Depth-v0 crew_size=4 policy_terms=29 robots=['robot_0', 'robot_1', 'robot_2', 'robot_3'] pair_terms=[]
[INFO]: Parsing configuration from: <class 'bhl_robust.tasks.coop_crew_generated.Crew4Cfg'>
CONSTRUCTED CoopLift-BHL-Cube-Crew4-v0 crew_size=4 policy_terms=25 robots=['robot_0', 'robot_1', 'robot_2', 'robot_3'] pair_terms=[]
IMPORT import OK
---------------------------------|
| 0   | Quadro RTX 8000                  | Yes: 0 |     | 78838   MB | 10de      | 0          |
|     |                                  |        |     |            | 1e78      | d38d0f5d.. |
|     |                                  |        |     |            | 49        |            |
|=============================================================================================|
| OS: 22.04.5 LTS (Jammy Jellyfish) ubuntu, Version: 22.04.5, Kernel: 5.14.0-611.55.1.el9_7.x86_64
| Processor: Intel(R) Xeon(R) Gold 6248R CPU @ 3.00GHz
| Cores: 48 | Logical Cores: 48
|---------------------------------------------------------------------------------------------|
| Total Memory (MB): 772476 | Free Memory: 658640
| Total Page/Swap (MB): 0 | Free Page/Swap: 0
|---------------------------------------------------------------------------------------------|
2026-09-24T06:11:31Z [7,497ms] [Warning] [gpu.foundation.plugin] ECC is enabled on physical device 0
2026-09-24T06:11:31Z [7,542ms] [Warning] [omni.kvdb.plugin] Disabling key-value database because another kit process is locking it
