scale: 1
IMU Initializing: 3.3 %Reset ImuProcessIMU Initials: Gravity: -0.0000 -0.0000 -9.8100 9.8100; acc covarience: 0.50000000 0.50000000 0.50000000; gry covarience: 0.30000000 0.30000000 0.30000000 
IMU Initials: ba covarience: 0.00010000 0.00010000 0.00010000; bg covarience: 0.00010000 0.00010000 0.00010000intrinsic: 415.692194, 415.692194, 319.500000, 239.500000
width: 640, height: 480, scale: 1.000000
[ LIO ] Raw feature num: 2042, downsampled feature num:978 effective feature num: 509 average residual: 0.003902
[ LIO ] Raw feature num: 2042, downsampled feature num:978 effective feature num: 509 average residual: 0.0042743
[ LIO ] Raw feature num: 2042, downsampled feature num:978 effective feature num: 509 average residual: 0.0042745
[ LIO ] Raw feature num: 2042, downsampled feature num:986 effective feature num: 883 average residual: 0.00753944
[ LIO ] Raw feature num: 2042, downsampled feature num:986 effective feature num: 854 average residual: 0.0152113
[ LIO ] Raw feature num: 2042, downsampled feature num:986 effective feature num: 850 average residual: 0.0166693
[ LIO ] Raw feature num: 2042, downsampled feature num:986 effective feature num: 850 average residual: 0.0170287
[ LIO ] Raw feature num: 2042, downsampled feature num:986 effective feature num: 850 average residual: 0.0170294
[ LIO ] Raw feature num: 2042, downsampled feature num:989 effective feature num: 926 average residual: 0.00676462
[ LIO ] Raw feature num: 2042, downsampled feature num:989 effective feature num: 926 average residual: 0.00667978
[ LIO ] Raw feature num: 2042, downsampled feature num:989 effective feature num: 926 average residual: 0.00667976
[ LIO ] Raw feature num: 2042, downsampled feature num:993 effective feature num: 959 average residual: 0.00515615
[ LIO ] Raw feature num: 2042, downsampled feature num:993 effective feature num: 958 average residual: 0.00371138
[ LIO ] Raw feature num: 2042, downsampled feature num:993 effective feature num: 957 average residual: 0.00335791
[ LIO ] Raw feature num: 2042, downsampled feature num:993 effective feature num: 957 average residual: 0.0032936
[ LIO ] Raw feature num: 2042, downsampled feature num:993 effective feature num: 957 average residual: 0.00329271
[ LIO ] Raw feature num: 2042, downsampled feature num:992 effective feature num: 968 average residual: 0.00648628
[ LIO ] Raw feature num: 2042, downsampled feature num:992 effective feature num: 968 average residual: 0.00600442
[ LIO ] Raw feature num: 2042, downsampled feature num:992 effective feature num: 968 average residual: 0.00600429
[ LIO ] Raw feature num: 2042, downsampled feature num:989 effective feature num: 978 average residual: 0.0036422
[ LIO ] Raw feature num: 2042, downsampled feature num:989 effective feature num: 978 average residual: 0.00293628
[ LIO ] Raw feature num: 2042, downsampled feature num:989 effective feature num: 978 average residual: 0.00293691
[ LIO ] Raw feature num: 2042, downsampled feature num:993 effective feature num: 984 average residual: 0.00334071
[ LIO ] Raw feature num: 2042, downsampled feature num:993 effective feature num: 984 average residual: 0.00272153
[ LIO ] Raw feature num: 2042, downsampled feature num:993 effective feature num: 984 average residual: 0.00272106
[ LIO ] Raw feature num: 2042, downsampled feature num:990 effective feature num: 983 average residual: 0.00303277
[ LIO ] Raw feature num: 2042, downsampled feature num:990 effective feature num: 983 average residual: 0.00272733
[ LIO ] Raw feature num: 2042, downsampled feature num:990 effective feature num: 983 average residual: 0.00272734
[ LIO ] Raw feature num: 2042, downsampled feature num:987 effective feature num: 986 average residual: 0.00276861
[ LIO ] Raw feature num: 2042, downsampled feature num:987 effective feature num: 986 average residual: 0.00263185
[ LIO ] Raw feature num: 2042, downsampled feature num:987 effective feature num: 986 average residual: 0.00263186
[ LIO ] Raw feature num: 2042, downsampled feature num:988 effective feature num: 988 average residual: 0.00272185
[ LIO ] Raw feature num: 2042, downsampled feature num:988 effective feature num: 988 average residual: 0.00254491
[ LIO ] Raw feature num: 2042, downsampled feature num:988 effective feature num: 988 average residual: 0.00254489
[ LIO ] Raw feature num: 2042, downsampled feature num:990 effective feature num: 990 average residual: 0.00291366
[ LIO ] Raw feature num: 2042, downsampled feature num:990 effective feature num: 990 average residual: 0.00266117
[ LIO ] Raw feature num: 2042, downsampled feature num:990 effective feature num: 990 average residual: 0.00266045
[ LIO ] Raw feature num: 2042, downsampled feature num:988 effective feature num: 988 average residual: 0.00300396
[ LIO ] Raw feature num: 2042, downsampled feature num:988 effective feature num: 988 average residual: 0.00266419
[ LIO ] Raw feature num: 2042, downsampled feature num:988 effective feature num: 988 average residual: 0.00266344
[ LIO ] Raw feature num: 2042, downsampled feature num:988 effective feature num: 988 average residual: 0.00298081
[ LIO ] Raw feature num: 2042, downsampled feature num:988 effective feature num: 988 average residual: 0.00266946
[ LIO ] Raw feature num: 2042, downsampled feature num:988 effective feature num: 988 average residual: 0.00266957
[ LIO ] Raw feature num: 2042, downsampled feature num:989 effective feature num: 989 average residual: 0.00286993
[ LIO ] Raw feature num: 2042, downsampled feature num:989 effective feature num: 989 average residual: 0.00265247
[ LIO ] Raw feature num: 2042, downsampled feature num:989 effective feature num: 989 average residual: 0.00265259
[ LIO ] Raw feature num: 2042, downsampled feature num:986 effective feature num: 986 average residual: 0.00264251
[ LIO ] Raw feature num: 2042, downsampled feature num:986 effective feature num: 986 average residual: 0.00252628
[ LIO ] Raw feature num: 2042, downsampled feature num:986 effective feature num: 986 average residual: 0.00252603
[ LIO ] Raw feature num: 2042, downsampled feature num:986 effective feature num: 986 average residual: 0.00268717
[ LIO ] Raw feature num: 2042, downsampled feature num:986 effective feature num: 986 average residual: 0.00259995
[ LIO ] Raw feature num: 2042, downsampled feature num:986 effective feature num: 986 average residual: 0.00259994
[ LIO ] Raw feature num: 2042, downsampled feature num:986 effective feature num: 986 average residual: 0.00279636
[ LIO ] Raw feature num: 2042, downsampled feature num:986 effective feature num: 986 average residual: 0.00261038
[ LIO ] Raw feature num: 2042, downsampled feature num:986 effective feature num: 986 average residual: 0.00261036
[ LIO ] Raw feature num: 2042, downsampled feature num:986 effective feature num: 986 average residual: 0.00284272
[ LIO ] Raw feature num: 2042, downsampled feature num:986 effective feature num: 986 average residual: 0.002537
[ LIO ] Raw feature num: 2042, downsampled feature num:986 effective feature num: 986 average residual: 0.00253698
[ LIO ] Raw feature num: 2042, downsampled feature num:987 effective feature num: 987 average residual: 0.00292882
[ LIO ] Raw feature num: 2042, downsampled feature num:987 effective feature num: 987 average residual: 0.00263681
[ LIO ] Raw feature num: 2042, downsampled feature num:987 effective feature num: 987 average residual: 0.00263681
[ LIO ] Raw feature num: 2042, downsampled feature num:983 effective feature num: 977 average residual: 0.00274364
[ LIO ] Raw feature num: 2042, downsampled feature num:983 effective feature num: 977 average residual: 0.00255022
[ LIO ] Raw feature num: 2042, downsampled feature num:983 effective feature num: 977 average residual: 0.00255022
[ LIO ] Raw feature num: 2042, downsampled feature num:976 effective feature num: 970 average residual: 0.0026904
[ LIO ] Raw feature num: 2042, downsampled feature num:976 effective feature num: 970 average residual: 0.00257087
[ LIO ] Raw feature num: 2042, downsampled feature num:976 effective feature num: 970 average residual: 0.00257106
[ LIO ] Raw feature num: 2042, downsampled feature num:987 effective feature num: 987 average residual: 0.00273541
[ LIO ] Raw feature num: 2042, downsampled feature num:987 effective feature num: 987 average residual: 0.00264526
[ LIO ] Raw feature num: 2042, downsampled feature num:987 effective feature num: 987 average residual: 0.00264545
[ LIO ] Raw feature num: 2042, downsampled feature num:986 effective feature num: 986 average residual: 0.00257925
[ LIO ] Raw feature num: 2042, downsampled feature num:986 effective feature num: 986 average residual: 0.00251181
[ LIO ] Raw feature num: 2042, downsampled feature num:986 effective feature num: 986 average residual: 0.00251175
[ LIO ] Raw feature num: 2042, downsampled feature num:986 effective feature num: 986 average residual: 0.00272669
[ LIO ] Raw feature num: 2042, downsampled feature num:986 effective feature num: 986 average residual: 0.00252331
[ LIO ] Raw feature num: 2042, downsampled feature num:986 effective feature num: 986 average residual: 0.0025233
[ LIO ] Raw feature num: 2042, downsampled feature num:986 effective feature num: 986 average residual: 0.00283502
[ LIO ] Raw feature num: 2042, downsampled feature num:986 effective feature num: 986 average residual: 0.00253437
[ LIO ] Raw feature num: 2042, downsampled feature num:986 effective feature num: 986 average residual: 0.00253436
[ LIO ] Raw feature num: 2042, downsampled feature num:975 effective feature num: 975 average residual: 0.00288615
[ LIO ] Raw feature num: 2042, downsampled feature num:975 effective feature num: 974 average residual: 0.00258365
[ LIO ] Raw feature num: 2042, downsampled feature num:975 effective feature num: 974 average residual: 0.00258299
[ LIO ] Raw feature num: 2043, downsampled feature num:976 effective feature num: 967 average residual: 0.00295091
[ LIO ] Raw feature num: 2043, downsampled feature num:976 effective feature num: 967 average residual: 0.00282175
[ LIO ] Raw feature num: 2043, downsampled feature num:976 effective feature num: 967 average residual: 0.00282224
[ LIO ] Raw feature num: 2043, downsampled feature num:976 effective feature num: 967 average residual: 0.00282224
[ LIO ] Raw feature num: 2044, downsampled feature num:976 effective feature num: 965 average residual: 0.00330333
[ LIO ] Raw feature num: 2044, downsampled feature num:976 effective feature num: 965 average residual: 0.00332722
[ LIO ] Raw feature num: 2044, downsampled feature num:976 effective feature num: 965 average residual: 0.00332688
[ LIO ] Raw feature num: 2044, downsampled feature num:977 effective feature num: 964 average residual: 0.00420932
[ LIO ] Raw feature num: 2044, downsampled feature num:977 effective feature num: 964 average residual: 0.00426402
[ LIO ] Raw feature num: 2044, downsampled feature num:977 effective feature num: 964 average residual: 0.004264
[ LIO ] Raw feature num: 2044, downsampled feature num:982 effective feature num: 965 average residual: 0.00430087
[ LIO ] Raw feature num: 2044, downsampled feature num:982 effective feature num: 965 average residual: 0.00429126
[ LIO ] Raw feature num: 2044, downsampled feature num:982 effective feature num: 965 average residual: 0.00428898
[ LIO ] Raw feature num: 2043, downsampled feature num:970 effective feature num: 960 average residual: 0.00388217
[ LIO ] Raw feature num: 2043, downsampled feature num:970 effective feature num: 960 average residual: 0.00396848
[ LIO ] Raw feature num: 2043, downsampled feature num:970 effective feature num: 960 average residual: 0.00396968
[ LIO ] Raw feature num: 2044, downsampled feature num:967 effective feature num: 947 average residual: 0.00499844
[ LIO ] Raw feature num: 2044, downsampled feature num:967 effective feature num: 945 average residual: 0.00514137
[ LIO ] Raw feature num: 2044, downsampled feature num:967 effective feature num: 945 average residual: 0.00515874
[ LIO ] Raw feature num: 2043, downsampled feature num:987 effective feature num: 970 average residual: 0.00530449
[ LIO ] Raw feature num: 2043, downsampled feature num:987 effective feature num: 967 average residual: 0.00519365
[ LIO ] Raw feature num: 2043, downsampled feature num:987 effective feature num: 963 average residual: 0.00518819
[ LIO ] Raw feature num: 2043, downsampled feature num:987 effective feature num: 962 average residual: 0.00519715
[ LIO ] Raw feature num: 2043, downsampled feature num:987 effective feature num: 962 average residual: 0.00519931
[ LIO ] Raw feature num: 2045, downsampled feature num:984 effective feature num: 958 average residual: 0.00688885
[ LIO ] Raw feature num: 2045, downsampled feature num:984 effective feature num: 962 average residual: 0.00612965
[ LIO ] Raw feature num: 2045, downsampled feature num:984 effective feature num: 962 average residual: 0.00603898
[ LIO ] Raw feature num: 2045, downsampled feature num:984 effective feature num: 962 average residual: 0.00597429
[ LIO ] Raw feature num: 2045, downsampled feature num:984 effective feature num: 962 average residual: 0.00597429
[ LIO ] Raw feature num: 2045, downsampled feature num:982 effective feature num: 945 average residual: 0.0088814
[ LIO ] Raw feature num: 2045, downsampled feature num:982 effective feature num: 945 average residual: 0.00877364
[ LIO ] Raw feature num: 2045, downsampled feature num:982 effective feature num: 944 average residual: 0.00882435
[ LIO ] Raw feature num: 2045, downsampled feature num:982 effective feature num: 944 average residual: 0.00881901
[ LIO ] Raw feature num: 2045, downsampled feature num:982 effective feature num: 944 average residual: 0.00881898
[ LIO ] Raw feature num: 2044, downsampled feature num:972 effective feature num: 942 average residual: 0.0100731
[ LIO ] Raw feature num: 2044, downsampled feature num:972 effective feature num: 942 average residual: 0.00898288
[ LIO ] Raw feature num: 2044, downsampled feature num:972 effective feature num: 942 average residual: 0.00901526
[ LIO ] Raw feature num: 2044, downsampled feature num:972 effective feature num: 942 average residual: 0.00901529
[ LIO ] Raw feature num: 2045, downsampled feature num:969 effective feature num: 932 average residual: 0.0105037
[ LIO ] Raw feature num: 2045, downsampled feature num:969 effective feature num: 934 average residual: 0.00992821
[ LIO ] Raw feature num: 2045, downsampled feature num:969 effective feature num: 934 average residual: 0.0099279
[ LIO ] Raw feature num: 2046, downsampled feature num:992 effective feature num: 951 average residual: 0.0119274
[ LIO ] Raw feature num: 2046, downsampled feature num:992 effective feature num: 955 average residual: 0.0111749
[ LIO ] Raw feature num: 2046, downsampled feature num:992 effective feature num: 955 average residual: 0.0111706
[ LIO ] Raw feature num: 2046, downsampled feature num:992 effective feature num: 955 average residual: 0.0111707
[ LIO ] Raw feature num: 2046, downsampled feature num:1011 effective feature num: 968 average residual: 0.0155541
[ LIO ] Raw feature num: 2046, downsampled feature num:1011 effective feature num: 971 average residual: 0.0147038
[ LIO ] Raw feature num: 2046, downsampled feature num:1011 effective feature num: 971 average residual: 0.0146474
[ LIO ] Raw feature num: 2046, downsampled feature num:1011 effective feature num: 971 average residual: 0.0146472
[ LIO ] Raw feature num: 2046, downsampled feature num:986 effective feature num: 937 average residual: 0.0157723
[ LIO ] Raw feature num: 2046, downsampled feature num:986 effective feature num: 936 average residual: 0.0138925
[ LIO ] Raw feature num: 2046, downsampled feature num:986 effective feature num: 937 average residual: 0.0140309
[ LIO ] Raw feature num: 2046, downsampled feature num:986 effective feature num: 936 average residual: 0.0140512
[ LIO ] Raw feature num: 2046, downsampled feature num:986 effective feature num: 936 average residual: 0.0140511
[ LIO ] Raw feature num: 2047, downsampled feature num:984 effective feature num: 940 average residual: 0.0145086
[ LIO ] Raw feature num: 2047, downsampled feature num:984 effective feature num: 940 average residual: 0.0142553
[ LIO ] Raw feature num: 2047, downsampled feature num:984 effective feature num: 940 average residual: 0.0142902
[ LIO ] Raw feature num: 2047, downsampled feature num:984 effective feature num: 940 average residual: 0.014263
[ LIO ] Raw feature num: 2047, downsampled feature num:984 effective feature num: 940 average residual: 0.0142902
[ LIO ] Raw feature num: 2047, downsampled feature num:1001 effective feature num: 967 average residual: 0.0151947
[ LIO ] Raw feature num: 2047, downsampled feature num:1001 effective feature num: 967 average residual: 0.0136736
[ LIO ] Raw feature num: 2047, downsampled feature num:1001 effective feature num: 967 average residual: 0.0137009
[ LIO ] Raw feature num: 2047, downsampled feature num:1001 effective feature num: 967 average residual: 0.013701
[ LIO ] Raw feature num: 2047, downsampled feature num:997 effective feature num: 963 average residual: 0.0155741
[ LIO ] Raw feature num: 2047, downsampled feature num:997 effective feature num: 962 average residual: 0.0142054
[ LIO ] Raw feature num: 2047, downsampled feature num:997 effective feature num: 962 average residual: 0.0139765
[ LIO ] Raw feature num: 2047, downsampled feature num:997 effective feature num: 962 average residual: 0.0140161
[ LIO ] Raw feature num: 2047, downsampled feature num:997 effective feature num: 962 average residual: 0.0140161
[ LIO ] Raw feature num: 2048, downsampled feature num:997 effective feature num: 973 average residual: 0.0149675
[ LIO ] Raw feature num: 2048, downsampled feature num:997 effective feature num: 973 average residual: 0.0152072
[ LIO ] Raw feature num: 2048, downsampled feature num:997 effective feature num: 973 average residual: 0.0152075
[ LIO ] Raw feature num: 2048, downsampled feature num:1016 effective feature num: 995 average residual: 0.0164073
[ LIO ] Raw feature num: 2048, downsampled feature num:1016 effective feature num: 995 average residual: 0.0157129
[ LIO ] Raw feature num: 2048, downsampled feature num:1016 effective feature num: 995 average residual: 0.015712
[ LIO ] Raw feature num: 2048, downsampled feature num:1008 effective feature num: 984 average residual: 0.0172589
[ LIO ] Raw feature num: 2048, downsampled feature num:1008 effective feature num: 983 average residual: 0.0158129
[ LIO ] Raw feature num: 2048, downsampled feature num:1008 effective feature num: 982 average residual: 0.0157159
[ LIO ] Raw feature num: 2048, downsampled feature num:1008 effective feature num: 982 average residual: 0.0157209
[ LIO ] Raw feature num: 2048, downsampled feature num:999 effective feature num: 978 average residual: 0.0167709
[ LIO ] Raw feature num: 2048, downsampled feature num:999 effective feature num: 978 average residual: 0.0160894
[ LIO ] Raw feature num: 2048, downsampled feature num:999 effective feature num: 978 average residual: 0.0160775
[ LIO ] Raw feature num: 2048, downsampled feature num:999 effective feature num: 978 average residual: 0.0160775
[ LIO ] Raw feature num: 2048, downsampled feature num:1018 effective feature num: 998 average residual: 0.0158084
[ LIO ] Raw feature num: 2048, downsampled feature num:1018 effective feature num: 998 average residual: 0.0157812
[ LIO ] Raw feature num: 2048, downsampled feature num:1018 effective feature num: 998 average residual: 0.0157815
[ LIO ] Raw feature num: 2048, downsampled feature num:1014 effective feature num: 995 average residual: 0.0160272
[ LIO ] Raw feature num: 2048, downsampled feature num:1014 effective feature num: 995 average residual: 0.0157594
[ LIO ] Raw feature num: 2048, downsampled feature num:1014 effective feature num: 995 average residual: 0.0157594
[ LIO ] Raw feature num: 2048, downsampled feature num:1023 effective feature num: 1004 average residual: 0.0161902
[ LIO ] Raw feature num: 2048, downsampled feature num:1023 effective feature num: 1004 average residual: 0.0157496
[ LIO ] Raw feature num: 2048, downsampled feature num:1023 effective feature num: 1004 average residual: 0.0157496
[ LIO ] Raw feature num: 2048, downsampled feature num:1027 effective feature num: 1007 average residual: 0.0159987
[ LIO ] Raw feature num: 2048, downsampled feature num:1027 effective feature num: 1008 average residual: 0.0157573
[ LIO ] Raw feature num: 2048, downsampled feature num:1027 effective feature num: 1008 average residual: 0.0157579
[ LIO ] Raw feature num: 2048, downsampled feature num:1011 effective feature num: 993 average residual: 0.0158487
[ LIO ] Raw feature num: 2048, downsampled feature num:1011 effective feature num: 992 average residual: 0.0155175
[ LIO ] Raw feature num: 2048, downsampled feature num:1011 effective feature num: 992 average residual: 0.015471
[ LIO ] Raw feature num: 2048, downsampled feature num:1011 effective feature num: 992 average residual: 0.0154712
[ LIO ] Raw feature num: 2048, downsampled feature num:1013 effective feature num: 994 average residual: 0.0156588
[ LIO ] Raw feature num: 2048, downsampled feature num:1013 effective feature num: 994 average residual: 0.0157778
[ LIO ] Raw feature num: 2048, downsampled feature num:1013 effective feature num: 994 average residual: 0.0157798
[ LIO ] Raw feature num: 2048, downsampled feature num:1013 effective feature num: 986 average residual: 0.0157972
[ LIO ] Raw feature num: 2048, downsampled feature num:1013 effective feature num: 986 average residual: 0.0159787
[ LIO ] Raw feature num: 2048, downsampled feature num:1013 effective feature num: 986 average residual: 0.015977
[ LIO ] Raw feature num: 2048, downsampled feature num:1010 effective feature num: 979 average residual: 0.0165162
[ LIO ] Raw feature num: 2048, downsampled feature num:1010 effective feature num: 979 average residual: 0.0163846
[ LIO ] Raw feature num: 2048, downsampled feature num:1010 effective feature num: 979 average residual: 0.0163357
[ LIO ] Raw feature num: 2048, downsampled feature num:1010 effective feature num: 979 average residual: 0.0163355
[ LIO ] Raw feature num: 2048, downsampled feature num:1016 effective feature num: 991 average residual: 0.0164923
[ LIO ] Raw feature num: 2048, downsampled feature num:1016 effective feature num: 991 average residual: 0.0163
[ LIO ] Raw feature num: 2048, downsampled feature num:1016 effective feature num: 991 average residual: 0.0162749
[ LIO ] Raw feature num: 2048, downsampled feature num:1016 effective feature num: 991 average residual: 0.016275
[ LIO ] Raw feature num: 2048, downsampled feature num:1007 effective feature num: 984 average residual: 0.0162895
[ LIO ] Raw feature num: 2048, downsampled feature num:1007 effective feature num: 984 average residual: 0.0163772
[ LIO ] Raw feature num: 2048, downsampled feature num:1007 effective feature num: 984 average residual: 0.0163894
[ LIO ] Raw feature num: 2048, downsampled feature num:998 effective feature num: 978 average residual: 0.0174288
[ LIO ] Raw feature num: 2048, downsampled feature num:998 effective feature num: 978 average residual: 0.0180801
[ LIO ] Raw feature num: 2048, downsampled feature num:998 effective feature num: 979 average residual: 0.0181462
[ LIO ] Raw feature num: 2048, downsampled feature num:998 effective feature num: 979 average residual: 0.0181217
[ LIO ] Raw feature num: 2048, downsampled feature num:998 effective feature num: 979 average residual: 0.0181213
[ LIO ] Raw feature num: 2048, downsampled feature num:1004 effective feature num: 985 average residual: 0.0180121
[ LIO ] Raw feature num: 2048, downsampled feature num:1004 effective feature num: 983 average residual: 0.0175866
[ LIO ] Raw feature num: 2048, downsampled feature num:1004 effective feature num: 983 average residual: 0.0180674
[ LIO ] Raw feature num: 2048, downsampled feature num:1004 effective feature num: 983 average residual: 0.0180663
[ LIO ] Raw feature num: 2048, downsampled feature num:986 effective feature num: 970 average residual: 0.0199256
[ LIO ] Raw feature num: 2048, downsampled feature num:986 effective feature num: 972 average residual: 0.0193177
[ LIO ] Raw feature num: 2048, downsampled feature num:986 effective feature num: 972 average residual: 0.0193487
[ LIO ] Raw feature num: 2048, downsampled feature num:986 effective feature num: 972 average residual: 0.0193486
[ LIO ] Raw feature num: 2048, downsampled feature num:1007 effective feature num: 986 average residual: 0.020417
[ LIO ] Raw feature num: 2048, downsampled feature num:1007 effective feature num: 987 average residual: 0.0197292
[ LIO ] Raw feature num: 2048, downsampled feature num:1007 effective feature num: 987 average residual: 0.019772
[ LIO ] Raw feature num: 2048, downsampled feature num:1007 effective feature num: 987 average residual: 0.019772
[ LIO ] Raw feature num: 2048, downsampled feature num:980 effective feature num: 956 average residual: 0.0222542
[ LIO ] Raw feature num: 2048, downsampled feature num:980 effective feature num: 958 average residual: 0.0222309
[ LIO ] Raw feature num: 2048, downsampled feature num:980 effective feature num: 958 average residual: 0.0222143
[ LIO ] Raw feature num: 2048, downsampled feature num:980 effective feature num: 958 average residual: 0.0222196
[ LIO ] Raw feature num: 2048, downsampled feature num:979 effective feature num: 952 average residual: 0.0223525
[ LIO ] Raw feature num: 2048, downsampled feature num:979 effective feature num: 954 average residual: 0.0220849
[ LIO ] Raw feature num: 2048, downsampled feature num:979 effective feature num: 954 average residual: 0.0222617
[ LIO ] Raw feature num: 2048, downsampled feature num:979 effective feature num: 954 average residual: 0.0222468
[ LIO ] Raw feature num: 2048, downsampled feature num:990 effective feature num: 965 average residual: 0.023991
[ LIO ] Raw feature num: 2048, downsampled feature num:990 effective feature num: 962 average residual: 0.0241756
[ LIO ] Raw feature num: 2048, downsampled feature num:990 effective feature num: 959 average residual: 0.0244213
[ LIO ] Raw feature num: 2048, downsampled feature num:990 effective feature num: 959 average residual: 0.0244533
[ LIO ] Raw feature num: 2048, downsampled feature num:990 effective feature num: 959 average residual: 0.0244538
[ LIO ] Raw feature num: 2048, downsampled feature num:990 effective feature num: 964 average residual: 0.0238996
[ LIO ] Raw feature num: 2048, downsampled feature num:990 effective feature num: 965 average residual: 0.0231972
[ LIO ] Raw feature num: 2048, downsampled feature num:990 effective feature num: 966 average residual: 0.0232041
[ LIO ] Raw feature num: 2048, downsampled feature num:990 effective feature num: 966 average residual: 0.023204
[ LIO ] Raw feature num: 2048, downsampled feature num:970 effective feature num: 945 average residual: 0.0253943
[ LIO ] Raw feature num: 2048, downsampled feature num:970 effective feature num: 944 average residual: 0.024005
[ LIO ] Raw feature num: 2048, downsampled feature num:970 effective feature num: 945 average residual: 0.0243042
[ LIO ] Raw feature num: 2048, downsampled feature num:970 effective feature num: 945 average residual: 0.0243713
[ LIO ] Raw feature num: 2048, downsampled feature num:970 effective feature num: 945 average residual: 0.0243712
[ LIO ] Raw feature num: 2048, downsampled feature num:957 effective feature num: 930 average residual: 0.0257711
[ LIO ] Raw feature num: 2048, downsampled feature num:957 effective feature num: 927 average residual: 0.0249805
[ LIO ] Raw feature num: 2048, downsampled feature num:957 effective feature num: 927 average residual: 0.0255584
[ LIO ] Raw feature num: 2048, downsampled feature num:957 effective feature num: 927 average residual: 0.025574
[ LIO ] Raw feature num: 2048, downsampled feature num:959 effective feature num: 926 average residual: 0.0252035
[ LIO ] Raw feature num: 2048, downsampled feature num:959 effective feature num: 917 average residual: 0.0299174
[ LIO ] Raw feature num: 2048, downsampled feature num:959 effective feature num: 897 average residual: 0.0295329
[ LIO ] Raw feature num: 2048, downsampled feature num:959 effective feature num: 897 average residual: 0.0324935
[ LIO ] Raw feature num: 2048, downsampled feature num:959 effective feature num: 902 average residual: 0.0315255
[ LIO ] Raw feature num: 2048, downsampled feature num:954 effective feature num: 913 average residual: 0.0329227
[ LIO ] Raw feature num: 2048, downsampled feature num:954 effective feature num: 919 average residual: 0.0274857
[ LIO ] Raw feature num: 2048, downsampled feature num:954 effective feature num: 924 average residual: 0.0286094
[ LIO ] Raw feature num: 2048, downsampled feature num:954 effective feature num: 927 average residual: 0.0288174
[ LIO ] Raw feature num: 2048, downsampled feature num:954 effective feature num: 926 average residual: 0.0285392
[ LIO ] Raw feature num: 2048, downsampled feature num:957 effective feature num: 930 average residual: 0.0301979
[ LIO ] Raw feature num: 2048, downsampled feature num:957 effective feature num: 928 average residual: 0.0273974
[ LIO ] Raw feature num: 2048, downsampled feature num:957 effective feature num: 926 average residual: 0.0270487
[ LIO ] Raw feature num: 2048, downsampled feature num:957 effective feature num: 923 average residual: 0.0264681
[ LIO ] Raw feature num: 2048, downsampled feature num:957 effective feature num: 923 average residual: 0.027277
[ LIO ] Raw feature num: 2048, downsampled feature num:956 effective feature num: 922 average residual: 0.0283545
[ LIO ] Raw feature num: 2048, downsampled feature num:956 effective feature num: 920 average residual: 0.0301111
[ LIO ] Raw feature num: 2048, downsampled feature num:956 effective feature num: 922 average residual: 0.0310009
[ LIO ] Raw feature num: 2048, downsampled feature num:956 effective feature num: 923 average residual: 0.0316405
[ LIO ] Raw feature num: 2048, downsampled feature num:956 effective feature num: 922 average residual: 0.0316417
[ LIO ] Raw feature num: 2048, downsampled feature num:962 effective feature num: 932 average residual: 0.0319775
[ LIO ] Raw feature num: 2048, downsampled feature num:962 effective feature num: 929 average residual: 0.0314327
[ LIO ] Raw feature num: 2048, downsampled feature num:962 effective feature num: 929 average residual: 0.0317676
[ LIO ] Raw feature num: 2048, downsampled feature num:962 effective feature num: 930 average residual: 0.0316713
[ LIO ] Raw feature num: 2048, downsampled feature num:962 effective feature num: 930 average residual: 0.0316661
[ LIO ] Raw feature num: 2048, downsampled feature num:965 effective feature num: 933 average residual: 0.0303668
[ LIO ] Raw feature num: 2048, downsampled feature num:965 effective feature num: 933 average residual: 0.0311645
[ LIO ] Raw feature num: 2048, downsampled feature num:965 effective feature num: 933 average residual: 0.0313187
[ LIO ] Raw feature num: 2048, downsampled feature num:965 effective feature num: 933 average residual: 0.0312925
[ LIO ] Raw feature num: 2048, downsampled feature num:965 effective feature num: 933 average residual: 0.0312926
[ LIO ] Raw feature num: 2048, downsampled feature num:966 effective feature num: 935 average residual: 0.0310804
[ LIO ] Raw feature num: 2048, downsampled feature num:966 effective feature num: 937 average residual: 0.0310564
[ LIO ] Raw feature num: 2048, downsampled feature num:966 effective feature num: 936 average residual: 0.0313444
[ LIO ] Raw feature num: 2048, downsampled feature num:966 effective feature num: 935 average residual: 0.0314286
[ LIO ] Raw feature num: 2048, downsampled feature num:966 effective feature num: 935 average residual: 0.0314282
[ LIO ] Raw feature num: 2048, downsampled feature num:975 effective feature num: 944 average residual: 0.0318164
[ LIO ] Raw feature num: 2048, downsampled feature num:975 effective feature num: 943 average residual: 0.0311006
[ LIO ] Raw feature num: 2048, downsampled feature num:975 effective feature num: 944 average residual: 0.0310207
[ LIO ] Raw feature num: 2048, downsampled feature num:975 effective feature num: 944 average residual: 0.0310275
[ LIO ] Raw feature num: 2048, downsampled feature num:975 effective feature num: 944 average residual: 0.031026
[ LIO ] Raw feature num: 2048, downsampled feature num:971 effective feature num: 942 average residual: 0.0314768
[ LIO ] Raw feature num: 2048, downsampled feature num:971 effective feature num: 942 average residual: 0.0304699
[ LIO ] Raw feature num: 2048, downsampled feature num:971 effective feature num: 941 average residual: 0.0306774
[ LIO ] Raw feature num: 2048, downsampled feature num:971 effective feature num: 942 average residual: 0.0308065
[ LIO ] Raw feature num: 2048, downsampled feature num:971 effective feature num: 942 average residual: 0.0309722
[ LIO ] Raw feature num: 2048, downsampled feature num:968 effective feature num: 939 average residual: 0.0327497
[ LIO ] Raw feature num: 2048, downsampled feature num:968 effective feature num: 939 average residual: 0.0318088
[ LIO ] Raw feature num: 2048, downsampled feature num:968 effective feature num: 940 average residual: 0.033245
[ LIO ] Raw feature num: 2048, downsampled feature num:968 effective feature num: 941 average residual: 0.0336446
[ LIO ] Raw feature num: 2048, downsampled feature num:968 effective feature num: 939 average residual: 0.0334738
[ LIO ] Raw feature num: 2048, downsampled feature num:971 effective feature num: 939 average residual: 0.0353615
[ LIO ] Raw feature num: 2048, downsampled feature num:971 effective feature num: 928 average residual: 0.0315992
[ LIO ] Raw feature num: 2048, downsampled feature num:971 effective feature num: 904 average residual: 0.0326298
[ LIO ] Raw feature num: 2048, downsampled feature num:971 effective feature num: 901 average residual: 0.0301998
[ LIO ] Raw feature num: 2048, downsampled feature num:971 effective feature num: 902 average residual: 0.030175
[ LIO ] Raw feature num: 2048, downsampled feature num:957 effective feature num: 906 average residual: 0.0348892
[ LIO ] Raw feature num: 2048, downsampled feature num:957 effective feature num: 913 average residual: 0.0331584
[ LIO ] Raw feature num: 2048, downsampled feature num:957 effective feature num: 914 average residual: 0.033446
[ LIO ] Raw feature num: 2048, downsampled feature num:957 effective feature num: 915 average residual: 0.0326941
[ LIO ] Raw feature num: 2048, downsampled feature num:957 effective feature num: 915 average residual: 0.0325391
[ LIO ] Raw feature num: 2048, downsampled feature num:965 effective feature num: 922 average residual: 0.0365484
[ LIO ] Raw feature num: 2048, downsampled feature num:965 effective feature num: 925 average residual: 0.0339432
[ LIO ] Raw feature num: 2048, downsampled feature num:965 effective feature num: 932 average residual: 0.0291299
[ LIO ] Raw feature num: 2048, downsampled feature num:965 effective feature num: 934 average residual: 0.0299523
[ LIO ] Raw feature num: 2048, downsampled feature num:965 effective feature num: 934 average residual: 0.0306527
[ LIO ] Raw feature num: 2048, downsampled feature num:937 effective feature num: 913 average residual: 0.0375732
[ LIO ] Raw feature num: 2048, downsampled feature num:937 effective feature num: 912 average residual: 0.0304332
[ LIO ] Raw feature num: 2048, downsampled feature num:937 effective feature num: 913 average residual: 0.0313455
[ LIO ] Raw feature num: 2048, downsampled feature num:937 effective feature num: 913 average residual: 0.0323264
[ LIO ] Raw feature num: 2048, downsampled feature num:937 effective feature num: 910 average residual: 0.0322471
[ LIO ] Raw feature num: 2048, downsampled feature num:970 effective feature num: 943 average residual: 0.0374535
[ LIO ] Raw feature num: 2048, downsampled feature num:970 effective feature num: 938 average residual: 0.0325724
[ LIO ] Raw feature num: 2048, downsampled feature num:970 effective feature num: 940 average residual: 0.031223
[ LIO ] Raw feature num: 2048, downsampled feature num:970 effective feature num: 940 average residual: 0.0308112
[ LIO ] Raw feature num: 2048, downsampled feature num:970 effective feature num: 941 average residual: 0.0306736
[ LIO ] Raw feature num: 2048, downsampled feature num:951 effective feature num: 925 average residual: 0.032595
[ LIO ] Raw feature num: 2048, downsampled feature num:951 effective feature num: 926 average residual: 0.0304551
[ LIO ] Raw feature num: 2048, downsampled feature num:951 effective feature num: 927 average residual: 0.0301244
[ LIO ] Raw feature num: 2048, downsampled feature num:951 effective feature num: 927 average residual: 0.0301645
[ LIO ] Raw feature num: 2048, downsampled feature num:951 effective feature num: 928 average residual: 0.030347
[ LIO ] Raw feature num: 2048, downsampled feature num:957 effective feature num: 931 average residual: 0.0336892
[ LIO ] Raw feature num: 2048, downsampled feature num:957 effective feature num: 928 average residual: 0.0316056
[ LIO ] Raw feature num: 2048, downsampled feature num:957 effective feature num: 927 average residual: 0.0313232
[ LIO ] Raw feature num: 2048, downsampled feature num:957 effective feature num: 926 average residual: 0.0311964
[ LIO ] Raw feature num: 2048, downsampled feature num:957 effective feature num: 926 average residual: 0.0310861
[ LIO ] Raw feature num: 2048, downsampled feature num:928 effective feature num: 897 average residual: 0.0322555
[ LIO ] Raw feature num: 2048, downsampled feature num:928 effective feature num: 894 average residual: 0.0310205
[ LIO ] Raw feature num: 2048, downsampled feature num:928 effective feature num: 894 average residual: 0.0326096
[ LIO ] Raw feature num: 2048, downsampled feature num:928 effective feature num: 896 average residual: 0.0339384
[ LIO ] Raw feature num: 2048, downsampled feature num:928 effective feature num: 896 average residual: 0.0347357
[ LIO ] Raw feature num: 2048, downsampled feature num:937 effective feature num: 902 average residual: 0.0339671
[ LIO ] Raw feature num: 2048, downsampled feature num:937 effective feature num: 904 average residual: 0.0344007
[ LIO ] Raw feature num: 2048, downsampled feature num:937 effective feature num: 904 average residual: 0.0346089
[ LIO ] Raw feature num: 2048, downsampled feature num:937 effective feature num: 905 average residual: 0.0346822
[ LIO ] Raw feature num: 2048, downsampled feature num:937 effective feature num: 905 average residual: 0.0346969
[ LIO ] Raw feature num: 2048, downsampled feature num:956 effective feature num: 923 average residual: 0.0353642
[ LIO ] Raw feature num: 2048, downsampled feature num:956 effective feature num: 918 average residual: 0.0342859
[ LIO ] Raw feature num: 2048, downsampled feature num:956 effective feature num: 917 average residual: 0.0356956
[ LIO ] Raw feature num: 2048, downsampled feature num:956 effective feature num: 916 average residual: 0.0368246
[ LIO ] Raw feature num: 2048, downsampled feature num:956 effective feature num: 901 average residual: 0.0341752
[ LIO ] Raw feature num: 2048, downsampled feature num:941 effective feature num: 897 average residual: 0.0374403
[ LIO ] Raw feature num: 2048, downsampled feature num:941 effective feature num: 898 average residual: 0.0344421
[ LIO ] Raw feature num: 2048, downsampled feature num:941 effective feature num: 900 average residual: 0.0338989
[ LIO ] Raw feature num: 2048, downsampled feature num:941 effective feature num: 902 average residual: 0.0334588
[ LIO ] Raw feature num: 2048, downsampled feature num:941 effective feature num: 902 average residual: 0.033113
[ LIO ] Raw feature num: 2048, downsampled feature num:947 effective feature num: 913 average residual: 0.0377725
[ LIO ] Raw feature num: 2048, downsampled feature num:947 effective feature num: 917 average residual: 0.0315177
[ LIO ] Raw feature num: 2048, downsampled feature num:947 effective feature num: 921 average residual: 0.0310742
[ LIO ] Raw feature num: 2048, downsampled feature num:947 effective feature num: 922 average residual: 0.030861
[ LIO ] Raw feature num: 2048, downsampled feature num:947 effective feature num: 921 average residual: 0.0309544
[ LIO ] Raw feature num: 2048, downsampled feature num:942 effective feature num: 918 average residual: 0.0382796
[ LIO ] Raw feature num: 2048, downsampled feature num:942 effective feature num: 920 average residual: 0.0309178
[ LIO ] Raw feature num: 2048, downsampled feature num:942 effective feature num: 920 average residual: 0.0309575
[ LIO ] Raw feature num: 2048, downsampled feature num:942 effective feature num: 920 average residual: 0.0308898
[ LIO ] Raw feature num: 2048, downsampled feature num:942 effective feature num: 920 average residual: 0.03086
[ LIO ] Raw feature num: 2048, downsampled feature num:979 effective feature num: 952 average residual: 0.0365813
[ LIO ] Raw feature num: 2048, downsampled feature num:979 effective feature num: 956 average residual: 0.031475
[ LIO ] Raw feature num: 2048, downsampled feature num:979 effective feature num: 958 average residual: 0.0313024
[ LIO ] Raw feature num: 2048, downsampled feature num:979 effective feature num: 957 average residual: 0.0313927
[ LIO ] Raw feature num: 2048, downsampled feature num:979 effective feature num: 957 average residual: 0.0312739
[ LIO ] Raw feature num: 2048, downsampled feature num:957 effective feature num: 930 average residual: 0.0344988
[ LIO ] Raw feature num: 2048, downsampled feature num:957 effective feature num: 928 average residual: 0.0329192
[ LIO ] Raw feature num: 2048, downsampled feature num:957 effective feature num: 928 average residual: 0.0324351
[ LIO ] Raw feature num: 2048, downsampled feature num:957 effective feature num: 928 average residual: 0.0320582
[ LIO ] Raw feature num: 2048, downsampled feature num:957 effective feature num: 928 average residual: 0.0320292
[ LIO ] Raw feature num: 2048, downsampled feature num:956 effective feature num: 933 average residual: 0.0352142
[ LIO ] Raw feature num: 2048, downsampled feature num:956 effective feature num: 937 average residual: 0.0314294
[ LIO ] Raw feature num: 2048, downsampled feature num:956 effective feature num: 939 average residual: 0.0310974
[ LIO ] Raw feature num: 2048, downsampled feature num:956 effective feature num: 939 average residual: 0.0308492
[ LIO ] Raw feature num: 2048, downsampled feature num:956 effective feature num: 939 average residual: 0.0308143
[ LIO ] Raw feature num: 2048, downsampled feature num:970 effective feature num: 948 average residual: 0.0320962
[ LIO ] Raw feature num: 2048, downsampled feature num:970 effective feature num: 939 average residual: 0.0299871
[ LIO ] Raw feature num: 2048, downsampled feature num:970 effective feature num: 940 average residual: 0.0319053
[ LIO ] Raw feature num: 2048, downsampled feature num:970 effective feature num: 940 average residual: 0.0329675
[ LIO ] Raw feature num: 2048, downsampled feature num:970 effective feature num: 939 average residual: 0.0346435
[ LIO ] Raw feature num: 2048, downsampled feature num:954 effective feature num: 925 average residual: 0.0345339
[ LIO ] Raw feature num: 2048, downsampled feature num:954 effective feature num: 926 average residual: 0.0328726
[ LIO ] Raw feature num: 2048, downsampled feature num:954 effective feature num: 926 average residual: 0.0325784
[ LIO ] Raw feature num: 2048, downsampled feature num:954 effective feature num: 926 average residual: 0.0328078
[ LIO ] Raw feature num: 2048, downsampled feature num:954 effective feature num: 926 average residual: 0.0328402
[ LIO ] Raw feature num: 2048, downsampled feature num:959 effective feature num: 933 average residual: 0.0351303
[ LIO ] Raw feature num: 2048, downsampled feature num:959 effective feature num: 925 average residual: 0.0314008
[ LIO ] Raw feature num: 2048, downsampled feature num:959 effective feature num: 919 average residual: 0.0323673
[ LIO ] Raw feature num: 2048, downsampled feature num:959 effective feature num: 920 average residual: 0.0313451
[ LIO ] Raw feature num: 2048, downsampled feature num:959 effective feature num: 920 average residual: 0.0314031
[ LIO ] Raw feature num: 2048, downsampled feature num:949 effective feature num: 915 average residual: 0.0371714
[ LIO ] Raw feature num: 2048, downsampled feature num:949 effective feature num: 915 average residual: 0.0347561
[ LIO ] Raw feature num: 2048, downsampled feature num:949 effective feature num: 914 average residual: 0.0349712
[ LIO ] Raw feature num: 2048, downsampled feature num:949 effective feature num: 916 average residual: 0.0353548
[ LIO ] Raw feature num: 2048, downsampled feature num:949 effective feature num: 918 average residual: 0.033206
[ LIO ] Raw feature num: 2048, downsampled feature num:969 effective feature num: 938 average residual: 0.0356686
[ LIO ] Raw feature num: 2048, downsampled feature num:969 effective feature num: 938 average residual: 0.032643
[ LIO ] Raw feature num: 2048, downsampled feature num:969 effective feature num: 939 average residual: 0.0323054
[ LIO ] Raw feature num: 2048, downsampled feature num:969 effective feature num: 939 average residual: 0.0314331
[ LIO ] Raw feature num: 2048, downsampled feature num:969 effective feature num: 940 average residual: 0.0309648
[ LIO ] Raw feature num: 2048, downsampled feature num:956 effective feature num: 929 average residual: 0.0331516
[ LIO ] Raw feature num: 2048, downsampled feature num:956 effective feature num: 930 average residual: 0.0300314
[ LIO ] Raw feature num: 2048, downsampled feature num:956 effective feature num: 929 average residual: 0.0300854
[ LIO ] Raw feature num: 2048, downsampled feature num:956 effective feature num: 929 average residual: 0.0300852
[ LIO ] Raw feature num: 2048, downsampled feature num:940 effective feature num: 915 average residual: 0.0348978
[ LIO ] Raw feature num: 2048, downsampled feature num:940 effective feature num: 916 average residual: 0.0310976
[ LIO ] Raw feature num: 2048, downsampled feature num:940 effective feature num: 916 average residual: 0.0306582
[ LIO ] Raw feature num: 2048, downsampled feature num:940 effective feature num: 916 average residual: 0.0306522
[ LIO ] Raw feature num: 2048, downsampled feature num:940 effective feature num: 916 average residual: 0.0306522
[ LIO ] Raw feature num: 2048, downsampled feature num:963 effective feature num: 939 average residual: 0.0367467
[ LIO ] Raw feature num: 2048, downsampled feature num:963 effective feature num: 940 average residual: 0.0327516
[ LIO ] Raw feature num: 2048, downsampled feature num:963 effective feature num: 938 average residual: 0.0322124
[ LIO ] Raw feature num: 2048, downsampled feature num:963 effective feature num: 938 average residual: 0.0322152
[ LIO ] Raw feature num: 2048, downsampled feature num:963 effective feature num: 938 average residual: 0.0322152
[ LIO ] Raw feature num: 2048, downsampled feature num:953 effective feature num: 929 average residual: 0.0350869
[ LIO ] Raw feature num: 2048, downsampled feature num:953 effective feature num: 926 average residual: 0.0308058
[ LIO ] Raw feature num: 2048, downsampled feature num:953 effective feature num: 925 average residual: 0.0307066
[ LIO ] Raw feature num: 2048, downsampled feature num:953 effective feature num: 925 average residual: 0.0307065
[ LIO ] Raw feature num: 2048, downsampled feature num:953 effective feature num: 934 average residual: 0.0332312
[ LIO ] Raw feature num: 2048, downsampled feature num:953 effective feature num: 930 average residual: 0.0297008
[ LIO ] Raw feature num: 2048, downsampled feature num:953 effective feature num: 930 average residual: 0.029744
[ LIO ] Raw feature num: 2048, downsampled feature num:953 effective feature num: 930 average residual: 0.0295455
[ LIO ] Raw feature num: 2048, downsampled feature num:953 effective feature num: 930 average residual: 0.0297455
[ LIO ] Raw feature num: 2048, downsampled feature num:955 effective feature num: 932 average residual: 0.0329154
[ LIO ] Raw feature num: 2048, downsampled feature num:955 effective feature num: 929 average residual: 0.0311573
[ LIO ] Raw feature num: 2048, downsampled feature num:955 effective feature num: 931 average residual: 0.0325315
[ LIO ] Raw feature num: 2048, downsampled feature num:955 effective feature num: 928 average residual: 0.0351635
[ LIO ] Raw feature num: 2048, downsampled feature num:955 effective feature num: 929 average residual: 0.0355288
[ LIO ] Raw feature num: 2048, downsampled feature num:961 effective feature num: 930 average residual: 0.0366634
[ LIO ] Raw feature num: 2048, downsampled feature num:961 effective feature num: 932 average residual: 0.0316864
[ LIO ] Raw feature num: 2048, downsampled feature num:961 effective feature num: 932 average residual: 0.0315909
[ LIO ] Raw feature num: 2048, downsampled feature num:961 effective feature num: 932 average residual: 0.0316059
[ LIO ] Raw feature num: 2048, downsampled feature num:961 effective feature num: 932 average residual: 0.0316059
[ LIO ] Raw feature num: 2048, downsampled feature num:966 effective feature num: 942 average residual: 0.0326152
[ LIO ] Raw feature num: 2048, downsampled feature num:966 effective feature num: 942 average residual: 0.0300616
[ LIO ] Raw feature num: 2048, downsampled feature num:966 effective feature num: 942 average residual: 0.0300073
[ LIO ] Raw feature num: 2048, downsampled feature num:966 effective feature num: 943 average residual: 0.0301521
[ LIO ] Raw feature num: 2048, downsampled feature num:966 effective feature num: 943 average residual: 0.0300563
[ LIO ] Raw feature num: 2048, downsampled feature num:950 effective feature num: 924 average residual: 0.0322921
[ LIO ] Raw feature num: 2048, downsampled feature num:950 effective feature num: 925 average residual: 0.0298759
[ LIO ] Raw feature num: 2048, downsampled feature num:950 effective feature num: 925 average residual: 0.0300059
[ LIO ] Raw feature num: 2048, downsampled feature num:950 effective feature num: 925 average residual: 0.0300561
[ LIO ] Raw feature num: 2048, downsampled feature num:950 effective feature num: 925 average residual: 0.0300621
[ LIO ] Raw feature num: 2048, downsampled feature num:968 effective feature num: 946 average residual: 0.0321452
[ LIO ] Raw feature num: 2048, downsampled feature num:968 effective feature num: 946 average residual: 0.0281565
[ LIO ] Raw feature num: 2048, downsampled feature num:968 effective feature num: 946 average residual: 0.027421
[ LIO ] Raw feature num: 2048, downsampled feature num:968 effective feature num: 946 average residual: 0.027335
[ LIO ] Raw feature num: 2048, downsampled feature num:968 effective feature num: 946 average residual: 0.0273351
[ LIO ] Raw feature num: 2048, downsampled feature num:991 effective feature num: 967 average residual: 0.0296507
[ LIO ] Raw feature num: 2048, downsampled feature num:991 effective feature num: 968 average residual: 0.0268071
[ LIO ] Raw feature num: 2048, downsampled feature num:991 effective feature num: 967 average residual: 0.0269819
[ LIO ] Raw feature num: 2048, downsampled feature num:991 effective feature num: 967 average residual: 0.0269598
[ LIO ] Raw feature num: 2048, downsampled feature num:991 effective feature num: 967 average residual: 0.0269598
[ LIO ] Raw feature num: 2048, downsampled feature num:984 effective feature num: 960 average residual: 0.0303655
[ LIO ] Raw feature num: 2048, downsampled feature num:984 effective feature num: 961 average residual: 0.0254931
[ LIO ] Raw feature num: 2048, downsampled feature num:984 effective feature num: 961 average residual: 0.0253983
[ LIO ] Raw feature num: 2048, downsampled feature num:984 effective feature num: 961 average residual: 0.0253878
[ LIO ] Raw feature num: 2048, downsampled feature num:984 effective feature num: 961 average residual: 0.0253877
[ LIO ] Raw feature num: 2048, downsampled feature num:974 effective feature num: 954 average residual: 0.0271816
[ LIO ] Raw feature num: 2048, downsampled feature num:974 effective feature num: 954 average residual: 0.0241637
[ LIO ] Raw feature num: 2048, downsampled feature num:974 effective feature num: 955 average residual: 0.0238633
[ LIO ] Raw feature num: 2048, downsampled feature num:974 effective feature num: 954 average residual: 0.0237403
[ LIO ] Raw feature num: 2048, downsampled feature num:974 effective feature num: 954 average residual: 0.0237483
[ LIO ] Raw feature num: 2048, downsampled feature num:1000 effective feature num: 983 average residual: 0.0238967
[ LIO ] Raw feature num: 2048, downsampled feature num:1000 effective feature num: 982 average residual: 0.0229495
[ LIO ] Raw feature num: 2048, downsampled feature num:1000 effective feature num: 981 average residual: 0.0228243
[ LIO ] Raw feature num: 2048, downsampled feature num:1000 effective feature num: 980 average residual: 0.0229709
[ LIO ] Raw feature num: 2048, downsampled feature num:1000 effective feature num: 980 average residual: 0.0228697
[ LIO ] Raw feature num: 2048, downsampled feature num:1002 effective feature num: 984 average residual: 0.0230212
[ LIO ] Raw feature num: 2048, downsampled feature num:1002 effective feature num: 985 average residual: 0.0223809
[ LIO ] Raw feature num: 2048, downsampled feature num:1002 effective feature num: 984 average residual: 0.022566
[ LIO ] Raw feature num: 2048, downsampled feature num:1002 effective feature num: 985 average residual: 0.0227717
[ LIO ] Raw feature num: 2048, downsampled feature num:1002 effective feature num: 985 average residual: 0.0227725
[ LIO ] Raw feature num: 2048, downsampled feature num:1005 effective feature num: 985 average residual: 0.0223317
[ LIO ] Raw feature num: 2048, downsampled feature num:1005 effective feature num: 984 average residual: 0.0209278
[ LIO ] Raw feature num: 2048, downsampled feature num:1005 effective feature num: 985 average residual: 0.0210219
[ LIO ] Raw feature num: 2048, downsampled feature num:1005 effective feature num: 985 average residual: 0.0210294
[ LIO ] Raw feature num: 2048, downsampled feature num:1005 effective feature num: 985 average residual: 0.0210294
[ LIO ] Raw feature num: 2048, downsampled feature num:1011 effective feature num: 990 average residual: 0.0216298
[ LIO ] Raw feature num: 2048, downsampled feature num:1011 effective feature num: 989 average residual: 0.0205229
[ LIO ] Raw feature num: 2048, downsampled feature num:1011 effective feature num: 989 average residual: 0.0206168
[ LIO ] Raw feature num: 2048, downsampled feature num:1011 effective feature num: 989 average residual: 0.0206399
[ LIO ] Raw feature num: 2048, downsampled feature num:1011 effective feature num: 989 average residual: 0.0206398
[ LIO ] Raw feature num: 2048, downsampled feature num:1017 effective feature num: 995 average residual: 0.0219713
[ LIO ] Raw feature num: 2048, downsampled feature num:1017 effective feature num: 995 average residual: 0.020287
[ LIO ] Raw feature num: 2048, downsampled feature num:1017 effective feature num: 996 average residual: 0.0201266
[ LIO ] Raw feature num: 2048, downsampled feature num:1017 effective feature num: 997 average residual: 0.0201285
[ LIO ] Raw feature num: 2048, downsampled feature num:1017 effective feature num: 997 average residual: 0.020057
[ LIO ] Raw feature num: 2048, downsampled feature num:1014 effective feature num: 991 average residual: 0.018836
[ LIO ] Raw feature num: 2048, downsampled feature num:1014 effective feature num: 992 average residual: 0.018442
[ LIO ] Raw feature num: 2048, downsampled feature num:1014 effective feature num: 992 average residual: 0.0183575
[ LIO ] Raw feature num: 2048, downsampled feature num:1014 effective feature num: 992 average residual: 0.0183657
[ LIO ] Raw feature num: 2048, downsampled feature num:1003 effective feature num: 986 average residual: 0.0182133
[ LIO ] Raw feature num: 2048, downsampled feature num:1003 effective feature num: 985 average residual: 0.01764
[ LIO ] Raw feature num: 2048, downsampled feature num:1003 effective feature num: 985 average residual: 0.0176432
[ LIO ] Raw feature num: 2048, downsampled feature num:1003 effective feature num: 985 average residual: 0.0176431
[ LIO ] Raw feature num: 2048, downsampled feature num:1019 effective feature num: 998 average residual: 0.0182224
[ LIO ] Raw feature num: 2048, downsampled feature num:1019 effective feature num: 999 average residual: 0.0180233
[ LIO ] Raw feature num: 2048, downsampled feature num:1019 effective feature num: 999 average residual: 0.0180537
[ LIO ] Raw feature num: 2048, downsampled feature num:1019 effective feature num: 999 average residual: 0.0180525
[ LIO ] Raw feature num: 2048, downsampled feature num:1027 effective feature num: 1010 average residual: 0.0179215
[ LIO ] Raw feature num: 2048, downsampled feature num:1027 effective feature num: 1009 average residual: 0.0177042
[ LIO ] Raw feature num: 2048, downsampled feature num:1027 effective feature num: 1009 average residual: 0.0175748
[ LIO ] Raw feature num: 2048, downsampled feature num:1027 effective feature num: 1009 average residual: 0.0175797
[ LIO ] Raw feature num: 2048, downsampled feature num:1027 effective feature num: 1009 average residual: 0.0175811
[ LIO ] Raw feature num: 2048, downsampled feature num:1022 effective feature num: 1008 average residual: 0.0173295
[ LIO ] Raw feature num: 2048, downsampled feature num:1022 effective feature num: 1008 average residual: 0.0176327
[ LIO ] Raw feature num: 2048, downsampled feature num:1022 effective feature num: 1008 average residual: 0.0175782
[ LIO ] Raw feature num: 2048, downsampled feature num:980 effective feature num: 966 average residual: 0.0176416
[ LIO ] Raw feature num: 2048, downsampled feature num:980 effective feature num: 967 average residual: 0.0176708
[ LIO ] Raw feature num: 2048, downsampled feature num:980 effective feature num: 967 average residual: 0.0177438
[ LIO ] Raw feature num: 2048, downsampled feature num:980 effective feature num: 967 average residual: 0.0177436
[ LIO ] Raw feature num: 2048, downsampled feature num:1005 effective feature num: 988 average residual: 0.0167566
[ LIO ] Raw feature num: 2048, downsampled feature num:1005 effective feature num: 989 average residual: 0.0173359
[ LIO ] Raw feature num: 2048, downsampled feature num:1005 effective feature num: 989 average residual: 0.017336
[ LIO ] Raw feature num: 2048, downsampled feature num:1005 effective feature num: 990 average residual: 0.0173517
[ LIO ] Raw feature num: 2048, downsampled feature num:1005 effective feature num: 990 average residual: 0.0173505
[ LIO ] Raw feature num: 2048, downsampled feature num:993 effective feature num: 978 average residual: 0.0172168
[ LIO ] Raw feature num: 2048, downsampled feature num:993 effective feature num: 978 average residual: 0.0173862
[ LIO ] Raw feature num: 2048, downsampled feature num:993 effective feature num: 978 average residual: 0.017491
[ LIO ] Raw feature num: 2048, downsampled feature num:993 effective feature num: 978 average residual: 0.0174914
[ LIO ] Raw feature num: 2048, downsampled feature num:998 effective feature num: 983 average residual: 0.0173214
[ LIO ] Raw feature num: 2048, downsampled feature num:998 effective feature num: 983 average residual: 0.0175873
[ LIO ] Raw feature num: 2048, downsampled feature num:998 effective feature num: 983 average residual: 0.0175891
[ LIO ] Raw feature num: 2048, downsampled feature num:997 effective feature num: 982 average residual: 0.0170145
[ LIO ] Raw feature num: 2048, downsampled feature num:997 effective feature num: 982 average residual: 0.0170554
[ LIO ] Raw feature num: 2048, downsampled feature num:997 effective feature num: 982 average residual: 0.0170392
[ LIO ] Raw feature num: 2048, downsampled feature num:997 effective feature num: 982 average residual: 0.0170384
[ LIO ] Raw feature num: 2048, downsampled feature num:982 effective feature num: 966 average residual: 0.0170259
[ LIO ] Raw feature num: 2048, downsampled feature num:982 effective feature num: 966 average residual: 0.0171778
[ LIO ] Raw feature num: 2048, downsampled feature num:982 effective feature num: 966 average residual: 0.0171718
[ LIO ] Raw feature num: 2048, downsampled feature num:982 effective feature num: 966 average residual: 0.0171718
[ LIO ] Raw feature num: 2048, downsampled feature num:980 effective feature num: 964 average residual: 0.0164679
[ LIO ] Raw feature num: 2048, downsampled feature num:980 effective feature num: 966 average residual: 0.0166597
[ LIO ] Raw feature num: 2048, downsampled feature num:980 effective feature num: 966 average residual: 0.0166332
[ LIO ] Raw feature num: 2048, downsampled feature num:980 effective feature num: 966 average residual: 0.0167636
[ LIO ] Raw feature num: 2048, downsampled feature num:980 effective feature num: 966 average residual: 0.0166464
[ LIO ] Raw feature num: 2048, downsampled feature num:1000 effective feature num: 984 average residual: 0.0160707
[ LIO ] Raw feature num: 2048, downsampled feature num:1000 effective feature num: 984 average residual: 0.0161579
[ LIO ] Raw feature num: 2048, downsampled feature num:1000 effective feature num: 984 average residual: 0.0162588
[ LIO ] Raw feature num: 2048, downsampled feature num:1000 effective feature num: 984 average residual: 0.0162642
[ LIO ] Raw feature num: 2048, downsampled feature num:1009 effective feature num: 988 average residual: 0.016747
[ LIO ] Raw feature num: 2048, downsampled feature num:1009 effective feature num: 987 average residual: 0.0167643
[ LIO ] Raw feature num: 2048, downsampled feature num:1009 effective feature num: 987 average residual: 0.0167596
[ LIO ] Raw feature num: 2048, downsampled feature num:1009 effective feature num: 987 average residual: 0.0167595
[ LIO ] Raw feature num: 2047, downsampled feature num:1010 effective feature num: 991 average residual: 0.0159221
[ LIO ] Raw feature num: 2047, downsampled feature num:1010 effective feature num: 991 average residual: 0.0161911
[ LIO ] Raw feature num: 2047, downsampled feature num:1010 effective feature num: 991 average residual: 0.0161988
[ LIO ] Raw feature num: 2047, downsampled feature num:1010 effective feature num: 991 average residual: 0.0161988
[ LIO ] Raw feature num: 2047, downsampled feature num:987 effective feature num: 968 average residual: 0.0162956
[ LIO ] Raw feature num: 2047, downsampled feature num:987 effective feature num: 968 average residual: 0.0158682
[ LIO ] Raw feature num: 2047, downsampled feature num:987 effective feature num: 968 average residual: 0.0159004
[ LIO ] Raw feature num: 2047, downsampled feature num:988 effective feature num: 968 average residual: 0.0149458
[ LIO ] Raw feature num: 2047, downsampled feature num:988 effective feature num: 969 average residual: 0.0150153
[ LIO ] Raw feature num: 2047, downsampled feature num:988 effective feature num: 969 average residual: 0.0150149
[ LIO ] Raw feature num: 2047, downsampled feature num:998 effective feature num: 974 average residual: 0.0145955
[ LIO ] Raw feature num: 2047, downsampled feature num:998 effective feature num: 974 average residual: 0.0146435
[ LIO ] Raw feature num: 2047, downsampled feature num:998 effective feature num: 974 average residual: 0.0147393
[ LIO ] Raw feature num: 2047, downsampled feature num:998 effective feature num: 974 average residual: 0.0147391
[ LIO ] Raw feature num: 2047, downsampled feature num:994 effective feature num: 971 average residual: 0.0162877
[ LIO ] Raw feature num: 2047, downsampled feature num:994 effective feature num: 972 average residual: 0.0150155
[ LIO ] Raw feature num: 2047, downsampled feature num:994 effective feature num: 972 average residual: 0.0149744
[ LIO ] Raw feature num: 2047, downsampled feature num:994 effective feature num: 972 average residual: 0.0149744
[ LIO ] Raw feature num: 2046, downsampled feature num:1011 effective feature num: 988 average residual: 0.0120226
[ LIO ] Raw feature num: 2046, downsampled feature num:1011 effective feature num: 989 average residual: 0.0116458
[ LIO ] Raw feature num: 2046, downsampled feature num:1011 effective feature num: 989 average residual: 0.0115744
[ LIO ] Raw feature num: 2046, downsampled feature num:1011 effective feature num: 989 average residual: 0.011568
[ LIO ] Raw feature num: 2046, downsampled feature num:975 effective feature num: 950 average residual: 0.00972104
[ LIO ] Raw feature num: 2046, downsampled feature num:975 effective feature num: 950 average residual: 0.00940133
[ LIO ] Raw feature num: 2046, downsampled feature num:975 effective feature num: 950 average residual: 0.00940092
[ LIO ] Raw feature num: 2046, downsampled feature num:996 effective feature num: 978 average residual: 0.009659
[ LIO ] Raw feature num: 2046, downsampled feature num:996 effective feature num: 976 average residual: 0.00922747
[ LIO ] Raw feature num: 2046, downsampled feature num:996 effective feature num: 976 average residual: 0.00921223
[ LIO ] Raw feature num: 2046, downsampled feature num:996 effective feature num: 976 average residual: 0.00921222
[ LIO ] Raw feature num: 2044, downsampled feature num:993 effective feature num: 982 average residual: 0.00767252
[ LIO ] Raw feature num: 2044, downsampled feature num:993 effective feature num: 982 average residual: 0.00746343
[ LIO ] Raw feature num: 2044, downsampled feature num:993 effective feature num: 982 average residual: 0.00746346
[ LIO ] Raw feature num: 2044, downsampled feature num:990 effective feature num: 977 average residual: 0.00677387
[ LIO ] Raw feature num: 2044, downsampled feature num:990 effective feature num: 975 average residual: 0.00677132
[ LIO ] Raw feature num: 2044, downsampled feature num:990 effective feature num: 976 average residual: 0.00681905
[ LIO ] Raw feature num: 2045, downsampled feature num:974 effective feature num: 964 average residual: 0.00607239
[ LIO ] Raw feature num: 2045, downsampled feature num:974 effective feature num: 963 average residual: 0.00549376
[ LIO ] Raw feature num: 2045, downsampled feature num:974 effective feature num: 963 average residual: 0.00545241
[ LIO ] Raw feature num: 2045, downsampled feature num:974 effective feature num: 963 average residual: 0.00543018
[ LIO ] Raw feature num: 2045, downsampled feature num:974 effective feature num: 963 average residual: 0.00541445
[ LIO ] Raw feature num: 2044, downsampled feature num:971 effective feature num: 969 average residual: 0.00530371
[ LIO ] Raw feature num: 2044, downsampled feature num:971 effective feature num: 969 average residual: 0.00435312
[ LIO ] Raw feature num: 2044, downsampled feature num:971 effective feature num: 969 average residual: 0.00433426
[ LIO ] Raw feature num: 2045, downsampled feature num:970 effective feature num: 969 average residual: 0.00481635
[ LIO ] Raw feature num: 2045, downsampled feature num:970 effective feature num: 969 average residual: 0.00423724
[ LIO ] Raw feature num: 2045, downsampled feature num:970 effective feature num: 969 average residual: 0.00423624
[ LIO ] Raw feature num: 2044, downsampled feature num:965 effective feature num: 963 average residual: 0.00375708
[ LIO ] Raw feature num: 2044, downsampled feature num:965 effective feature num: 962 average residual: 0.00354813
[ LIO ] Raw feature num: 2044, downsampled feature num:965 effective feature num: 962 average residual: 0.003548
[ LIO ] Raw feature num: 2044, downsampled feature num:983 effective feature num: 981 average residual: 0.00435935
[ LIO ] Raw feature num: 2044, downsampled feature num:983 effective feature num: 981 average residual: 0.00362354
[ LIO ] Raw feature num: 2044, downsampled feature num:983 effective feature num: 981 average residual: 0.00361857
[ LIO ] Raw feature num: 2044, downsampled feature num:977 effective feature num: 973 average residual: 0.0040348
[ LIO ] Raw feature num: 2044, downsampled feature num:977 effective feature num: 973 average residual: 0.00316995
[ LIO ] Raw feature num: 2044, downsampled feature num:977 effective feature num: 973 average residual: 0.00318322
[ LIO ] Raw feature num: 2044, downsampled feature num:977 effective feature num: 973 average residual: 0.00318322
[ LIO ] Raw feature num: 2044, downsampled feature num:978 effective feature num: 975 average residual: 0.00385542
[ LIO ] Raw feature num: 2044, downsampled feature num:978 effective feature num: 975 average residual: 0.00324227
[ LIO ] Raw feature num: 2044, downsampled feature num:978 effective feature num: 975 average residual: 0.00324894
[ LIO ] Raw feature num: 2043, downsampled feature num:979 effective feature num: 979 average residual: 0.00318616
[ LIO ] Raw feature num: 2043, downsampled feature num:979 effective feature num: 979 average residual: 0.00267842
[ LIO ] Raw feature num: 2043, downsampled feature num:979 effective feature num: 979 average residual: 0.00267934
