[WARN][AppLauncher]: There are no arguments attached to the ArgumentParser object. If you have your own arguments, please load your own arguments before calling the `AppLauncher.add_app_launcher_args` method. This allows the method to check the validity of the arguments and perform checks for argument names.
[ice-exposure] run 2026-09-16_07-46-31_ppo-ice-placed-blind-s0 -> task Velocity-BHL-Biped-Ice-v0 (no depth_cam, ice_0 diffuse (0.55, 0.57, 0.6))
Loading user config located at: '/nfs/hpc/share/sanchej7/Humanoid_Lite/venv/lib/python3.11/site-packages/isaacsim/kit/data/Kit/Isaac-Sim/5.1/user.config.json'
[Info] [carb] Logging to file: /nfs/hpc/share/sanchej7/Humanoid_Lite/venv/lib/python3.11/site-packages/isaacsim/kit/logs/Kit/Isaac-Sim/5.1/kit_20260923_122738.log
2026-09-23T19:27:38Z [8ms] [Warning] [carb.crashreporter-breakpad.plugin] [previous crash] preventing upload of minidump due to user opt-out: '/nfs/hpc/share/sanchej7/Humanoid_Lite/venv/lib/python3.11/site-packages/isaacsim/kit/data/Kit/Isaac-Sim/5.1/63613e7b-8759-4371-bf5346a7-b13b68d1.dmp'
2026-09-23T19:27:38Z [12ms] [Warning] [carb.crashreporter-breakpad.plugin] [previous crash] preventing upload of minidump due to user opt-out: '/nfs/hpc/share/sanchej7/Humanoid_Lite/venv/lib/python3.11/site-packages/isaacsim/kit/data/Kit/Isaac-Sim/5.1/d978d7b9-20c7-40fe-688afcbc-45f2ecc9.dmp'
2026-09-23T19:27:38Z [14ms] [Warning] [carb.crashreporter-breakpad.plugin] [previous crash] preventing upload of minidump due to user opt-out: '/nfs/hpc/share/sanchej7/Humanoid_Lite/venv/lib/python3.11/site-packages/isaacsim/kit/data/Kit/Isaac-Sim/5.1/44ceda51-020d-418f-ad61b8ae-9f1889a1.dmp'
2026-09-23T19:27:38Z [15ms] [Warning] [carb.crashreporter-breakpad.plugin] [previous crash] preventing upload of minidump due to user opt-out: '/nfs/hpc/share/sanchej7/Humanoid_Lite/venv/lib/python3.11/site-packages/isaacsim/kit/data/Kit/Isaac-Sim/5.1/16b0e915-468a-41e6-967782b5-166e54a1.dmp'
2026-09-23T19:27:38Z [18ms] [Warning] [carb.crashreporter-breakpad.plugin] [previous crash] preventing upload of minidump due to user opt-out: '/nfs/hpc/share/sanchej7/Humanoid_Lite/venv/lib/python3.11/site-packages/isaacsim/kit/data/Kit/Isaac-Sim/5.1/803da406-5dc1-4faa-7ccdbd93-2d63002f.dmp'
2026-09-23T19:27:38Z [20ms] [Warning] [carb.crashreporter-breakpad.plugin] [previous crash] preventing upload of minidump due to user opt-out: '/nfs/hpc/share/sanchej7/Humanoid_Lite/venv/lib/python3.11/site-packages/isaacsim/kit/data/Kit/Isaac-Sim/5.1/fa36c916-5227-4679-c5cdd0b2-9c0e2924.dmp'
2026-09-23T19:27:38Z [23ms] [Warning] [carb.crashreporter-breakpad.plugin] [previous crash] preventing upload of minidump due to user opt-out: '/nfs/hpc/share/sanchej7/Humanoid_Lite/venv/lib/python3.11/site-packages/isaacsim/kit/data/Kit/Isaac-Sim/5.1/5d094fad-4085-4685-35f927bf-d40c26bb.dmp'
2026-09-23T19:27:38Z [26ms] [Warning] [carb.crashreporter-breakpad.plugin] [previous crash] preventing upload of minidump due to user opt-out: '/nfs/hpc/share/sanchej7/Humanoid_Lite/venv/lib/python3.11/site-packages/isaacsim/kit/data/Kit/Isaac-Sim/5.1/b6ddc6c8-c45e-41f1-66f10b81-fb56cd6b.dmp'
2026-09-23T19:27:38Z [28ms] [Warning] [carb.crashreporter-breakpad.plugin] [previous crash] preventing upload of minidump due to user opt-out: '/nfs/hpc/share/sanchej7/Humanoid_Lite/venv/lib/python3.11/site-packages/isaacsim/kit/data/Kit/Isaac-Sim/5.1/95e36d9c-d997-4a94-37e071a6-e76340bd.dmp'
2026-09-23T19:27:38Z [29ms] [Warning] [carb.crashreporter-breakpad.plugin] [previous crash] preventing upload of minidump due to user opt-out: '/nfs/hpc/share/sanchej7/Humanoid_Lite/venv/lib/python3.11/site-packages/isaacsim/kit/data/Kit/Isaac-Sim/5.1/6ae9510b-191b-4e41-2464af8b-ea1710c5.dmp'
2026-09-23T19:27:38Z [31ms] [Warning] [carb.crashreporter-breakpad.plugin] [previous crash] preventing upload of minidump due to user opt-out: '/nfs/hpc/share/sanchej7/Humanoid_Lite/venv/lib/python3.11/site-packages/isaacsim/kit/data/Kit/Isaac-Sim/5.1/d32f8e76-8ec4-42a6-f779e38a-1fc195e3.dmp'
2026-09-23T19:27:38Z [33ms] [Warning] [carb.crashreporter-breakpad.plugin] [previous crash] preventing upload of minidump due to user opt-out: '/nfs/hpc/share/sanchej7/Humanoid_Lite/venv/lib/python3.11/site-packages/isaacsim/kit/data/Kit/Isaac-Sim/5.1/5920b44d-27f4-4601-9516af85-3caae0d2.dmp'
2026-09-23T19:27:38Z [35ms] [Warning] [carb.crashreporter-breakpad.plugin] [previous crash] preventing upload of minidump due to user opt-out: '/nfs/hpc/share/sanchej7/Humanoid_Lite/venv/lib/python3.11/site-packages/isaacsim/kit/data/Kit/Isaac-Sim/5.1/0af54216-434e-4644-2265ed95-d221c0c0.dmp'
2026-09-23T19:27:38Z [36ms] [Warning] [carb.crashreporter-breakpad.plugin] [previous crash] preventing upload of minidump due to user opt-out: '/nfs/hpc/share/sanchej7/Humanoid_Lite/venv/lib/python3.11/site-packages/isaacsim/kit/data/Kit/Isaac-Sim/5.1/5933a686-58e4-4f89-bbce209c-084bcef8.dmp'
2026-09-23T19:27:38Z [38ms] [Warning] [carb.crashreporter-breakpad.plugin] [previous crash] preventing upload of minidump due to user opt-out: '/nfs/hpc/share/sanchej7/Humanoid_Lite/venv/lib/python3.11/site-packages/isaacsim/kit/data/Kit/Isaac-Sim/5.1/b39b435c-a21c-4f5e-d6f002ab-3afe0484.dmp'
2026-09-23T19:27:38Z [40ms] [Warning] [carb.crashreporter-breakpad.plugin] [previous crash] preventing upload of minidump due to user opt-out: '/nfs/hpc/share/sanchej7/Humanoid_Lite/venv/lib/python3.11/site-packages/isaacsim/kit/data/Kit/Isaac-Sim/5.1/46ef5fa7-9c0a-4092-be442aa9-59521f1f.dmp'
2026-09-23T19:27:38Z [43ms] [Warning] [carb.crashreporter-breakpad.plugin] [previous crash] preventing upload of minidump due to user opt-out: '/nfs/hpc/share/sanchej7/Humanoid_Lite/venv/lib/python3.11/site-packages/isaacsim/kit/data/Kit/Isaac-Sim/5.1/8f50649c-59c1-4132-d445fd83-d772859a.dmp'
2026-09-23T19:27:38Z [46ms] [Warning] [carb.crashreporter-breakpad.plugin] [previous crash] preventing upload of minidump due to user opt-out: '/nfs/hpc/share/sanchej7/Humanoid_Lite/venv/lib/python3.11/site-packages/isaacsim/kit/data/Kit/Isaac-Sim/5.1/c5ef1610-ef44-45e3-ff9c68bc-164e7944.dmp'
2026-09-23T19:27:38Z [49ms] [Warning] [carb.crashreporter-breakpad.plugin] [previous crash] preventing upload of minidump due to user opt-out: '/nfs/hpc/share/sanchej7/Humanoid_Lite/venv/lib/python3.11/site-packages/isaacsim/kit/data/Kit/Isaac-Sim/5.1/62a3bd3c-dc11-491b-81c2429b-f14cc2e2.dmp'
2026-09-23T19:27:38Z [52ms] [Warning] [carb.crashreporter-breakpad.plugin] [previous crash] preventing upload of minidump due to user opt-out: '/nfs/hpc/share/sanchej7/Humanoid_Lite/venv/lib/python3.11/site-packages/isaacsim/kit/data/Kit/Isaac-Sim/5.1/92807cd9-eedb-4309-78bfe58c-182d510a.dmp'
2026-09-23T19:27:38Z [55ms] [Warning] [carb.crashreporter-breakpad.plugin] [previous crash] preventing upload of minidump due to user opt-out: '/nfs/hpc/share/sanchej7/Humanoid_Lite/venv/lib/python3.11/site-packages/isaacsim/kit/data/Kit/Isaac-Sim/5.1/49dd57b6-8469-4851-dfd814a6-cc4a7c5a.dmp'
2026-09-23T19:27:41Z [2,910ms] [Warning] [omni.usd_config.extension] Enable omni.materialx.libs extension to use MaterialX
2026-09-23T19:27:43Z [5,516ms] [Warning] [omni.platforminfo.plugin] failed to open the default display.  Can't verify X Server version.
2026-09-23T19:27:45Z [6,758ms] [Warning] [carb] Acquiring non optional plugin interface which is not listed as dependency: [omni::physx::IPhysxBenchmarks v1.0] (plugin: <default plugin>), by client: omni.physics.physx.plugin. Add it to CARB_PLUGIN_IMPL_DEPS() macro of a client.
2026-09-23T19:27:45Z [6,813ms] [Warning] [omni.isaac.dynamic_control] omni.isaac.dynamic_control is deprecated as of Isaac Sim 4.5. No action is needed from end-users.
2026-09-23T19:28:00Z [21,994ms] [Warning] [carb.cudainterop.plugin] CUDA_VISIBLE_DEVICES environment variable is set.
2026-09-23T19:28:00Z [21,994ms] [Warning] [carb.cudainterop.plugin] Note CUDA device enumeration and Omniverse device enumeration are different.
2026-09-23T19:28:00Z [21,994ms] [Warning] [carb.cudainterop.plugin] Setting CUDA_VISIBLE_DEVICES can lead to undesired behavior or crashes.

|---------------------------------------------------------------------------------------------|
| Driver Version: 595.71.05     | Graphics API: Vulkan
|=============================================================================================|
| GPU | Name                             | Active | LDA | GPU Memory | Vendor-ID | LUID       |
|     |                                  |        |     |            | Device-ID | UUID       |
|     |                                  |        |     |            | Bus-ID    |            |
|---------------------------------------------------------------------------------------------|
| 0cat: '/sys/devices/system/cpu/cpu*/cpufreq/scaling_governor': No such file or directory
[INFO][AppLauncher]: Using device: cuda:0
[INFO][AppLauncher]: Loading experience file: /nfs/hpc/share/sanchej7/Humanoid_Lite/venv/lib/python3.11/site-packages/isaaclab/apps/isaaclab.python.headless.kit

[36m=======================================================================================================[0m
[36m[1m[INFO][IsaacLab]: Logging to file: /scratch/sanchej7/tmp/isaaclab/logs/isaaclab_2026-09-23_12-28-07.log[0m
[36m=======================================================================================================[0m

[33m12:28:07 [simulation_context.py] WARNING: The `disable_contact_processing` attribute is deprecated and always set to True to avoid unnecessary overhead. Contact processing is automatically enabled when a contact sensor is created, so manual configuration is no longer required.[0m
[33m12:28:07 [simulation_context.py] WARNING: The `enable_external_forces_every_iteration` parameter in the PhysxCfg is set to False. If you are experiencing noisy velocities, consider enabling this flag. You may need to slightly increase the number of velocity iterations (setting it to 1 or 2 rather than 0), together with this flag, to improve the accuracy of velocity updates.[0m
[INFO]: Base environment:
	Environment device    : cuda:0
	Environment seed      : 0
	Physics step-size     : 0.005
	Rendering step-size   : 0.02
	Environment step-size : 0.04
[33m12:28:07 [manager_based_env.py] WARNING: The render interval (4) is smaller than the decimation (8). Multiple render calls will happen for each environment step. If this is not intended, set the render interval to be equal to the decimation.[0m
[INFO] Generating terrains based on curriculum took : 1.203147 seconds
[INFO]: Time taken for scene creation : 3.514770 seconds
[INFO]: Scene manager:  <class InteractiveScene>
	Number of environments: 64
	Environment spacing   : 2.5
	Source prim name      : /World/envs/env_0
	Global prim paths     : ['/World/ground']
	Replicate physics     : True
[INFO]: Starting the simulation. This may take a few seconds. Please wait...
[33m12:28:12 [actuator_pd.py] WARNING: The <ImplicitActuatorCfg> object has a value for 'effort_limit'. This parameter will be removed in the future. To set the effort limit, please use 'effort_limit_sim' instead.[0m
[33m12:28:12 [actuator_pd.py] WARNING: The <ImplicitActuatorCfg> object has a value for 'velocity_limit'. Previously, although this value was specified, it was not getting used by implicit actuators. Since this parameter affects the simulation behavior, we continue to not use it. This parameter will be removed in the future. To set the velocity limit, please use 'velocity_limit_sim' instead.[0m
/nfs/hpc/share/sanchej7/Humanoid_Lite/venv/lib/python3.11/site-packages/rsl_rl/utils/utils.py:244: UserWarning: The observation configuration dictionary 'obs_groups' must contain the 'policy' key. As an observation group with the name 'policy' was found, this is assumed to be the observation set. Consider adding the 'policy' key to the 'obs_groups' dictionary for clarity. This behavior will be removed in a future version.
  warnings.warn(
/nfs/hpc/share/sanchej7/Humanoid_Lite/venv/lib/python3.11/site-packages/rsl_rl/utils/utils.py:282: UserWarning: The observation configuration dictionary 'obs_groups' must contain the 'critic' key. As an observation group with the name 'critic' was found, this is assumed to be the observation set. Consider adding the 'critic' key to the 'obs_groups' dictionary for clarity. This behavior will be removed in a future version.
  warnings.warn(
[INFO]: Time taken for simulation start : 2.250817 seconds
[INFO] Command Manager:  <CommandManager> contains 1 active terms.
+------------------------------------------------+
|              Active Command Terms              |
+-------+---------------+------------------------+
| Index | Name          |          Type          |
+-------+---------------+------------------------+
|   0   | base_velocity | UniformVelocityCommand |
+-------+---------------+------------------------+

[INFO] Event Manager:  <EventManager> contains 2 active terms.
+--------------------------------------------+
|   Active Event Terms in Mode: 'startup'    |
+-------+------------------------------------+
| Index | Name                               |
+-------+------------------------------------+
|   0   | physics_material                   |
|   1   | add_base_mass                      |
|   2   | add_all_joint_default_pos          |
|   3   | scale_all_actuator_torque_constant |
+-------+------------------------------------+
+---------------------------------------+
|  Active Event Terms in Mode: 'reset'  |
+--------+------------------------------+
| Index  | Name                         |
+--------+------------------------------+
|   0    | reset_base                   |
|   1    | reset_robot_joints           |
|   2    | base_external_force_torque   |
|   3    | reset_ice                    |
+--------+------------------------------+

[INFO] Recorder Manager:  <RecorderManager> contains 0 active terms.
+---------------------+
| Active Recorder Terms |
+-----------+---------+
|   Index   | Name    |
+-----------+---------+
+-----------+---------+

[INFO] Action Manager:  <ActionManager> contains 1 active terms.
+------------------------------------+
|  Active Action Terms (shape: 12)   |
+--------+-------------+-------------+
| Index  | Name        |   Dimension |
+--------+-------------+-------------+
|   0    | joint_pos   |          12 |
+--------+-------------+-------------+

[INFO] Observation Manager: <ObservationManager> contains 2 groups.
+---------------------------------------------------------+
| Active Observation Terms in Group: 'policy' (shape: (45,)) |
+-----------+---------------------------------+-----------+
|   Index   | Name                            |   Shape   |
+-----------+---------------------------------+-----------+
|     0     | velocity_commands               |    (3,)   |
|     1     | base_ang_vel                    |    (3,)   |
|     2     | projected_gravity               |    (3,)   |
|     3     | joint_pos                       |   (12,)   |
|     4     | joint_vel                       |   (12,)   |
|     5     | actions                         |   (12,)   |
+-----------+---------------------------------+-----------+
+---------------------------------------------------------+
| Active Observation Terms in Group: 'critic' (shape: (48,)) |
+-----------+---------------------------------+-----------+
|   Index   | Name                            |   Shape   |
+-----------+---------------------------------+-----------+
|     0     | velocity_commands               |    (3,)   |
|     1     | base_ang_vel                    |    (3,)   |
|     2     | projected_gravity               |    (3,)   |
|     3     | joint_pos                       |   (12,)   |
|     4     | joint_vel                       |   (12,)   |
|     5     | actions                         |   (12,)   |
|     6     | base_lin_vel                    |    (3,)   |
+-----------+---------------------------------+-----------+

[INFO] Termination Manager:  <TerminationManager> contains 2 active terms.
+-------------------------------------+
|       Active Termination Terms      |
+-------+------------------+----------+
| Index | Name             | Time Out |
+-------+------------------+----------+
|   0   | time_out         |   True   |
|   1   | base_orientation |  False   |
+-------+------------------+----------+

[INFO] Reward Manager:  <RewardManager> contains 15 active terms.
+---------------------------------------------+
|             Active Reward Terms             |
+-------+----------------------------+--------+
| Index | Name                       | Weight |
+-------+----------------------------+--------+
|   0   | track_lin_vel_xy_exp       |    2.0 |
|   1   | track_ang_vel_z_exp        |    1.0 |
|   2   | termination_penalty        |  -10.0 |
|   3   | lin_vel_z_l2               |   -0.1 |
|   4   | ang_vel_xy_l2              |  -0.05 |
|   5   | flat_orientation_l2        |   -2.0 |
|   6   | action_rate_l2             |  -0.01 |
|   7   | dof_torques_l2             | -0.002 |
|   8   | dof_acc_l2                 | -1e-06 |
|   9   | dof_pos_limits             |   -1.0 |
|   10  | feet_air_time              |    1.0 |
|   11  | feet_slide                 |   -0.1 |
|   12  | undesired_contacts         |   -1.0 |
|   13  | joint_deviation_hip        |   -0.2 |
|   14  | joint_deviation_ankle_roll |   -0.2 |
+-------+----------------------------+--------+

[INFO] Curriculum Manager:  <CurriculumManager> contains 1 active terms.
+---------------------------+
|  Active Curriculum Terms  |
+--------+------------------+
| Index  | Name             |
+--------+------------------+
|   0    | terrain_levels   |
+--------+------------------+

[INFO]: Completed setting up the environment...
[INFO]: Parsing configuration from: <class 'berkeley_humanoid_lite.tasks.locomotion.velocity.config.biped.agents.rsl_rl_ppo_cfg.BerkeleyHumanoidLiteBipedPPORunnerCfg'>
--------------------------------------------------------------------------------
Resolved observation sets: 
	 policy :  ['policy']
	 critic :  ['critic']
--------------------------------------------------------------------------------
ActorCritic.__init__ got unexpected arguments, which will be ignored: ['state_dependent_std']
Actor MLP: MLP(
  (0): Linear(in_features=45, out_features=256, bias=True)
  (1): ELU(alpha=1.0)
  (2): Linear(in_features=256, out_features=128, bias=True)
  (3): ELU(alpha=1.0)
  (4): Linear(in_features=128, out_features=128, bias=True)
  (5): ELU(alpha=1.0)
  (6): Linear(in_features=128, out_features=12, bias=True)
)
Critic MLP: MLP(
  (0): Linear(in_features=48, out_features=256, bias=True)
  (1): ELU(alpha=1.0)
  (2): Linear(in_features=256, out_features=128, bias=True)
  (3): ELU(alpha=1.0)
  (4): Linear(in_features=128, out_features=128, bias=True)
  (5): ELU(alpha=1.0)
  (6): Linear(in_features=128, out_features=1, bias=True)
)
[33m12:28:15 [math.py] WARNING: The function 'quat_rotate_inverse' will be deprecated in favor of the faster method 'quat_apply_inverse'. Please use 'quat_apply_inverse' instead....[0m
[33m12:28:20 [math.py] WARNING: The function 'quat_rotate_inverse' will be deprecated in favor of the faster method 'quat_apply_inverse'. Please use 'quat_apply_inverse' instead....[0m
[33m12:28:25 [math.py] WARNING: The function 'quat_rotate_inverse' will be deprecated in favor of the faster method 'quat_apply_inverse'. Please use 'quat_apply_inverse' instead....[0m
[33m12:28:30 [math.py] WARNING: The function 'quat_rotate_inverse' will be deprecated in favor of the faster method 'quat_apply_inverse'. Please use 'quat_apply_inverse' instead....[0m
[33m12:28:35 [math.py] WARNING: The function 'quat_rotate_inverse' will be deprecated in favor of the faster method 'quat_apply_inverse'. Please use 'quat_apply_inverse' instead....[0m
[33m12:28:40 [math.py] WARNING: The function 'quat_rotate_inverse' will be deprecated in favor of the faster method 'quat_apply_inverse'. Please use 'quat_apply_inverse' instead....[0m
[33m12:28:45 [math.py] WARNING: The function 'quat_rotate_inverse' will be deprecated in favor of the faster method 'quat_apply_inverse'. Please use 'quat_apply_inverse' instead....[0m
ICE-EXPOSURE-RESULT arm=blind task=Velocity-BHL-Biped-Ice-v0 method=contact n_episodes=64 closed=64 any_contact_frac=0.984 mean_on_ice_frac=0.3726 verdict=EXPOSED params_match=True hook_ok=True
inner exit 0
