[bhl_robust.tasks] SF-04 distillation id NOT registered: ImportError("cannot import name 'RslRlMLPModelCfg' from 'isaaclab_rl.rsl_rl' (/nfs/hpc/share/sanchej7/Humanoid_Lite/venv/lib/python3.11/site-packages/isaaclab/source/isaaclab_rl/isaaclab_rl/rsl_rl/__init__.py)")
[INFO][AppLauncher]: Using device: cuda:0
[INFO][AppLauncher]: Loading experience file: /nfs/hpc/share/sanchej7/Humanoid_Lite/venv/lib/python3.11/site-packages/isaaclab/apps/isaaclab.python.headless.kit

[36m==================================================================================================================================================[0m
[36m[1m[INFO][IsaacLab]: Logging to file: /tmp/bhl-h34-perceptive-run-s2-v4-20261010-21757754-t_3czamm/tmp/isaaclab/logs/isaaclab_2026-10-10_14-39-14.log[0m
[36m==================================================================================================================================================[0m

[33m14:39:14 [simulation_context.py] WARNING: The `disable_contact_processing` attribute is deprecated and always set to True to avoid unnecessary overhead. Contact processing is automatically enabled when a contact sensor is created, so manual configuration is no longer required.[0m
[33m14:39:14 [simulation_context.py] WARNING: The `enable_external_forces_every_iteration` parameter in the PhysxCfg is set to False. If you are experiencing noisy velocities, consider enabling this flag. You may need to slightly increase the number of velocity iterations (setting it to 1 or 2 rather than 0), together with this flag, to improve the accuracy of velocity updates.[0m
[INFO]: Base environment:
	Environment device    : cuda:0
	Environment seed      : 2
	Physics step-size     : 0.005
	Rendering step-size   : 0.02
	Environment step-size : 0.04
[33m14:39:14 [manager_based_env.py] WARNING: The render interval (4) is smaller than the decimation (8). Multiple render calls will happen for each environment step. If this is not intended, set the render interval to be equal to the decimation.[0m
[INFO] Generating terrains based on curriculum took : 0.217860 seconds
[INFO]: Time taken for scene creation : 0.885556 seconds
[INFO]: Scene manager:  <class InteractiveScene>
	Number of environments: 256
	Environment spacing   : 2.5
	Source prim name      : /World/envs/env_0
	Global prim paths     : ['/World/ground']
	Replicate physics     : True
[INFO]: Starting the simulation. This may take a few seconds. Please wait...
[33m14:39:17 [actuator_pd.py] WARNING: The <ImplicitActuatorCfg> object has a value for 'effort_limit'. This parameter will be removed in the future. To set the effort limit, please use 'effort_limit_sim' instead.[0m
[33m14:39:17 [actuator_pd.py] WARNING: The <ImplicitActuatorCfg> object has a value for 'velocity_limit'. Previously, although this value was specified, it was not getting used by implicit actuators. Since this parameter affects the simulation behavior, we continue to not use it. This parameter will be removed in the future. To set the velocity limit, please use 'velocity_limit_sim' instead.[0m
[INFO]: Time taken for simulation start : 2.188310 seconds
[INFO] Command Manager:  <CommandManager> contains 1 active terms.
+------------------------------------------------+
|              Active Command Terms              |
+-------+---------------+------------------------+
| Index | Name          |          Type          |
+-------+---------------+------------------------+
|   0   | base_velocity | UniformVelocityCommand |
+-------+---------------+------------------------+

[INFO] Event Manager:  <EventManager> contains 2 active terms.
+--------------------------------------------+
|   Active Event Terms in Mode: 'startup'    |
+-------+------------------------------------+
| Index | Name                               |
+-------+------------------------------------+
|   0   | physics_material                   |
|   1   | add_base_mass                      |
|   2   | add_all_joint_default_pos          |
|   3   | scale_all_actuator_torque_constant |
+-------+------------------------------------+
+---------------------------------------+
|  Active Event Terms in Mode: 'reset'  |
+--------+------------------------------+
| Index  | Name                         |
+--------+------------------------------+
|   0    | reset_base                   |
|   1    | reset_robot_joints           |
|   2    | base_external_force_torque   |
|   3    | perceptive_reset             |
+--------+------------------------------+

[INFO] Recorder Manager:  <RecorderManager> contains 0 active terms.
+---------------------+
| Active Recorder Terms |
+-----------+---------+
|   Index   | Name    |
+-----------+---------+
+-----------+---------+

[INFO] Action Manager:  <ActionManager> contains 1 active terms.
+------------------------------------+
|  Active Action Terms (shape: 12)   |
+--------+-------------+-------------+
| Index  | Name        |   Dimension |
+--------+-------------+-------------+
|   0    | joint_pos   |          12 |
+--------+-------------+-------------+

[INFO] Observation Manager: <ObservationManager> contains 4 groups.
+---------------------------------------------------------+
| Active Observation Terms in Group: 'policy' (shape: (45,)) |
+-----------+---------------------------------+-----------+
|   Index   | Name                            |   Shape   |
+-----------+---------------------------------+-----------+
|     0     | velocity_commands               |    (3,)   |
|     1     | base_ang_vel                    |    (3,)   |
|     2     | projected_gravity               |    (3,)   |
|     3     | joint_pos                       |   (12,)   |
|     4     | joint_vel                       |   (12,)   |
|     5     | actions                         |   (12,)   |
+-----------+---------------------------------+-----------+
+---------------------------------------------------------+
| Active Observation Terms in Group: 'critic' (shape: (48,)) |
+-----------+---------------------------------+-----------+
|   Index   | Name                            |   Shape   |
+-----------+---------------------------------+-----------+
|     0     | velocity_commands               |    (3,)   |
|     1     | base_ang_vel                    |    (3,)   |
|     2     | projected_gravity               |    (3,)   |
|     3     | joint_pos                       |   (12,)   |
|     4     | joint_vel                       |   (12,)   |
|     5     | actions                         |   (12,)   |
|     6     | base_lin_vel                    |    (3,)   |
+-----------+---------------------------------+-----------+
+----------------------------------------------------+
| Active Observation Terms in Group: 'teacher' (shape: (77,)) |
+----------------+------------------+----------------+
|     Index      | Name             |     Shape      |
+----------------+------------------+----------------+
|       0        | ground           |     (77,)      |
+----------------+------------------+----------------+
+-------------------------------------------------------+
| Active Observation Terms in Group: 'measured' (shape: (2560,)) |
+---------------+------------------+--------------------+
|     Index     | Name             |       Shape        |
+---------------+------------------+--------------------+
|       0       | points           |      (2560,)       |
+---------------+------------------+--------------------+

[INFO] Termination Manager:  <TerminationManager> contains 2 active terms.
+-------------------------------------+
|       Active Termination Terms      |
+-------+------------------+----------+
| Index | Name             | Time Out |
+-------+------------------+----------+
|   0   | time_out         |   True   |
|   1   | base_orientation |  False   |
+-------+------------------+----------+

[INFO] Reward Manager:  <RewardManager> contains 15 active terms.
+---------------------------------------------+
|             Active Reward Terms             |
+-------+----------------------------+--------+
| Index | Name                       | Weight |
+-------+----------------------------+--------+
|   0   | track_lin_vel_xy_exp       |    2.0 |
|   1   | track_ang_vel_z_exp        |    1.0 |
|   2   | termination_penalty        |  -10.0 |
|   3   | lin_vel_z_l2               |   -0.1 |
|   4   | ang_vel_xy_l2              |  -0.05 |
|   5   | flat_orientation_l2        |   -2.0 |
|   6   | action_rate_l2             |  -0.01 |
|   7   | dof_torques_l2             | -0.002 |
|   8   | dof_acc_l2                 | -1e-06 |
|   9   | dof_pos_limits             |   -1.0 |
|   10  | feet_air_time              |    1.0 |
|   11  | feet_slide                 |   -0.1 |
|   12  | undesired_contacts         |   -1.0 |
|   13  | joint_deviation_hip        |   -0.2 |
|   14  | joint_deviation_ankle_roll |   -0.2 |
+-------+----------------------------+--------+

[INFO] Curriculum Manager:  <CurriculumManager> contains 0 active terms.
+----------------------+
| Active Curriculum Terms |
+-----------+----------+
|   Index   | Name     |
+-----------+----------+
+-----------+----------+

[INFO]: Completed setting up the environment...
[33m14:39:21 [math.py] WARNING: The function 'quat_rotate_inverse' will be deprecated in favor of the faster method 'quat_apply_inverse'. Please use 'quat_apply_inverse' instead....[0m
{"iteration": 0, "mean_reward": 0.030057769268751144, "episode_terminations": 3, "mean_loss": 0.3102557370439172, "terrain_level": 1.93359375, "sensor_delay_steps": 1}
{"iteration": 1, "mean_reward": 0.05411626026034355, "episode_terminations": 9, "mean_loss": 0.10288395883981138, "terrain_level": 1.93359375, "sensor_delay_steps": 1}
[33m14:39:26 [math.py] WARNING: The function 'quat_rotate_inverse' will be deprecated in favor of the faster method 'quat_apply_inverse'. Please use 'quat_apply_inverse' instead....[0m
{"iteration": 2, "mean_reward": 0.05776600167155266, "episode_terminations": 4, "mean_loss": 0.12307855820593734, "terrain_level": 1.93359375, "sensor_delay_steps": 1}
{"iteration": 3, "mean_reward": 0.05879312381148338, "episode_terminations": 3, "mean_loss": 0.16714628498690823, "terrain_level": 1.93359375, "sensor_delay_steps": 1}
[33m14:39:31 [math.py] WARNING: The function 'quat_rotate_inverse' will be deprecated in favor of the faster method 'quat_apply_inverse'. Please use 'quat_apply_inverse' instead....[0m
{"iteration": 4, "mean_reward": 0.057684145867824554, "episode_terminations": 7, "mean_loss": 0.1522422154666856, "terrain_level": 1.93359375, "sensor_delay_steps": 1}
{"iteration": 5, "mean_reward": 0.05817440152168274, "episode_terminations": 7, "mean_loss": 0.24116508771354953, "terrain_level": 1.93359375, "sensor_delay_steps": 1}
{"iteration": 6, "mean_reward": 0.05847964808344841, "episode_terminations": 5, "mean_loss": 0.12816876530026397, "terrain_level": 1.93359375, "sensor_delay_steps": 1}
[33m14:39:36 [math.py] WARNING: The function 'quat_rotate_inverse' will be deprecated in favor of the faster method 'quat_apply_inverse'. Please use 'quat_apply_inverse' instead....[0m
{"iteration": 7, "mean_reward": 0.059861402958631516, "episode_terminations": 2, "mean_loss": 0.09465039327430229, "terrain_level": 1.93359375, "sensor_delay_steps": 1}
{"iteration": 8, "mean_reward": 0.05933034420013428, "episode_terminations": 3, "mean_loss": 0.06428612663876265, "terrain_level": 1.93359375, "sensor_delay_steps": 1}
[33m14:39:41 [math.py] WARNING: The function 'quat_rotate_inverse' will be deprecated in favor of the faster method 'quat_apply_inverse'. Please use 'quat_apply_inverse' instead....[0m
{"iteration": 9, "mean_reward": 0.05918314680457115, "episode_terminations": 2, "mean_loss": 0.10206239771408339, "terrain_level": 1.93359375, "sensor_delay_steps": 1}
{"iteration": 10, "mean_reward": 0.049199387431144714, "episode_terminations": 4, "mean_loss": 0.21625289476166168, "terrain_level": 1.93359375, "sensor_delay_steps": 1}
{"iteration": 11, "mean_reward": 0.05205462872982025, "episode_terminations": 7, "mean_loss": 0.15221924843111387, "terrain_level": 1.93359375, "sensor_delay_steps": 1}
[33m14:39:46 [math.py] WARNING: The function 'quat_rotate_inverse' will be deprecated in favor of the faster method 'quat_apply_inverse'. Please use 'quat_apply_inverse' instead....[0m
{"iteration": 12, "mean_reward": 0.0535220131278038, "episode_terminations": 7, "mean_loss": 0.1106295766076073, "terrain_level": 1.93359375, "sensor_delay_steps": 1}
{"iteration": 13, "mean_reward": 0.054479192942380905, "episode_terminations": 7, "mean_loss": 0.07909116412823398, "terrain_level": 1.93359375, "sensor_delay_steps": 1}
{"iteration": 14, "mean_reward": 0.05693266540765762, "episode_terminations": 3, "mean_loss": 0.06679960305336863, "terrain_level": 1.93359375, "sensor_delay_steps": 1}
[33m14:39:51 [math.py] WARNING: The function 'quat_rotate_inverse' will be deprecated in favor of the faster method 'quat_apply_inverse'. Please use 'quat_apply_inverse' instead....[0m
{"iteration": 15, "mean_reward": 0.05582569167017937, "episode_terminations": 3, "mean_loss": 0.08176888281013817, "terrain_level": 1.93359375, "sensor_delay_steps": 1}
{"iteration": 16, "mean_reward": 0.057319700717926025, "episode_terminations": 7, "mean_loss": 0.04186679461660484, "terrain_level": 1.93359375, "sensor_delay_steps": 1}
[33m14:39:56 [math.py] WARNING: The function 'quat_rotate_inverse' will be deprecated in favor of the faster method 'quat_apply_inverse'. Please use 'quat_apply_inverse' instead....[0m
{"iteration": 17, "mean_reward": 0.0575643926858902, "episode_terminations": 0, "mean_loss": 0.0631860108114779, "terrain_level": 1.93359375, "sensor_delay_steps": 1}
{"iteration": 18, "mean_reward": 0.05761856958270073, "episode_terminations": 2, "mean_loss": 0.06767782716390987, "terrain_level": 1.93359375, "sensor_delay_steps": 1}
{"iteration": 19, "mean_reward": 0.056878313422203064, "episode_terminations": 4, "mean_loss": 0.0565173364787673, "terrain_level": 1.93359375, "sensor_delay_steps": 1}
[33m14:40:01 [math.py] WARNING: The function 'quat_rotate_inverse' will be deprecated in favor of the faster method 'quat_apply_inverse'. Please use 'quat_apply_inverse' instead....[0m
{"iteration": 20, "mean_reward": 0.2356243133544922, "episode_terminations": 199, "mean_loss": 0.0715970773405085, "terrain_level": 1.93359375, "sensor_delay_steps": 1}
{"iteration": 21, "mean_reward": 0.04299883544445038, "episode_terminations": 12, "mean_loss": 0.1485427904020374, "terrain_level": 1.93359375, "sensor_delay_steps": 1}
[33m14:40:06 [math.py] WARNING: The function 'quat_rotate_inverse' will be deprecated in favor of the faster method 'quat_apply_inverse'. Please use 'quat_apply_inverse' instead....[0m
{"iteration": 22, "mean_reward": 0.05039292573928833, "episode_terminations": 10, "mean_loss": 0.12289386378445973, "terrain_level": 1.93359375, "sensor_delay_steps": 1}
{"iteration": 23, "mean_reward": 0.0563998743891716, "episode_terminations": 9, "mean_loss": 0.06518439129771043, "terrain_level": 1.93359375, "sensor_delay_steps": 1}
{"iteration": 24, "mean_reward": 0.05928535759449005, "episode_terminations": 8, "mean_loss": 0.013729671016335487, "terrain_level": 1.93359375, "sensor_delay_steps": 1}
[33m14:40:11 [math.py] WARNING: The function 'quat_rotate_inverse' will be deprecated in favor of the faster method 'quat_apply_inverse'. Please use 'quat_apply_inverse' instead....[0m
{"iteration": 25, "mean_reward": 0.05575011670589447, "episode_terminations": 4, "mean_loss": 0.1151466048322618, "terrain_level": 1.93359375, "sensor_delay_steps": 1}
{"iteration": 26, "mean_reward": 0.056427162140607834, "episode_terminations": 10, "mean_loss": 0.12438050995115191, "terrain_level": 1.93359375, "sensor_delay_steps": 1}
{"iteration": 27, "mean_reward": 0.05558858439326286, "episode_terminations": 10, "mean_loss": 0.04858213954139501, "terrain_level": 1.93359375, "sensor_delay_steps": 1}
[33m14:40:16 [math.py] WARNING: The function 'quat_rotate_inverse' will be deprecated in favor of the faster method 'quat_apply_inverse'. Please use 'quat_apply_inverse' instead....[0m
{"iteration": 28, "mean_reward": 0.054799020290374756, "episode_terminations": 2, "mean_loss": 0.04906354856211692, "terrain_level": 1.93359375, "sensor_delay_steps": 1}
{"iteration": 29, "mean_reward": 0.05766662210226059, "episode_terminations": 6, "mean_loss": 0.1030371996651714, "terrain_level": 1.93359375, "sensor_delay_steps": 1}
[33m14:40:21 [math.py] WARNING: The function 'quat_rotate_inverse' will be deprecated in favor of the faster method 'quat_apply_inverse'. Please use 'quat_apply_inverse' instead....[0m
{"iteration": 30, "mean_reward": 0.05477070063352585, "episode_terminations": 7, "mean_loss": 0.02945230664530148, "terrain_level": 1.93359375, "sensor_delay_steps": 1}
{"iteration": 31, "mean_reward": 0.046080730855464935, "episode_terminations": 5, "mean_loss": 0.11767241999041289, "terrain_level": 1.93359375, "sensor_delay_steps": 1}
{"iteration": 32, "mean_reward": 0.05293123051524162, "episode_terminations": 7, "mean_loss": 0.053594341152347624, "terrain_level": 1.93359375, "sensor_delay_steps": 1}
[33m14:40:26 [math.py] WARNING: The function 'quat_rotate_inverse' will be deprecated in favor of the faster method 'quat_apply_inverse'. Please use 'quat_apply_inverse' instead....[0m
{"iteration": 33, "mean_reward": 0.05449846386909485, "episode_terminations": 4, "mean_loss": 0.02565527947929998, "terrain_level": 1.93359375, "sensor_delay_steps": 1}
{"iteration": 34, "mean_reward": 0.05616412311792374, "episode_terminations": 9, "mean_loss": 0.0651723388582468, "terrain_level": 1.93359375, "sensor_delay_steps": 1}
{"iteration": 35, "mean_reward": 0.05375947058200836, "episode_terminations": 5, "mean_loss": 0.035433563481395446, "terrain_level": 1.93359375, "sensor_delay_steps": 1}
[33m14:40:31 [math.py] WARNING: The function 'quat_rotate_inverse' will be deprecated in favor of the faster method 'quat_apply_inverse'. Please use 'quat_apply_inverse' instead....[0m
{"iteration": 36, "mean_reward": 0.052476704120635986, "episode_terminations": 7, "mean_loss": 0.07279973023105413, "terrain_level": 1.93359375, "sensor_delay_steps": 1}
{"iteration": 37, "mean_reward": 0.050590600818395615, "episode_terminations": 5, "mean_loss": 0.062121781947401665, "terrain_level": 1.93359375, "sensor_delay_steps": 1}
[33m14:40:37 [math.py] WARNING: The function 'quat_rotate_inverse' will be deprecated in favor of the faster method 'quat_apply_inverse'. Please use 'quat_apply_inverse' instead....[0m
{"iteration": 38, "mean_reward": 0.05024048686027527, "episode_terminations": 6, "mean_loss": 0.04799855089125534, "terrain_level": 1.93359375, "sensor_delay_steps": 1}
{"iteration": 39, "mean_reward": 0.05153233930468559, "episode_terminations": 4, "mean_loss": 0.07976497275133927, "terrain_level": 1.93359375, "sensor_delay_steps": 1}
{"iteration": 40, "mean_reward": 0.05121583864092827, "episode_terminations": 6, "mean_loss": 0.10311075362066428, "terrain_level": 1.93359375, "sensor_delay_steps": 1}
[33m14:40:42 [math.py] WARNING: The function 'quat_rotate_inverse' will be deprecated in favor of the faster method 'quat_apply_inverse'. Please use 'quat_apply_inverse' instead....[0m
{"iteration": 41, "mean_reward": 0.1825575828552246, "episode_terminations": 174, "mean_loss": 0.08267236760972689, "terrain_level": 1.93359375, "sensor_delay_steps": 1}
{"iteration": 42, "mean_reward": 0.04479019343852997, "episode_terminations": 20, "mean_loss": 0.17513865853349367, "terrain_level": 1.93359375, "sensor_delay_steps": 1}
[33m14:40:47 [math.py] WARNING: The function 'quat_rotate_inverse' will be deprecated in favor of the faster method 'quat_apply_inverse'. Please use 'quat_apply_inverse' instead....[0m
{"iteration": 43, "mean_reward": 0.05179014801979065, "episode_terminations": 15, "mean_loss": 0.09141636344914635, "terrain_level": 1.93359375, "sensor_delay_steps": 1}
{"iteration": 44, "mean_reward": 0.04926083981990814, "episode_terminations": 16, "mean_loss": 0.12191722107430299, "terrain_level": 1.93359375, "sensor_delay_steps": 1}
{"iteration": 45, "mean_reward": 0.05050930008292198, "episode_terminations": 11, "mean_loss": 0.08341259493802984, "terrain_level": 1.93359375, "sensor_delay_steps": 1}
[33m14:40:52 [math.py] WARNING: The function 'quat_rotate_inverse' will be deprecated in favor of the faster method 'quat_apply_inverse'. Please use 'quat_apply_inverse' instead....[0m
{"iteration": 46, "mean_reward": 0.05120566487312317, "episode_terminations": 10, "mean_loss": 0.029923971897612017, "terrain_level": 1.93359375, "sensor_delay_steps": 1}
{"iteration": 47, "mean_reward": 0.05421853065490723, "episode_terminations": 10, "mean_loss": 0.09166621036517124, "terrain_level": 1.93359375, "sensor_delay_steps": 1}
{"iteration": 48, "mean_reward": 0.05182407423853874, "episode_terminations": 8, "mean_loss": 0.09541644512986143, "terrain_level": 1.93359375, "sensor_delay_steps": 1}
[33m14:40:57 [math.py] WARNING: The function 'quat_rotate_inverse' will be deprecated in favor of the faster method 'quat_apply_inverse'. Please use 'quat_apply_inverse' instead....[0m
{"iteration": 49, "mean_reward": 0.05056227743625641, "episode_terminations": 8, "mean_loss": 0.07137679099105299, "terrain_level": 1.93359375, "sensor_delay_steps": 1}
{"iteration": 50, "mean_reward": 0.056452393531799316, "episode_terminations": 8, "mean_loss": 0.05701348232105374, "terrain_level": 1.93359375, "sensor_delay_steps": 1}
[33m14:41:02 [math.py] WARNING: The function 'quat_rotate_inverse' will be deprecated in favor of the faster method 'quat_apply_inverse'. Please use 'quat_apply_inverse' instead....[0m
{"iteration": 51, "mean_reward": 0.05429929494857788, "episode_terminations": 5, "mean_loss": 0.008815572829917073, "terrain_level": 1.93359375, "sensor_delay_steps": 1}
{"iteration": 52, "mean_reward": 0.043583452701568604, "episode_terminations": 4, "mean_loss": 0.11163605120964348, "terrain_level": 1.93359375, "sensor_delay_steps": 1}
{"iteration": 53, "mean_reward": 0.04875878617167473, "episode_terminations": 10, "mean_loss": 0.03700005977104107, "terrain_level": 1.93359375, "sensor_delay_steps": 1}
[33m14:41:07 [math.py] WARNING: The function 'quat_rotate_inverse' will be deprecated in favor of the faster method 'quat_apply_inverse'. Please use 'quat_apply_inverse' instead....[0m
{"iteration": 54, "mean_reward": 0.0497523695230484, "episode_terminations": 4, "mean_loss": 0.07292078458704054, "terrain_level": 1.93359375, "sensor_delay_steps": 1}
{"iteration": 55, "mean_reward": 0.04991436004638672, "episode_terminations": 8, "mean_loss": 0.01442529420213153, "terrain_level": 1.93359375, "sensor_delay_steps": 1}
[33m14:41:12 [math.py] WARNING: The function 'quat_rotate_inverse' will be deprecated in favor of the faster method 'quat_apply_inverse'. Please use 'quat_apply_inverse' instead....[0m
{"iteration": 56, "mean_reward": 0.047785501927137375, "episode_terminations": 7, "mean_loss": 0.030379323948485155, "terrain_level": 1.93359375, "sensor_delay_steps": 1}
{"iteration": 57, "mean_reward": 0.05416520684957504, "episode_terminations": 10, "mean_loss": 0.052902067390580974, "terrain_level": 1.93359375, "sensor_delay_steps": 1}
{"iteration": 58, "mean_reward": 0.049687258899211884, "episode_terminations": 5, "mean_loss": 0.07343378127552569, "terrain_level": 1.93359375, "sensor_delay_steps": 1}
[33m14:41:17 [math.py] WARNING: The function 'quat_rotate_inverse' will be deprecated in favor of the faster method 'quat_apply_inverse'. Please use 'quat_apply_inverse' instead....[0m
{"iteration": 59, "mean_reward": 0.048331938683986664, "episode_terminations": 8, "mean_loss": 0.09305992427592476, "terrain_level": 1.93359375, "sensor_delay_steps": 1}
{"iteration": 60, "mean_reward": 0.046517036855220795, "episode_terminations": 12, "mean_loss": 0.08753882022574544, "terrain_level": 1.93359375, "sensor_delay_steps": 1}
[33m14:41:22 [math.py] WARNING: The function 'quat_rotate_inverse' will be deprecated in favor of the faster method 'quat_apply_inverse'. Please use 'quat_apply_inverse' instead....[0m
{"iteration": 61, "mean_reward": 0.048414140939712524, "episode_terminations": 7, "mean_loss": 0.07140920800156891, "terrain_level": 1.93359375, "sensor_delay_steps": 1}
{"iteration": 62, "mean_reward": 0.14198166131973267, "episode_terminations": 138, "mean_loss": 0.10074621268237631, "terrain_level": 1.93359375, "sensor_delay_steps": 1}
{"iteration": 63, "mean_reward": 0.04696447774767876, "episode_terminations": 30, "mean_loss": 0.08345683640800416, "terrain_level": 1.93359375, "sensor_delay_steps": 1}
[33m14:41:27 [math.py] WARNING: The function 'quat_rotate_inverse' will be deprecated in favor of the faster method 'quat_apply_inverse'. Please use 'quat_apply_inverse' instead....[0m
{"iteration": 64, "mean_reward": 0.0537765696644783, "episode_terminations": 24, "mean_loss": 0.04210618456515173, "terrain_level": 1.93359375, "sensor_delay_steps": 1}
{"iteration": 65, "mean_reward": 0.05508796498179436, "episode_terminations": 17, "mean_loss": 0.088215842222174, "terrain_level": 1.93359375, "sensor_delay_steps": 1}
[33m14:41:32 [math.py] WARNING: The function 'quat_rotate_inverse' will be deprecated in favor of the faster method 'quat_apply_inverse'. Please use 'quat_apply_inverse' instead....[0m
{"iteration": 66, "mean_reward": 0.04776442050933838, "episode_terminations": 9, "mean_loss": 0.04262093508926531, "terrain_level": 1.93359375, "sensor_delay_steps": 1}
{"iteration": 67, "mean_reward": 0.05315132439136505, "episode_terminations": 11, "mean_loss": 0.06077257000530759, "terrain_level": 1.93359375, "sensor_delay_steps": 1}
{"iteration": 68, "mean_reward": 0.05134523659944534, "episode_terminations": 16, "mean_loss": 0.06932935677468777, "terrain_level": 1.93359375, "sensor_delay_steps": 1}
[33m14:41:37 [math.py] WARNING: The function 'quat_rotate_inverse' will be deprecated in favor of the faster method 'quat_apply_inverse'. Please use 'quat_apply_inverse' instead....[0m
{"iteration": 69, "mean_reward": 0.050211966037750244, "episode_terminations": 14, "mean_loss": 0.07818223085875313, "terrain_level": 1.93359375, "sensor_delay_steps": 1}
{"iteration": 70, "mean_reward": 0.046553682535886765, "episode_terminations": 10, "mean_loss": 0.08610332547686994, "terrain_level": 1.93359375, "sensor_delay_steps": 1}
[33m14:41:42 [math.py] WARNING: The function 'quat_rotate_inverse' will be deprecated in favor of the faster method 'quat_apply_inverse'. Please use 'quat_apply_inverse' instead....[0m
{"iteration": 71, "mean_reward": 0.04836547374725342, "episode_terminations": 11, "mean_loss": 0.08951269532553852, "terrain_level": 1.93359375, "sensor_delay_steps": 1}
{"iteration": 72, "mean_reward": 0.04577970504760742, "episode_terminations": 6, "mean_loss": 0.2608048158387343, "terrain_level": 1.93359375, "sensor_delay_steps": 1}
{"iteration": 73, "mean_reward": 0.04214593768119812, "episode_terminations": 13, "mean_loss": 0.1106379268070062, "terrain_level": 1.93359375, "sensor_delay_steps": 1}
[33m14:41:47 [math.py] WARNING: The function 'quat_rotate_inverse' will be deprecated in favor of the faster method 'quat_apply_inverse'. Please use 'quat_apply_inverse' instead....[0m
{"iteration": 74, "mean_reward": 0.04186156392097473, "episode_terminations": 10, "mean_loss": 0.049665448643888034, "terrain_level": 1.93359375, "sensor_delay_steps": 1}
{"iteration": 75, "mean_reward": 0.042206477373838425, "episode_terminations": 8, "mean_loss": 0.03444291119618962, "terrain_level": 1.93359375, "sensor_delay_steps": 1}
[33m14:41:52 [math.py] WARNING: The function 'quat_rotate_inverse' will be deprecated in favor of the faster method 'quat_apply_inverse'. Please use 'quat_apply_inverse' instead....[0m
{"iteration": 76, "mean_reward": 0.04682924598455429, "episode_terminations": 8, "mean_loss": 0.07649646171679099, "terrain_level": 1.93359375, "sensor_delay_steps": 1}
{"iteration": 77, "mean_reward": 0.046030670404434204, "episode_terminations": 17, "mean_loss": 0.061251446682338916, "terrain_level": 1.93359375, "sensor_delay_steps": 1}
{"iteration": 78, "mean_reward": 0.047834716737270355, "episode_terminations": 17, "mean_loss": 0.054153900438298784, "terrain_level": 1.93359375, "sensor_delay_steps": 1}
[33m14:41:57 [math.py] WARNING: The function 'quat_rotate_inverse' will be deprecated in favor of the faster method 'quat_apply_inverse'. Please use 'quat_apply_inverse' instead....[0m
{"iteration": 79, "mean_reward": 0.043020885437726974, "episode_terminations": 9, "mean_loss": 0.04561004089191556, "terrain_level": 1.93359375, "sensor_delay_steps": 1}
{"iteration": 80, "mean_reward": 0.046167343854904175, "episode_terminations": 9, "mean_loss": 0.009245101595297456, "terrain_level": 1.93359375, "sensor_delay_steps": 1}
[33m14:42:02 [math.py] WARNING: The function 'quat_rotate_inverse' will be deprecated in favor of the faster method 'quat_apply_inverse'. Please use 'quat_apply_inverse' instead....[0m
{"iteration": 81, "mean_reward": 0.04975340887904167, "episode_terminations": 12, "mean_loss": 0.021329071916018922, "terrain_level": 1.93359375, "sensor_delay_steps": 1}
{"iteration": 82, "mean_reward": 0.046103354543447495, "episode_terminations": 6, "mean_loss": 0.034631625516340137, "terrain_level": 1.93359375, "sensor_delay_steps": 1}
{"iteration": 83, "mean_reward": 0.11086826026439667, "episode_terminations": 113, "mean_loss": 0.10232085532819231, "terrain_level": 1.93359375, "sensor_delay_steps": 1}
[33m14:42:07 [math.py] WARNING: The function 'quat_rotate_inverse' will be deprecated in favor of the faster method 'quat_apply_inverse'. Please use 'quat_apply_inverse' instead....[0m
{"iteration": 84, "mean_reward": 0.048678554594516754, "episode_terminations": 29, "mean_loss": 0.12739999398278692, "terrain_level": 1.93359375, "sensor_delay_steps": 1}
{"iteration": 85, "mean_reward": 0.04612680524587631, "episode_terminations": 29, "mean_loss": 0.10650185425765812, "terrain_level": 1.93359375, "sensor_delay_steps": 1}
[33m14:42:12 [math.py] WARNING: The function 'quat_rotate_inverse' will be deprecated in favor of the faster method 'quat_apply_inverse'. Please use 'quat_apply_inverse' instead....[0m
{"iteration": 86, "mean_reward": 0.04752437770366669, "episode_terminations": 21, "mean_loss": 0.12356981565244496, "terrain_level": 1.93359375, "sensor_delay_steps": 1}
{"iteration": 87, "mean_reward": 0.045365091413259506, "episode_terminations": 12, "mean_loss": 0.07410294632427394, "terrain_level": 1.93359375, "sensor_delay_steps": 1}
{"iteration": 88, "mean_reward": 0.0466180220246315, "episode_terminations": 16, "mean_loss": 0.05040772492066026, "terrain_level": 1.93359375, "sensor_delay_steps": 1}
[33m14:42:17 [math.py] WARNING: The function 'quat_rotate_inverse' will be deprecated in favor of the faster method 'quat_apply_inverse'. Please use 'quat_apply_inverse' instead....[0m
{"iteration": 89, "mean_reward": 0.04904715344309807, "episode_terminations": 14, "mean_loss": 0.05346930228794614, "terrain_level": 1.93359375, "sensor_delay_steps": 1}
{"iteration": 90, "mean_reward": 0.04425496608018875, "episode_terminations": 11, "mean_loss": 0.06997507469107707, "terrain_level": 1.93359375, "sensor_delay_steps": 1}
[33m14:42:22 [math.py] WARNING: The function 'quat_rotate_inverse' will be deprecated in favor of the faster method 'quat_apply_inverse'. Please use 'quat_apply_inverse' instead....[0m
{"iteration": 91, "mean_reward": 0.04379903897643089, "episode_terminations": 12, "mean_loss": 0.0895054511881123, "terrain_level": 1.93359375, "sensor_delay_steps": 1}
{"iteration": 92, "mean_reward": 0.047106094658374786, "episode_terminations": 18, "mean_loss": 0.027711672553171713, "terrain_level": 1.93359375, "sensor_delay_steps": 1}
{"iteration": 93, "mean_reward": 0.0438917875289917, "episode_terminations": 7, "mean_loss": 0.16107955877669156, "terrain_level": 1.93359375, "sensor_delay_steps": 1}
[33m14:42:28 [math.py] WARNING: The function 'quat_rotate_inverse' will be deprecated in favor of the faster method 'quat_apply_inverse'. Please use 'quat_apply_inverse' instead....[0m
{"iteration": 94, "mean_reward": 0.04451930150389671, "episode_terminations": 10, "mean_loss": 0.032820993258307375, "terrain_level": 1.93359375, "sensor_delay_steps": 1}
{"iteration": 95, "mean_reward": 0.045493852347135544, "episode_terminations": 9, "mean_loss": 0.0674718856656303, "terrain_level": 1.93359375, "sensor_delay_steps": 1}
{"iteration": 96, "mean_reward": 0.046207766979932785, "episode_terminations": 12, "mean_loss": 0.04566074341225127, "terrain_level": 1.93359375, "sensor_delay_steps": 1}
[33m14:42:33 [math.py] WARNING: The function 'quat_rotate_inverse' will be deprecated in favor of the faster method 'quat_apply_inverse'. Please use 'quat_apply_inverse' instead....[0m
{"iteration": 97, "mean_reward": 0.04184539616107941, "episode_terminations": 13, "mean_loss": 0.04473120075029632, "terrain_level": 1.93359375, "sensor_delay_steps": 1}
{"iteration": 98, "mean_reward": 0.04633024334907532, "episode_terminations": 15, "mean_loss": 0.030020061259468395, "terrain_level": 1.93359375, "sensor_delay_steps": 1}
[33m14:42:38 [math.py] WARNING: The function 'quat_rotate_inverse' will be deprecated in favor of the faster method 'quat_apply_inverse'. Please use 'quat_apply_inverse' instead....[0m
{"iteration": 99, "mean_reward": 0.04725315421819687, "episode_terminations": 15, "mean_loss": 0.04721679065066079, "terrain_level": 1.93359375, "sensor_delay_steps": 1}
{"iteration": 100, "mean_reward": 0.04378698021173477, "episode_terminations": 12, "mean_loss": 0.049200816778466105, "terrain_level": 1.93359375, "sensor_delay_steps": 1}
{"iteration": 101, "mean_reward": 0.040509238839149475, "episode_terminations": 12, "mean_loss": 0.049116264252612986, "terrain_level": 1.93359375, "sensor_delay_steps": 1}
[33m14:42:43 [math.py] WARNING: The function 'quat_rotate_inverse' will be deprecated in favor of the faster method 'quat_apply_inverse'. Please use 'quat_apply_inverse' instead....[0m
{"iteration": 102, "mean_reward": 0.04299086332321167, "episode_terminations": 18, "mean_loss": 0.0589611375083526, "terrain_level": 1.93359375, "sensor_delay_steps": 1}
{"iteration": 103, "mean_reward": 0.04437408968806267, "episode_terminations": 11, "mean_loss": 0.038086462610711656, "terrain_level": 1.93359375, "sensor_delay_steps": 1}
[33m14:42:48 [math.py] WARNING: The function 'quat_rotate_inverse' will be deprecated in favor of the faster method 'quat_apply_inverse'. Please use 'quat_apply_inverse' instead....[0m
{"iteration": 104, "mean_reward": 0.09190621227025986, "episode_terminations": 91, "mean_loss": 0.0934094312445571, "terrain_level": 1.93359375, "sensor_delay_steps": 1}
{"iteration": 105, "mean_reward": 0.04223264753818512, "episode_terminations": 28, "mean_loss": 0.1013279464871933, "terrain_level": 1.93359375, "sensor_delay_steps": 1}
{"iteration": 106, "mean_reward": 0.04459185525774956, "episode_terminations": 25, "mean_loss": 0.08034980786032975, "terrain_level": 1.93359375, "sensor_delay_steps": 1}
[33m14:42:53 [math.py] WARNING: The function 'quat_rotate_inverse' will be deprecated in favor of the faster method 'quat_apply_inverse'. Please use 'quat_apply_inverse' instead....[0m
{"iteration": 107, "mean_reward": 0.044411011040210724, "episode_terminations": 22, "mean_loss": 0.040535170662527285, "terrain_level": 1.93359375, "sensor_delay_steps": 1}
{"iteration": 108, "mean_reward": 0.0439138263463974, "episode_terminations": 16, "mean_loss": 0.016010642362137634, "terrain_level": 1.93359375, "sensor_delay_steps": 1}
[33m14:42:58 [math.py] WARNING: The function 'quat_rotate_inverse' will be deprecated in favor of the faster method 'quat_apply_inverse'. Please use 'quat_apply_inverse' instead....[0m
{"iteration": 109, "mean_reward": 0.045880429446697235, "episode_terminations": 15, "mean_loss": 0.03988509105208019, "terrain_level": 1.93359375, "sensor_delay_steps": 1}
{"iteration": 110, "mean_reward": 0.044200457632541656, "episode_terminations": 14, "mean_loss": 0.06629306489291291, "terrain_level": 1.93359375, "sensor_delay_steps": 1}
{"iteration": 111, "mean_reward": 0.0457400307059288, "episode_terminations": 23, "mean_loss": 0.03325199095221857, "terrain_level": 1.93359375, "sensor_delay_steps": 1}
[33m14:43:03 [math.py] WARNING: The function 'quat_rotate_inverse' will be deprecated in favor of the faster method 'quat_apply_inverse'. Please use 'quat_apply_inverse' instead....[0m
{"iteration": 112, "mean_reward": 0.04269245266914368, "episode_terminations": 13, "mean_loss": 0.05489170326230427, "terrain_level": 1.93359375, "sensor_delay_steps": 1}
{"iteration": 113, "mean_reward": 0.04457373172044754, "episode_terminations": 18, "mean_loss": 0.008285073175405463, "terrain_level": 1.93359375, "sensor_delay_steps": 1}
[33m14:43:08 [math.py] WARNING: The function 'quat_rotate_inverse' will be deprecated in favor of the faster method 'quat_apply_inverse'. Please use 'quat_apply_inverse' instead....[0m
{"iteration": 114, "mean_reward": 0.04329226538538933, "episode_terminations": 8, "mean_loss": 0.11129292038579781, "terrain_level": 1.93359375, "sensor_delay_steps": 1}
{"iteration": 115, "mean_reward": 0.041381753981113434, "episode_terminations": 20, "mean_loss": 0.06335745371567707, "terrain_level": 1.93359375, "sensor_delay_steps": 1}
{"iteration": 116, "mean_reward": 0.039860885590314865, "episode_terminations": 18, "mean_loss": 0.08356947746748726, "terrain_level": 1.93359375, "sensor_delay_steps": 1}
[33m14:43:13 [math.py] WARNING: The function 'quat_rotate_inverse' will be deprecated in favor of the faster method 'quat_apply_inverse'. Please use 'quat_apply_inverse' instead....[0m
{"iteration": 117, "mean_reward": 0.03796723484992981, "episode_terminations": 15, "mean_loss": 0.0630628540335844, "terrain_level": 1.93359375, "sensor_delay_steps": 1}
{"iteration": 118, "mean_reward": 0.03964164853096008, "episode_terminations": 21, "mean_loss": 0.07110166666097939, "terrain_level": 1.93359375, "sensor_delay_steps": 1}
[33m14:43:18 [math.py] WARNING: The function 'quat_rotate_inverse' will be deprecated in favor of the faster method 'quat_apply_inverse'. Please use 'quat_apply_inverse' instead....[0m
{"iteration": 119, "mean_reward": 0.04345490783452988, "episode_terminations": 16, "mean_loss": 0.05953713273629546, "terrain_level": 1.93359375, "sensor_delay_steps": 1}
{"iteration": 120, "mean_reward": 0.04102969914674759, "episode_terminations": 19, "mean_loss": 0.021421753025303285, "terrain_level": 1.93359375, "sensor_delay_steps": 1}
{"iteration": 121, "mean_reward": 0.042066868394613266, "episode_terminations": 5, "mean_loss": 0.0006681981806953748, "terrain_level": 1.93359375, "sensor_delay_steps": 1}
[33m14:43:23 [math.py] WARNING: The function 'quat_rotate_inverse' will be deprecated in favor of the faster method 'quat_apply_inverse'. Please use 'quat_apply_inverse' instead....[0m
{"iteration": 122, "mean_reward": 0.04313642904162407, "episode_terminations": 13, "mean_loss": 0.06379037102063496, "terrain_level": 1.93359375, "sensor_delay_steps": 1}
{"iteration": 123, "mean_reward": 0.039003197103738785, "episode_terminations": 21, "mean_loss": 0.0438988470317175, "terrain_level": 1.93359375, "sensor_delay_steps": 1}
[33m14:43:28 [math.py] WARNING: The function 'quat_rotate_inverse' will be deprecated in favor of the faster method 'quat_apply_inverse'. Please use 'quat_apply_inverse' instead....[0m
{"iteration": 124, "mean_reward": 0.06599290668964386, "episode_terminations": 62, "mean_loss": 0.011352827539667487, "terrain_level": 1.93359375, "sensor_delay_steps": 1}
{"iteration": 125, "mean_reward": 0.039325736463069916, "episode_terminations": 28, "mean_loss": 0.03460471052676439, "terrain_level": 1.93359375, "sensor_delay_steps": 1}
{"iteration": 126, "mean_reward": 0.0399400033056736, "episode_terminations": 18, "mean_loss": 0.04818415051947037, "terrain_level": 1.93359375, "sensor_delay_steps": 1}
[33m14:43:33 [math.py] WARNING: The function 'quat_rotate_inverse' will be deprecated in favor of the faster method 'quat_apply_inverse'. Please use 'quat_apply_inverse' instead....[0m
{"iteration": 127, "mean_reward": 0.04021923616528511, "episode_terminations": 28, "mean_loss": 0.07308686330604057, "terrain_level": 1.93359375, "sensor_delay_steps": 1}
{"iteration": 128, "mean_reward": 0.03712126240134239, "episode_terminations": 22, "mean_loss": 0.025068218431745965, "terrain_level": 1.93359375, "sensor_delay_steps": 1}
[33m14:43:38 [math.py] WARNING: The function 'quat_rotate_inverse' will be deprecated in favor of the faster method 'quat_apply_inverse'. Please use 'quat_apply_inverse' instead....[0m
{"iteration": 129, "mean_reward": 0.0409654937684536, "episode_terminations": 17, "mean_loss": 0.06022107399379214, "terrain_level": 1.93359375, "sensor_delay_steps": 1}
{"iteration": 130, "mean_reward": 0.03651066869497299, "episode_terminations": 19, "mean_loss": 0.03686302473458151, "terrain_level": 1.93359375, "sensor_delay_steps": 1}
{"iteration": 131, "mean_reward": 0.03999383747577667, "episode_terminations": 17, "mean_loss": 0.017663808927560847, "terrain_level": 1.93359375, "sensor_delay_steps": 1}
[33m14:43:44 [math.py] WARNING: The function 'quat_rotate_inverse' will be deprecated in favor of the faster method 'quat_apply_inverse'. Please use 'quat_apply_inverse' instead....[0m
{"iteration": 132, "mean_reward": 0.04500822350382805, "episode_terminations": 25, "mean_loss": 0.0005036708898842335, "terrain_level": 1.93359375, "sensor_delay_steps": 1}
{"iteration": 133, "mean_reward": 0.03844107687473297, "episode_terminations": 23, "mean_loss": 0.046717000737165414, "terrain_level": 1.93359375, "sensor_delay_steps": 1}
[33m14:43:49 [math.py] WARNING: The function 'quat_rotate_inverse' will be deprecated in favor of the faster method 'quat_apply_inverse'. Please use 'quat_apply_inverse' instead....[0m
{"iteration": 134, "mean_reward": 0.04152969270944595, "episode_terminations": 23, "mean_loss": 0.03461456065997481, "terrain_level": 1.93359375, "sensor_delay_steps": 1}
{"iteration": 135, "mean_reward": 0.03682289645075798, "episode_terminations": 20, "mean_loss": 0.10469686364134152, "terrain_level": 1.93359375, "sensor_delay_steps": 1}
{"iteration": 136, "mean_reward": 0.04441026598215103, "episode_terminations": 17, "mean_loss": 0.03980175545439124, "terrain_level": 1.93359375, "sensor_delay_steps": 1}
[33m14:43:54 [math.py] WARNING: The function 'quat_rotate_inverse' will be deprecated in favor of the faster method 'quat_apply_inverse'. Please use 'quat_apply_inverse' instead....[0m
{"iteration": 137, "mean_reward": 0.04377422854304314, "episode_terminations": 19, "mean_loss": 0.055419482213134565, "terrain_level": 1.93359375, "sensor_delay_steps": 1}
{"iteration": 138, "mean_reward": 0.03896055370569229, "episode_terminations": 16, "mean_loss": 0.05335520595933, "terrain_level": 1.93359375, "sensor_delay_steps": 1}
[33m14:43:59 [math.py] WARNING: The function 'quat_rotate_inverse' will be deprecated in favor of the faster method 'quat_apply_inverse'. Please use 'quat_apply_inverse' instead....[0m
{"iteration": 139, "mean_reward": 0.03785596787929535, "episode_terminations": 19, "mean_loss": 0.04412664767975608, "terrain_level": 1.93359375, "sensor_delay_steps": 1}
{"iteration": 140, "mean_reward": 0.036638617515563965, "episode_terminations": 24, "mean_loss": 0.07660464740668733, "terrain_level": 1.93359375, "sensor_delay_steps": 1}
{"iteration": 141, "mean_reward": 0.034737855195999146, "episode_terminations": 24, "mean_loss": 0.05590909618573884, "terrain_level": 1.93359375, "sensor_delay_steps": 1}
[33m14:44:04 [math.py] WARNING: The function 'quat_rotate_inverse' will be deprecated in favor of the faster method 'quat_apply_inverse'. Please use 'quat_apply_inverse' instead....[0m
{"iteration": 142, "mean_reward": 0.034767135977745056, "episode_terminations": 18, "mean_loss": 0.07237897953018546, "terrain_level": 1.93359375, "sensor_delay_steps": 1}
{"iteration": 143, "mean_reward": 0.03495427221059799, "episode_terminations": 20, "mean_loss": 0.05538083232628802, "terrain_level": 1.93359375, "sensor_delay_steps": 1}
[33m14:44:09 [math.py] WARNING: The function 'quat_rotate_inverse' will be deprecated in favor of the faster method 'quat_apply_inverse'. Please use 'quat_apply_inverse' instead....[0m
{"iteration": 144, "mean_reward": 0.03914937376976013, "episode_terminations": 21, "mean_loss": 0.05076684872619808, "terrain_level": 1.93359375, "sensor_delay_steps": 1}
{"iteration": 145, "mean_reward": 0.05522342771291733, "episode_terminations": 50, "mean_loss": 0.04849361767992377, "terrain_level": 1.93359375, "sensor_delay_steps": 1}
{"iteration": 146, "mean_reward": 0.037313029170036316, "episode_terminations": 23, "mean_loss": 0.06566496441761653, "terrain_level": 1.93359375, "sensor_delay_steps": 1}
[33m14:44:14 [math.py] WARNING: The function 'quat_rotate_inverse' will be deprecated in favor of the faster method 'quat_apply_inverse'. Please use 'quat_apply_inverse' instead....[0m
{"iteration": 147, "mean_reward": 0.03697611391544342, "episode_terminations": 26, "mean_loss": 0.06453489147437115, "terrain_level": 1.93359375, "sensor_delay_steps": 1}
{"iteration": 148, "mean_reward": 0.036591529846191406, "episode_terminations": 25, "mean_loss": 0.04001074695649246, "terrain_level": 1.93359375, "sensor_delay_steps": 1}
[33m14:44:19 [math.py] WARNING: The function 'quat_rotate_inverse' will be deprecated in favor of the faster method 'quat_apply_inverse'. Please use 'quat_apply_inverse' instead....[0m
{"iteration": 149, "mean_reward": 0.035369034856557846, "episode_terminations": 22, "mean_loss": 0.03943338074410955, "terrain_level": 1.93359375, "sensor_delay_steps": 1}
{"iteration": 150, "mean_reward": 0.0348542183637619, "episode_terminations": 18, "mean_loss": 0.054126185830682516, "terrain_level": 1.93359375, "sensor_delay_steps": 1}
{"iteration": 151, "mean_reward": 0.03637881949543953, "episode_terminations": 21, "mean_loss": 0.04748263109164933, "terrain_level": 1.93359375, "sensor_delay_steps": 1}
[33m14:44:24 [math.py] WARNING: The function 'quat_rotate_inverse' will be deprecated in favor of the faster method 'quat_apply_inverse'. Please use 'quat_apply_inverse' instead....[0m
{"iteration": 152, "mean_reward": 0.03567296266555786, "episode_terminations": 19, "mean_loss": 0.045707220677286386, "terrain_level": 1.93359375, "sensor_delay_steps": 1}
{"iteration": 153, "mean_reward": 0.038311611860990524, "episode_terminations": 17, "mean_loss": 0.027903445530682802, "terrain_level": 1.93359375, "sensor_delay_steps": 1}
[33m14:44:29 [math.py] WARNING: The function 'quat_rotate_inverse' will be deprecated in favor of the faster method 'quat_apply_inverse'. Please use 'quat_apply_inverse' instead....[0m
{"iteration": 154, "mean_reward": 0.040912266820669174, "episode_terminations": 18, "mean_loss": 0.03169211698696017, "terrain_level": 1.93359375, "sensor_delay_steps": 1}
{"iteration": 155, "mean_reward": 0.03857863321900368, "episode_terminations": 22, "mean_loss": 0.05317662089752654, "terrain_level": 1.93359375, "sensor_delay_steps": 1}
{"iteration": 156, "mean_reward": 0.03702950477600098, "episode_terminations": 15, "mean_loss": 0.05925470024036864, "terrain_level": 1.93359375, "sensor_delay_steps": 1}
[33m14:44:34 [math.py] WARNING: The function 'quat_rotate_inverse' will be deprecated in favor of the faster method 'quat_apply_inverse'. Please use 'quat_apply_inverse' instead....[0m
{"iteration": 157, "mean_reward": 0.03924615681171417, "episode_terminations": 30, "mean_loss": 0.03166950478528937, "terrain_level": 1.93359375, "sensor_delay_steps": 1}
{"iteration": 158, "mean_reward": 0.03741101920604706, "episode_terminations": 15, "mean_loss": 0.03302846158233782, "terrain_level": 1.93359375, "sensor_delay_steps": 1}
[33m14:44:39 [math.py] WARNING: The function 'quat_rotate_inverse' will be deprecated in favor of the faster method 'quat_apply_inverse'. Please use 'quat_apply_inverse' instead....[0m
{"iteration": 159, "mean_reward": 0.03646644577383995, "episode_terminations": 18, "mean_loss": 0.03253376732269923, "terrain_level": 1.93359375, "sensor_delay_steps": 1}
{"iteration": 160, "mean_reward": 0.040375567972660065, "episode_terminations": 17, "mean_loss": -0.004596894917388757, "terrain_level": 1.93359375, "sensor_delay_steps": 1}
[33m14:44:44 [math.py] WARNING: The function 'quat_rotate_inverse' will be deprecated in favor of the faster method 'quat_apply_inverse'. Please use 'quat_apply_inverse' instead....[0m
{"iteration": 161, "mean_reward": 0.04050078243017197, "episode_terminations": 15, "mean_loss": -0.007369240280240774, "terrain_level": 1.93359375, "sensor_delay_steps": 1}
{"iteration": 162, "mean_reward": 0.04078086465597153, "episode_terminations": 16, "mean_loss": 0.007902898360043764, "terrain_level": 1.93359375, "sensor_delay_steps": 1}
{"iteration": 163, "mean_reward": 0.03873962163925171, "episode_terminations": 12, "mean_loss": 0.039495655335485935, "terrain_level": 1.93359375, "sensor_delay_steps": 1}
[33m14:44:49 [math.py] WARNING: The function 'quat_rotate_inverse' will be deprecated in favor of the faster method 'quat_apply_inverse'. Please use 'quat_apply_inverse' instead....[0m
{"iteration": 164, "mean_reward": 0.040600165724754333, "episode_terminations": 17, "mean_loss": 0.009983021765947342, "terrain_level": 1.93359375, "sensor_delay_steps": 1}
{"iteration": 165, "mean_reward": 0.036669470369815826, "episode_terminations": 16, "mean_loss": 0.05688129869910578, "terrain_level": 1.93359375, "sensor_delay_steps": 1}
[33m14:44:54 [math.py] WARNING: The function 'quat_rotate_inverse' will be deprecated in favor of the faster method 'quat_apply_inverse'. Please use 'quat_apply_inverse' instead....[0m
{"iteration": 166, "mean_reward": 0.045500483363866806, "episode_terminations": 32, "mean_loss": 0.06477029000719388, "terrain_level": 1.93359375, "sensor_delay_steps": 1}
{"iteration": 167, "mean_reward": 0.04076860472559929, "episode_terminations": 25, "mean_loss": 0.0188789670355618, "terrain_level": 1.93359375, "sensor_delay_steps": 1}
{"iteration": 168, "mean_reward": 0.03775036334991455, "episode_terminations": 17, "mean_loss": 0.001804955614109834, "terrain_level": 1.93359375, "sensor_delay_steps": 1}
[33m14:45:00 [math.py] WARNING: The function 'quat_rotate_inverse' will be deprecated in favor of the faster method 'quat_apply_inverse'. Please use 'quat_apply_inverse' instead....[0m
{"iteration": 169, "mean_reward": 0.03852130100131035, "episode_terminations": 16, "mean_loss": 0.010986555134877563, "terrain_level": 1.93359375, "sensor_delay_steps": 1}
{"iteration": 170, "mean_reward": 0.04302455484867096, "episode_terminations": 19, "mean_loss": 0.02309069177135825, "terrain_level": 1.93359375, "sensor_delay_steps": 1}
{"iteration": 171, "mean_reward": 0.042288731783628464, "episode_terminations": 21, "mean_loss": -0.01550945375735561, "terrain_level": 1.93359375, "sensor_delay_steps": 1}
[33m14:45:05 [math.py] WARNING: The function 'quat_rotate_inverse' will be deprecated in favor of the faster method 'quat_apply_inverse'. Please use 'quat_apply_inverse' instead....[0m
{"iteration": 172, "mean_reward": 0.03903789073228836, "episode_terminations": 18, "mean_loss": 0.014870582614094019, "terrain_level": 1.93359375, "sensor_delay_steps": 1}
{"iteration": 173, "mean_reward": 0.03669528663158417, "episode_terminations": 16, "mean_loss": 0.028522983969499666, "terrain_level": 1.93359375, "sensor_delay_steps": 1}
[33m14:45:10 [math.py] WARNING: The function 'quat_rotate_inverse' will be deprecated in favor of the faster method 'quat_apply_inverse'. Please use 'quat_apply_inverse' instead....[0m
{"iteration": 174, "mean_reward": 0.037596847862005234, "episode_terminations": 22, "mean_loss": 0.0014087758027017117, "terrain_level": 1.93359375, "sensor_delay_steps": 1}
{"iteration": 175, "mean_reward": 0.04013192281126976, "episode_terminations": 22, "mean_loss": 0.0163382850587368, "terrain_level": 1.93359375, "sensor_delay_steps": 1}
{"iteration": 176, "mean_reward": 0.03821886330842972, "episode_terminations": 20, "mean_loss": 0.00759351602755487, "terrain_level": 1.93359375, "sensor_delay_steps": 1}
[33m14:45:15 [math.py] WARNING: The function 'quat_rotate_inverse' will be deprecated in favor of the faster method 'quat_apply_inverse'. Please use 'quat_apply_inverse' instead....[0m
{"iteration": 177, "mean_reward": 0.03434976562857628, "episode_terminations": 18, "mean_loss": 0.017825214425101876, "terrain_level": 1.93359375, "sensor_delay_steps": 1}
{"iteration": 178, "mean_reward": 0.0388249047100544, "episode_terminations": 28, "mean_loss": 0.023672361004476745, "terrain_level": 1.93359375, "sensor_delay_steps": 1}
[33m14:45:20 [math.py] WARNING: The function 'quat_rotate_inverse' will be deprecated in favor of the faster method 'quat_apply_inverse'. Please use 'quat_apply_inverse' instead....[0m
{"iteration": 179, "mean_reward": 0.03390757367014885, "episode_terminations": 17, "mean_loss": 0.034650751389563084, "terrain_level": 1.93359375, "sensor_delay_steps": 1}
{"iteration": 180, "mean_reward": 0.03247455507516861, "episode_terminations": 29, "mean_loss": 0.011519336452086767, "terrain_level": 1.93359375, "sensor_delay_steps": 1}
{"iteration": 181, "mean_reward": 0.03422503173351288, "episode_terminations": 14, "mean_loss": 0.01676094198289017, "terrain_level": 1.93359375, "sensor_delay_steps": 1}
[33m14:45:25 [math.py] WARNING: The function 'quat_rotate_inverse' will be deprecated in favor of the faster method 'quat_apply_inverse'. Please use 'quat_apply_inverse' instead....[0m
{"iteration": 182, "mean_reward": 0.035715438425540924, "episode_terminations": 19, "mean_loss": 0.009600971126928926, "terrain_level": 1.93359375, "sensor_delay_steps": 1}
{"iteration": 183, "mean_reward": 0.03338201344013214, "episode_terminations": 21, "mean_loss": 0.0023480053835858903, "terrain_level": 1.93359375, "sensor_delay_steps": 1}
[33m14:45:30 [math.py] WARNING: The function 'quat_rotate_inverse' will be deprecated in favor of the faster method 'quat_apply_inverse'. Please use 'quat_apply_inverse' instead....[0m
{"iteration": 184, "mean_reward": 0.034256499260663986, "episode_terminations": 18, "mean_loss": -0.008402565804620584, "terrain_level": 1.93359375, "sensor_delay_steps": 1}
{"iteration": 185, "mean_reward": 0.03680457919836044, "episode_terminations": 23, "mean_loss": -0.0013998306822031736, "terrain_level": 1.93359375, "sensor_delay_steps": 1}
{"iteration": 186, "mean_reward": 0.03644946962594986, "episode_terminations": 11, "mean_loss": -0.01809617201797664, "terrain_level": 1.93359375, "sensor_delay_steps": 1}
[33m14:45:35 [math.py] WARNING: The function 'quat_rotate_inverse' will be deprecated in favor of the faster method 'quat_apply_inverse'. Please use 'quat_apply_inverse' instead....[0m
{"iteration": 187, "mean_reward": 0.045958906412124634, "episode_terminations": 33, "mean_loss": 0.016499987260128062, "terrain_level": 1.93359375, "sensor_delay_steps": 1}
{"iteration": 188, "mean_reward": 0.03293357044458389, "episode_terminations": 23, "mean_loss": 0.01249936882716914, "terrain_level": 1.93359375, "sensor_delay_steps": 1}
[33m14:45:40 [math.py] WARNING: The function 'quat_rotate_inverse' will be deprecated in favor of the faster method 'quat_apply_inverse'. Please use 'quat_apply_inverse' instead....[0m
{"iteration": 189, "mean_reward": 0.03386464715003967, "episode_terminations": 21, "mean_loss": 0.023941849591210485, "terrain_level": 1.93359375, "sensor_delay_steps": 1}
{"iteration": 190, "mean_reward": 0.03512190282344818, "episode_terminations": 24, "mean_loss": 0.005146847805008292, "terrain_level": 1.93359375, "sensor_delay_steps": 1}
{"iteration": 191, "mean_reward": 0.03697649762034416, "episode_terminations": 16, "mean_loss": -0.01717852506165703, "terrain_level": 1.93359375, "sensor_delay_steps": 1}
[33m14:45:45 [math.py] WARNING: The function 'quat_rotate_inverse' will be deprecated in favor of the faster method 'quat_apply_inverse'. Please use 'quat_apply_inverse' instead....[0m
{"iteration": 192, "mean_reward": 0.03401618450880051, "episode_terminations": 19, "mean_loss": -0.011884765544285377, "terrain_level": 1.93359375, "sensor_delay_steps": 1}
{"iteration": 193, "mean_reward": 0.035515692085027695, "episode_terminations": 15, "mean_loss": -0.012554471225788197, "terrain_level": 1.93359375, "sensor_delay_steps": 1}
[33m14:45:50 [math.py] WARNING: The function 'quat_rotate_inverse' will be deprecated in favor of the faster method 'quat_apply_inverse'. Please use 'quat_apply_inverse' instead....[0m
{"iteration": 194, "mean_reward": 0.03696829080581665, "episode_terminations": 15, "mean_loss": 0.0010840465159465869, "terrain_level": 1.93359375, "sensor_delay_steps": 1}
{"iteration": 195, "mean_reward": 0.039598509669303894, "episode_terminations": 14, "mean_loss": 0.01206670297930638, "terrain_level": 1.93359375, "sensor_delay_steps": 1}
{"iteration": 196, "mean_reward": 0.038759395480155945, "episode_terminations": 17, "mean_loss": -0.011455906632666787, "terrain_level": 1.93359375, "sensor_delay_steps": 1}
[33m14:45:55 [math.py] WARNING: The function 'quat_rotate_inverse' will be deprecated in favor of the faster method 'quat_apply_inverse'. Please use 'quat_apply_inverse' instead....[0m
{"iteration": 197, "mean_reward": 0.038481853902339935, "episode_terminations": 21, "mean_loss": -0.03770428150892258, "terrain_level": 1.93359375, "sensor_delay_steps": 1}
{"iteration": 198, "mean_reward": 0.03727544844150543, "episode_terminations": 14, "mean_loss": -0.009282951010391116, "terrain_level": 1.93359375, "sensor_delay_steps": 1}
[33m14:46:00 [math.py] WARNING: The function 'quat_rotate_inverse' will be deprecated in favor of the faster method 'quat_apply_inverse'. Please use 'quat_apply_inverse' instead....[0m
{"iteration": 199, "mean_reward": 0.03907710313796997, "episode_terminations": 33, "mean_loss": 0.014828306855633855, "terrain_level": 1.93359375, "sensor_delay_steps": 1}
[33m14:46:05 [math.py] WARNING: The function 'quat_rotate_inverse' will be deprecated in favor of the faster method 'quat_apply_inverse'. Please use 'quat_apply_inverse' instead....[0m
[33m14:46:10 [math.py] WARNING: The function 'quat_rotate_inverse' will be deprecated in favor of the faster method 'quat_apply_inverse'. Please use 'quat_apply_inverse' instead....[0m
[33m14:46:15 [math.py] WARNING: The function 'quat_rotate_inverse' will be deprecated in favor of the faster method 'quat_apply_inverse'. Please use 'quat_apply_inverse' instead....[0m
[Info] [carb] Logging to file: /tmp/bhl-h34-perceptive-run-s2-v4-20261010-21757754-t_3czamm/kit/logs/Kit/Isaac-Sim/5.1/kit_20261010_143904.log
2026-10-10T21:39:05Z [979ms] [Warning] [omni.usd_config.extension] Enable omni.materialx.libs extension to use MaterialX
2026-10-10T21:39:05Z [1,442ms] [Warning] [omni.platforminfo.plugin] failed to open the default display.  Can't verify X Server version.
2026-10-10T21:39:06Z [1,861ms] [Warning] [carb] Acquiring non optional plugin interface which is not listed as dependency: [omni::physx::IPhysxBenchmarks v1.0] (plugin: <default plugin>), by client: omni.physics.physx.plugin. Add it to CARB_PLUGIN_IMPL_DEPS() macro of a client.
2026-10-10T21:39:06Z [1,883ms] [Warning] [omni.isaac.dynamic_control] omni.isaac.dynamic_control is deprecated as of Isaac Sim 4.5. No action is needed from end-users.
2026-10-10T21:39:09Z [5,243ms] [Warning] [carb.cudainterop.plugin] CUDA_VISIBLE_DEVICES environment variable is set.
2026-10-10T21:39:09Z [5,243ms] [Warning] [carb.cudainterop.plugin] Note CUDA device enumeration and Omniverse device enumeration are different.
2026-10-10T21:39:09Z [5,243ms] [Warning] [carb.cudainterop.plugin] Setting CUDA_VISIBLE_DEVICES can lead to undesired behavior or crashes.

|---------------------------------------------------------------------------------------------|
| Driver Version: 615.71.09     | Graphics API: Vulkan
|=============================================================================================|
| GPU | Name                             | Active | LDA | GPU Memory | Vendor-ID | LUID       |
|     |                                  |        |     |            | Device-ID | UUID       |
|     |                                  |        |     |            | Bus-ID    |            |
|---------------------------------------------------------------------------------------------|
| 0   | Quadro RTX 8000                  | Yes: 0 |     | 78838   MB | 10de      | 0          |
|     |                                  |        |     |            | 1e78      | 3c20bd6d.. |
|     |                                  |        |     |            | 13        |            |
|=============================================================================================|
| OS: 22.04.5 LTS (Jammy Jellyfish) ubuntu, Version: 22.04.5, Kernel: 5.14.0-687.52.1.el9_8.x86_64
| Processor: Intel(R) Xeon(R) Gold 6248 CPU @ 2.50GHz
| Cores: 40 | Logical Cores: 40
|---------------------------------------------------------------------------------------------|
| Total Memory (MB): 772479 | Free Memory: 622347
| Total Page/Swap (MB): 0 | Free Page/Swap: 0
|---------------------------------------------------------------------------------------------|
2026-10-10T21:39:10Z [5,942ms] [Warning] [gpu.foundation.plugin] ECC is enabled on physical device 0
