source episodes 16 falls 10
gref_213 L 0 activation_s=[24.19999999998895, None] approach=[22.72] cross=[24.48] handback=[25.72] door0_open_at_cross_start=True door0_open_at_takeover=False
gref_213 L 1 activation_s=[19.24000000000051, 43.24000000002444] approach=[16.56] cross=[20.2] handback=[21.44] door0_open_at_cross_start=True door0_open_at_takeover=False
gref_213 L 4 activation_s=[15.880000000007916, None] approach=[14.4] cross=[16.2] handback=[17.44] door0_open_at_cross_start=True door0_open_at_takeover=False
gref_213 L 5 activation_s=[18.280000000002747, None] approach=[15.2] cross=[] handback=[] door0_open_at_cross_start=False door0_open_at_takeover=False
gref_213 L 7 activation_s=[15.960000000008014, 42.84000000002253] approach=[14.24] cross=[16.24] handback=[17.48] door0_open_at_cross_start=True door0_open_at_takeover=False
gref_213 L 9 activation_s=[None, None] approach=[18.28] cross=[] handback=[] door0_open_at_cross_start=False door0_open_at_takeover=False
gref_213 L12 activation_s=[13.440000000004934, None] approach=[11.44] cross=[] handback=[] door0_open_at_cross_start=False door0_open_at_takeover=False
gref_213 L13 activation_s=[None, None] approach=[12.2] cross=[] handback=[] door0_open_at_cross_start=False door0_open_at_takeover=False
gref_213 L14 activation_s=[18.24000000000284, None] approach=[14.72] cross=[19.68] handback=[20.92] door0_open_at_cross_start=True door0_open_at_takeover=False
gref_213 L15 activation_s=[16.76000000000629, 39.76000000000782] approach=[13.48] cross=[] handback=[] door0_open_at_cross_start=False door0_open_at_takeover=False
v2align_ L 0 activation_s=[24.19999999998895, None] approach=[22.72] cross=[24.16] handback=[27.68] door0_open_at_cross_start=False door0_open_at_takeover=False
v2align_ L 1 activation_s=[19.24000000000051, 43.24000000002444] approach=[16.56] cross=[20.08] handback=[23.16] door0_open_at_cross_start=True door0_open_at_takeover=False
v2align_ L 4 activation_s=[15.880000000007916, None] approach=[14.4] cross=[16.08] handback=[20.12] door0_open_at_cross_start=True door0_open_at_takeover=False
v2align_ L 5 activation_s=[18.280000000002747, None] approach=[15.2] cross=[19.56] handback=[22.84] door0_open_at_cross_start=True door0_open_at_takeover=False
v2align_ L 7 activation_s=[15.960000000008014, 42.84000000002253] approach=[14.24] cross=[15.88] handback=[19.92] door0_open_at_cross_start=False door0_open_at_takeover=False
v2align_ L 9 activation_s=[None, None] approach=[18.28] cross=[] handback=[] door0_open_at_cross_start=False door0_open_at_takeover=False
v2align_ L12 activation_s=[13.440000000004934, None] approach=[11.44] cross=[] handback=[] door0_open_at_cross_start=False door0_open_at_takeover=False
v2align_ L13 activation_s=[None, None] approach=[12.2] cross=[] handback=[] door0_open_at_cross_start=False door0_open_at_takeover=False
v2align_ L14 activation_s=[18.24000000000284, None] approach=[14.72] cross=[19.52] handback=[23.56] door0_open_at_cross_start=True door0_open_at_takeover=False
v2align_ L15 activation_s=[16.76000000000629, 39.76000000000782] approach=[13.48] cross=[17.88] handback=[20.64] door0_open_at_cross_start=True door0_open_at_takeover=False
POSTFALL v3s190_2 L 1 handback=24.80 fall=28.16 dyaw@hb=+35.2deg median cmd angle err: first4s=30.2 last2s_before_fall=28.3
POSTFALL v3s190a_ L 4 handback=21.64 fall=25.12 dyaw@hb=+63.0deg median cmd angle err: first4s=64.4 last2s_before_fall=68.5
POSTFALL v3s190a_ L 5 handback=24.32 fall=26.44 dyaw@hb=+88.0deg median cmd angle err: first4s=86.0 last2s_before_fall=85.9
POSTFALL v4s080a_ L 1 handback=24.52 fall=31.56 dyaw@hb=+7.8deg median cmd angle err: first4s=7.6 last2s_before_fall=6.8
POSTFALL v4s080a_ L 4 handback=20.56 fall=23.60 dyaw@hb=+51.2deg median cmd angle err: first4s=54.7 last2s_before_fall=56.8
