========== gref_21397732 upright 10 / 10
 L 0 T=55.04 fall=None takeover=[22.72] end-takeover=32.32 last_phase=recorded
    cross d0 s-1 dir=[0.0, 0.9999999999999998] t0=24.48 t1=25.72 yaw0=-1.53 SIDE along0=-0.353 end=-0.277 max=-0.239 disp_end=+0.076 disp_max=+0.113 noclear   cmd|.|=[0.021, 0.289, 0.0] plateN={'plate_0_-1:r0_leg_left_ankle_roll': 271}
    base-inside/traversed plates: {'plate_0_-1': {'min_dist': 0.027, 't_min': 26.6, 'base_inside_s': 6.84, 'base_traversed': False, 'along_at_end': -1.991, 'lat_at_end': 1.762}}
 L 1 T=43.68 fall=None takeover=[16.56] end-takeover=27.12 last_phase=recorded
    cross d0 s-1 dir=[1.0, 0.0] t0=20.2 t1=21.44 yaw0=-0.09 fwd  along0=-0.402 end=-0.187 max=-0.142 disp_end=+0.215 disp_max=+0.260 noclear   cmd|.|=[0.289, 0.027, 0.0] plateN={'plate_0_-1:r0_leg_left_ankle_roll': 381, 'plate_0_-1:r0_leg_right_ankle_roll': 332}
    base-inside/traversed plates: {'plate_0_-1': {'min_dist': 0.138, 't_min': 26.4, 'base_inside_s': 3.44, 'base_traversed': False, 'along_at_end': 4.096, 'lat_at_end': -2.032}}
 L 4 T=45.08 fall=None takeover=[14.4] end-takeover=30.68 last_phase=recorded
    cross d0 s-1 dir=[0.0, 0.9999999999999999] t0=16.2 t1=17.44 yaw0=-1.52 SIDE along0=-0.343 end=-0.328 max=-0.258 disp_end=+0.015 disp_max=+0.085 noclear   cmd|.|=[0.015, 0.29, 0.0] plateN={'plate_0_-1:r0_leg_left_ankle_roll': 106}
    base-inside/traversed plates: {'plate_0_-1': {'min_dist': 0.123, 't_min': 18.48, 'base_inside_s': 2.28, 'base_traversed': False, 'along_at_end': 0.208, 'lat_at_end': 0.232}}
 L 5 T=42.6 fall=None takeover=[15.2] end-takeover=27.4 last_phase=approach
    STUCK-IN-APPROACH 27.4 path 1.05 net 0.5 along [-0.184, 0.131] lat [0.319, 0.759] min d(pre) 0.341 last20s path/net 0.057 0.025 cmd_last [0.277, -0.116, 0.0]
    approach plate contacts (n, peakN, t_first, t_last): {'plate_0_1:r0_leg_left_ankle_roll': [98806, 147.5, 16.52, 42.6], 'plate_0_1:r0_leg_right_ankle_roll': [100269, 159.9, 16.64, 42.6]}
    base-inside/traversed plates: {}
 L 7 T=44.48 fall=None takeover=[14.24] end-takeover=30.24 last_phase=recorded
    cross d0 s+1 dir=[0.0, 0.9999999999999999] t0=16.24 t1=17.48 yaw0=-1.52 SIDE along0=-0.362 end=-0.219 max=-0.219 disp_end=+0.143 disp_max=+0.143 noclear   cmd|.|=[0.015, 0.29, 0.0] plateN={'plate_0_1:r0_leg_left_ankle_roll': 161}
    base-inside/traversed plates: {'plate_0_1': {'min_dist': 0.096, 't_min': 18.56, 'base_inside_s': 3.28, 'base_traversed': True, 'along_at_end': 0.972, 'lat_at_end': -0.943}}
 L 9 T=20.88 fall=None takeover=[18.28] end-takeover=2.6 last_phase=approach
    STUCK-IN-APPROACH 2.6 path 0.98 net 0.697 along [-0.353, 0.015] lat [0.171, 0.79] min d(pre) 0.174 last20s path/net 7.933 4.755 cmd_last [0.106, 0.281, 0.0]
    approach plate contacts (n, peakN, t_first, t_last): {'plate_0_-1:r0_leg_left_ankle_roll': [811, 149.8, 20.16, 20.88]}
    base-inside/traversed plates: {}
 L12 T=13.6 fall=None takeover=[11.44] end-takeover=2.16 last_phase=approach
    STUCK-IN-APPROACH 2.16 path 1.01 net 0.68 along [-0.218, 0.026] lat [0.125, 0.765] min d(pre) 0.155 last20s path/net 5.204 1.362 cmd_last [-0.225, -0.199, 0.0]
    approach plate contacts (n, peakN, t_first, t_last): {'plate_0_-1:r0_leg_left_ankle_roll': [433, 544.3, 12.84, 13.6], 'plate_0_-1:r0_leg_right_ankle_roll': [631, 241.7, 13.28, 13.6]}
    base-inside/traversed plates: {'plate_0_-1': {'min_dist': 0.209, 't_min': 13.48, 'base_inside_s': 0.2, 'base_traversed': False, 'along_at_end': -0.215, 'lat_at_end': 0.129}}
 L13 T=15.24 fall=None takeover=[12.2] end-takeover=3.04 last_phase=approach
    STUCK-IN-APPROACH 3.04 path 1.25 net 0.665 along [-0.308, 0.029] lat [0.153, 0.784] min d(pre) 0.162 last20s path/net 5.493 2.913 cmd_last [-0.232, 0.191, 0.0]
    approach plate contacts (n, peakN, t_first, t_last): {'plate_0_-1:r0_leg_left_ankle_roll': [1220, 426.7, 14.12, 15.24], 'plate_0_-1:r0_leg_right_ankle_roll': [173, 292.0, 15.24, 15.24]}
    base-inside/traversed plates: {}
 L14 T=37.16 fall=None takeover=[14.72] end-takeover=22.44 last_phase=recorded
    cross d0 s+1 dir=[0.0, 1.0] t0=19.68 t1=20.92 yaw0=-1.34 SIDE along0=-0.274 end=-0.254 max=-0.239 disp_end=+0.020 disp_max=+0.034 noclear   cmd|.|=[0.081, 0.279, 0.0] plateN={'plate_0_1:r0_leg_left_ankle_roll': 75}
    base-inside/traversed plates: {}
 L15 T=40.68 fall=None takeover=[13.48] end-takeover=27.2 last_phase=approach
    STUCK-IN-APPROACH 27.2 path 0.93 net 0.505 along [-0.215, 0.074] lat [0.31, 0.764] min d(pre) 0.324 last20s path/net 0.055 0.024 cmd_last [0.281, -0.104, 0.0]
    approach plate contacts (n, peakN, t_first, t_last): {'plate_0_1:r0_leg_left_ankle_roll': [98158, 185.2, 15.24, 40.68], 'plate_0_1:r0_leg_right_ankle_roll': [101071, 187.6, 14.88, 40.68]}
    base-inside/traversed plates: {}
========== waitopen2_21400863 upright 10 / 10
 L 0 T=55.04 fall=None takeover=[22.72] end-takeover=32.32 last_phase=recorded
    cross d0 s-1 dir=[0.0, 0.9999999999999998] t0=24.48 t1=25.72 yaw0=-1.53 SIDE along0=-0.353 end=-0.277 max=-0.239 disp_end=+0.076 disp_max=+0.113 noclear   cmd|.|=[0.021, 0.289, 0.0] plateN={'plate_0_-1:r0_leg_left_ankle_roll': 271}
    base-inside/traversed plates: {'plate_0_-1': {'min_dist': 0.027, 't_min': 26.6, 'base_inside_s': 6.84, 'base_traversed': False, 'along_at_end': -1.991, 'lat_at_end': 1.762}}
 L 1 T=43.68 fall=None takeover=[16.56] end-takeover=27.12 last_phase=recorded
    cross d0 s-1 dir=[1.0, 0.0] t0=20.2 t1=21.44 yaw0=-0.09 fwd  along0=-0.402 end=-0.187 max=-0.142 disp_end=+0.215 disp_max=+0.260 noclear   cmd|.|=[0.289, 0.027, 0.0] plateN={'plate_0_-1:r0_leg_left_ankle_roll': 381, 'plate_0_-1:r0_leg_right_ankle_roll': 332}
    base-inside/traversed plates: {'plate_0_-1': {'min_dist': 0.138, 't_min': 26.4, 'base_inside_s': 3.44, 'base_traversed': False, 'along_at_end': 4.096, 'lat_at_end': -2.032}}
 L 4 T=45.08 fall=None takeover=[14.4] end-takeover=30.68 last_phase=recorded
    cross d0 s-1 dir=[0.0, 0.9999999999999999] t0=16.2 t1=17.44 yaw0=-1.52 SIDE along0=-0.343 end=-0.328 max=-0.258 disp_end=+0.015 disp_max=+0.085 noclear   cmd|.|=[0.015, 0.29, 0.0] plateN={'plate_0_-1:r0_leg_left_ankle_roll': 106}
    base-inside/traversed plates: {'plate_0_-1': {'min_dist': 0.123, 't_min': 18.48, 'base_inside_s': 2.28, 'base_traversed': False, 'along_at_end': 0.208, 'lat_at_end': 0.232}}
 L 5 T=42.6 fall=None takeover=[15.2] end-takeover=27.4 last_phase=approach
    STUCK-IN-APPROACH 27.4 path 1.05 net 0.5 along [-0.184, 0.131] lat [0.319, 0.759] min d(pre) 0.341 last20s path/net 0.057 0.025 cmd_last [0.277, -0.116, 0.0]
    approach plate contacts (n, peakN, t_first, t_last): {'plate_0_1:r0_leg_left_ankle_roll': [98806, 147.5, 16.52, 42.6], 'plate_0_1:r0_leg_right_ankle_roll': [100269, 159.9, 16.64, 42.6]}
    base-inside/traversed plates: {}
 L 7 T=44.48 fall=None takeover=[14.24] end-takeover=30.24 last_phase=recorded
    cross d0 s+1 dir=[0.0, 0.9999999999999999] t0=16.24 t1=17.48 yaw0=-1.52 SIDE along0=-0.362 end=-0.219 max=-0.219 disp_end=+0.143 disp_max=+0.143 noclear   cmd|.|=[0.015, 0.29, 0.0] plateN={'plate_0_1:r0_leg_left_ankle_roll': 161}
    base-inside/traversed plates: {'plate_0_1': {'min_dist': 0.096, 't_min': 18.56, 'base_inside_s': 3.28, 'base_traversed': True, 'along_at_end': 0.972, 'lat_at_end': -0.943}}
 L 9 T=20.88 fall=None takeover=[18.28] end-takeover=2.6 last_phase=approach
    STUCK-IN-APPROACH 2.6 path 0.98 net 0.697 along [-0.353, 0.015] lat [0.171, 0.79] min d(pre) 0.174 last20s path/net 7.933 4.755 cmd_last [0.106, 0.281, 0.0]
    approach plate contacts (n, peakN, t_first, t_last): {'plate_0_-1:r0_leg_left_ankle_roll': [811, 149.8, 20.16, 20.88]}
    base-inside/traversed plates: {}
 L12 T=13.6 fall=None takeover=[11.44] end-takeover=2.16 last_phase=approach
    STUCK-IN-APPROACH 2.16 path 1.01 net 0.68 along [-0.218, 0.026] lat [0.125, 0.765] min d(pre) 0.155 last20s path/net 5.204 1.362 cmd_last [-0.225, -0.199, 0.0]
    approach plate contacts (n, peakN, t_first, t_last): {'plate_0_-1:r0_leg_left_ankle_roll': [433, 544.3, 12.84, 13.6], 'plate_0_-1:r0_leg_right_ankle_roll': [631, 241.7, 13.28, 13.6]}
    base-inside/traversed plates: {'plate_0_-1': {'min_dist': 0.209, 't_min': 13.48, 'base_inside_s': 0.2, 'base_traversed': False, 'along_at_end': -0.215, 'lat_at_end': 0.129}}
 L13 T=15.24 fall=None takeover=[12.2] end-takeover=3.04 last_phase=approach
    STUCK-IN-APPROACH 3.04 path 1.25 net 0.665 along [-0.308, 0.029] lat [0.153, 0.784] min d(pre) 0.162 last20s path/net 5.493 2.913 cmd_last [-0.232, 0.191, 0.0]
    approach plate contacts (n, peakN, t_first, t_last): {'plate_0_-1:r0_leg_left_ankle_roll': [1220, 426.7, 14.12, 15.24], 'plate_0_-1:r0_leg_right_ankle_roll': [173, 292.0, 15.24, 15.24]}
    base-inside/traversed plates: {}
 L14 T=37.16 fall=None takeover=[14.72] end-takeover=22.44 last_phase=recorded
    cross d0 s+1 dir=[0.0, 1.0] t0=19.68 t1=20.92 yaw0=-1.34 SIDE along0=-0.274 end=-0.254 max=-0.239 disp_end=+0.020 disp_max=+0.034 noclear   cmd|.|=[0.081, 0.279, 0.0] plateN={'plate_0_1:r0_leg_left_ankle_roll': 75}
    base-inside/traversed plates: {}
 L15 T=40.68 fall=None takeover=[13.48] end-takeover=27.2 last_phase=approach
    STUCK-IN-APPROACH 27.2 path 0.93 net 0.505 along [-0.215, 0.074] lat [0.31, 0.764] min d(pre) 0.324 last20s path/net 0.055 0.024 cmd_last [0.281, -0.104, 0.0]
    approach plate contacts (n, peakN, t_first, t_last): {'plate_0_1:r0_leg_left_ankle_roll': [98158, 185.2, 15.24, 40.68], 'plate_0_1:r0_leg_right_ankle_roll': [101071, 187.6, 14.88, 40.68]}
    base-inside/traversed plates: {}
========== v2align_21405537 upright 9 / 10
 L 0 T=55.04 fall=None takeover=[22.72] end-takeover=32.32 last_phase=recorded
    cross d0 s-1 dir=[0.0, 0.9999999999999998] t0=24.16 t1=27.68 yaw0=-1.10 SIDE along0=-0.457 end=+0.352 max=+0.352 disp_end=+0.809 disp_max=+0.809 CLEAR   cmd|.|=[0.231, 0.159, 0.314] plateN={'plate_0_-1:r0_leg_left_ankle_roll': 153, 'plate_0_-1:r0_leg_right_ankle_roll': 216}
    base-inside/traversed plates: {}
 L 1 T=43.68 fall=None takeover=[16.56] end-takeover=27.12 last_phase=recorded
    cross d0 s-1 dir=[1.0, 0.0] t0=20.08 t1=23.16 yaw0=+0.02 fwd  along0=-0.459 end=+0.357 max=+0.357 disp_end=+0.816 disp_max=+0.816 CLEAR   cmd|.|=[0.294, 0.027, 0.11] plateN={'plate_0_-1:r0_leg_right_ankle_roll': 379, 'plate_0_-1:r0_leg_left_ankle_roll': 491}
    base-inside/traversed plates: {'plate_0_-1': {'min_dist': 0.141, 't_min': 22.04, 'base_inside_s': 1.68, 'base_traversed': True, 'along_at_end': 2.242, 'lat_at_end': -0.075}}
 L 4 T=45.08 fall=None takeover=[14.4] end-takeover=30.68 last_phase=recorded
    cross d0 s-1 dir=[0.0, 0.9999999999999999] t0=16.08 t1=20.12 yaw0=-1.05 SIDE along0=-0.462 end=+0.297 max=+0.297 disp_end=+0.759 disp_max=+0.759 noclear   cmd|.|=[0.257, 0.114, 0.253] plateN={'plate_0_-1:r0_leg_left_ankle_roll': 207, 'plate_0_-1:r0_leg_right_ankle_roll': 227}
    base-inside/traversed plates: {}
 L 5 T=42.6 fall=None takeover=[15.2] end-takeover=27.4 last_phase=recorded
    cross d0 s+1 dir=[0.0, 1.0] t0=19.56 t1=22.84 yaw0=-0.12 fwd  along0=-0.471 end=+0.355 max=+0.355 disp_end=+0.826 disp_max=+0.826 CLEAR   cmd|.|=[0.296, 0.009, 0.035] plateN={'plate_0_1:r0_leg_left_ankle_roll': 130, 'plate_0_1:r0_leg_right_ankle_roll': 164}
    base-inside/traversed plates: {'plate_0_1': {'min_dist': 0.057, 't_min': 22.04, 'base_inside_s': 2.2, 'base_traversed': True, 'along_at_end': -0.618, 'lat_at_end': 3.449}}
 L 7 T=44.48 fall=18.280000000002747 takeover=[14.24] end-takeover=30.24 last_phase=recorded
    cross d0 s+1 dir=[0.0, 0.9999999999999999] t0=15.88 t1=19.92 yaw0=-1.02 SIDE along0=-0.536 end=-0.609 max=-0.287 disp_end=-0.073 disp_max=+0.249 noclear FELL@+2.40  cmd|.|=[0.233, 0.166, 0.343] plateN={'plate_0_1:r0_leg_left_ankle_roll': 263, 'plate_0_1:r0_leg_right_ankle_roll': 120}
    base-inside/traversed plates: {}
 L 9 T=20.88 fall=None takeover=[18.28] end-takeover=2.6 last_phase=approach
    STUCK-IN-APPROACH 2.6 path 1.03 net 0.726 along [-0.424, 0.015] lat [0.198, 0.79] min d(pre) 0.232 last20s path/net 7.988 4.689 cmd_last [-0.031, 0.298, -0.016]
    approach plate contacts (n, peakN, t_first, t_last): {}
    base-inside/traversed plates: {}
 L12 T=13.6 fall=None takeover=[11.44] end-takeover=2.16 last_phase=approach
    STUCK-IN-APPROACH 2.16 path 1.04 net 0.764 along [-0.415, 0.026] lat [0.137, 0.765] min d(pre) 0.173 last20s path/net 5.225 1.182 cmd_last [-0.238, 0.183, 0.35]
    approach plate contacts (n, peakN, t_first, t_last): {}
    base-inside/traversed plates: {}
 L13 T=15.24 fall=None takeover=[12.2] end-takeover=3.04 last_phase=approach
    STUCK-IN-APPROACH 3.04 path 1.23 net 0.675 along [-0.436, 0.029] lat [0.225, 0.784] min d(pre) 0.252 last20s path/net 5.475 2.747 cmd_last [-0.107, 0.28, 0.224]
    approach plate contacts (n, peakN, t_first, t_last): {'plate_0_-1:r0_leg_left_ankle_roll': [492, 66.6, 14.36, 14.92]}
    base-inside/traversed plates: {}
 L14 T=37.16 fall=None takeover=[14.72] end-takeover=22.44 last_phase=recorded
    cross d0 s+1 dir=[0.0, 1.0] t0=19.52 t1=23.56 yaw0=-0.08 fwd  along0=-0.464 end=-0.375 max=-0.204 disp_end=+0.089 disp_max=+0.259 noclear   cmd|.|=[0.297, 0.014, 0.057] plateN={'plate_0_1:r0_leg_left_ankle_roll': 206, 'plate_0_1:r0_leg_right_ankle_roll': 176}
    base-inside/traversed plates: {'plate_0_1': {'min_dist': 0.207, 't_min': 20.84, 'base_inside_s': 0.2, 'base_traversed': False, 'along_at_end': -0.51, 'lat_at_end': 2.783}}
 L15 T=40.68 fall=None takeover=[13.48] end-takeover=27.2 last_phase=recorded
    cross d0 s+1 dir=[0.0, 1.0000000000000002] t0=17.88 t1=20.64 yaw0=-0.07 fwd  along0=-0.466 end=+0.353 max=+0.353 disp_end=+0.819 disp_max=+0.819 CLEAR   cmd|.|=[0.295, 0.012, 0.05] plateN={'plate_0_1:r0_leg_left_ankle_roll': 176, 'plate_0_1:r0_leg_right_ankle_roll': 206}
    base-inside/traversed plates: {'plate_0_1': {'min_dist': 0.062, 't_min': 19.64, 'base_inside_s': 1.68, 'base_traversed': True, 'along_at_end': 0.801, 'lat_at_end': 1.459}}
========== v3s190_21405539 upright 6 / 10
 L 0 T=55.04 fall=27.999999999980094 takeover=[22.72] end-takeover=32.32 last_phase=recorded
    cross d0 s-1 dir=[0.0, 0.9999999999999998] t0=25.76 t1=29.8 yaw0=-1.50 SIDE along0=-0.472 end=-0.498 max=-0.183 disp_end=-0.026 disp_max=+0.288 noclear FELL@+2.24  cmd|.|=[0.05, 0.278, 0.0] plateN={'plate_0_-1:r0_leg_left_ankle_roll': 704, 'plate_0_-1:r0_leg_right_ankle_roll': 120, 'plate_0_-1:r0_leg_right_hip_pitch': 31}
    base-inside/traversed plates: {'plate_0_-1': {'min_dist': 0.185, 't_min': 27.84, 'base_inside_s': 0.16, 'base_traversed': False, 'along_at_end': -0.494, 'lat_at_end': -0.19}}
 L 1 T=43.68 fall=28.15999999997972 takeover=[16.56] end-takeover=27.12 last_phase=recorded
    cross d0 s-1 dir=[1.0, 0.0] t0=21.56 t1=24.8 yaw0=+0.06 fwd  along0=-0.474 end=+0.352 max=+0.352 disp_end=+0.826 disp_max=+0.826 CLEAR  POSTFALL cmd|.|=[0.277, 0.085, 0.0] plateN={'plate_0_-1:r0_leg_left_ankle_roll': 454, 'plate_0_-1:r0_leg_right_ankle_roll': 392}
    base-inside/traversed plates: {'plate_0_-1': {'min_dist': 0.024, 't_min': 23.84, 'base_inside_s': 1.64, 'base_traversed': True, 'along_at_end': 0.27, 'lat_at_end': -0.229}}
 L 4 T=45.08 fall=19.799999999999205 takeover=[14.4] end-takeover=30.68 last_phase=recorded
    cross d0 s-1 dir=[0.0, 0.9999999999999999] t0=17.44 t1=21.48 yaw0=-1.53 SIDE along0=-0.471 end=-0.430 max=-0.234 disp_end=+0.041 disp_max=+0.237 noclear FELL@+2.36  cmd|.|=[0.031, 0.291, 0.0] plateN={'plate_0_-1:r0_leg_left_ankle_roll': 217, 'plate_0_-1:r0_arm_left_elbow_roll': 189, 'plate_0_-1:r0_leg_left_hip_pitch': 520, 'plate_0_-1:r0_arm_left_shoulder_yaw': 1102, 'plate_0_-1:r0_base': 110, 'plate_0_-1:r0_leg_right_ankle_roll': 141}
    base-inside/traversed plates: {}
 L 5 T=42.6 fall=None takeover=[15.2] end-takeover=27.4 last_phase=recorded
    cross d0 s+1 dir=[0.0, 1.0] t0=20.4 t1=24.44 yaw0=-1.51 SIDE along0=-0.402 end=+0.147 max=+0.147 disp_end=+0.549 disp_max=+0.549 noclear   cmd|.|=[0.034, 0.294, 0.0] plateN={'plate_0_1:r0_leg_left_ankle_roll': 168, 'plate_0_1:r0_leg_right_ankle_roll': 220}
    base-inside/traversed plates: {'plate_0_1': {'min_dist': 0.07, 't_min': 23.76, 'base_inside_s': 3.04, 'base_traversed': False, 'along_at_end': 0.678, 'lat_at_end': 3.387}}
 L 7 T=44.48 fall=19.36000000000023 takeover=[14.24] end-takeover=30.24 last_phase=recorded
    cross d0 s+1 dir=[0.0, 0.9999999999999999] t0=17.16 t1=21.2 yaw0=-1.54 SIDE along0=-0.509 end=-0.348 max=-0.080 disp_end=+0.161 disp_max=+0.429 noclear FELL@+2.20  cmd|.|=[0.014, 0.293, 0.0] plateN={'plate_0_1:r0_leg_left_ankle_roll': 464, 'plate_0_1:r0_leg_right_ankle_roll': 166, 'plate_0_1:r0_arm_right_elbow_roll': 87, 'plate_0_1:r0_arm_right_shoulder_yaw': 185}
    base-inside/traversed plates: {'plate_0_1': {'min_dist': 0.131, 't_min': 19.04, 'base_inside_s': 0.32, 'base_traversed': False, 'along_at_end': -0.355, 'lat_at_end': -0.145}}
 L 9 T=20.88 fall=None takeover=[18.28] end-takeover=2.6 last_phase=approach
    STUCK-IN-APPROACH 2.6 path 1.03 net 0.725 along [-0.423, 0.015] lat [0.199, 0.79] min d(pre) 0.234 last20s path/net 7.981 4.688 cmd_last [-0.023, 0.299, 0.0]
    approach plate contacts (n, peakN, t_first, t_last): {}
    base-inside/traversed plates: {}
 L12 T=13.6 fall=None takeover=[11.44] end-takeover=2.16 last_phase=approach
    STUCK-IN-APPROACH 2.16 path 1.01 net 0.728 along [-0.329, 0.026] lat [0.123, 0.765] min d(pre) 0.126 last20s path/net 5.201 1.256 cmd_last [-0.203, -0.221, 0.0]
    approach plate contacts (n, peakN, t_first, t_last): {'plate_0_-1:r0_leg_left_ankle_roll': [109, 130.0, 13.08, 13.4]}
    base-inside/traversed plates: {}
 L13 T=15.24 fall=None takeover=[12.2] end-takeover=3.04 last_phase=approach
    STUCK-IN-APPROACH 3.04 path 1.26 net 0.676 along [-0.435, 0.029] lat [0.224, 0.785] min d(pre) 0.251 last20s path/net 5.506 2.718 cmd_last [-0.135, 0.268, 0.0]
    approach plate contacts (n, peakN, t_first, t_last): {'plate_0_-1:r0_leg_left_ankle_roll': [627, 134.7, 14.36, 15.2]}
    base-inside/traversed plates: {}
 L14 T=37.16 fall=None takeover=[14.72] end-takeover=22.44 last_phase=recorded
    cross d0 s+1 dir=[0.0, 1.0] t0=21.04 t1=25.08 yaw0=-1.72 SIDE along0=-0.347 end=-0.329 max=-0.283 disp_end=+0.018 disp_max=+0.064 noclear   cmd|.|=[0.014, 0.296, 0.0] plateN={'plate_0_1:r0_leg_left_ankle_roll': 108}
    base-inside/traversed plates: {}
 L15 T=40.68 fall=None takeover=[13.48] end-takeover=27.2 last_phase=recorded
    cross d0 s+1 dir=[0.0, 1.0000000000000002] t0=19.56 t1=23.6 yaw0=-1.35 SIDE along0=-0.364 end=-0.217 max=-0.200 disp_end=+0.148 disp_max=+0.165 noclear   cmd|.|=[0.045, 0.294, 0.0] plateN={'plate_0_1:r0_leg_left_ankle_roll': 139}
    base-inside/traversed plates: {'plate_0_-1': {'min_dist': 0.191, 't_min': 31.88, 'base_inside_s': 0.68, 'base_traversed': False, 'along_at_end': -0.819, 'lat_at_end': 1.852}, 'plate_0_1': {'min_dist': 0.176, 't_min': 29.12, 'base_inside_s': 6.28, 'base_traversed': False, 'along_at_end': -0.819, 'lat_at_end': -2.692}}
========== v4s080_21405541 upright 9 / 10
 L 0 T=55.04 fall=26.599999999983357 takeover=[22.72] end-takeover=32.32 last_phase=recorded
    cross d0 s-1 dir=[0.0, 0.9999999999999998] t0=24.68 t1=28.72 yaw0=-1.49 SIDE along0=-0.458 end=-0.362 max=-0.186 disp_end=+0.096 disp_max=+0.272 noclear FELL@+1.92  cmd|.|=[0.032, 0.291, 0.0] plateN={'plate_0_-1:r0_leg_left_ankle_roll': 344, 'plate_0_-1:r0_arm_left_elbow_roll': 966, 'plate_0_-1:r0_leg_left_hip_pitch': 183, 'plate_0_-1:r0_leg_right_ankle_roll': 140}
    base-inside/traversed plates: {}
 L 1 T=43.68 fall=None takeover=[16.56] end-takeover=27.12 last_phase=recorded
    cross d0 s-1 dir=[1.0, 0.0] t0=20.48 t1=24.08 yaw0=+0.07 fwd  along0=-0.473 end=+0.367 max=+0.367 disp_end=+0.840 disp_max=+0.840 CLEAR   cmd|.|=[0.295, 0.029, 0.0] plateN={'plate_0_-1:r0_leg_left_ankle_roll': 396, 'plate_0_-1:r0_leg_right_ankle_roll': 352}
    base-inside/traversed plates: {'plate_0_-1': {'min_dist': 0.059, 't_min': 22.96, 'base_inside_s': 2.04, 'base_traversed': True, 'along_at_end': 1.03, 'lat_at_end': -1.323}}
 L 4 T=45.08 fall=None takeover=[14.4] end-takeover=30.68 last_phase=recorded
    cross d0 s-1 dir=[0.0, 0.9999999999999999] t0=16.36 t1=20.4 yaw0=-1.53 SIDE along0=-0.469 end=-0.239 max=-0.223 disp_end=+0.231 disp_max=+0.247 noclear   cmd|.|=[0.06, 0.289, 0.0] plateN={'plate_0_-1:r0_leg_left_ankle_roll': 185}
    base-inside/traversed plates: {}
 L 5 T=42.6 fall=None takeover=[15.2] end-takeover=27.4 last_phase=recorded
    cross d0 s+1 dir=[0.0, 1.0] t0=19.32 t1=23.36 yaw0=-1.51 SIDE along0=-0.402 end=-0.111 max=-0.110 disp_end=+0.291 disp_max=+0.292 noclear   cmd|.|=[0.021, 0.296, 0.0] plateN={'plate_0_1:r0_leg_left_ankle_roll': 259, 'plate_0_1:r0_leg_right_ankle_roll': 95}
    base-inside/traversed plates: {'plate_0_1': {'min_dist': 0.113, 't_min': 24.32, 'base_inside_s': 4.36, 'base_traversed': False, 'along_at_end': 0.691, 'lat_at_end': 2.82}}
 L 7 T=44.48 fall=None takeover=[14.24, 32.88] end-takeover=30.24 last_phase=approach
    STUCK-IN-APPROACH 11.6 path 4.17 net 0.483 along [-0.209, 0.298] lat [0.526, 0.715] min d(pre) 0.56 last20s path/net 6.024 1.12 cmd_last [0.275, 0.12, 0.0]
    approach plate contacts (n, peakN, t_first, t_last): {'plate_0_-1:r0_leg_left_ankle_roll': [8212, 257.6, 32.88, 37.88], 'plate_0_-1:r0_leg_right_ankle_roll': [19431, 329.4, 32.88, 40.4]}
    cross d0 s+1 dir=[0.0, 0.9999999999999999] t0=16.04 t1=20.08 yaw0=-1.53 SIDE along0=-0.506 end=-0.090 max=-0.086 disp_end=+0.417 disp_max=+0.420 noclear   cmd|.|=[0.033, 0.295, 0.0] plateN={'plate_0_1:r0_leg_left_ankle_roll': 405, 'plate_0_1:r0_leg_right_ankle_roll': 100}
    base-inside/traversed plates: {'plate_0_-1': {'min_dist': 0.068, 't_min': 32.64, 'base_inside_s': 1.0, 'base_traversed': False, 'along_at_end': 0.411, 'lat_at_end': 0.257}, 'plate_0_1': {'min_dist': 0.071, 't_min': 28.0, 'base_inside_s': 13.36, 'base_traversed': False, 'along_at_end': 0.411, 'lat_at_end': -1.097}}
 L 9 T=20.88 fall=None takeover=[18.28] end-takeover=2.6 last_phase=approach
    STUCK-IN-APPROACH 2.6 path 1.03 net 0.725 along [-0.423, 0.015] lat [0.199, 0.79] min d(pre) 0.234 last20s path/net 7.981 4.688 cmd_last [-0.023, 0.299, 0.0]
    approach plate contacts (n, peakN, t_first, t_last): {}
    base-inside/traversed plates: {}
 L12 T=13.6 fall=None takeover=[11.44] end-takeover=2.16 last_phase=approach
    STUCK-IN-APPROACH 2.16 path 1.01 net 0.728 along [-0.329, 0.026] lat [0.123, 0.765] min d(pre) 0.126 last20s path/net 5.201 1.256 cmd_last [-0.203, -0.221, 0.0]
    approach plate contacts (n, peakN, t_first, t_last): {'plate_0_-1:r0_leg_left_ankle_roll': [109, 130.0, 13.08, 13.4]}
    base-inside/traversed plates: {}
 L13 T=15.24 fall=None takeover=[12.2] end-takeover=3.04 last_phase=approach
    STUCK-IN-APPROACH 3.04 path 1.26 net 0.676 along [-0.435, 0.029] lat [0.224, 0.785] min d(pre) 0.251 last20s path/net 5.506 2.718 cmd_last [-0.135, 0.268, 0.0]
    approach plate contacts (n, peakN, t_first, t_last): {'plate_0_-1:r0_leg_left_ankle_roll': [627, 134.7, 14.36, 15.2]}
    base-inside/traversed plates: {}
 L14 T=37.16 fall=None takeover=[14.72] end-takeover=22.44 last_phase=recorded
    cross d0 s+1 dir=[0.0, 1.0] t0=19.96 t1=24.0 yaw0=-1.72 SIDE along0=-0.346 end=-0.326 max=-0.270 disp_end=+0.020 disp_max=+0.076 noclear   cmd|.|=[0.012, 0.296, 0.0] plateN={'plate_0_1:r0_leg_left_ankle_roll': 148}
    base-inside/traversed plates: {}
 L15 T=40.68 fall=None takeover=[13.48] end-takeover=27.2 last_phase=recorded
    cross d0 s+1 dir=[0.0, 1.0000000000000002] t0=18.48 t1=22.52 yaw0=-1.36 SIDE along0=-0.363 end=-0.210 max=-0.191 disp_end=+0.153 disp_max=+0.172 noclear   cmd|.|=[0.037, 0.295, 0.0] plateN={'plate_0_1:r0_leg_left_ankle_roll': 186}
    base-inside/traversed plates: {'plate_0_-1': {'min_dist': 0.136, 't_min': 33.56, 'base_inside_s': 1.28, 'base_traversed': False, 'along_at_end': 0.303, 'lat_at_end': 1.842}, 'plate_0_1': {'min_dist': 0.176, 't_min': 29.08, 'base_inside_s': 9.6, 'base_traversed': False, 'along_at_end': 0.303, 'lat_at_end': -2.682}}
========== v3s190a_21405543 upright 7 / 10
 L 0 T=55.04 fall=None takeover=[22.72] end-takeover=32.32 last_phase=recorded
    cross d0 s-1 dir=[0.0, 0.9999999999999998] t0=25.64 t1=29.56 yaw0=-1.12 SIDE along0=-0.457 end=+0.369 max=+0.369 disp_end=+0.826 disp_max=+0.826 CLEAR   cmd|.|=[0.246, 0.132, 0.278] plateN={'plate_0_-1:r0_leg_left_ankle_roll': 172, 'plate_0_-1:r0_leg_right_ankle_roll': 218}
    base-inside/traversed plates: {}
 L 1 T=43.68 fall=None takeover=[16.56] end-takeover=27.12 last_phase=recorded
    cross d0 s-1 dir=[1.0, 0.0] t0=21.56 t1=25.6 yaw0=+0.01 fwd  along0=-0.472 end=-0.303 max=-0.293 disp_end=+0.169 disp_max=+0.179 noclear   cmd|.|=[0.296, 0.019, 0.075] plateN={'plate_0_-1:r0_leg_left_ankle_roll': 215, 'plate_0_-1:r0_leg_right_ankle_roll': 167}
    base-inside/traversed plates: {'plate_0_1': {'min_dist': 0.008, 't_min': 30.24, 'base_inside_s': 1.36, 'base_traversed': True, 'along_at_end': 1.87, 'lat_at_end': 1.684}}
 L 4 T=45.08 fall=25.119999999986806 takeover=[14.4] end-takeover=30.68 last_phase=recorded
    cross d0 s-1 dir=[0.0, 0.9999999999999999] t0=17.6 t1=21.64 yaw0=-1.04 SIDE along0=-0.458 end=-0.319 max=-0.305 disp_end=+0.139 disp_max=+0.153 noclear  POSTFALL cmd|.|=[0.236, 0.172, 0.347] plateN={'plate_0_-1:r0_leg_left_ankle_roll': 143, 'plate_0_-1:r0_leg_right_ankle_roll': 120}
    base-inside/traversed plates: {'plate_0_1': {'min_dist': 0.238, 't_min': 25.16, 'base_inside_s': 0.04, 'base_traversed': False, 'along_at_end': -0.622, 'lat_at_end': -0.27}}
 L 5 T=42.6 fall=26.43999999998373 takeover=[15.2] end-takeover=27.4 last_phase=recorded
    cross d0 s+1 dir=[0.0, 1.0] t0=21.04 t1=24.32 yaw0=-0.12 fwd  along0=-0.471 end=+0.365 max=+0.365 disp_end=+0.836 disp_max=+0.836 CLEAR  POSTFALL cmd|.|=[0.296, 0.01, 0.04] plateN={'plate_0_1:r0_leg_right_ankle_roll': 192, 'plate_0_1:r0_leg_left_ankle_roll': 176}
    base-inside/traversed plates: {'plate_0_1': {'min_dist': 0.032, 't_min': 23.32, 'base_inside_s': 2.04, 'base_traversed': True, 'along_at_end': 0.414, 'lat_at_end': 0.014}}
 L 7 T=44.48 fall=19.83999999999911 takeover=[14.24] end-takeover=30.24 last_phase=recorded
    cross d0 s+1 dir=[0.0, 0.9999999999999999] t0=17.4 t1=21.44 yaw0=-1.02 SIDE along0=-0.535 end=-0.143 max=-0.050 disp_end=+0.393 disp_max=+0.485 noclear FELL@+2.44  cmd|.|=[0.217, 0.192, 0.344] plateN={'plate_0_1:r0_leg_left_ankle_roll': 330, 'plate_0_1:r0_leg_right_ankle_roll': 217}
    base-inside/traversed plates: {'plate_0_1': {'min_dist': 0.138, 't_min': 29.0, 'base_inside_s': 25.32, 'base_traversed': False, 'along_at_end': -0.141, 'lat_at_end': -0.024}}
 L 9 T=20.88 fall=None takeover=[18.28] end-takeover=2.6 last_phase=approach
    STUCK-IN-APPROACH 2.6 path 1.03 net 0.726 along [-0.424, 0.015] lat [0.198, 0.79] min d(pre) 0.232 last20s path/net 7.988 4.689 cmd_last [-0.031, 0.298, -0.016]
    approach plate contacts (n, peakN, t_first, t_last): {}
    base-inside/traversed plates: {}
 L12 T=13.6 fall=None takeover=[11.44] end-takeover=2.16 last_phase=approach
    STUCK-IN-APPROACH 2.16 path 1.04 net 0.764 along [-0.415, 0.026] lat [0.137, 0.765] min d(pre) 0.173 last20s path/net 5.225 1.182 cmd_last [-0.238, 0.183, 0.35]
    approach plate contacts (n, peakN, t_first, t_last): {}
    base-inside/traversed plates: {}
 L13 T=15.24 fall=None takeover=[12.2] end-takeover=3.04 last_phase=approach
    STUCK-IN-APPROACH 3.04 path 1.23 net 0.675 along [-0.436, 0.029] lat [0.225, 0.784] min d(pre) 0.252 last20s path/net 5.475 2.747 cmd_last [-0.107, 0.28, 0.224]
    approach plate contacts (n, peakN, t_first, t_last): {'plate_0_-1:r0_leg_left_ankle_roll': [492, 66.6, 14.36, 14.92]}
    base-inside/traversed plates: {}
 L14 T=37.16 fall=None takeover=[14.72] end-takeover=22.44 last_phase=recorded
    cross d0 s+1 dir=[0.0, 1.0] t0=21.0 t1=25.04 yaw0=-0.09 fwd  along0=-0.458 end=-0.317 max=-0.313 disp_end=+0.141 disp_max=+0.145 noclear   cmd|.|=[0.297, 0.01, 0.04] plateN={'plate_0_1:r0_leg_right_ankle_roll': 159, 'plate_0_1:r0_leg_left_ankle_roll': 162}
    base-inside/traversed plates: {}
 L15 T=40.68 fall=None takeover=[13.48] end-takeover=27.2 last_phase=recorded
    cross d0 s+1 dir=[0.0, 1.0000000000000002] t0=19.36 t1=23.4 yaw0=-0.07 fwd  along0=-0.466 end=+0.105 max=+0.105 disp_end=+0.571 disp_max=+0.571 noclear   cmd|.|=[0.297, 0.009, 0.036] plateN={'plate_0_1:r0_leg_right_ankle_roll': 216, 'plate_0_1:r0_leg_left_ankle_roll': 199}
    base-inside/traversed plates: {'plate_0_1': {'min_dist': 0.074, 't_min': 23.04, 'base_inside_s': 1.8, 'base_traversed': True, 'along_at_end': 0.79, 'lat_at_end': 1.183}}
========== v4s080a_21405545 upright 7 / 10
 L 0 T=55.04 fall=None takeover=[22.72] end-takeover=32.32 last_phase=recorded
    cross d0 s-1 dir=[0.0, 0.9999999999999998] t0=24.56 t1=28.6 yaw0=-1.11 SIDE along0=-0.454 end=+0.019 max=+0.019 disp_end=+0.473 disp_max=+0.473 noclear   cmd|.|=[0.245, 0.144, 0.316] plateN={'plate_0_-1:r0_leg_left_ankle_roll': 145, 'plate_0_-1:r0_leg_right_ankle_roll': 233}
    base-inside/traversed plates: {'plate_0_1': {'min_dist': 0.212, 't_min': 30.64, 'base_inside_s': 2.32, 'base_traversed': False, 'along_at_end': 3.905, 'lat_at_end': -0.93}}
 L 1 T=43.68 fall=31.559999999971797 takeover=[16.56] end-takeover=27.12 last_phase=recorded
    cross d0 s-1 dir=[1.0, 0.0] t0=20.48 t1=24.52 yaw0=+0.01 fwd  along0=-0.471 end=-0.303 max=-0.298 disp_end=+0.167 disp_max=+0.172 noclear  POSTFALL cmd|.|=[0.297, 0.014, 0.055] plateN={'plate_0_-1:r0_leg_right_ankle_roll': 158, 'plate_0_-1:r0_leg_left_ankle_roll': 199}
    base-inside/traversed plates: {'plate_0_1': {'min_dist': 0.094, 't_min': 31.64, 'base_inside_s': 12.16, 'base_traversed': False, 'along_at_end': -0.119, 'lat_at_end': -0.089}}
 L 4 T=45.08 fall=23.59999999999035 takeover=[14.4] end-takeover=30.68 last_phase=recorded
    cross d0 s-1 dir=[0.0, 0.9999999999999999] t0=16.52 t1=20.56 yaw0=-1.04 SIDE along0=-0.455 end=-0.321 max=-0.307 disp_end=+0.135 disp_max=+0.148 noclear  POSTFALL cmd|.|=[0.22, 0.196, 0.347] plateN={'plate_0_-1:r0_leg_left_ankle_roll': 139, 'plate_0_-1:r0_leg_right_ankle_roll': 55}
    base-inside/traversed plates: {'plate_0_1': {'min_dist': 0.143, 't_min': 24.16, 'base_inside_s': 21.12, 'base_traversed': False, 'along_at_end': 0.038, 'lat_at_end': -0.17}}
 L 5 T=42.6 fall=None takeover=[15.2] end-takeover=27.4 last_phase=recorded
    cross d0 s+1 dir=[0.0, 1.0] t0=19.96 t1=24.0 yaw0=-0.12 fwd  along0=-0.471 end=-0.314 max=-0.298 disp_end=+0.157 disp_max=+0.173 noclear   cmd|.|=[0.297, 0.016, 0.062] plateN={'plate_0_1:r0_leg_left_ankle_roll': 232, 'plate_0_1:r0_leg_right_ankle_roll': 195}
    base-inside/traversed plates: {}
 L 7 T=44.48 fall=18.200000000002934 takeover=[14.24] end-takeover=30.24 last_phase=recorded
    cross d0 s+1 dir=[0.0, 0.9999999999999999] t0=16.32 t1=20.36 yaw0=-1.02 SIDE along0=-0.538 end=-0.269 max=-0.236 disp_end=+0.268 disp_max=+0.302 noclear FELL@+1.88  cmd|.|=[0.189, 0.222, 0.343] plateN={'plate_0_1:r0_leg_left_ankle_roll': 382, 'plate_0_1:r0_arm_left_elbow_roll': 662, 'plate_0_1:r0_leg_left_knee_pitch': 399, 'plate_0_-1:r0_arm_right_elbow_roll': 52, 'plate_0_1:r0_leg_left_hip_pitch': 265}
    base-inside/traversed plates: {}
 L 9 T=20.88 fall=None takeover=[18.28] end-takeover=2.6 last_phase=approach
    STUCK-IN-APPROACH 2.6 path 1.03 net 0.726 along [-0.424, 0.015] lat [0.198, 0.79] min d(pre) 0.232 last20s path/net 7.988 4.689 cmd_last [-0.031, 0.298, -0.016]
    approach plate contacts (n, peakN, t_first, t_last): {}
    base-inside/traversed plates: {}
 L12 T=13.6 fall=None takeover=[11.44] end-takeover=2.16 last_phase=approach
    STUCK-IN-APPROACH 2.16 path 1.04 net 0.764 along [-0.415, 0.026] lat [0.137, 0.765] min d(pre) 0.173 last20s path/net 5.225 1.182 cmd_last [-0.238, 0.183, 0.35]
    approach plate contacts (n, peakN, t_first, t_last): {}
    base-inside/traversed plates: {}
 L13 T=15.24 fall=None takeover=[12.2] end-takeover=3.04 last_phase=approach
    STUCK-IN-APPROACH 3.04 path 1.23 net 0.675 along [-0.436, 0.029] lat [0.225, 0.784] min d(pre) 0.252 last20s path/net 5.475 2.747 cmd_last [-0.107, 0.28, 0.224]
    approach plate contacts (n, peakN, t_first, t_last): {'plate_0_-1:r0_leg_left_ankle_roll': [492, 66.6, 14.36, 14.92]}
    base-inside/traversed plates: {}
 L14 T=37.16 fall=None takeover=[14.72] end-takeover=22.44 last_phase=recorded
    cross d0 s+1 dir=[0.0, 1.0] t0=19.92 t1=23.96 yaw0=-0.09 fwd  along0=-0.457 end=-0.322 max=-0.318 disp_end=+0.135 disp_max=+0.139 noclear   cmd|.|=[0.297, 0.012, 0.047] plateN={'plate_0_1:r0_leg_left_ankle_roll': 125, 'plate_0_1:r0_leg_right_ankle_roll': 192}
    base-inside/traversed plates: {}
 L15 T=40.68 fall=None takeover=[13.48] end-takeover=27.2 last_phase=recorded
    cross d0 s+1 dir=[0.0, 1.0000000000000002] t0=18.28 t1=21.4 yaw0=-0.07 fwd  along0=-0.465 end=+0.373 max=+0.373 disp_end=+0.838 disp_max=+0.838 CLEAR   cmd|.|=[0.296, 0.008, 0.034] plateN={'plate_0_1:r0_leg_right_ankle_roll': 150, 'plate_0_1:r0_leg_left_ankle_roll': 207}
    base-inside/traversed plates: {'plate_0_1': {'min_dist': 0.105, 't_min': 20.48, 'base_inside_s': 1.76, 'base_traversed': True, 'along_at_end': 0.788, 'lat_at_end': 1.509}}
