RUN cmake -S /tmp/bhl-livo-build-20261010 -B /tmp/bhl-livo-build-20261010/build -DCMAKE_BUILD_TYPE=Release
-- Configuring done
-- Generating done
-- Build files have been written to: /tmp/bhl-livo-build-20261010/build
RUN cmake --build /tmp/bhl-livo-build-20261010/build --parallel 2
Consolidate compiler generated dependencies of target fastlivo_headless
[  8%] Building CXX object CMakeFiles/fastlivo_headless.dir/FAST-LIVO2/src/voxel_map.cpp.o
[ 16%] Building CXX object CMakeFiles/fastlivo_headless.dir/FAST-LIVO2/src/vio.cpp.o
[ 25%] Building CXX object CMakeFiles/fastlivo_headless.dir/FAST-LIVO2/src/frame.cpp.o
In file included from /tmp/bhl-livo-build-20261010/sysroot/usr/include/boost/bind.hpp:30,
                 from /tmp/bhl-livo-build-20261010/FAST-LIVO2/src/frame.cpp:13:
/tmp/bhl-livo-build-20261010/sysroot/usr/include/boost/config/pragma_message.hpp:24:34: note: ‘#pragma message: The practice of declaring the Bind placeholders (_1, _2, ...) in the global namespace is deprecated. Please use <boost/bind/bind.hpp> + using namespace boost::placeholders, or define BOOST_BIND_GLOBAL_PLACEHOLDERS to retain the current behavior.’
   24 | # define BOOST_PRAGMA_MESSAGE(x) _Pragma(BOOST_STRINGIZE(message(x)))
      |                                  ^~~~~~~
/tmp/bhl-livo-build-20261010/sysroot/usr/include/boost/bind.hpp:36:1: note: in expansion of macro ‘BOOST_PRAGMA_MESSAGE’
   36 | BOOST_PRAGMA_MESSAGE(
      | ^~~~~~~~~~~~~~~~~~~~
[ 33%] Building CXX object CMakeFiles/fastlivo_headless.dir/FAST-LIVO2/src/visual_point.cpp.o
[ 41%] Building CXX object CMakeFiles/fastlivo_headless.dir/imu_and_transport.cpp.o
[ 50%] Linking CXX executable fastlivo_headless
[100%] Built target fastlivo_headless
{
  "schema": "bhl-native-livo-runtime-v1",
  "status": "PASS",
  "upstream_commit": "0d2c0346107b75b59934975adec9a6eeeb913c64",
  "sources": {
    "FAST-LIVO2": {
      "repository": "https://github.com/hku-mars/FAST-LIVO2.git",
      "commit": "0d2c0346107b75b59934975adec9a6eeeb913c64"
    },
    "Sophus": {
      "repository": "https://github.com/strasdat/Sophus.git",
      "commit": "a621ff2e56c56c839a6c40418d42c3c254424b5c"
    },
    "rpg_vikit": {
      "repository": "https://github.com/xuankuzcr/rpg_vikit.git",
      "commit": "6c886c8e5d83997806e00294826d528cea3581dd"
    }
  },
  "binary_sha256": "f6c43ad3f5372a5965c8241101330b7f93e91f3e7398a48022e67b925fc1c52e",
  "libraries_sha256": {
    "libpcl_filters.so.1.12": "9fcb46d6c17474b3c04bdf6f10200507f05c28e196f2a119d65e6cfefd2150ce",
    "libpcl_common.so.1.12": "3c645c39902bbed068913d3bd809ace8bc8396c1667b24c03d28ab8452e7b715",
    "libopencv_core.so.4.5d": "8baa4de03806e0a11697ae8ee67a4c220027bdf5fc52909a0929b87ade477b3e",
    "libopencv_imgproc.so.4.5d": "33dba9de2768f305276768cd85644c5a863a00083f3af2947d35af845cc69223",
    "libopencv_imgcodecs.so.4.5d": "2b72b44d6ef6f415f82423fbc87df5c6312c6444dcb422c2c82f292adb0bab89",
    "libopencv_calib3d.so.4.5d": "f7a8250b648fefb5970894e340be0eac2e19280b322a9d94f2c94f3ba26eec21",
    "libgomp.so.1": "d46f9225c1883039e8a6853e6d96ca1af11d034ce186a090952e4a7c8a7c2fdc",
    "libstdc++.so.6": "ff0825e113603c3866680d5d52216bc6d8eedf3a59f52a0aef67ff01994db128",
    "libgcc_s.so.1": "fc9d43b2f6c20e53b009238f767c5b949d202389e20de9e202ea684b4ba3729a",
    "libpcl_sample_consensus.so.1.12": "1ab6815e702f35b16950d76fba8516559a4cc355a85463732b0cc9b3284b8af6",
    "libpcl_search.so.1.12": "172d88b15bc0a3dcf210c3606085e5bcccb7c4a8765396c95dc253674f430d8c",
    "libpcl_kdtree.so.1.12": "416273fa68f19e5b02398c637fed9be2447579c3c3dec18c594ef9b3260ed142",
    "libpcl_octree.so.1.12": "7b8ca38e24952b4479302c303af62d8da578a9d2b730399a7789cda80507a99e",
    "libz.so.1": "64c206f0146cc58bbddc4f22054436f4ff278f5a554aa3ce6921ddf7e9133370",
    "libtbb.so.2": "b87fa093b87cea647c2872fd436182aca1ca686ee7938396023b375d30b681e9",
    "libjpeg.so.8": "2cfbcf67051b3efd1bf634af7d0b65a47dda98ff61ba793a87415ed554731344",
    "libwebp.so.7": "2cff2529eb932c3b81ef6a344b99a5412c893d3f672a7d28f986a8d08c8b2ccb",
    "libpng16.so.16": "0c55d5776d3382cb7859ff48fcf813e0c3b27f33c46f9364633748830246c723",
    "libgdcmMSFF.so.3.0": "54484fd89eda1cb1434f5d7402479c3af8d2259274b04193ee3e845e746c3ce0",
    "libtiff.so.5": "005ba73d8ce3ebec60a985df14d00fc7d57719f3000f142ef80efb2c7011bb1d",
    "libopenjp2.so.7": "9d0cbdee4fa3f44d4eb90cc304f3d34067baec1daad431af4b5f39b529f8bb83",
    "libIlmImf-2_5.so.25": "7155da24ed534e91921baed30a4a770ce9b357b7b4007b7c5c70f47edbb3fe80",
    "libgdal.so.30": "67fc94624fb6db174a6347525d868d5b8949f6803243579bdcac4ccf84d5b369",
    "libgdcmDSED.so.3.0": "589e02993cd99a2ff80b2e19c87b82c3f4e6bd73a81aedf95ae61ab961f6455c",
    "libopencv_features2d.so.4.5d": "b17669770b098308d36e3a40103097cceed7c320259aea34c585ae4a25b2b82c",
    "libopencv_flann.so.4.5d": "20f3b3c87d6c07840ec3820a56e10d34aadc6713eb7eb8b9e3ad4f4679cf9e88",
    "liblz4.so.1": "65f47a3dc2cec5f938379b7b625f0621657bf1254551895d22462c6a204cbad8",
    "libgdcmDICT.so.3.0": "d92b9ce3be1cc15259bf0010ced274acdb33c8111d613539f540fe92ccc347f9",
    "libgdcmjpeg8.so.3.0": "c2c6ec1ea7be529217a4599b16e1a2a8f8920b1fec18989520aeea45813054ba",
    "libgdcmjpeg12.so.3.0": "c2500ad98bacddcbb2b61a536764104967b437d1cf1b82e292b5b02ac2950b49",
    "libgdcmjpeg16.so.3.0": "682d45b4064e4a7b15f40522615619be15ded543b41a238020f87f7ed6cfa095",
    "libcharls.so.2": "b3121028d6a816a02ef0e5c42ed9284343134307912fb188432b0eb763e1cfc2",
    "libuuid.so.1": "b343596180e1ac2292672e2c015f4a4f4d4d592cacca544b5e69cbcaa7219c87",
    "libjson-c.so.5": "deb38a09f3c253c1d4046f53085d0ed3e9b2496a1a91605c065900fde808306f",
    "libgdcmIOD.so.3.0": "099a06aa6aefdef766946caac43358b8651c74918f841ab7b3bb0ca08b54fa04",
    "libgdcmCommon.so.3.0": "14e8298da4e171dba4d09ca09454bfe22627e62b43da9dc9699a6507e5c8fcaa",
    "libzstd.so.1": "5df4f4df42d76270bb6981fabc7c1fdccd8ad28a23d84d67f73203fb3f537667",
    "liblzma.so.5": "7fa51c1500cb9fcc4c7d69b7fe0a6d7203cfe6af64373f6c411c5445ef1b402c",
    "libjbig.so.0": "32ed19ff3065742c392e018840ed59a0b2a17817adf94ba409708f16d8cf234b",
    "libdeflate.so.0": "dce39e00c986632f7d83199f2e5f2b89d7e11c8f311c6e9f204595f899785fa6",
    "libImath-2_5.so.25": "135311993cec46a986590da28231e1fe1bf61b4e20e36e56a9a9f40e9b39954f",
    "libIlmThread-2_5.so.25": "8f34439609e815d207247fc98232abbb2ed18e9db2deae7d5de629abc63f3ff3",
    "libHalf-2_5.so.25": "da60cc870bc99cc6d350a9a1f23600ccff984c9ae4f77eeabdbc034666a60caf",
    "libIex-2_5.so.25": "c16c5aa21369a2b43f5ec692c60c2e1b31d78619d98df4cd3a515ab92b96ad10",
    "libheif.so.1": "cf1d0c76592f97b304e4d39e79c19eadad13bc284c495820bcb4cb645586efbf",
    "libarmadillo.so.10": "098bd5e5f3fb41a44f5074b45ed55fae93ff9e7b32a2089270f6916227823f72",
    "libpoppler.so.118": "cda249e135294c67ef7d27950591c138904cfc5400f08b6d622dd1fbe8ab1bec",
    "libfreexl.so.1": "7c605942c2cc75c9f866e256b032da370aa5016841b2ff39ebf746c60b606a1d",
    "libqhull_r.so.8.0": "e92ac43c1b0a44df6e192e3fc796ffbc1278bf16ce9e9151b02141bfeeaa733d",
    "libgeos_c.so.1": "89378a4bf330d95869af8128890fd1ddfd5226bef8861477a185c9b77f352aa5",
    "libodbc.so.2": "60f81def8ca0ed778059b41a4b7cb5794f42d73b677b3d13cdb8ef4222f2e1a1",
    "libodbcinst.so.2": "77925e4607e07cbef34e5835d425c06ce23b422446c120b42a860b3400bfef67",
    "libkmlbase.so.1": "3d56a36512e59e5542b1377da332121301e78ee1fc1a0b995ad8703c42ed29f9",
    "libkmldom.so.1": "f871b7c46c3c315cd6286ce17c29514099bf0c5dcb0551cb0e71f948a753c45f",
    "libkmlengine.so.1": "cab7ab5ea2673af6ec441046d8b6dec3894291e6a721ded93d47e5cc899f000d",
    "libexpat.so.1": "5491355459d82059a2e58134c5bf3a890f6f6e1a6fb209f152c25cde7522def0",
    "libxerces-c-3.2.so": "a8c89472cd38139b26f9106b59db1c1c9039edf3c0efa4abee7e4e9c4d5c8124",
    "libnetcdf.so.19": "729d28c61f9f3836a165e4e84e67efd5a8eeb9592fed5a1d07fe4fa22f88caab",
    "libhdf5_serial.so.103": "12e4461acf307a6451c9be46ec068fa7a115f55833525aea4fc67bd3901748f6",
    "libmfhdfalt.so.0": "d7a51a83f7c25ebc04759a328f5d5b88c8e707ade0f7b2608306aaf1c0780006",
    "libdfalt.so.0": "c7b3211a050bb115204ac4b5e0171506d1a762936820942e07ddc7dd94fc9bea",
    "libogdi.so.4.1": "5a2e34faf2745adffcdfafb0b8be63c11cb0254036b357273dd1b0aa9a7014f1",
    "libgif.so.7": "83fafae119d1839a0bb16441808ec559938aa3d8c4c35d191a3c2879ebd5a844",
    "libgeotiff.so.5": "d8a9e700330c9172d9230fa4cef2e2e6a770c3bb8cc60fef3ade265b71245062",
    "libcfitsio.so.9": "42ffde996fe25c1228c44739e5b0f95e3c407205c1332cbf5b8aa5ee5e5a8a02",
    "libpq.so.5": "efaae20afb704c5f59a958c577437a6e07354ce5da734312a74ad8087b50afae",
    "libblosc.so.1": "1a5323adf00525ce2eda85caa4ba2dd5b8444b3aa1e939a1c25bff36f1551036",
    "libproj.so.22": "0cb7e342a35063ffc8692bcda08972fb640a5a95cc3609786c6cf03a07108231",
    "libsqlite3.so.0": "26917e4509991ee5c180c3dcfc39630f1bf81bc7812a5711be0cbaaef1650148",
    "libspatialite.so.7": "72b66ed8768f006f2a71e4aafd9a307e3fdfd72cfd3c6bfec27a50db365cc8cd",
    "libpcre2-8.so.0": "f887eed7d0df7073f3d8bdc9e60d35082453b10165cf45359b5019e33ba2b9ec",
    "libcurl.so.4": "0b6cae5c8f3ba2e76777d4fcffebbc4baaea3d8016bca0f0606f2ff104cbd7ac",
    "libfyba.so.0": "d06192ca3dfc60a9063dc580ce9e384c73d9b93b8d1e9be8d9c95537f7210576",
    "libxml2.so.2": "5295d822fae471706cab38d47c986c85d7e3b69efc56b2d5f7d4f2b5b5b958f7",
    "libmysqlclient.so.21": "6621aeab134d93f5533a05a43ae3506a357dce71b5b02c55d3f3346e754af6e3",
    "libcrypto.so.3": "56801abd67bd45ca0473a71a22479dc6b044934c99ee1418fccb48e08bd183ea",
    "libaom.so.3": "2918baec317013102ab423f34fbfde76bd01f01677075f6389e13e6cd7de55f4",
    "libde265.so.0": "e5a3f3d9d0c81b3d96f2fdaa7223df524a11ba121fb7db5cf9e57fc1465e8a96",
    "libx265.so.199": "a72e1820c6ff8e58e9238b378abf6e0ac3a688e6552cb5d71f7c88f7b32721fa",
    "libdav1d.so.5": "eb4b11f13938b11a4dd8f0d3581e551e90025df5f0a2130614cb23bd6583fb9b",
    "libblas.so.3": "bd8a282c845e100cbb28dd31f9cf19757d508bf7a07a7f62bbe8c04cafb81646",
    "liblapack.so.3": "86b2c20720e2aafb6b84d20d252cd39c5b22a6f7452f8bb920a06d8c8439124c",
    "libarpack.so.2": "268a7ad43e3cb7ab2252183222ba41f1738a4c1e5f10892e72aab855cdffec33",
    "libsuperlu.so.5": "17cfc126212b320bfc801071c0dec2e50918b4afe170c024b26e1b35690427f4",
    "libfreetype.so.6": "ef8908dd08eb7072dd1da355277b069048a86512122592d56b5051796ba62ee2",
    "libfontconfig.so.1": "7d688909aab1c566b60832045fef012ea118ff7ee189df87608fbff999d3bd0d",
    "liblcms2.so.2": "ebd9d2736f4b45a9b1a6b8e196eb766b724b400c4d6883f5890597abb9dbaad4",
    "libnss3.so": "e3e4e571529a979acf74564b7c0be2da921950d89ef9001ff07babed0fc3e5bd",
    "libsmime3.so": "83a8ccf40f406e8ded8bdf25fdfd12691d89b32666f89cdfa3f1575e1219c36f",
    "libplc4.so": "279e6c45488241b44006e604f1cea85d172111069935a0da0a74d8c687fd106d",
    "libnspr4.so": "c38693b813e89bdd4330b87f719d73f0b89653ddd484aa3280c42247388549d8",
    "libgeos.so.3.10.2": "b7fdc23796a9394c8799662c78c78426177ce2947d8ade7b8f223b8011408de2",
    "libltdl.so.7": "98bcf1a36f59fcf4f06971169a0d7c993c3a55f280c74e103412d6f590063718",
    "libminizip.so.1": "fbdca10d7786e86eb94b341096b448a777a05b557ebafcf1ed2096bca8aa0ba0",
    "liburiparser.so.1": "415b185f4a662085112356f7bb12433db9b99fad65a2dbb4988bf1d267408124",
    "libcurl-gnutls.so.4": "3406eba035c1a8dadde25dcb5bcdaf6fb0c362320d84d058dfb64154b6824d6e",
    "libicuuc.so.70": "4683f3623dc47a92e862dc3c8770caff81c9f4c7e116bb672fc439737b06d88a",
    "libhdf5_serial_hl.so.100": "701cc4c731589d39a35519044b57c77201f9ea56f3bd7db2e38bff50806e7913",
    "libsz.so.2": "53f3c9c7b7ac1b704f80db9474c65f419c32c9b21e0b78b7f634967de9fa5fbe",
    "libtirpc.so.3": "d1434508e5bae3fcba2a3bc2e465f52e89a1aad389d9ed9affe855addda853a4",
    "libbz2.so.1.0": "5e516f77fc36dd924fdf02c8489a217f55fa1548883d32c3a5e041fb25d47d6e",
    "libssl.so.3": "03e9019df86b0d66d8f1686c9472b992c0c9196d3f2e2e8f282b37fa55f6ee7b",
    "libgssapi_krb5.so.2": "e367a86cae4e1e81d9bba594a9daea3b90eb50fadb62bb45e38a322184484867",
    "libldap-2.5.so.0": "f7c5ddb238bc12a13c4d4b4f8e6ea8af61f8bd144651728936d31b65bec7bbdc",
    "libsnappy.so.1": "0b6e39db37cdefb38b1b874a72d60d13159665fe0f02d64cd72f41e11b03a48a",
    "librttopo.so.1": "6f9dbbadd2957784fc9d2e569b8c255bfdd23676eb34c0bc93834c7d69fbe503",
    "libnghttp2.so.14": "3b9cae3346ad67fbe962fa1ed73f358e125604a3ad7bb11626fa712ccefe6ee2",
    "libidn2.so.0": "1420c60a18189fb2e7bb4b8da1409564b0c1c46c59df5bbb0c23339bb961403a",
    "librtmp.so.1": "2401c4fc99c7b93e79648071224a6eb230dcb800184ccacc8e1854e33fc61445",
    "libssh.so.4": "66a3c908ba71ea89be3ddba61704cbb1d9fcbfeaa80b24f2d22174f27e41e36c",
    "libpsl.so.5": "95ca960ec3417da3d9505c8d2c6f0e9b7caf79ab900f6099a6bd938cf91069c5",
    "liblber-2.5.so.0": "3d6d7558e2764fa0a2ee3ee9bf1754bff872bed23148d673bdb648f737ec39ff",
    "libbrotlidec.so.1": "db9dbda709a46c3ae124433f47c4db71167db8aaba4eafdfd99c8a3a14584463",
    "libfyut.so.0": "3b76c180d11dba6603f5b15ca0c06b7c36fcf9c80ce646958f057649d3f73518",
    "libfygm.so.0": "98d9deaecef4b9b56dd82e59d6f0e8c6fb6b1366dc1d375767d86602b05ef2e9",
    "libresolv.so.2": "c0724375581c0303a3ea8bcf1d5cfce6b63eca7b99313c6598a721b414634751",
    "libnuma.so.1": "3582bce922d99959ee3eb6b7d686c0b99e14c2135616ad4d9d608b2118a7e78c",
    "libgfortran.so.5": "f7379c9331de9d66c03b439a070e8056b7419fc4213320d647952b998d026b30",
    "libnssutil3.so": "9878cb5f73775b1ae1af06dbc8e97f4d0df126fe50b71617488283f64db2e5f2",
    "libplds4.so": "9ede43d7ae46771bae1000008100fd4f382b554085c7530e0330eeda5a58d172",
    "libnettle.so.8": "2d3bda6cfa2d477cd91b8178843d19e081b911a124f04b4be06b6e32c9fabc73",
    "libgnutls.so.30": "dcadda7f0f82c54ca157b6ca0a5fdc8e1128db4d778109c8e197e2f84c2ac9ba",
    "libicudata.so.70": "c1404396288e178c8db2f30203cb8150e4d2c14cacee9a2883e0092f45399cc8",
    "libaec.so.0": "df4ff8a405f9c7c1e23c6a8c9dc94c9a1f16ccfac1b6b957adb538125fceaa42",
    "libkrb5.so.3": "9386cfdeb2f894869cdd0190b4f110a65ec0c257ac50ddefaefd6cbaeaab3c35",
    "libk5crypto.so.3": "c62a2a983e0d9c1de76ab2f4cf21a4d81da007af9e0351b8c04740459d231d3f",
    "libcom_err.so.2": "f196091d8ec9790b4cd203ecdb0eab3b242d35ae8625ead7962d0a944a8fdfa5",
    "libkrb5support.so.0": "3160dcc37106767e1afb341ee3cb3cd25bb79246691ffd137131f37a23597288",
    "libsasl2.so.2": "344870a9ff3cfee1df28f518e9e93073df8d0522a288f016f06fdacbfa49eed8",
    "libunistring.so.2": "9c28d59500f186fc28bf7e77e9b1a71129f66731c52ac1e974b9acd1a760911a",
    "libhogweed.so.6": "47d56894948545036bd49aed718393bf6edb93fce222874dad30b59f085ad9ee",
    "libgmp.so.10": "4dc20a901c6951e678e216e959da2534bcef7053e6efdf1492509baf142282b0",
    "libbrotlicommon.so.1": "abf86ae9362dbb413c740a55b194c74adb09a7bd92d8fbd96a293c797a4a6d08",
    "libquadmath.so.0": "a962d0383ce4c2a39a81017ffd9e5b51f32fd314e411c09ddd6da21593079a8c",
    "libp11-kit.so.0": "d2b01eaad185e95ef312940a3bdd4b6694f992b022a2dddb9dd494286e5a1d2c",
    "libtasn1.so.6": "f198a1272ca6a071b313646ae65fc1942628df8caebe07e4c377b15b68903358",
    "libkeyutils.so.1": "ad20d5fb89df5297073b46373c65bfbb01f33a00b4949894055d29a7fcf00900",
    "libffi.so.8": "247da4d5d34a91cadcdd6282be4c4644fcb8af001334d2b8a82ecda435418cbf"
  },
  "unchanged_estimator_sources": {
    "src/IMU_Processing.cpp": "fd455b17293a05421f9bd0b3d238aa2d58bbea4e7b0fbb8d63744f74d3d4b7db",
    "src/voxel_map.cpp": "9b5ee8914d6cc0cb96e2ba75ec034401370e38bed397442f49eb687dc6b9b856",
    "src/vio.cpp": "0cd2f5fa0ca14b74ec42dfc0156eafd6714ce631c629e85a4f75d21188b9be9a",
    "src/frame.cpp": "441cfa75a138b34070a88b1a75ee24e695103a2460467ef9c25eb72b36c6e625",
    "src/visual_point.cpp": "d067e2b05445835cbbb4c8a159519bf4a01a271b96d06cc3a32419092b3fcc6e"
  },
  "unchanged_estimator_headers": {
    "include/IMU_Processing.h": "c51cdb7d9763e8ab764bec9e3237d83fab06e0db09b652b37903cbe4b207b4ad",
    "include/LIVMapper.h": "41b5f39036fc9f4dcdbfa17e9e3bc86e02ec32cb5e09d35f5744a2d9197ac16d",
    "include/common_lib.h": "e89d7b8a80c9f9bb88663a6eaa7e4921c222b21a7ad7f898262158d307679796",
    "include/feature.h": "0514f4d7e6f616c0ff6ae350f3889fa6f7eb916f1605548fca30000efc2bdeb7",
    "include/frame.h": "5777d934d1b59a8500617845be112328a9b36536a2d8302fdfee03ee6a76aa91",
    "include/livox_ros_driver/CustomMsg.h": "47ae77c64f4d05f7f471d0c2032f52f985926b2eb1c8c2a71f8e78b08c33157d",
    "include/livox_ros_driver/CustomPoint.h": "36b6f7f0a2545dd425779124429a17703b7f73a237f3f59777fcda68175aae78",
    "include/preprocess.h": "b449e8bf9fd617b0d58c7e332a76fde25de0d7c7844b553c5e4bebbc0fcf3dfd",
    "include/utils/color.h": "a8dca85646b18e26432f453993cf2da8de8e6b6e3184228b9fb92651c4a8f2ef",
    "include/utils/so3_math.h": "fa815b3bc8dc157a2ab8d692b0dd604b369680a7e711fef666f4e12d4ab33c37",
    "include/utils/types.h": "ade63d344d8d4cdec2dd8ec0fd6ea7930cb007c9c41ba83500bc7ea79d874d45",
    "include/vio.h": "d8c492ff9cff59167c3f79b2fc7f3cf9c69b3d23503c00650191be9846e7ab8b",
    "include/visual_point.h": "c528be4967454ff79f6aac0c5322d62b19ec34c7e8c248b49981d1b3a7f1888d",
    "include/voxel_map.h": "9127a34ff1b2c0f3ff9778c74b70e652c691596e030be95910217a12dcdc6e25"
  },
  "compiled_sources": [
    {
      "file": "/tmp/bhl-livo-build-20261010/FAST-LIVO2/src/IMU_Processing.cpp",
      "sha256": "fd455b17293a05421f9bd0b3d238aa2d58bbea4e7b0fbb8d63744f74d3d4b7db"
    },
    {
      "file": "/tmp/bhl-livo-build-20261010/FAST-LIVO2/src/voxel_map.cpp",
      "sha256": "9b5ee8914d6cc0cb96e2ba75ec034401370e38bed397442f49eb687dc6b9b856"
    },
    {
      "file": "/tmp/bhl-livo-build-20261010/FAST-LIVO2/src/vio.cpp",
      "sha256": "0cd2f5fa0ca14b74ec42dfc0156eafd6714ce631c629e85a4f75d21188b9be9a"
    },
    {
      "file": "/tmp/bhl-livo-build-20261010/FAST-LIVO2/src/frame.cpp",
      "sha256": "441cfa75a138b34070a88b1a75ee24e695103a2460467ef9c25eb72b36c6e625"
    },
    {
      "file": "/tmp/bhl-livo-build-20261010/FAST-LIVO2/src/visual_point.cpp",
      "sha256": "d067e2b05445835cbbb4c8a159519bf4a01a271b96d06cc3a32419092b3fcc6e"
    },
    {
      "file": "/tmp/bhl-livo-build-20261010/Sophus/sophus/so3.cpp",
      "sha256": "52f2935e5ea5f3eebd9c522637bc3c6efa914f9f9810184ce900cdc611d880ea"
    },
    {
      "file": "/tmp/bhl-livo-build-20261010/Sophus/sophus/se3.cpp",
      "sha256": "ac9c93db0537b95b14a425c8f405b63d2270d7551f0cc3e9ca812939144dd4f6"
    },
    {
      "file": "/tmp/bhl-livo-build-20261010/rpg_vikit/vikit_common/src/pinhole_camera.cpp",
      "sha256": "df3fbf1147a6369ec9a8b0071b3407ff08a4b44d1e0aead9d5fe9182c82ef9d9"
    },
    {
      "file": "/tmp/bhl-livo-build-20261010/rpg_vikit/vikit_common/src/math_utils.cpp",
      "sha256": "348f9c25992e2879bd83b900912065525a9a203447d4c2165e596308aecc78cf"
    },
    {
      "file": "/tmp/bhl-livo-build-20261010/rpg_vikit/vikit_common/src/robust_cost.cpp",
      "sha256": "6d6efd847b11abc00cc69049b409ba825f94119721ac28ebaad3f429216e13bc"
    },
    {
      "file": "/tmp/bhl-livo-build-20261010/rpg_vikit/vikit_common/src/vision.cpp",
      "sha256": "2e58d660128e1ce63302b99ee35d557d46f17acb36f064553dc6c3dd27c4b05b"
    },
    {
      "file": "/tmp/bhl-livo-source-v2-20261010/scripts/native/livo_headless_main.cpp",
      "sha256": "6b08d0c88100e2a5703e8a26789c0a354faa0b8ca6630e7f463028d136e511ba"
    }
  ],
  "compatibility": [],
  "preparation_sha256": "b5aed7a6e02b2aab2409d654ddc6f28b962f7e35e17559b01369da14f14b463c",
  "ldd": "\tlinux-vdso.so.1 (0x00007fff820b1000)\n\tlibpcl_filters.so.1.12 => /tmp/bhl-livo-build-20261010/sysroot/usr/lib/x86_64-linux-gnu/libpcl_filters.so.1.12 (0x000014fb60800000)\n\tlibpcl_common.so.1.12 => /tmp/bhl-livo-build-20261010/sysroot/usr/lib/x86_64-linux-gnu/libpcl_common.so.1.12 (0x000014fb60f3c000)\n\tlibopencv_core.so.4.5d => /tmp/bhl-livo-build-20261010/sysroot/usr/lib/x86_64-linux-gnu/libopencv_core.so.4.5d (0x000014fb60400000)\n\tlibopencv_imgproc.so.4.5d => /tmp/bhl-livo-build-20261010/sysroot/usr/lib/x86_64-linux-gnu/libopencv_imgproc.so.4.5d (0x000014fb5fe00000)\n\tlibopencv_imgcodecs.so.4.5d => /tmp/bhl-livo-build-20261010/sysroot/usr/lib/x86_64-linux-gnu/libopencv_imgcodecs.so.4.5d (0x000014fb60ee1000)\n\tlibopencv_calib3d.so.4.5d => /tmp/bhl-livo-build-20261010/sysroot/usr/lib/x86_64-linux-gnu/libopencv_calib3d.so.4.5d (0x000014fb5fc25000)\n\tlibgomp.so.1 => /lib/x86_64-linux-gnu/libgomp.so.1 (0x000014fb607b6000)\n\tlibstdc++.so.6 => /lib/x86_64-linux-gnu/libstdc++.so.6 (0x000014fb5f9f9000)\n\tlibm.so.6 => /lib/x86_64-linux-gnu/libm.so.6 (0x000014fb5f912000)\n\tlibgcc_s.so.1 => /lib/x86_64-linux-gnu/libgcc_s.so.1 (0x000014fb60ebb000)\n\tlibc.so.6 => /lib/x86_64-linux-gnu/libc.so.6 (0x000014fb5f6e9000)\n\tlibpcl_sample_consensus.so.1.12 => /tmp/bhl-livo-build-20261010/sysroot/usr/lib/x86_64-linux-gnu/libpcl_sample_consensus.so.1.12 (0x000014fb5ea00000)\n\tlibpcl_search.so.1.12 => /tmp/bhl-livo-build-20261010/sysroot/usr/lib/x86_64-linux-gnu/libpcl_search.so.1.12 (0x000014fb5e819000)\n\tlibpcl_kdtree.so.1.12 => /tmp/bhl-livo-build-20261010/sysroot/usr/lib/x86_64-linux-gnu/libpcl_kdtree.so.1.12 (0x000014fb5f5d3000)\n\tlibpcl_octree.so.1.12 => /tmp/bhl-livo-build-20261010/sysroot/usr/lib/x86_64-linux-gnu/libpcl_octree.so.1.12 (0x000014fb5e400000)\n\tlibz.so.1 => /lib/x86_64-linux-gnu/libz.so.1 (0x000014fb6079a000)\n\tlibtbb.so.2 => /tmp/bhl-livo-build-20261010/sysroot/usr/lib/x86_64-linux-gnu/libtbb.so.2 (0x000014fb603ba000)\n\tlibjpeg.so.8 => /lib/x86_64-linux-gnu/libjpeg.so.8 (0x000014fb60339000)\n\tlibwebp.so.7 => /lib/x86_64-linux-gnu/libwebp.so.7 (0x000014fb5e7ac000)\n\tlibpng16.so.16 => /tmp/bhl-livo-build-20261010/sysroot/usr/lib/x86_64-linux-gnu/libpng16.so.16 (0x000014fb5e771000)\n\tlibgdcmMSFF.so.3.0 => /tmp/bhl-livo-build-20261010/sysroot/usr/lib/x86_64-linux-gnu/libgdcmMSFF.so.3.0 (0x000014fb5e218000)\n\tlibtiff.so.5 => /lib/x86_64-linux-gnu/libtiff.so.5 (0x000014fb5e6e8000)\n\tlibopenjp2.so.7 => /lib/x86_64-linux-gnu/libopenjp2.so.7 (0x000014fb5e690000)\n\tlibIlmImf-2_5.so.25 => /tmp/bhl-livo-build-20261010/sysroot/usr/lib/x86_64-linux-gnu/libIlmImf-2_5.so.25 (0x000014fb5de00000)\n\tlibgdal.so.30 => /tmp/bhl-livo-build-20261010/sysroot/usr/lib/libgdal.so.30 (0x000014fb5c600000)\n\tlibgdcmDSED.so.3.0 => /tmp/bhl-livo-build-20261010/sysroot/usr/lib/x86_64-linux-gnu/libgdcmDSED.so.3.0 (0x000014fb5e120000)\n\tlibopencv_features2d.so.4.5d => /tmp/bhl-livo-build-20261010/sysroot/usr/lib/x86_64-linux-gnu/libopencv_features2d.so.4.5d (0x000014fb5dd4a000)\n\tlibopencv_flann.so.4.5d => /tmp/bhl-livo-build-20261010/sysroot/usr/lib/x86_64-linux-gnu/libopencv_flann.so.4.5d (0x000014fb5dcdf000)\n\t/lib64/ld-linux-x86-64.so.2 (0x000014fb6103e000)\n\tliblz4.so.1 => /tmp/bhl-livo-build-20261010/sysroot/usr/lib/x86_64-linux-gnu/liblz4.so.1 (0x000014fb6077a000)\n\tlibgdcmDICT.so.3.0 => /tmp/bhl-livo-build-20261010/sysroot/usr/lib/x86_64-linux-gnu/libgdcmDICT.so.3.0 (0x000014fb5c200000)\n\tlibgdcmjpeg8.so.3.0 => /tmp/bhl-livo-build-20261010/sysroot/usr/lib/x86_64-linux-gnu/libgdcmjpeg8.so.3.0 (0x000014fb5e666000)\n\tlibgdcmjpeg12.so.3.0 => /tmp/bhl-livo-build-20261010/sysroot/usr/lib/x86_64-linux-gnu/libgdcmjpeg12.so.3.0 (0x000014fb5e0f6000)\n\tlibgdcmjpeg16.so.3.0 => /tmp/bhl-livo-build-20261010/sysroot/usr/lib/x86_64-linux-gnu/libgdcmjpeg16.so.3.0 (0x000014fb5dcb5000)\n\tlibcharls.so.2 => /tmp/bhl-livo-build-20261010/sysroot/usr/lib/x86_64-linux-gnu/libcharls.so.2 (0x000014fb5dc64000)\n\tlibuuid.so.1 => /lib/x86_64-linux-gnu/libuuid.so.1 (0x000014fb60ea8000)\n\tlibjson-c.so.5 => /tmp/bhl-livo-build-20261010/sysroot/usr/lib/x86_64-linux-gnu/libjson-c.so.5 (0x000014fb5e653000)\n\tlibgdcmIOD.so.3.0 => /tmp/bhl-livo-build-20261010/sysroot/usr/lib/x86_64-linux-gnu/libgdcmIOD.so.3.0 (0x000014fb5e0e0000)\n\tlibgdcmCommon.so.3.0 => /tmp/bhl-livo-build-20261010/sysroot/usr/lib/x86_64-linux-gnu/libgdcmCommon.so.3.0 (0x000014fb5dc3f000)\n\tlibzstd.so.1 => /lib/x86_64-linux-gnu/libzstd.so.1 (0x000014fb5c531000)\n\tliblzma.so.5 => /lib/x86_64-linux-gnu/liblzma.so.5 (0x000014fb5dc14000)\n\tlibjbig.so.0 => /lib/x86_64-linux-gnu/libjbig.so.0 (0x000014fb5c520000)\n\tlibdeflate.so.0 => /lib/x86_64-linux-gnu/libdeflate.so.0 (0x000014fb5c4fc000)\n\tlibImath-2_5.so.25 => /tmp/bhl-livo-build-20261010/sysroot/usr/lib/x86_64-linux-gnu/libImath-2_5.so.25 (0x000014fb5c4e4000)\n\tlibIlmThread-2_5.so.25 => /tmp/bhl-livo-build-20261010/sysroot/usr/lib/x86_64-linux-gnu/libIlmThread-2_5.so.25 (0x000014fb60770000)\n\tlibHalf-2_5.so.25 => /tmp/bhl-livo-build-20261010/sysroot/usr/lib/x86_64-linux-gnu/libHalf-2_5.so.25 (0x000014fb5c1bb000)\n\tlibIex-2_5.so.25 => /tmp/bhl-livo-build-20261010/sysroot/usr/lib/x86_64-linux-gnu/libIex-2_5.so.25 (0x000014fb5c14d000)\n\tlibheif.so.1 => /tmp/bhl-livo-build-20261010/sysroot/usr/lib/x86_64-linux-gnu/libheif.so.1 (0x000014fb5c0ca000)\n\tlibarmadillo.so.10 => /tmp/bhl-livo-build-20261010/sysroot/usr/lib/libarmadillo.so.10 (0x000014fb5c4d0000)\n\tlibpoppler.so.118 => /tmp/bhl-livo-build-20261010/sysroot/usr/lib/x86_64-linux-gnu/libpoppler.so.118 (0x000014fb5bc00000)\n\tlibfreexl.so.1 => /tmp/bhl-livo-build-20261010/sysroot/usr/lib/x86_64-linux-gnu/libfreexl.so.1 (0x000014fb6032d000)\n\tlibqhull_r.so.8.0 => /tmp/bhl-livo-build-20261010/sysroot/usr/lib/x86_64-linux-gnu/libqhull_r.so.8.0 (0x000014fb5c057000)\n\tlibgeos_c.so.1 => /tmp/bhl-livo-build-20261010/sysroot/usr/lib/x86_64-linux-gnu/libgeos_c.so.1 (0x000014fb5c018000)\n\tlibodbc.so.2 => /tmp/bhl-livo-build-20261010/sysroot/usr/lib/x86_64-linux-gnu/libodbc.so.2 (0x000014fb5bfa9000)\n\tlibodbcinst.so.2 => /tmp/bhl-livo-build-20261010/sysroot/usr/lib/x86_64-linux-gnu/libodbcinst.so.2 (0x000014fb5bf94000)\n\tlibkmlbase.so.1 => /tmp/bhl-livo-build-20261010/sysroot/usr/lib/x86_64-linux-gnu/libkmlbase.so.1 (0x000014fb5bf77000)\n\tlibkmldom.so.1 => /tmp/bhl-livo-build-20261010/sysroot/usr/lib/x86_64-linux-gnu/libkmldom.so.1 (0x000014fb5bb60000)\n\tlibkmlengine.so.1 => /tmp/bhl-livo-build-20261010/sysroot/usr/lib/x86_64-linux-gnu/libkmlengine.so.1 (0x000014fb5bb27000)\n\tlibexpat.so.1 => /lib/x86_64-linux-gnu/libexpat.so.1 (0x000014fb5baf6000)\n\tlibxerces-c-3.2.so => /tmp/bhl-livo-build-20261010/sysroot/usr/lib/x86_64-linux-gnu/libxerces-c-3.2.so (0x000014fb5b600000)\n\tlibnetcdf.so.19 => /tmp/bhl-livo-build-20261010/sysroot/usr/lib/x86_64-linux-gnu/libnetcdf.so.19 (0x000014fb5b99f000)\n\tlibhdf5_serial.so.103 => /tmp/bhl-livo-build-20261010/sysroot/usr/lib/x86_64-linux-gnu/libhdf5_serial.so.103 (0x000014fb5b200000)\n\tlibmfhdfalt.so.0 => /tmp/bhl-livo-build-20261010/sysroot/usr/lib/libmfhdfalt.so.0 (0x000014fb5b975000)\n\tlibdfalt.so.0 => /tmp/bhl-livo-build-20261010/sysroot/usr/lib/libdfalt.so.0 (0x000014fb5b15b000)\n\tlibogdi.so.4.1 => /tmp/bhl-livo-build-20261010/sysroot/usr/lib/libogdi.so.4.1 (0x000014fb5bf5b000)\n\tlibgif.so.7 => /tmp/bhl-livo-build-20261010/sysroot/usr/lib/x86_64-linux-gnu/libgif.so.7 (0x000014fb5e648000)\n\tlibgeotiff.so.5 => /tmp/bhl-livo-build-20261010/sysroot/usr/lib/x86_64-linux-gnu/libgeotiff.so.5 (0x000014fb5b5cb000)\n\tlibcfitsio.so.9 => /tmp/bhl-livo-build-20261010/sysroot/usr/lib/x86_64-linux-gnu/libcfitsio.so.9 (0x000014fb5ae00000)\n\tlibpq.so.5 => /tmp/bhl-livo-build-20261010/sysroot/usr/lib/x86_64-linux-gnu/libpq.so.5 (0x000014fb5adab000)\n\tlibblosc.so.1 => /tmp/bhl-livo-build-20261010/sysroot/usr/lib/x86_64-linux-gnu/libblosc.so.1 (0x000014fb5c4bf000)\n\tlibproj.so.22 => /tmp/bhl-livo-build-20261010/sysroot/usr/lib/x86_64-linux-gnu/libproj.so.22 (0x000014fb5aa00000)\n\tlibsqlite3.so.0 => /lib/x86_64-linux-gnu/libsqlite3.so.0 (0x000014fb5a8b3000)\n\tlibspatialite.so.7 => /tmp/bhl-livo-build-20261010/sysroot/usr/lib/x86_64-linux-gnu/libspatialite.so.7 (0x000014fb5a000000)\n\tlibpcre2-8.so.0 => /lib/x86_64-linux-gnu/libpcre2-8.so.0 (0x000014fb5a81c000)\n\tlibcurl.so.4 => /lib/x86_64-linux-gnu/libcurl.so.4 (0x000014fb59f59000)\n\tlibfyba.so.0 => /tmp/bhl-livo-build-20261010/sysroot/usr/lib/x86_64-linux-gnu/libfyba.so.0 (0x000014fb59f01000)\n\tlibxml2.so.2 => /lib/x86_64-linux-gnu/libxml2.so.2 (0x000014fb59d1f000)\n\tlibmysqlclient.so.21 => /tmp/bhl-livo-build-20261010/sysroot/usr/lib/x86_64-linux-gnu/libmysqlclient.so.21 (0x000014fb59600000)\n\tlibcrypto.so.3 => /lib/x86_64-linux-gnu/libcrypto.so.3 (0x000014fb591bc000)\n\tlibaom.so.3 => /lib/x86_64-linux-gnu/libaom.so.3 (0x000014fb58c4b000)\n\tlibde265.so.0 => /tmp/bhl-livo-build-20261010/sysroot/usr/lib/x86_64-linux-gnu/libde265.so.0 (0x000014fb58b97000)\n\tlibx265.so.199 => /lib/x86_64-linux-gnu/libx265.so.199 (0x000014fb57c32000)\n\tlibdav1d.so.5 => /lib/x86_64-linux-gnu/libdav1d.so.5 (0x000014fb57aac000)\n\tlibblas.so.3 => /lib/x86_64-linux-gnu/libblas.so.3 (0x000014fb57a06000)\n\tliblapack.so.3 => /lib/x86_64-linux-gnu/liblapack.so.3 (0x000014fb572cd000)\n\tlibarpack.so.2 => /tmp/bhl-livo-build-20261010/sysroot/usr/lib/x86_64-linux-gnu/libarpack.so.2 (0x000014fb5b113000)\n\tlibsuperlu.so.5 => /tmp/bhl-livo-build-20261010/sysroot/usr/lib/x86_64-linux-gnu/libsuperlu.so.5 (0x000014fb59cad000)\n\tlibfreetype.so.6 => /lib/x86_64-linux-gnu/libfreetype.so.6 (0x000014fb57205000)\n\tlibfontconfig.so.1 => /lib/x86_64-linux-gnu/libfontconfig.so.1 (0x000014fb571bb000)\n\tliblcms2.so.2 => /tmp/bhl-livo-build-20261010/sysroot/usr/lib/x86_64-linux-gnu/liblcms2.so.2 (0x000014fb57159000)\n\tlibnss3.so => /lib/x86_64-linux-gnu/libnss3.so (0x000014fb57028000)\n\tlibsmime3.so => /lib/x86_64-linux-gnu/libsmime3.so (0x000014fb5b5a1000)\n\tlibplc4.so => /lib/x86_64-linux-gnu/libplc4.so (0x000014fb5e0d3000)\n\tlibnspr4.so => /lib/x86_64-linux-gnu/libnspr4.so (0x000014fb5ad6b000)\n\tlibgeos.so.3.10.2 => /tmp/bhl-livo-build-20261010/sysroot/usr/lib/x86_64-linux-gnu/libgeos.so.3.10.2 (0x000014fb56e00000)\n\tlibltdl.so.7 => /tmp/bhl-livo-build-20261010/sysroot/usr/lib/x86_64-linux-gnu/libltdl.so.7 (0x000014fb5dc07000)\n\tlibminizip.so.1 => /tmp/bhl-livo-build-20261010/sysroot/usr/lib/x86_64-linux-gnu/libminizip.so.1 (0x000014fb56a00000)\n\tliburiparser.so.1 => /tmp/bhl-livo-build-20261010/sysroot/usr/lib/x86_64-linux-gnu/liburiparser.so.1 (0x000014fb5b95e000)\n\tlibcurl-gnutls.so.4 => /lib/x86_64-linux-gnu/libcurl-gnutls.so.4 (0x000014fb56d5e000)\n\tlibicuuc.so.70 => /lib/x86_64-linux-gnu/libicuuc.so.70 (0x000014fb56805000)\n\tlibhdf5_serial_hl.so.100 => /tmp/bhl-livo-build-20261010/sysroot/usr/lib/x86_64-linux-gnu/libhdf5_serial_hl.so.100 (0x000014fb5a7f7000)\n\tlibsz.so.2 => /tmp/bhl-livo-build-20261010/sysroot/usr/lib/x86_64-linux-gnu/libsz.so.2 (0x000014fb5b959000)\n\tlibtirpc.so.3 => /lib/x86_64-linux-gnu/libtirpc.so.3 (0x000014fb56d30000)\n\tlibdl.so.2 => /lib/x86_64-linux-gnu/libdl.so.2 (0x000014fb5b954000)\n\tlibbz2.so.1.0 => /lib/x86_64-linux-gnu/libbz2.so.1.0 (0x000014fb5a7e4000)\n\tlibssl.so.3 => /lib/x86_64-linux-gnu/libssl.so.3 (0x000014fb56c8c000)\n\tlibgssapi_krb5.so.2 => /lib/x86_64-linux-gnu/libgssapi_krb5.so.2 (0x000014fb56c38000)\n\tlibldap-2.5.so.0 => /lib/x86_64-linux-gnu/libldap-2.5.so.0 (0x000014fb567a5000)\n\tlibsnappy.so.1 => /lib/x86_64-linux-gnu/libsnappy.so.1 (0x000014fb5b595000)\n\tlibrttopo.so.1 => /tmp/bhl-livo-build-20261010/sysroot/usr/lib/x86_64-linux-gnu/librttopo.so.1 (0x000014fb56732000)\n\tlibnghttp2.so.14 => /lib/x86_64-linux-gnu/libnghttp2.so.14 (0x000014fb56c0e000)\n\tlibidn2.so.0 => /lib/x86_64-linux-gnu/libidn2.so.0 (0x000014fb56711000)\n\tlibrtmp.so.1 => /lib/x86_64-linux-gnu/librtmp.so.1 (0x000014fb59c8e000)\n\tlibssh.so.4 => /lib/x86_64-linux-gnu/libssh.so.4 (0x000014fb566a3000)\n\tlibpsl.so.5 => /lib/x86_64-linux-gnu/libpsl.so.5 (0x000014fb57014000)\n\tliblber-2.5.so.0 => /lib/x86_64-linux-gnu/liblber-2.5.so.0 (0x000014fb56692000)\n\tlibbrotlidec.so.1 => /lib/x86_64-linux-gnu/libbrotlidec.so.1 (0x000014fb56684000)\n\tlibfyut.so.0 => /tmp/bhl-livo-build-20261010/sysroot/usr/lib/x86_64-linux-gnu/libfyut.so.0 (0x000014fb56679000)\n\tlibfygm.so.0 => /tmp/bhl-livo-build-20261010/sysroot/usr/lib/x86_64-linux-gnu/libfygm.so.0 (0x000014fb5700b000)\n\tlibresolv.so.2 => /lib/x86_64-linux-gnu/libresolv.so.2 (0x000014fb56666000)\n\tlibnuma.so.1 => /lib/x86_64-linux-gnu/libnuma.so.1 (0x000014fb56659000)\n\tlibgfortran.so.5 => /lib/x86_64-linux-gnu/libgfortran.so.5 (0x000014fb5637e000)\n\tlibnssutil3.so => /lib/x86_64-linux-gnu/libnssutil3.so (0x000014fb5634b000)\n\tlibplds4.so => /lib/x86_64-linux-gnu/libplds4.so (0x000014fb5b10a000)\n\tlibnettle.so.8 => /lib/x86_64-linux-gnu/libnettle.so.8 (0x000014fb56305000)\n\tlibgnutls.so.30 => /lib/x86_64-linux-gnu/libgnutls.so.30 (0x000014fb56118000)\n\tlibicudata.so.70 => /lib/x86_64-linux-gnu/libicudata.so.70 (0x000014fb544fa000)\n\tlibaec.so.0 => /tmp/bhl-livo-build-20261010/sysroot/usr/lib/x86_64-linux-gnu/libaec.so.0 (0x000014fb544f1000)\n\tlibkrb5.so.3 => /lib/x86_64-linux-gnu/libkrb5.so.3 (0x000014fb54426000)\n\tlibk5crypto.so.3 => /lib/x86_64-linux-gnu/libk5crypto.so.3 (0x000014fb543f7000)\n\tlibcom_err.so.2 => /lib/x86_64-linux-gnu/libcom_err.so.2 (0x000014fb543f1000)\n\tlibkrb5support.so.0 => /lib/x86_64-linux-gnu/libkrb5support.so.0 (0x000014fb543e3000)\n\tlibsasl2.so.2 => /lib/x86_64-linux-gnu/libsasl2.so.2 (0x000014fb543c8000)\n\tlibunistring.so.2 => /lib/x86_64-linux-gnu/libunistring.so.2 (0x000014fb5421e000)\n\tlibhogweed.so.6 => /lib/x86_64-linux-gnu/libhogweed.so.6 (0x000014fb541d6000)\n\tlibgmp.so.10 => /lib/x86_64-linux-gnu/libgmp.so.10 (0x000014fb54154000)\n\tlibbrotlicommon.so.1 => /lib/x86_64-linux-gnu/libbrotlicommon.so.1 (0x000014fb54131000)\n\tlibquadmath.so.0 => /lib/x86_64-linux-gnu/libquadmath.so.0 (0x000014fb540e9000)\n\tlibp11-kit.so.0 => /lib/x86_64-linux-gnu/libp11-kit.so.0 (0x000014fb53fae000)\n\tlibtasn1.so.6 => /lib/x86_64-linux-gnu/libtasn1.so.6 (0x000014fb53f96000)\n\tlibkeyutils.so.1 => /lib/x86_64-linux-gnu/libkeyutils.so.1 (0x000014fb53f8f000)\n\tlibffi.so.8 => /lib/x86_64-linux-gnu/libffi.so.8 (0x000014fb53f82000)\n",
  "compile_options": "-std=c++17 -O1 -g0 -DNDEBUG -fopenmp, one estimator thread",
  "sensors": [
    "left camera",
    "timed 3D lidar",
    "SI high-rate IMU"
  ],
  "transport_scope": "Typed ROS containers and publishers replaced; native IMU, voxel map and direct photometric estimator units unchanged; explicit sequential LIO/VIO orchestration follows upstream LIVMapper.",
  "native_source_license": "GPL-2.0; upstream LICENSE retained",
  "slurm_job_id": "21756762",
  "slurm_step_id": "10"
}
