RUN ["apt-get", "-o", "Dir::State::Lists=/tmp/bhl-orb-diag-build-20261010/apt/lists", "-o", "Dir::Cache=/tmp/bhl-orb-diag-build-20261010/apt/cache", "-o", "Debug::NoLocking=true", "-o", "APT::Sandbox::User=root", "update"]
Get:1 http://archive.ubuntu.com/ubuntu jammy InRelease [270 kB]
Get:2 http://security.ubuntu.com/ubuntu jammy-security InRelease [129 kB]
Get:3 http://archive.ubuntu.com/ubuntu jammy-updates InRelease [128 kB]
Get:4 http://archive.ubuntu.com/ubuntu jammy-backports InRelease [127 kB]
Get:5 http://archive.ubuntu.com/ubuntu jammy/main amd64 Packages [1792 kB]
Get:6 http://archive.ubuntu.com/ubuntu jammy/universe amd64 Packages [17.5 MB]
Get:7 http://archive.ubuntu.com/ubuntu jammy/multiverse amd64 Packages [266 kB]
Get:8 http://archive.ubuntu.com/ubuntu jammy/restricted amd64 Packages [164 kB]
Get:9 http://archive.ubuntu.com/ubuntu jammy-updates/restricted amd64 Packages [8243 kB]
Get:10 http://archive.ubuntu.com/ubuntu jammy-updates/main amd64 Packages [4757 kB]
Get:11 http://archive.ubuntu.com/ubuntu jammy-updates/multiverse amd64 Packages [104 kB]
Get:12 http://archive.ubuntu.com/ubuntu jammy-updates/universe amd64 Packages [1624 kB]
Get:13 http://archive.ubuntu.com/ubuntu jammy-backports/main amd64 Packages [82.9 kB]
Get:14 http://archive.ubuntu.com/ubuntu jammy-backports/universe amd64 Packages [35.6 kB]
Get:15 http://security.ubuntu.com/ubuntu jammy-security/multiverse amd64 Packages [96.8 kB]
Get:16 http://security.ubuntu.com/ubuntu jammy-security/universe amd64 Packages [1323 kB]
Get:17 http://security.ubuntu.com/ubuntu jammy-security/main amd64 Packages [4429 kB]
Get:18 http://security.ubuntu.com/ubuntu jammy-security/restricted amd64 Packages [7955 kB]
Fetched 49.0 MB in 6s (8883 kB/s)
Reading package lists...
RUN ["apt-get", "-o", "Dir::State::Lists=/tmp/bhl-orb-diag-build-20261010/apt/lists", "-o", "Dir::Cache=/tmp/bhl-orb-diag-build-20261010/apt/cache", "-o", "Debug::NoLocking=true", "-o", "APT::Sandbox::User=root", "download", "libboost-serialization1.74-dev=1.74.0-14ubuntu3"]
Get:1 http://archive.ubuntu.com/ubuntu jammy/main amd64 libboost-serialization1.74-dev amd64 1.74.0-14ubuntu3 [375 kB]
Fetched 375 kB in 1s (595 kB/s)
RUN ["dpkg-deb", "-x", "/tmp/bhl-orb-diag-build-20261010/packages/libboost-serialization1.74-dev_1.74.0-14ubuntu3_amd64.deb", "/tmp/bhl-orb-diag-build-20261010/sysroot"]
RUN ["apt-get", "-o", "Dir::State::Lists=/tmp/bhl-orb-diag-build-20261010/apt/lists", "-o", "Dir::Cache=/tmp/bhl-orb-diag-build-20261010/apt/cache", "-o", "Debug::NoLocking=true", "-o", "APT::Sandbox::User=root", "download", "libboost1.74-dev=1.74.0-14ubuntu3"]
Get:1 http://archive.ubuntu.com/ubuntu jammy/main amd64 libboost1.74-dev amd64 1.74.0-14ubuntu3 [9609 kB]
Fetched 9609 kB in 2s (4694 kB/s)
RUN ["dpkg-deb", "-x", "/tmp/bhl-orb-diag-build-20261010/packages/libboost1.74-dev_1.74.0-14ubuntu3_amd64.deb", "/tmp/bhl-orb-diag-build-20261010/sysroot"]
RUN ["apt-get", "-o", "Dir::State::Lists=/tmp/bhl-orb-diag-build-20261010/apt/lists", "-o", "Dir::Cache=/tmp/bhl-orb-diag-build-20261010/apt/cache", "-o", "Debug::NoLocking=true", "-o", "APT::Sandbox::User=root", "download", "libeigen3-dev=3.4.0-2ubuntu2"]
Get:1 http://archive.ubuntu.com/ubuntu jammy/universe amd64 libeigen3-dev all 3.4.0-2ubuntu2 [1056 kB]
Fetched 1056 kB in 1s (710 kB/s)
RUN ["dpkg-deb", "-x", "/tmp/bhl-orb-diag-build-20261010/packages/libeigen3-dev_3.4.0-2ubuntu2_all.deb", "/tmp/bhl-orb-diag-build-20261010/sysroot"]
RUN ["apt-get", "-o", "Dir::State::Lists=/tmp/bhl-orb-diag-build-20261010/apt/lists", "-o", "Dir::Cache=/tmp/bhl-orb-diag-build-20261010/apt/cache", "-o", "Debug::NoLocking=true", "-o", "APT::Sandbox::User=root", "download", "libopencv-calib3d-dev=4.5.4+dfsg-9ubuntu4"]
Get:1 http://archive.ubuntu.com/ubuntu jammy/universe amd64 libopencv-calib3d-dev amd64 4.5.4+dfsg-9ubuntu4 [1046 kB]
Fetched 1046 kB in 1s (1460 kB/s)
RUN ["dpkg-deb", "-x", "/tmp/bhl-orb-diag-build-20261010/packages/libopencv-calib3d-dev_4.5.4+dfsg-9ubuntu4_amd64.deb", "/tmp/bhl-orb-diag-build-20261010/sysroot"]
RUN ["apt-get", "-o", "Dir::State::Lists=/tmp/bhl-orb-diag-build-20261010/apt/lists", "-o", "Dir::Cache=/tmp/bhl-orb-diag-build-20261010/apt/cache", "-o", "Debug::NoLocking=true", "-o", "APT::Sandbox::User=root", "download", "libopencv-core-dev=4.5.4+dfsg-9ubuntu4"]
Get:1 http://archive.ubuntu.com/ubuntu jammy/universe amd64 libopencv-core-dev amd64 4.5.4+dfsg-9ubuntu4 [1978 kB]
Fetched 1978 kB in 1s (2458 kB/s)
RUN ["dpkg-deb", "-x", "/tmp/bhl-orb-diag-build-20261010/packages/libopencv-core-dev_4.5.4+dfsg-9ubuntu4_amd64.deb", "/tmp/bhl-orb-diag-build-20261010/sysroot"]
RUN ["apt-get", "-o", "Dir::State::Lists=/tmp/bhl-orb-diag-build-20261010/apt/lists", "-o", "Dir::Cache=/tmp/bhl-orb-diag-build-20261010/apt/cache", "-o", "Debug::NoLocking=true", "-o", "APT::Sandbox::User=root", "download", "libopencv-features2d-dev=4.5.4+dfsg-9ubuntu4"]
Get:1 http://archive.ubuntu.com/ubuntu jammy/universe amd64 libopencv-features2d-dev amd64 4.5.4+dfsg-9ubuntu4 [372 kB]
Fetched 372 kB in 1s (299 kB/s)
RUN ["dpkg-deb", "-x", "/tmp/bhl-orb-diag-build-20261010/packages/libopencv-features2d-dev_4.5.4+dfsg-9ubuntu4_amd64.deb", "/tmp/bhl-orb-diag-build-20261010/sysroot"]
RUN ["apt-get", "-o", "Dir::State::Lists=/tmp/bhl-orb-diag-build-20261010/apt/lists", "-o", "Dir::Cache=/tmp/bhl-orb-diag-build-20261010/apt/cache", "-o", "Debug::NoLocking=true", "-o", "APT::Sandbox::User=root", "download", "libopencv-flann-dev=4.5.4+dfsg-9ubuntu4"]
Get:1 http://archive.ubuntu.com/ubuntu jammy/universe amd64 libopencv-flann-dev amd64 4.5.4+dfsg-9ubuntu4 [210 kB]
Fetched 210 kB in 1s (219 kB/s)
RUN ["dpkg-deb", "-x", "/tmp/bhl-orb-diag-build-20261010/packages/libopencv-flann-dev_4.5.4+dfsg-9ubuntu4_amd64.deb", "/tmp/bhl-orb-diag-build-20261010/sysroot"]
RUN ["apt-get", "-o", "Dir::State::Lists=/tmp/bhl-orb-diag-build-20261010/apt/lists", "-o", "Dir::Cache=/tmp/bhl-orb-diag-build-20261010/apt/cache", "-o", "Debug::NoLocking=true", "-o", "APT::Sandbox::User=root", "download", "libopencv-imgcodecs-dev=4.5.4+dfsg-9ubuntu4"]
Get:1 http://archive.ubuntu.com/ubuntu jammy/universe amd64 libopencv-imgcodecs-dev amd64 4.5.4+dfsg-9ubuntu4 [200 kB]
Fetched 200 kB in 1s (298 kB/s)
RUN ["dpkg-deb", "-x", "/tmp/bhl-orb-diag-build-20261010/packages/libopencv-imgcodecs-dev_4.5.4+dfsg-9ubuntu4_amd64.deb", "/tmp/bhl-orb-diag-build-20261010/sysroot"]
RUN ["apt-get", "-o", "Dir::State::Lists=/tmp/bhl-orb-diag-build-20261010/apt/lists", "-o", "Dir::Cache=/tmp/bhl-orb-diag-build-20261010/apt/cache", "-o", "Debug::NoLocking=true", "-o", "APT::Sandbox::User=root", "download", "libopencv-imgproc-dev=4.5.4+dfsg-9ubuntu4"]
Get:1 http://archive.ubuntu.com/ubuntu jammy/universe amd64 libopencv-imgproc-dev amd64 4.5.4+dfsg-9ubuntu4 [1854 kB]
Fetched 1854 kB in 1s (1292 kB/s)
RUN ["dpkg-deb", "-x", "/tmp/bhl-orb-diag-build-20261010/packages/libopencv-imgproc-dev_4.5.4+dfsg-9ubuntu4_amd64.deb", "/tmp/bhl-orb-diag-build-20261010/sysroot"]
RUN ["g++", "-std=c++11", "-O2", "-DNDEBUG", "-DBHL_ORB_DIAGNOSTICS", "-DCOMPILEDWITHC11", "-I", "/tmp/bhl-orb-diag-build-20261010/source", "-I", "/tmp/bhl-orb-diag-build-20261010/source/include", "-I", "/tmp/bhl-orb-diag-build-20261010/source/include/CameraModels", "-I", "/tmp/bhl-orb-diag-build-20261010/source/Thirdparty/Sophus", "-I", "/tmp/bhl-orb-diag-build-20261010/sysroot/usr/include", "-I", "/tmp/bhl-orb-diag-build-20261010/sysroot/usr/include/eigen3", "-I", "/tmp/bhl-orb-diag-build-20261010/sysroot/usr/include/opencv4", "/tmp/bhl-orb-diag-source-20261010/scripts/native/orb_runner.cc", "-o", "/tmp/bhl-orb-diag-build-20261010/orb_native", "-L", "/tmp/bhl-orb-diag-build-20261010/runtime/lib", "-Wl,-rpath,$ORIGIN/../lib", "-Wl,-rpath-link,/tmp/bhl-orb-diag-build-20261010/runtime/lib", "-lORB_SLAM3", "-l:libopencv_core.so.4.5d", "-l:libopencv_imgproc.so.4.5d", "-l:libopencv_imgcodecs.so.4.5d", "-lpthread"]
In file included from /tmp/bhl-orb-diag-build-20261010/source/include/ORBextractor.h:24,
                 from /tmp/bhl-orb-diag-build-20261010/source/include/KeyFrame.h:27,
                 from /tmp/bhl-orb-diag-build-20261010/source/include/MapPoint.h:23,
                 from /tmp/bhl-orb-diag-build-20261010/source/include/FrameDrawer.h:24,
                 from /tmp/bhl-orb-diag-build-20261010/source/include/Viewer.h:23,
                 from /tmp/bhl-orb-diag-build-20261010/source/include/Tracking.h:26,
                 from /tmp/bhl-orb-diag-build-20261010/source/include/System.h:31,
                 from /tmp/bhl-orb-diag-source-20261010/scripts/native/orb_runner.cc:3:
/tmp/bhl-orb-diag-build-20261010/sysroot/usr/include/opencv4/opencv2/opencv.hpp:62:10: fatal error: opencv2/dnn.hpp: No such file or directory
   62 | #include "opencv2/dnn.hpp"
      |          ^~~~~~~~~~~~~~~~~
compilation terminated.
Traceback (most recent call last):
  File "/tmp/bhl-orb-diag-source-20261010/scripts/native/orb_diagnostics_build.py", line 137, in <module>
    raise SystemExit(main())
                     ^^^^^^
  File "/tmp/bhl-orb-diag-source-20261010/scripts/native/orb_diagnostics_build.py", line 107, in main
    execute(compiler, env=env)
  File "/tmp/bhl-orb-diag-source-20261010/scripts/native/orb_diagnostics_build.py", line 34, in execute
    return subprocess.run([str(x) for x in argv], check=True, **kwargs)
           ^^^^^^^^^^^^^^^^^^^^^^^^^^^^^^^^^^^^^^^^^^^^^^^^^^^^^^^^^^^^
  File "/nfs/hpc/share/sanchej7/Humanoid_Lite/.uv-python/cpython-3.11.16-linux-x86_64-gnu/lib/python3.11/subprocess.py", line 571, in run
    raise CalledProcessError(retcode, process.args,
subprocess.CalledProcessError: Command '['g++', '-std=c++11', '-O2', '-DNDEBUG', '-DBHL_ORB_DIAGNOSTICS', '-DCOMPILEDWITHC11', '-I', '/tmp/bhl-orb-diag-build-20261010/source', '-I', '/tmp/bhl-orb-diag-build-20261010/source/include', '-I', '/tmp/bhl-orb-diag-build-20261010/source/include/CameraModels', '-I', '/tmp/bhl-orb-diag-build-20261010/source/Thirdparty/Sophus', '-I', '/tmp/bhl-orb-diag-build-20261010/sysroot/usr/include', '-I', '/tmp/bhl-orb-diag-build-20261010/sysroot/usr/include/eigen3', '-I', '/tmp/bhl-orb-diag-build-20261010/sysroot/usr/include/opencv4', '/tmp/bhl-orb-diag-source-20261010/scripts/native/orb_runner.cc', '-o', '/tmp/bhl-orb-diag-build-20261010/orb_native', '-L', '/tmp/bhl-orb-diag-build-20261010/runtime/lib', '-Wl,-rpath,$ORIGIN/../lib', '-Wl,-rpath-link,/tmp/bhl-orb-diag-build-20261010/runtime/lib', '-lORB_SLAM3', '-l:libopencv_core.so.4.5d', '-l:libopencv_imgproc.so.4.5d', '-l:libopencv_imgcodecs.so.4.5d', '-lpthread']' returned non-zero exit status 1.
srun: error: dgx2-4: task 0: Exited with exit code 1
