
ORB-SLAM3 Copyright (C) 2017-2020 Carlos Campos, Richard Elvira, Juan J. Gómez, José M.M. Montiel and Juan D. Tardós, University of Zaragoza.
ORB-SLAM2 Copyright (C) 2014-2016 Raúl Mur-Artal, José M.M. Montiel and Juan D. Tardós, University of Zaragoza.
This program comes with ABSOLUTELY NO WARRANTY;
This is free software, and you are welcome to redistribute it
under certain conditions. See LICENSE.txt.

Input sensor was set to: Stereo-Inertial

Loading ORB Vocabulary. This could take a while...
Vocabulary loaded!

Initialization of Atlas from scratch 
Creation of new map with id: 0
Creation of new map with last KF id: 0
Seq. Name: 

Camera Parameters: 
- Camera: Pinhole
- Image scale: 1
- fx: 415.692
- fy: 415.692
- cx: 319.5
- cy: 239.5
- k1: 0
- k2: 0
- p1: 0
- p2: 0
- fps: 5
- color order: RGB (ignored if grayscale)

Depth Threshold (Close/Far Points): 4.8

ORB Extractor Parameters: 
- Number of Features: 1200
- Scale Levels: 8
- Scale Factor: 1.2
- Initial Fast Threshold: 20
- Minimum Fast Threshold: 7

Left camera to Imu Transform (Tbc): 
[0, 0, 1, 0;
 -1, 0, 0, 0.059999999;
 0, -1, 0, 0;
 0, 0, 0, 1]
Do not insert keyframes when lost visual tracking 

IMU frequency: 200 Hz
IMU gyro noise: 0.001 rad/s/sqrt(Hz)
IMU gyro walk: 1e-05 rad/s^2/sqrt(Hz)
IMU accelerometer noise: 0.01 m/s^2/sqrt(Hz)
IMU accelerometer walk: 0.0001 m/s^3/sqrt(Hz)
There are 1 cameras in the atlas
Camera 0 is pinhole
Empty IMU measurements vector!!!
Shutdown
