task=CoopLift-BHL-Cube-Occluded-v0 run=_gate-occ seed=0 envs=8 iters=2
entrypoint=/nfs/hpc/share/sanchej7/Humanoid_Lite/bhl-robustness-ladder/scripts/train.py
overrides: env.stage_lift_on_pinch=true 
Loading user config located at: '/nfs/hpc/share/sanchej7/Humanoid_Lite/venv/lib/python3.11/site-packages/isaacsim/kit/data/Kit/Isaac-Sim/5.1/user.config.json'
[Info] [carb] Logging to file: /nfs/hpc/share/sanchej7/Humanoid_Lite/venv/lib/python3.11/site-packages/isaacsim/kit/logs/Kit/Isaac-Sim/5.1/kit_20260823_203018.log
2026-08-24T03:30:18Z [4ms] [Warning] [carb.crashreporter-breakpad.plugin] [previous crash] preventing upload of minidump due to user opt-out: '/nfs/hpc/share/sanchej7/Humanoid_Lite/venv/lib/python3.11/site-packages/isaacsim/kit/data/Kit/Isaac-Sim/5.1/5920b44d-27f4-4601-9516af85-3caae0d2.dmp'
2026-08-24T03:30:18Z [5ms] [Warning] [carb.crashreporter-breakpad.plugin] [previous crash] preventing upload of minidump due to user opt-out: '/nfs/hpc/share/sanchej7/Humanoid_Lite/venv/lib/python3.11/site-packages/isaacsim/kit/data/Kit/Isaac-Sim/5.1/0af54216-434e-4644-2265ed95-d221c0c0.dmp'
2026-08-24T03:30:18Z [6ms] [Warning] [carb.crashreporter-breakpad.plugin] [previous crash] preventing upload of minidump due to user opt-out: '/nfs/hpc/share/sanchej7/Humanoid_Lite/venv/lib/python3.11/site-packages/isaacsim/kit/data/Kit/Isaac-Sim/5.1/5933a686-58e4-4f89-bbce209c-084bcef8.dmp'
2026-08-24T03:30:18Z [7ms] [Warning] [carb.crashreporter-breakpad.plugin] [previous crash] preventing upload of minidump due to user opt-out: '/nfs/hpc/share/sanchej7/Humanoid_Lite/venv/lib/python3.11/site-packages/isaacsim/kit/data/Kit/Isaac-Sim/5.1/b39b435c-a21c-4f5e-d6f002ab-3afe0484.dmp'
2026-08-24T03:30:18Z [10ms] [Warning] [carb.crashreporter-breakpad.plugin] [previous crash] preventing upload of minidump due to user opt-out: '/nfs/hpc/share/sanchej7/Humanoid_Lite/venv/lib/python3.11/site-packages/isaacsim/kit/data/Kit/Isaac-Sim/5.1/46ef5fa7-9c0a-4092-be442aa9-59521f1f.dmp'
2026-08-24T03:30:18Z [11ms] [Warning] [carb.crashreporter-breakpad.plugin] [previous crash] preventing upload of minidump due to user opt-out: '/nfs/hpc/share/sanchej7/Humanoid_Lite/venv/lib/python3.11/site-packages/isaacsim/kit/data/Kit/Isaac-Sim/5.1/8f50649c-59c1-4132-d445fd83-d772859a.dmp'
2026-08-24T03:30:18Z [14ms] [Warning] [carb.crashreporter-breakpad.plugin] [previous crash] preventing upload of minidump due to user opt-out: '/nfs/hpc/share/sanchej7/Humanoid_Lite/venv/lib/python3.11/site-packages/isaacsim/kit/data/Kit/Isaac-Sim/5.1/c5ef1610-ef44-45e3-ff9c68bc-164e7944.dmp'
2026-08-24T03:30:18Z [16ms] [Warning] [carb.crashreporter-breakpad.plugin] [previous crash] preventing upload of minidump due to user opt-out: '/nfs/hpc/share/sanchej7/Humanoid_Lite/venv/lib/python3.11/site-packages/isaacsim/kit/data/Kit/Isaac-Sim/5.1/62a3bd3c-dc11-491b-81c2429b-f14cc2e2.dmp'
2026-08-24T03:30:18Z [18ms] [Warning] [carb.crashreporter-breakpad.plugin] [previous crash] preventing upload of minidump due to user opt-out: '/nfs/hpc/share/sanchej7/Humanoid_Lite/venv/lib/python3.11/site-packages/isaacsim/kit/data/Kit/Isaac-Sim/5.1/92807cd9-eedb-4309-78bfe58c-182d510a.dmp'
2026-08-24T03:30:18Z [18ms] [Warning] [carb.crashreporter-breakpad.plugin] [previous crash] preventing upload of minidump due to user opt-out: '/nfs/hpc/share/sanchej7/Humanoid_Lite/venv/lib/python3.11/site-packages/isaacsim/kit/data/Kit/Isaac-Sim/5.1/49dd57b6-8469-4851-dfd814a6-cc4a7c5a.dmp'
2026-08-24T03:30:19Z [793ms] [Warning] [omni.usd_config.extension] Enable omni.materialx.libs extension to use MaterialX
2026-08-24T03:30:19Z [1,227ms] [Warning] [omni.platforminfo.plugin] failed to open the default display.  Can't verify X Server version.
2026-08-24T03:30:20Z [1,509ms] [Warning] [carb] Acquiring non optional plugin interface which is not listed as dependency: [omni::physx::IPhysxBenchmarks v1.0] (plugin: <default plugin>), by client: omni.physics.physx.plugin. Add it to CARB_PLUGIN_IMPL_DEPS() macro of a client.
2026-08-24T03:30:20Z [1,525ms] [Warning] [omni.isaac.dynamic_control] omni.isaac.dynamic_control is deprecated as of Isaac Sim 4.5. No action is needed from end-users.
2026-08-24T03:30:25Z [7,291ms] [Warning] [carb.cudainterop.plugin] CUDA_VISIBLE_DEVICES environment variable is set.
2026-08-24T03:30:25Z [7,291ms] [Warning] [carb.cudainterop.plugin] Note CUDA device enumeration and Omniverse device enumeration are different.
cat: '/sys/devices/system/cpu/cpu*/cpufreq/scaling_governor': No such file or directory
[INFO][AppLauncher]: Using device: cuda:0
[INFO][AppLauncher]: Loading experience file: /nfs/hpc/share/sanchej7/Humanoid_Lite/venv/lib/python3.11/site-packages/isaaclab/apps/isaaclab.python.headless.kit
[INFO]: Parsing configuration from: <class 'bhl_robust.tasks.coop_hard_env_cfg.CoopLiftOccludedCfg'>
[INFO]: Parsing configuration from: <class 'bhl_robust.tasks.coop_lift_env_cfg.CoopLiftPPORunnerCfg'>
[INFO] Logging experiment in directory: /nfs/hpc/share/sanchej7/Humanoid_Lite/bhl-robustness-ladder/external/Berkeley-Humanoid-Lite/logs/rsl_rl/coop_lift

[36m==============================================================================================================================================================================================[0m
[36m[1m[INFO][IsaacLab]: Logging to file: /nfs/hpc/share/sanchej7/Humanoid_Lite/bhl-robustness-ladder/external/Berkeley-Humanoid-Lite/logs/rsl_rl/coop_lift/isaaclab/isaaclab_2026-08-23_20-30-30.log[0m
[36m==============================================================================================================================================================================================[0m

[33m20:30:30 [simulation_context.py] WARNING: The `disable_contact_processing` attribute is deprecated and always set to True to avoid unnecessary overhead. Contact processing is automatically enabled when a contact sensor is created, so manual configuration is no longer required.[0m
[33m20:30:30 [simulation_context.py] WARNING: The `enable_external_forces_every_iteration` parameter in the PhysxCfg is set to False. If you are experiencing noisy velocities, consider enabling this flag. You may need to slightly increase the number of velocity iterations (setting it to 1 or 2 rather than 0), together with this flag, to improve the accuracy of velocity updates.[0m
[INFO]: Base environment:
	Environment device    : cuda:0
	Environment seed      : 0
	Physics step-size     : 0.005
	Rendering step-size   : 0.04
	Environment step-size : 0.04
[INFO]: Time taken for scene creation : 0.611070 seconds
[INFO]: Scene manager:  <class InteractiveScene>
	Number of environments: 8
	Environment spacing   : 4.0
	Source prim name      : /World/envs/env_0
	Global prim paths     : ['/World/ground']
	Replicate physics     : True
[INFO]: Starting the simulation. This may take a few seconds. Please wait...
[33m20:30:31 [actuator_pd.py] WARNING: The <ImplicitActuatorCfg> object has a value for 'effort_limit'. This parameter will be removed in the future. To set the effort limit, please use 'effort_limit_sim' instead.[0m
[33m20:30:31 [actuator_pd.py] WARNING: The <ImplicitActuatorCfg> object has a value for 'velocity_limit'. Previously, although this value was specified, it was not getting used by implicit actuators. Since this parameter affects the simulation behavior, we continue to not use it. This parameter will be removed in the future. To set the velocity limit, please use 'velocity_limit_sim' instead.[0m
/nfs/hpc/share/sanchej7/Humanoid_Lite/venv/lib/python3.11/site-packages/rsl_rl/utils/utils.py:244: UserWarning: The observation configuration dictionary 'obs_groups' must contain the 'policy' key. As an observation group with the name 'policy' was found, this is assumed to be the observation set. Consider adding the 'policy' key to the 'obs_groups' dictionary for clarity. This behavior will be removed in a future version.
  warnings.warn(
/nfs/hpc/share/sanchej7/Humanoid_Lite/venv/lib/python3.11/site-packages/rsl_rl/utils/utils.py:282: UserWarning: The observation configuration dictionary 'obs_groups' must contain the 'critic' key. As an observation group with the name 'critic' was found, this is assumed to be the observation set. Consider adding the 'critic' key to the 'obs_groups' dictionary for clarity. This behavior will be removed in a future version.
  warnings.warn(
[INFO]: Time taken for simulation start : 0.961516 seconds
[INFO] Command Manager:  <CommandManager> contains 0 active terms.
+------------------------+
|  Active Command Terms  |
+--------+-------+-------+
| Index  | Name  |  Type |
+--------+-------+-------+
+--------+-------+-------+

[INFO] Event Manager:  <EventManager> contains 2 active terms.
+-----------------------------------+
| Active Event Terms in Mode: 'reset' |
+----------+------------------------+
|  Index   | Name                   |
+----------+------------------------+
|    0     | reset_joints_a         |
|    1     | reset_joints_b         |
|    2     | reset_root_a           |
|    3     | reset_root_b           |
|    4     | reset_object           |
+----------+------------------------+
+-------------------------------------+
| Active Event Terms in Mode: 'startup' |
+----------+--------------------------+
|  Index   | Name                     |
+----------+--------------------------+
|    0     | object_mass              |
|    1     | object_friction          |
+----------+--------------------------+

[INFO] Recorder Manager:  <RecorderManager> contains 0 active terms.
+---------------------+
| Active Recorder Terms |
+-----------+---------+
|   Index   | Name    |
+-----------+---------+
+-----------+---------+

[INFO] Action Manager:  <ActionManager> contains 2 active terms.
+------------------------------------+
|  Active Action Terms (shape: 44)   |
+--------+--------------+------------+
| Index  | Name         |  Dimension |
+--------+--------------+------------+
|   0    | joint_pos_a  |         22 |
|   1    | joint_pos_b  |         22 |
+--------+--------------+------------+

[INFO] Observation Manager: <ObservationManager> contains 2 groups.
+-----------------------------------------------------------+
| Active Observation Terms in Group: 'policy' (shape: (194,)) |
+-----------+-----------------------------------+-----------+
|   Index   | Name                              |   Shape   |
+-----------+-----------------------------------+-----------+
|     0     | projected_gravity_a               |    (3,)   |
|     1     | projected_gravity_b               |    (3,)   |
|     2     | base_ang_vel_a                    |    (3,)   |
|     3     | base_ang_vel_b                    |    (3,)   |
|     4     | joint_pos_a                       |   (22,)   |
|     5     | joint_pos_b                       |   (22,)   |
|     6     | joint_vel_a                       |   (22,)   |
|     7     | joint_vel_b                       |   (22,)   |
|     8     | object_pos_a                      |    (3,)   |
|     9     | object_pos_b                      |    (3,)   |
|     10    | track_err_a                       |   (22,)   |
|     11    | track_err_b                       |   (22,)   |
|     12    | actions                           |   (44,)   |
+-----------+-----------------------------------+-----------+
+-----------------------------------------------------------+
| Active Observation Terms in Group: 'critic' (shape: (206,)) |
+-----------+-----------------------------------+-----------+
|   Index   | Name                              |   Shape   |
+-----------+-----------------------------------+-----------+
|     0     | projected_gravity_a               |    (3,)   |
|     1     | projected_gravity_b               |    (3,)   |
|     2     | base_ang_vel_a                    |    (3,)   |
|     3     | base_ang_vel_b                    |    (3,)   |
|     4     | joint_pos_a                       |   (22,)   |
|     5     | joint_pos_b                       |   (22,)   |
|     6     | joint_vel_a                       |   (22,)   |
|     7     | joint_vel_b                       |   (22,)   |
|     8     | object_pos_a                      |    (3,)   |
|     9     | object_pos_b                      |    (3,)   |
|     10    | track_err_a                       |   (22,)   |
|     11    | track_err_b                       |   (22,)   |
|     12    | actions                           |   (44,)   |
|     13    | base_lin_vel_a                    |    (3,)   |
|     14    | base_lin_vel_b                    |    (3,)   |
|     15    | object_lin_vel                    |    (3,)   |
|     16    | object_ang_vel                    |    (3,)   |
+-----------+-----------------------------------+-----------+

[INFO] Termination Manager:  <TerminationManager> contains 2 active terms.
+-----------------------------+
|   Active Termination Terms  |
+-------+----------+----------+
| Index | Name     | Time Out |
+-------+----------+----------+
|   0   | time_out |   True   |
|   1   | fallen   |  False   |
+-------+----------+----------+

[INFO] Reward Manager:  <RewardManager> contains 17 active terms.
+--------------------------------------+
|         Active Reward Terms          |
+-------+---------------------+--------+
| Index | Name                | Weight |
+-------+---------------------+--------+
|   0   | reaching_coarse     |    1.0 |
|   1   | reaching_fine       |    1.0 |
|   2   | opposing_clamp      |    1.5 |
|   3   | lift_progress       |    0.0 |
|   4   | lifting_object      |    0.0 |
|   5   | object_xy           |   -0.8 |
|   6   | object_vel          |  -0.05 |
|   7   | object_tilt         |   -1.5 |
|   8   | still_alive         |    1.0 |
|   9   | termination_penalty |  -10.0 |
|   10  | flat_a              |   -1.0 |
|   11  | flat_b              |   -1.0 |
|   12  | action_rate         |  -0.01 |
|   13  | torques_a           | -2e-05 |
|   14  | torques_b           | -2e-05 |
|   15  | base_contact_a      |   -1.0 |
|   16  | base_contact_b      |   -1.0 |
+-------+---------------------+--------+

[INFO] Curriculum Manager:  <CurriculumManager> contains 2 active terms.
+--------------------------+
| Active Curriculum Terms  |
+---------+----------------+
|  Index  | Name           |
+---------+----------------+
|    0    | lift_height    |
|    1    | stage_lift     |
+---------+----------------+

[INFO]: Completed setting up the environment...
--------------------------------------------------------------------------------
Resolved observation sets: 
	 policy :  ['policy']
	 critic :  ['critic']
--------------------------------------------------------------------------------
ActorCritic.__init__ got unexpected arguments, which will be ignored: ['state_dependent_std']
Actor MLP: MLP(
  (0): Linear(in_features=194, out_features=256, bias=True)
  (1): ELU(alpha=1.0)
  (2): Linear(in_features=256, out_features=256, bias=True)
  (3): ELU(alpha=1.0)
  (4): Linear(in_features=256, out_features=128, bias=True)
  (5): ELU(alpha=1.0)
  (6): Linear(in_features=128, out_features=44, bias=True)
)
Critic MLP: MLP(
  (0): Linear(in_features=206, out_features=256, bias=True)
  (1): ELU(alpha=1.0)
  (2): Linear(in_features=256, out_features=256, bias=True)
  (3): ELU(alpha=1.0)
  (4): Linear(in_features=256, out_features=128, bias=True)
  (5): ELU(alpha=1.0)
  (6): Linear(in_features=128, out_features=1, bias=True)
)
################################################################################
                        [1m Learning iteration 0/2 [0m                        

                       Computation: 72 steps/s (collection: 2.426s, learning 0.228s)
             Mean action noise std: 1.00
          Mean value_function loss: 0.0417
               Mean surrogate loss: -0.0870
                 Mean entropy loss: 62.4699
                       Mean reward: -0.23
               Mean episode length: 14.25
    Episode_Reward/reaching_coarse: 0.0114
      Episode_Reward/reaching_fine: 0.0002
     Episode_Reward/opposing_clamp: 0.0000
      Episode_Reward/lift_progress: 0.0000
     Episode_Reward/lifting_object: 0.0000
          Episode_Reward/object_xy: -0.0002
         Episode_Reward/object_vel: -0.0000
        Episode_Reward/object_tilt: 0.0000
        Episode_Reward/still_alive: 0.0386
Episode_Reward/termination_penalty: -0.0264
             Episode_Reward/flat_a: -0.0031
             Episode_Reward/flat_b: -0.0040
        Episode_Reward/action_rate: -0.0341
          Episode_Reward/torques_a: -0.0002
          Episode_Reward/torques_b: -0.0002
     Episode_Reward/base_contact_a: 0.0000
     Episode_Reward/base_contact_b: 0.0000
            Curriculum/lift_height: 0.0400
             Curriculum/stage_lift: 0.0000
      Episode_Termination/time_out: 0.0573
        Episode_Termination/fallen: 0.3906
--------------------------------------------------------------------------------
                   Total timesteps: 192
                    Iteration time: 2.65s
                      Time elapsed: 00:00:02
                               ETA: 00:00:05

Could not find git repository in /nfs/hpc/share/sanchej7/Humanoid_Lite/venv/lib/python3.11/site-packages/rsl_rl/__init__.py. Skipping.
Storing git diff for 'bhl-robustness-ladder' in: /nfs/hpc/share/sanchej7/Humanoid_Lite/bhl-robustness-ladder/external/Berkeley-Humanoid-Lite/logs/rsl_rl/coop_lift/2026-08-23_20-30-30__gate-occ/git/bhl-robustness-ladder.diff
################################################################################
                        [1m Learning iteration 1/2 [0m                        

                       Computation: 110 steps/s (collection: 1.656s, learning 0.084s)
             Mean action noise std: 1.00
          Mean value_function loss: 0.0300
               Mean surrogate loss: -0.0933
                 Mean entropy loss: 62.4761
                       Mean reward: -0.29
               Mean episode length: 14.48
    Episode_Reward/reaching_coarse: 0.0216
      Episode_Reward/reaching_fine: 0.0004
     Episode_Reward/opposing_clamp: 0.0001
      Episode_Reward/lift_progress: 0.0000
     Episode_Reward/lifting_object: 0.0000
          Episode_Reward/object_xy: -0.0003
         Episode_Reward/object_vel: -0.0000
        Episode_Reward/object_tilt: 0.0000
        Episode_Reward/still_alive: 0.0735
Episode_Reward/termination_penalty: -0.0500
             Episode_Reward/flat_a: -0.0078
             Episode_Reward/flat_b: -0.0086
        Episode_Reward/action_rate: -0.0672
          Episode_Reward/torques_a: -0.0003
          Episode_Reward/torques_b: -0.0003
     Episode_Reward/base_contact_a: 0.0000
     Episode_Reward/base_contact_b: 0.0000
            Curriculum/lift_height: 0.0400
             Curriculum/stage_lift: 0.0000
      Episode_Termination/time_out: 0.0156
        Episode_Termination/fallen: 0.9844
--------------------------------------------------------------------------------
                   Total timesteps: 384
                    Iteration time: 1.74s
                      Time elapsed: 00:00:04
                               ETA: 00:00:02

2026-08-24T03:30:25Z [7,291ms] [Warning] [carb.cudainterop.plugin] Setting CUDA_VISIBLE_DEVICES can lead to undesired behavior or crashes.

|---------------------------------------------------------------------------------------------|
| Driver Version: 595.71.05     | Graphics API: Vulkan
|=============================================================================================|
| GPU | Name                             | Active | LDA | GPU Memory | Vendor-ID | LUID       |
|     |                                  |        |     |            | Device-ID | UUID       |
|     |                                  |        |     |            | Bus-ID    |            |
|---------------------------------------------------------------------------------------------|
| 0   | NVIDIA A40                       | Yes: 0 |     | 46068   MB | 10de      | 0          |
|     |                                  |        |     |            | 2235      | 61d90145.. |
|     |                                  |        |     |            | 81        |            |
|=============================================================================================|
| OS: 22.04.5 LTS (Jammy Jellyfish) ubuntu, Version: 22.04.5, Kernel: 5.14.0-611.55.1.el9_7.x86_64
| Processor: AMD EPYC 7513 32-Core Processor
| Cores: 64 | Logical Cores: 64
|---------------------------------------------------------------------------------------------|
| Total Memory (MB): 257528 | Free Memory: 242568
| Total Page/Swap (MB): 16383 | Free Page/Swap: 16383
|---------------------------------------------------------------------------------------------|
2026-08-24T03:30:26Z [7,949ms] [Warning] [gpu.foundation.plugin] ECC is enabled on physical device 0
2026-08-24T03:30:26Z [7,951ms] [Warning] [gpu.foundation.plugin] IOMMU is enabled.
2026-08-24T03:30:26Z [8,002ms] [Warning] [omni.kvdb.plugin] Disabling key-value database because another kit process is locking it
train.sh: reached 2 logged iterations
