{"actor": "dr-default-s0", "terrain": "flat", "seed": 410000, "arm": "regulated", "success": true, "fell": false, "collision": false, "native_tracked_frames": 186}
{"actor": "dr-default-s0", "terrain": "flat", "seed": 410000, "arm": "heading", "success": true, "fell": false, "collision": false, "native_tracked_frames": 186}
{"actor": "dr-default-s0", "terrain": "flat", "seed": 410000, "arm": "baseline", "success": true, "fell": false, "collision": false, "native_tracked_frames": 186}
{"actor": "dr-default-s0", "terrain": "flat", "seed": 410001, "arm": "baseline", "success": false, "fell": false, "collision": true, "native_tracked_frames": 110}
{"actor": "dr-default-s0", "terrain": "flat", "seed": 410001, "arm": "heading", "success": true, "fell": false, "collision": false, "native_tracked_frames": 186}
{"actor": "dr-default-s0", "terrain": "flat", "seed": 410001, "arm": "regulated", "success": true, "fell": false, "collision": false, "native_tracked_frames": 186}
{"actor": "dr-default-s0", "terrain": "flat", "seed": 410002, "arm": "heading", "success": true, "fell": false, "collision": false, "native_tracked_frames": 186}
{"actor": "dr-default-s0", "terrain": "flat", "seed": 410002, "arm": "regulated", "success": true, "fell": false, "collision": false, "native_tracked_frames": 186}
{"actor": "dr-default-s0", "terrain": "flat", "seed": 410002, "arm": "baseline", "success": true, "fell": false, "collision": false, "native_tracked_frames": 186}
{"actor": "dr-default-s0", "terrain": "flat", "seed": 410003, "arm": "heading", "success": true, "fell": false, "collision": false, "native_tracked_frames": 186}
{"actor": "dr-default-s0", "terrain": "flat", "seed": 410003, "arm": "baseline", "success": true, "fell": false, "collision": false, "native_tracked_frames": 186}
{"actor": "dr-default-s0", "terrain": "flat", "seed": 410003, "arm": "regulated", "success": true, "fell": false, "collision": false, "native_tracked_frames": 186}
{"actor": "dr-default-s0", "terrain": "flat", "seed": 410004, "arm": "heading", "success": true, "fell": false, "collision": false, "native_tracked_frames": 186}
{"actor": "dr-default-s0", "terrain": "flat", "seed": 410004, "arm": "baseline", "success": true, "fell": false, "collision": false, "native_tracked_frames": 186}
{"actor": "dr-default-s0", "terrain": "flat", "seed": 410004, "arm": "regulated", "success": true, "fell": false, "collision": false, "native_tracked_frames": 186}
{"actor": "dr-default-s0", "terrain": "flat", "seed": 410005, "arm": "regulated", "success": true, "fell": false, "collision": false, "native_tracked_frames": 186}
{"actor": "dr-default-s0", "terrain": "flat", "seed": 410005, "arm": "baseline", "success": true, "fell": false, "collision": false, "native_tracked_frames": 186}
{"actor": "dr-default-s0", "terrain": "flat", "seed": 410005, "arm": "heading", "success": true, "fell": false, "collision": false, "native_tracked_frames": 186}
{"actor": "dr-default-s0", "terrain": "flat", "seed": 410006, "arm": "heading", "success": true, "fell": false, "collision": false, "native_tracked_frames": 186}
{"actor": "dr-default-s0", "terrain": "flat", "seed": 410006, "arm": "regulated", "success": true, "fell": false, "collision": false, "native_tracked_frames": 186}
{"actor": "dr-default-s0", "terrain": "flat", "seed": 410006, "arm": "baseline", "success": false, "fell": false, "collision": false, "native_tracked_frames": 112}
{"actor": "dr-default-s0", "terrain": "flat", "seed": 410007, "arm": "regulated", "success": true, "fell": false, "collision": false, "native_tracked_frames": 186}
{"actor": "dr-default-s0", "terrain": "flat", "seed": 410007, "arm": "baseline", "success": true, "fell": false, "collision": false, "native_tracked_frames": 186}
{"actor": "dr-default-s0", "terrain": "flat", "seed": 410007, "arm": "heading", "success": true, "fell": false, "collision": false, "native_tracked_frames": 186}
{"actor": "dr-default-s0", "terrain": "flat", "seed": 410008, "arm": "baseline", "success": true, "fell": false, "collision": false, "native_tracked_frames": 186}
{"actor": "dr-default-s0", "terrain": "flat", "seed": 410008, "arm": "heading", "success": true, "fell": false, "collision": false, "native_tracked_frames": 186}
{"actor": "dr-default-s0", "terrain": "flat", "seed": 410008, "arm": "regulated", "success": true, "fell": false, "collision": false, "native_tracked_frames": 186}
{"actor": "dr-default-s0", "terrain": "flat", "seed": 410009, "arm": "baseline", "success": true, "fell": false, "collision": false, "native_tracked_frames": 112}
{"actor": "dr-default-s0", "terrain": "flat", "seed": 410009, "arm": "regulated", "success": true, "fell": false, "collision": false, "native_tracked_frames": 186}
{"actor": "dr-default-s0", "terrain": "flat", "seed": 410009, "arm": "heading", "success": true, "fell": false, "collision": false, "native_tracked_frames": 186}
{"status": "PASS", "scientific_status": "MEASURED_DEVELOPMENT_NO_CONFIRMATION", "phase": "development", "episodes": 30, "arms": {"baseline": {"episodes": 10, "goals": 8, "falls": 0, "contacts": 1, "nonfinite": 0, "lateral_path_rmse_m_mean": 0.1771222724725792}, "heading": {"episodes": 10, "goals": 10, "falls": 0, "contacts": 0, "nonfinite": 0, "lateral_path_rmse_m_mean": 0.0541051291168426}, "regulated": {"episodes": 10, "goals": 10, "falls": 0, "contacts": 0, "nonfinite": 0, "lateral_path_rmse_m_mean": 0.04782614370293868}}, "paired_vs_baseline": {"heading": {"matched_pairs": 10, "goal_gain_count": 2, "contact_reduction_count": 1, "uncertainty_scope": "descriptive paired development counts; train-seed and course clustering prevents independent episode safety interpretation"}, "regulated": {"matched_pairs": 10, "goal_gain_count": 2, "contact_reduction_count": 1, "uncertainty_scope": "descriptive paired development counts; train-seed and course clustering prevents independent episode safety interpretation"}}, "confirmation_executed": false, "scope": "MuJoCo simulation development; three frozen12DoF actors; matched nativeFAST-LIO2 startup/loss/estimated-goal stops; new course/seed cohort; no physical validation, terrain-trained gait or independent confirmation claim", "ground_truth_inputs_to_controller": [], "protocol_sha256": "8060a32ceea75ca29a4eb08444385f71d755e6c7055760790d418b509d858e31", "episode_files": ["dr-default-s0--flat--s410000--regulated/episode.json", "dr-default-s0--flat--s410000--heading/episode.json", "dr-default-s0--flat--s410000--baseline/episode.json", "dr-default-s0--flat--s410001--baseline/episode.json", "dr-default-s0--flat--s410001--heading/episode.json", "dr-default-s0--flat--s410001--regulated/episode.json", "dr-default-s0--flat--s410002--heading/episode.json", "dr-default-s0--flat--s410002--regulated/episode.json", "dr-default-s0--flat--s410002--baseline/episode.json", "dr-default-s0--flat--s410003--heading/episode.json", "dr-default-s0--flat--s410003--baseline/episode.json", "dr-default-s0--flat--s410003--regulated/episode.json", "dr-default-s0--flat--s410004--heading/episode.json", "dr-default-s0--flat--s410004--baseline/episode.json", "dr-default-s0--flat--s410004--regulated/episode.json", "dr-default-s0--flat--s410005--regulated/episode.json", "dr-default-s0--flat--s410005--baseline/episode.json", "dr-default-s0--flat--s410005--heading/episode.json", "dr-default-s0--flat--s410006--heading/episode.json", "dr-default-s0--flat--s410006--regulated/episode.json", "dr-default-s0--flat--s410006--baseline/episode.json", "dr-default-s0--flat--s410007--regulated/episode.json", "dr-default-s0--flat--s410007--baseline/episode.json", "dr-default-s0--flat--s410007--heading/episode.json", "dr-default-s0--flat--s410008--baseline/episode.json", "dr-default-s0--flat--s410008--heading/episode.json", "dr-default-s0--flat--s410008--regulated/episode.json", "dr-default-s0--flat--s410009--baseline/episode.json", "dr-default-s0--flat--s410009--regulated/episode.json", "dr-default-s0--flat--s410009--heading/episode.json"], "wall_seconds": 979.8217156400206, "expected_episodes": 30, "actor_filter": "dr-default-s0", "terrain_filter": "flat"}
