..................                                                       [100%]
=============================== warnings summary ===============================
test_perceptive_policy.py::test_export_has_measured_inputs_only_and_variable_batch_parity[dense]
test_perceptive_policy.py::test_export_has_measured_inputs_only_and_variable_batch_parity[query]
test_perceptive_policy.py::test_export_has_measured_inputs_only_and_variable_batch_parity[query_memory]
test_perceptive_policy.py::test_export_has_measured_inputs_only_and_variable_batch_parity[query_memory_trajectory]
  /tmp/bhl-methods-20261010/src/bhl_robust/research/perceptive_policy.py:199: TracerWarning: Converting a tensor to a Python boolean might cause the trace to be incorrect. We can't record the data flow of Python values, so this value will be treated as a constant in the future. This means that the trace might not generalize to other inputs!
    if points.shape[1:] != (HISTORY, RAYS, 5):

test_perceptive_policy.py::test_export_has_measured_inputs_only_and_variable_batch_parity[query]
test_perceptive_policy.py::test_export_has_measured_inputs_only_and_variable_batch_parity[query_memory]
test_perceptive_policy.py::test_export_has_measured_inputs_only_and_variable_batch_parity[query_memory_trajectory]
  /nfs/hpc/share/sanchej7/Humanoid_Lite/venv/lib/python3.11/site-packages/torch/nn/functional.py:6203: TracerWarning: Converting a tensor to a Python boolean might cause the trace to be incorrect. We can't record the data flow of Python values, so this value will be treated as a constant in the future. This means that the trace might not generalize to other inputs!
    embed_dim == embed_dim_to_check

test_perceptive_policy.py::test_export_has_measured_inputs_only_and_variable_batch_parity[query]
test_perceptive_policy.py::test_export_has_measured_inputs_only_and_variable_batch_parity[query_memory]
test_perceptive_policy.py::test_export_has_measured_inputs_only_and_variable_batch_parity[query_memory_trajectory]
  /nfs/hpc/share/sanchej7/Humanoid_Lite/venv/lib/python3.11/site-packages/torch/nn/functional.py:6211: TracerWarning: Converting a tensor to a Python boolean might cause the trace to be incorrect. We can't record the data flow of Python values, so this value will be treated as a constant in the future. This means that the trace might not generalize to other inputs!
    head_dim * num_heads == embed_dim

test_perceptive_policy.py::test_export_has_measured_inputs_only_and_variable_batch_parity[query]
test_perceptive_policy.py::test_export_has_measured_inputs_only_and_variable_batch_parity[query_memory]
test_perceptive_policy.py::test_export_has_measured_inputs_only_and_variable_batch_parity[query_memory_trajectory]
  /nfs/hpc/share/sanchej7/Humanoid_Lite/venv/lib/python3.11/site-packages/torch/nn/functional.py:6220: TracerWarning: Converting a tensor to a Python boolean might cause the trace to be incorrect. We can't record the data flow of Python values, so this value will be treated as a constant in the future. This means that the trace might not generalize to other inputs!
    key.shape == value.shape

test_perceptive_policy.py::test_export_has_measured_inputs_only_and_variable_batch_parity[query]
test_perceptive_policy.py::test_export_has_measured_inputs_only_and_variable_batch_parity[query_memory]
test_perceptive_policy.py::test_export_has_measured_inputs_only_and_variable_batch_parity[query_memory_trajectory]
  /nfs/hpc/share/sanchej7/Humanoid_Lite/venv/lib/python3.11/site-packages/torch/nn/functional.py:6401: TracerWarning: Converting a tensor to a Python boolean might cause the trace to be incorrect. We can't record the data flow of Python values, so this value will be treated as a constant in the future. This means that the trace might not generalize to other inputs!
    if attn_mask.size(0) == 1 and attn_mask.dim() == 3:

-- Docs: https://docs.pytest.org/en/stable/how-to/capture-warnings.html
18 passed, 16 warnings in 11.62s
