preflight OK 3.3.5
[1;31m2026-09-23 09:37:07.653214752 [E:onnxruntime:Default, env.cc:234 ThreadMain] pthread_setaffinity_np failed for thread: 1289007, index: 2, mask: {6, }, error code: 22 error msg: Invalid argument. Specify the number of threads explicitly so the affinity is not set.[m
[1;31m2026-09-23 09:37:07.653274229 [E:onnxruntime:Default, env.cc:234 ThreadMain] pthread_setaffinity_np failed for thread: 1289020, index: 15, mask: {13, }, error code: 22 error msg: Invalid argument. Specify the number of threads explicitly so the affinity is not set.[m
[1;31m2026-09-23 09:37:07.653233238 [E:onnxruntime:Default, env.cc:234 ThreadMain] pthread_setaffinity_np failed for thread: 1289018, index: 13, mask: {9, }, error code: 22 error msg: Invalid argument. Specify the number of threads explicitly so the affinity is not set.[m
[1;31m2026-09-23 09:37:07.653248843 [E:onnxruntime:Default, env.cc:234 ThreadMain] pthread_setaffinity_np failed for thread: 1289019, index: 14, mask: {11, }, error code: 22 error msg: Invalid argument. Specify the number of threads explicitly so the affinity is not set.[m
[1;31m2026-09-23 09:37:07.657773272 [E:onnxruntime:Default, env.cc:234 ThreadMain] pthread_setaffinity_np failed for thread: 1289010, index: 5, mask: {12, }, error code: 22 error msg: Invalid argument. Specify the number of threads explicitly so the affinity is not set.[m
[1;31m2026-09-23 09:37:07.653254865 [E:onnxruntime:Default, env.cc:234 ThreadMain] pthread_setaffinity_np failed for thread: 1289011, index: 6, mask: {14, }, error code: 22 error msg: Invalid argument. Specify the number of threads explicitly so the affinity is not set.[m
[1;31m2026-09-23 09:37:07.653171520 [E:onnxruntime:Default, env.cc:234 ThreadMain] pthread_setaffinity_np failed for thread: 1289009, index: 4, mask: {10, }, error code: 22 error msg: Invalid argument. Specify the number of threads explicitly so the affinity is not set.[m
[1;31m2026-09-23 09:37:07.653223840 [E:onnxruntime:Default, env.cc:234 ThreadMain] pthread_setaffinity_np failed for thread: 1289006, index: 1, mask: {4, }, error code: 22 error msg: Invalid argument. Specify the number of threads explicitly so the affinity is not set.[m
[1;31m2026-09-23 09:37:07.684201501 [E:onnxruntime:Default, env.cc:234 ThreadMain] pthread_setaffinity_np failed for thread: 1289023, index: 18, mask: {19, }, error code: 22 error msg: Invalid argument. Specify the number of threads explicitly so the affinity is not set.[m
[1;31m2026-09-23 09:37:07.653181026 [E:onnxruntime:Default, env.cc:234 ThreadMain] pthread_setaffinity_np failed for thread: 1289013, index: 8, mask: {18, }, error code: 22 error msg: Invalid argument. Specify the number of threads explicitly so the affinity is not set.[m
[1;31m2026-09-23 09:37:07.653194563 [E:onnxruntime:Default, env.cc:234 ThreadMain] pthread_setaffinity_np failed for thread: 1289021, index: 16, mask: {15, }, error code: 22 error msg: Invalid argument. Specify the number of threads explicitly so the affinity is not set.[m
[1;31m2026-09-23 09:37:07.653212047 [E:onnxruntime:Default, env.cc:234 ThreadMain] pthread_setaffinity_np failed for thread: 1289012, index: 7, mask: {16, }, error code: 22 error msg: Invalid argument. Specify the number of threads explicitly so the affinity is not set.[m
[1;31m2026-09-23 09:37:07.665839358 [E:onnxruntime:Default, env.cc:234 ThreadMain] pthread_setaffinity_np failed for thread: 1289008, index: 3, mask: {8, }, error code: 22 error msg: Invalid argument. Specify the number of threads explicitly so the affinity is not set.[m
[1;31m2026-09-23 09:37:07.665808480 [E:onnxruntime:Default, env.cc:234 ThreadMain] pthread_setaffinity_np failed for thread: 1289005, index: 0, mask: {2, }, error code: 22 error msg: Invalid argument. Specify the number of threads explicitly so the affinity is not set.[m
[1;31m2026-09-23 09:37:07.653267195 [E:onnxruntime:Default, env.cc:234 ThreadMain] pthread_setaffinity_np failed for thread: 1289022, index: 17, mask: {17, }, error code: 22 error msg: Invalid argument. Specify the number of threads explicitly so the affinity is not set.[m
Using ONNX runner
push-c0.4-s1 cmd=(+0.3,+0.0,+0.0) seed=0 fell=0 surv=12.00s lin_err=0.363 dist=2.28
push-c0.4-s1 cmd=(+0.3,+0.0,+0.0) seed=1 fell=1 surv= 4.12s lin_err=0.410 dist=1.05
push-c0.4-s1 cmd=(+0.3,+0.0,+0.0) seed=2 fell=0 surv=12.00s lin_err=0.319 dist=3.59
push-c0.4-s1 cmd=(+0.3,+0.0,+0.0) seed=3 fell=1 surv=10.88s lin_err=0.444 dist=2.74
push-c0.4-s1 cmd=(+0.3,+0.0,+0.0) seed=4 fell=0 surv=12.00s lin_err=0.325 dist=3.62
push-c0.4-s1 cmd=(+0.5,+0.0,+0.0) seed=0 fell=1 surv= 3.92s lin_err=0.442 dist=1.71
push-c0.4-s1 cmd=(+0.5,+0.0,+0.0) seed=1 fell=0 surv=12.00s lin_err=0.307 dist=5.58
push-c0.4-s1 cmd=(+0.5,+0.0,+0.0) seed=2 fell=0 surv=12.00s lin_err=0.302 dist=5.48
push-c0.4-s1 cmd=(+0.5,+0.0,+0.0) seed=3 fell=1 surv= 3.72s lin_err=0.416 dist=1.75
push-c0.4-s1 cmd=(+0.5,+0.0,+0.0) seed=4 fell=0 surv=12.00s lin_err=0.305 dist=5.77
push-c0.4-s1 cmd=(-0.2,+0.0,+0.0) seed=0 fell=0 surv=12.00s lin_err=0.347 dist=2.30
push-c0.4-s1 cmd=(-0.2,+0.0,+0.0) seed=1 fell=1 surv= 9.96s lin_err=0.380 dist=1.97
push-c0.4-s1 cmd=(-0.2,+0.0,+0.0) seed=2 fell=0 surv=12.00s lin_err=0.320 dist=2.51
push-c0.4-s1 cmd=(-0.2,+0.0,+0.0) seed=3 fell=0 surv=12.00s lin_err=0.354 dist=2.30
push-c0.4-s1 cmd=(-0.2,+0.0,+0.0) seed=4 fell=0 surv=12.00s lin_err=0.301 dist=2.30
push-c0.4-s1 cmd=(+0.0,+0.2,+0.0) seed=0 fell=1 surv= 6.80s lin_err=0.324 dist=1.20
push-c0.4-s1 cmd=(+0.0,+0.2,+0.0) seed=1 fell=1 surv= 3.88s lin_err=0.393 dist=0.77
push-c0.4-s1 cmd=(+0.0,+0.2,+0.0) seed=2 fell=0 surv=12.00s lin_err=0.263 dist=2.09
push-c0.4-s1 cmd=(+0.0,+0.2,+0.0) seed=3 fell=1 surv=10.08s lin_err=0.308 dist=1.77
push-c0.4-s1 cmd=(+0.0,+0.2,+0.0) seed=4 fell=1 surv= 7.16s lin_err=0.388 dist=1.22
push-c0.4-s1 cmd=(+0.0,+0.0,+0.5) seed=0 fell=0 surv=12.00s lin_err=0.105 dist=0.05
push-c0.4-s1 cmd=(+0.0,+0.0,+0.5) seed=1 fell=0 surv=12.00s lin_err=0.079 dist=0.12
push-c0.4-s1 cmd=(+0.0,+0.0,+0.5) seed=2 fell=0 surv=12.00s lin_err=0.136 dist=0.01
push-c0.4-s1 cmd=(+0.0,+0.0,+0.5) seed=3 fell=0 surv=12.00s lin_err=0.094 dist=0.01
push-c0.4-s1 cmd=(+0.0,+0.0,+0.5) seed=4 fell=0 surv=12.00s lin_err=0.062 dist=0.07
push-c0.4-s1 cmd=(+0.3,+0.0,+0.5) seed=0 fell=0 surv=12.00s lin_err=0.304 dist=0.40
push-c0.4-s1 cmd=(+0.3,+0.0,+0.5) seed=1 fell=0 surv=12.00s lin_err=0.367 dist=0.08
push-c0.4-s1 cmd=(+0.3,+0.0,+0.5) seed=2 fell=0 surv=12.00s lin_err=0.311 dist=0.49
push-c0.4-s1 cmd=(+0.3,+0.0,+0.5) seed=3 fell=0 surv=12.00s lin_err=0.304 dist=0.31
push-c0.4-s1 cmd=(+0.3,+0.0,+0.5) seed=4 fell=0 surv=12.00s lin_err=0.309 dist=0.49

push-c0.4-s1: 30 episodes, 9 falls (30.0% fall rate) -> results/push-matched-20260923/push-c0.4-s1__p0.5.csv
[1;31m2026-09-23 09:38:15.009879994 [E:onnxruntime:Default, env.cc:234 ThreadMain] pthread_setaffinity_np failed for thread: 1290896, index: 0, mask: {2, }, error code: 22 error msg: Invalid argument. Specify the number of threads explicitly so the affinity is not set.[m
[1;31m2026-09-23 09:38:15.009882725 [E:onnxruntime:Default, env.cc:234 ThreadMain] pthread_setaffinity_np failed for thread: 1290897, index: 1, mask: {4, }, error code: 22 error msg: Invalid argument. Specify the number of threads explicitly so the affinity is not set.[m
[1;31m2026-09-23 09:38:15.010033751 [E:onnxruntime:Default, env.cc:234 ThreadMain] pthread_setaffinity_np failed for thread: 1290900, index: 4, mask: {10, }, error code: 22 error msg: Invalid argument. Specify the number of threads explicitly so the affinity is not set.[m
[1;31m2026-09-23 09:38:15.009926099 [E:onnxruntime:Default, env.cc:234 ThreadMain] pthread_setaffinity_np failed for thread: 1290899, index: 3, mask: {8, }, error code: 22 error msg: Invalid argument. Specify the number of threads explicitly so the affinity is not set.[m
[1;31m2026-09-23 09:38:15.009955483 [E:onnxruntime:Default, env.cc:234 ThreadMain] pthread_setaffinity_np failed for thread: 1290901, index: 5, mask: {12, }, error code: 22 error msg: Invalid argument. Specify the number of threads explicitly so the affinity is not set.[m
[1;31m2026-09-23 09:38:15.010437164 [E:onnxruntime:Default, env.cc:234 ThreadMain] pthread_setaffinity_np failed for thread: 1290913, index: 17, mask: {17, }, error code: 22 error msg: Invalid argument. Specify the number of threads explicitly so the affinity is not set.[m
[1;31m2026-09-23 09:38:15.013997357 [E:onnxruntime:Default, env.cc:234 ThreadMain] pthread_setaffinity_np failed for thread: 1290912, index: 16, mask: {15, }, error code: 22 error msg: Invalid argument. Specify the number of threads explicitly so the affinity is not set.[m
[1;31m2026-09-23 09:38:15.009981510 [E:onnxruntime:Default, env.cc:234 ThreadMain] pthread_setaffinity_np failed for thread: 1290902, index: 6, mask: {14, }, error code: 22 error msg: Invalid argument. Specify the number of threads explicitly so the affinity is not set.[m
[1;31m2026-09-23 09:38:15.010003494 [E:onnxruntime:Default, env.cc:234 ThreadMain] pthread_setaffinity_np failed for thread: 1290903, index: 7, mask: {16, }, error code: 22 error msg: Invalid argument. Specify the number of threads explicitly so the affinity is not set.[m
Using ONNX runner
[1;31m2026-09-23 09:38:15.009881319 [E:onnxruntime:Default, env.cc:234 ThreadMain] pthread_setaffinity_np failed for thread: 1290898, index: 2, mask: {6, }, error code: 22 error msg: Invalid argument. Specify the number of threads explicitly so the affinity is not set.[m
[1;31m2026-09-23 09:38:15.022804389 [E:onnxruntime:Default, env.cc:234 ThreadMain] pthread_setaffinity_np failed for thread: 1290904, index: 8, mask: {18, }, error code: 22 error msg: Invalid argument. Specify the number of threads explicitly so the affinity is not set.[m
[1;31m2026-09-23 09:38:15.025797069 [E:onnxruntime:Default, env.cc:234 ThreadMain] pthread_setaffinity_np failed for thread: 1290911, index: 15, mask: {13, }, error code: 22 error msg: Invalid argument. Specify the number of threads explicitly so the affinity is not set.[m
[1;31m2026-09-23 09:38:15.040794287 [E:onnxruntime:Default, env.cc:234 ThreadMain] pthread_setaffinity_np failed for thread: 1290910, index: 14, mask: {11, }, error code: 22 error msg: Invalid argument. Specify the number of threads explicitly so the affinity is not set.[m
[1;31m2026-09-23 09:38:15.066841604 [E:onnxruntime:Default, env.cc:234 ThreadMain] pthread_setaffinity_np failed for thread: 1290914, index: 18, mask: {19, }, error code: 22 error msg: Invalid argument. Specify the number of threads explicitly so the affinity is not set.[m
[1;31m2026-09-23 09:38:15.080817547 [E:onnxruntime:Default, env.cc:234 ThreadMain] pthread_setaffinity_np failed for thread: 1290909, index: 13, mask: {9, }, error code: 22 error msg: Invalid argument. Specify the number of threads explicitly so the affinity is not set.[m
push-c0.4-s2 cmd=(+0.3,+0.0,+0.0) seed=0 fell=1 surv= 3.92s lin_err=0.295 dist=1.15
push-c0.4-s2 cmd=(+0.3,+0.0,+0.0) seed=1 fell=1 surv= 4.48s lin_err=0.416 dist=1.45
push-c0.4-s2 cmd=(+0.3,+0.0,+0.0) seed=2 fell=0 surv=12.00s lin_err=0.301 dist=3.68
push-c0.4-s2 cmd=(+0.3,+0.0,+0.0) seed=3 fell=1 surv=10.20s lin_err=0.327 dist=3.10
push-c0.4-s2 cmd=(+0.3,+0.0,+0.0) seed=4 fell=0 surv=12.00s lin_err=0.311 dist=3.82
push-c0.4-s2 cmd=(+0.5,+0.0,+0.0) seed=0 fell=1 surv= 3.72s lin_err=0.367 dist=1.62
push-c0.4-s2 cmd=(+0.5,+0.0,+0.0) seed=1 fell=0 surv=12.00s lin_err=0.370 dist=5.74
push-c0.4-s2 cmd=(+0.5,+0.0,+0.0) seed=2 fell=0 surv=12.00s lin_err=0.357 dist=5.86
push-c0.4-s2 cmd=(+0.5,+0.0,+0.0) seed=3 fell=1 surv= 3.80s lin_err=0.369 dist=1.68
push-c0.4-s2 cmd=(+0.5,+0.0,+0.0) seed=4 fell=0 surv=12.00s lin_err=0.365 dist=6.00
push-c0.4-s2 cmd=(-0.2,+0.0,+0.0) seed=0 fell=0 surv=12.00s lin_err=0.270 dist=2.42
push-c0.4-s2 cmd=(-0.2,+0.0,+0.0) seed=1 fell=0 surv=12.00s lin_err=0.291 dist=2.48
push-c0.4-s2 cmd=(-0.2,+0.0,+0.0) seed=2 fell=0 surv=12.00s lin_err=0.264 dist=2.53
push-c0.4-s2 cmd=(-0.2,+0.0,+0.0) seed=3 fell=1 surv= 3.92s lin_err=0.294 dist=0.62
push-c0.4-s2 cmd=(-0.2,+0.0,+0.0) seed=4 fell=0 surv=12.00s lin_err=0.257 dist=2.42
push-c0.4-s2 cmd=(+0.0,+0.2,+0.0) seed=0 fell=0 surv=12.00s lin_err=0.247 dist=1.85
push-c0.4-s2 cmd=(+0.0,+0.2,+0.0) seed=1 fell=0 surv=12.00s lin_err=0.282 dist=2.22
push-c0.4-s2 cmd=(+0.0,+0.2,+0.0) seed=2 fell=0 surv=12.00s lin_err=0.249 dist=1.82
push-c0.4-s2 cmd=(+0.0,+0.2,+0.0) seed=3 fell=0 surv=12.00s lin_err=0.257 dist=1.92
push-c0.4-s2 cmd=(+0.0,+0.2,+0.0) seed=4 fell=0 surv=12.00s lin_err=0.270 dist=1.98
push-c0.4-s2 cmd=(+0.0,+0.0,+0.5) seed=0 fell=0 surv=12.00s lin_err=0.144 dist=0.09
push-c0.4-s2 cmd=(+0.0,+0.0,+0.5) seed=1 fell=0 surv=12.00s lin_err=0.152 dist=0.14
push-c0.4-s2 cmd=(+0.0,+0.0,+0.5) seed=2 fell=0 surv=12.00s lin_err=0.107 dist=0.04
push-c0.4-s2 cmd=(+0.0,+0.0,+0.5) seed=3 fell=0 surv=12.00s lin_err=0.128 dist=0.00
push-c0.4-s2 cmd=(+0.0,+0.0,+0.5) seed=4 fell=0 surv=12.00s lin_err=0.102 dist=0.04
push-c0.4-s2 cmd=(+0.3,+0.0,+0.5) seed=0 fell=0 surv=12.00s lin_err=0.346 dist=0.63
push-c0.4-s2 cmd=(+0.3,+0.0,+0.5) seed=1 fell=1 surv= 6.88s lin_err=0.335 dist=0.67
push-c0.4-s2 cmd=(+0.3,+0.0,+0.5) seed=2 fell=0 surv=12.00s lin_err=0.334 dist=0.61
push-c0.4-s2 cmd=(+0.3,+0.0,+0.5) seed=3 fell=1 surv= 7.44s lin_err=0.389 dist=0.17
push-c0.4-s2 cmd=(+0.3,+0.0,+0.5) seed=4 fell=0 surv=12.00s lin_err=0.350 dist=0.72

push-c0.4-s2: 30 episodes, 8 falls (26.7% fall rate) -> results/push-matched-20260923/push-c0.4-s2__p0.5.csv
[1;31m2026-09-23 09:39:20.432130514 [E:onnxruntime:Default, env.cc:234 ThreadMain] pthread_setaffinity_np failed for thread: 1292636, index: 2, mask: {6, }, error code: 22 error msg: Invalid argument. Specify the number of threads explicitly so the affinity is not set.[m
[1;31m2026-09-23 09:39:20.432247810 [E:onnxruntime:Default, env.cc:234 ThreadMain] pthread_setaffinity_np failed for thread: 1292639, index: 5, mask: {12, }, error code: 22 error msg: Invalid argument. Specify the number of threads explicitly so the affinity is not set.[m
[1;31m2026-09-23 09:39:20.432132954 [E:onnxruntime:Default, env.cc:234 ThreadMain] pthread_setaffinity_np failed for thread: 1292635, index: 1, mask: {4, }, error code: 22 error msg: Invalid argument. Specify the number of threads explicitly so the affinity is not set.[m
[1;31m2026-09-23 09:39:20.432192010 [E:onnxruntime:Default, env.cc:234 ThreadMain] pthread_setaffinity_np failed for thread: 1292637, index: 3, mask: {8, }, error code: 22 error msg: Invalid argument. Specify the number of threads explicitly so the affinity is not set.[m
[1;31m2026-09-23 09:39:20.432219670 [E:onnxruntime:Default, env.cc:234 ThreadMain] pthread_setaffinity_np failed for thread: 1292638, index: 4, mask: {10, }, error code: 22 error msg: Invalid argument. Specify the number of threads explicitly so the affinity is not set.[m
[1;31m2026-09-23 09:39:20.432734331 [E:onnxruntime:Default, env.cc:234 ThreadMain] pthread_setaffinity_np failed for thread: 1292650, index: 16, mask: {15, }, error code: 22 error msg: Invalid argument. Specify the number of threads explicitly so the affinity is not set.[m
[1;31m2026-09-23 09:39:20.436000076 [E:onnxruntime:Default, env.cc:234 ThreadMain] pthread_setaffinity_np failed for thread: 1292649, index: 15, mask: {13, }, error code: 22 error msg: Invalid argument. Specify the number of threads explicitly so the affinity is not set.[m
[1;31m2026-09-23 09:39:20.432145914 [E:onnxruntime:Default, env.cc:234 ThreadMain] pthread_setaffinity_np failed for thread: 1292634, index: 0, mask: {2, }, error code: 22 error msg: Invalid argument. Specify the number of threads explicitly so the affinity is not set.[m
Using ONNX runner
[1;31m2026-09-23 09:39:20.447803866 [E:onnxruntime:Default, env.cc:234 ThreadMain] pthread_setaffinity_np failed for thread: 1292648, index: 14, mask: {11, }, error code: 22 error msg: Invalid argument. Specify the number of threads explicitly so the affinity is not set.[m
[1;31m2026-09-23 09:39:20.462807067 [E:onnxruntime:Default, env.cc:234 ThreadMain] pthread_setaffinity_np failed for thread: 1292647, index: 13, mask: {9, }, error code: 22 error msg: Invalid argument. Specify the number of threads explicitly so the affinity is not set.[m
[1;31m2026-09-23 09:39:20.432274842 [E:onnxruntime:Default, env.cc:234 ThreadMain] pthread_setaffinity_np failed for thread: 1292640, index: 6, mask: {14, }, error code: 22 error msg: Invalid argument. Specify the number of threads explicitly so the affinity is not set.[m
[1;31m2026-09-23 09:39:20.432307668 [E:onnxruntime:Default, env.cc:234 ThreadMain] pthread_setaffinity_np failed for thread: 1292641, index: 7, mask: {16, }, error code: 22 error msg: Invalid argument. Specify the number of threads explicitly so the affinity is not set.[m
[1;31m2026-09-23 09:39:20.478797376 [E:onnxruntime:Default, env.cc:234 ThreadMain] pthread_setaffinity_np failed for thread: 1292651, index: 17, mask: {17, }, error code: 22 error msg: Invalid argument. Specify the number of threads explicitly so the affinity is not set.[m
[1;31m2026-09-23 09:39:20.481793357 [E:onnxruntime:Default, env.cc:234 ThreadMain] pthread_setaffinity_np failed for thread: 1292642, index: 8, mask: {18, }, error code: 22 error msg: Invalid argument. Specify the number of threads explicitly so the affinity is not set.[m
[1;31m2026-09-23 09:39:20.483797986 [E:onnxruntime:Default, env.cc:234 ThreadMain] pthread_setaffinity_np failed for thread: 1292652, index: 18, mask: {19, }, error code: 22 error msg: Invalid argument. Specify the number of threads explicitly so the affinity is not set.[m
push-c0.6-s0 cmd=(+0.3,+0.0,+0.0) seed=0 fell=0 surv=12.00s lin_err=0.254 dist=3.53
push-c0.6-s0 cmd=(+0.3,+0.0,+0.0) seed=1 fell=1 surv= 3.84s lin_err=0.380 dist=1.03
push-c0.6-s0 cmd=(+0.3,+0.0,+0.0) seed=2 fell=0 surv=12.00s lin_err=0.269 dist=3.44
push-c0.6-s0 cmd=(+0.3,+0.0,+0.0) seed=3 fell=0 surv=12.00s lin_err=0.281 dist=3.51
push-c0.6-s0 cmd=(+0.3,+0.0,+0.0) seed=4 fell=0 surv=12.00s lin_err=0.262 dist=3.70
push-c0.6-s0 cmd=(+0.5,+0.0,+0.0) seed=0 fell=0 surv=12.00s lin_err=0.316 dist=5.65
push-c0.6-s0 cmd=(+0.5,+0.0,+0.0) seed=1 fell=1 surv= 3.60s lin_err=0.380 dist=1.25
push-c0.6-s0 cmd=(+0.5,+0.0,+0.0) seed=2 fell=0 surv=12.00s lin_err=0.331 dist=5.04
push-c0.6-s0 cmd=(+0.5,+0.0,+0.0) seed=3 fell=0 surv=12.00s lin_err=0.307 dist=5.77
push-c0.6-s0 cmd=(+0.5,+0.0,+0.0) seed=4 fell=0 surv=12.00s lin_err=0.303 dist=5.91
push-c0.6-s0 cmd=(-0.2,+0.0,+0.0) seed=0 fell=0 surv=12.00s lin_err=0.281 dist=2.57
push-c0.6-s0 cmd=(-0.2,+0.0,+0.0) seed=1 fell=0 surv=12.00s lin_err=0.282 dist=2.70
push-c0.6-s0 cmd=(-0.2,+0.0,+0.0) seed=2 fell=0 surv=12.00s lin_err=0.268 dist=2.68
push-c0.6-s0 cmd=(-0.2,+0.0,+0.0) seed=3 fell=0 surv=12.00s lin_err=0.282 dist=2.53
push-c0.6-s0 cmd=(-0.2,+0.0,+0.0) seed=4 fell=0 surv=12.00s lin_err=0.262 dist=2.51
push-c0.6-s0 cmd=(+0.0,+0.2,+0.0) seed=0 fell=0 surv=12.00s lin_err=0.274 dist=1.76
push-c0.6-s0 cmd=(+0.0,+0.2,+0.0) seed=1 fell=0 surv=12.00s lin_err=0.290 dist=2.16
push-c0.6-s0 cmd=(+0.0,+0.2,+0.0) seed=2 fell=0 surv=12.00s lin_err=0.271 dist=1.71
push-c0.6-s0 cmd=(+0.0,+0.2,+0.0) seed=3 fell=1 surv= 9.80s lin_err=0.304 dist=1.42
push-c0.6-s0 cmd=(+0.0,+0.2,+0.0) seed=4 fell=1 surv= 6.64s lin_err=0.359 dist=0.96
push-c0.6-s0 cmd=(+0.0,+0.0,+0.5) seed=0 fell=0 surv=12.00s lin_err=0.031 dist=0.05
push-c0.6-s0 cmd=(+0.0,+0.0,+0.5) seed=1 fell=0 surv=12.00s lin_err=0.033 dist=0.12
push-c0.6-s0 cmd=(+0.0,+0.0,+0.5) seed=2 fell=0 surv=12.00s lin_err=0.030 dist=0.04
push-c0.6-s0 cmd=(+0.0,+0.0,+0.5) seed=3 fell=0 surv=12.00s lin_err=0.030 dist=0.09
push-c0.6-s0 cmd=(+0.0,+0.0,+0.5) seed=4 fell=0 surv=12.00s lin_err=0.020 dist=0.06
push-c0.6-s0 cmd=(+0.3,+0.0,+0.5) seed=0 fell=0 surv=12.00s lin_err=0.261 dist=0.17
push-c0.6-s0 cmd=(+0.3,+0.0,+0.5) seed=1 fell=0 surv=12.00s lin_err=0.277 dist=0.36
push-c0.6-s0 cmd=(+0.3,+0.0,+0.5) seed=2 fell=0 surv=12.00s lin_err=0.263 dist=0.12
push-c0.6-s0 cmd=(+0.3,+0.0,+0.5) seed=3 fell=0 surv=12.00s lin_err=0.249 dist=0.16
push-c0.6-s0 cmd=(+0.3,+0.0,+0.5) seed=4 fell=0 surv=12.00s lin_err=0.266 dist=0.38

push-c0.6-s0: 30 episodes, 4 falls (13.3% fall rate) -> results/push-matched-20260923/push-c0.6-s0__p0.5.csv
[1;31m2026-09-23 09:40:27.625081381 [E:onnxruntime:Default, env.cc:234 ThreadMain] pthread_setaffinity_np failed for thread: 1294253, index: 1, mask: {4, }, error code: 22 error msg: Invalid argument. Specify the number of threads explicitly so the affinity is not set.[m
[1;31m2026-09-23 09:40:27.625090127 [E:onnxruntime:Default, env.cc:234 ThreadMain] pthread_setaffinity_np failed for thread: 1294254, index: 2, mask: {6, }, error code: 22 error msg: Invalid argument. Specify the number of threads explicitly so the affinity is not set.[m
[1;31m2026-09-23 09:40:27.625143279 [E:onnxruntime:Default, env.cc:234 ThreadMain] pthread_setaffinity_np failed for thread: 1294255, index: 3, mask: {8, }, error code: 22 error msg: Invalid argument. Specify the number of threads explicitly so the affinity is not set.[m
[1;31m2026-09-23 09:40:27.625145125 [E:onnxruntime:Default, env.cc:234 ThreadMain] pthread_setaffinity_np failed for thread: 1294256, index: 4, mask: {10, }, error code: 22 error msg: Invalid argument. Specify the number of threads explicitly so the affinity is not set.[m
[1;31m2026-09-23 09:40:27.625692694 [E:onnxruntime:Default, env.cc:234 ThreadMain] pthread_setaffinity_np failed for thread: 1294270, index: 18, mask: {19, }, error code: 22 error msg: Invalid argument. Specify the number of threads explicitly so the affinity is not set.[m
[1;31m2026-09-23 09:40:27.629013353 [E:onnxruntime:Default, env.cc:234 ThreadMain] pthread_setaffinity_np failed for thread: 1294267, index: 15, mask: {13, }, error code: 22 error msg: Invalid argument. Specify the number of threads explicitly so the affinity is not set.[m
[1;31m2026-09-23 09:40:27.625078333 [E:onnxruntime:Default, env.cc:234 ThreadMain] pthread_setaffinity_np failed for thread: 1294252, index: 0, mask: {2, }, error code: 22 error msg: Invalid argument. Specify the number of threads explicitly so the affinity is not set.[m
Using ONNX runner
[1;31m2026-09-23 09:40:27.625195120 [E:onnxruntime:Default, env.cc:234 ThreadMain] pthread_setaffinity_np failed for thread: 1294257, index: 5, mask: {12, }, error code: 22 error msg: Invalid argument. Specify the number of threads explicitly so the affinity is not set.[m
[1;31m2026-09-23 09:40:27.640793218 [E:onnxruntime:Default, env.cc:234 ThreadMain] pthread_setaffinity_np failed for thread: 1294266, index: 14, mask: {11, }, error code: 22 error msg: Invalid argument. Specify the number of threads explicitly so the affinity is not set.[m
[1;31m2026-09-23 09:40:27.641792329 [E:onnxruntime:Default, env.cc:234 ThreadMain] pthread_setaffinity_np failed for thread: 1294268, index: 16, mask: {15, }, error code: 22 error msg: Invalid argument. Specify the number of threads explicitly so the affinity is not set.[m
[1;31m2026-09-23 09:40:27.646788444 [E:onnxruntime:Default, env.cc:234 ThreadMain] pthread_setaffinity_np failed for thread: 1294269, index: 17, mask: {17, }, error code: 22 error msg: Invalid argument. Specify the number of threads explicitly so the affinity is not set.[m
[1;31m2026-09-23 09:40:27.625252044 [E:onnxruntime:Default, env.cc:234 ThreadMain] pthread_setaffinity_np failed for thread: 1294258, index: 6, mask: {14, }, error code: 22 error msg: Invalid argument. Specify the number of threads explicitly so the affinity is not set.[m
[1;31m2026-09-23 09:40:27.654798847 [E:onnxruntime:Default, env.cc:234 ThreadMain] pthread_setaffinity_np failed for thread: 1294265, index: 13, mask: {9, }, error code: 22 error msg: Invalid argument. Specify the number of threads explicitly so the affinity is not set.[m
[1;31m2026-09-23 09:40:27.667791760 [E:onnxruntime:Default, env.cc:234 ThreadMain] pthread_setaffinity_np failed for thread: 1294259, index: 7, mask: {16, }, error code: 22 error msg: Invalid argument. Specify the number of threads explicitly so the affinity is not set.[m
[1;31m2026-09-23 09:40:27.672785124 [E:onnxruntime:Default, env.cc:234 ThreadMain] pthread_setaffinity_np failed for thread: 1294260, index: 8, mask: {18, }, error code: 22 error msg: Invalid argument. Specify the number of threads explicitly so the affinity is not set.[m
push-c0.6-s1 cmd=(+0.3,+0.0,+0.0) seed=0 fell=0 surv=12.00s lin_err=0.298 dist=3.78
push-c0.6-s1 cmd=(+0.3,+0.0,+0.0) seed=1 fell=0 surv=12.00s lin_err=0.284 dist=3.65
push-c0.6-s1 cmd=(+0.3,+0.0,+0.0) seed=2 fell=0 surv=12.00s lin_err=0.325 dist=3.52
push-c0.6-s1 cmd=(+0.3,+0.0,+0.0) seed=3 fell=0 surv=12.00s lin_err=0.289 dist=3.82
push-c0.6-s1 cmd=(+0.3,+0.0,+0.0) seed=4 fell=0 surv=12.00s lin_err=0.305 dist=3.80
push-c0.6-s1 cmd=(+0.5,+0.0,+0.0) seed=0 fell=0 surv=12.00s lin_err=0.304 dist=5.74
push-c0.6-s1 cmd=(+0.5,+0.0,+0.0) seed=1 fell=0 surv=12.00s lin_err=0.313 dist=5.63
push-c0.6-s1 cmd=(+0.5,+0.0,+0.0) seed=2 fell=0 surv=12.00s lin_err=0.310 dist=5.72
push-c0.6-s1 cmd=(+0.5,+0.0,+0.0) seed=3 fell=0 surv=12.00s lin_err=0.316 dist=5.73
push-c0.6-s1 cmd=(+0.5,+0.0,+0.0) seed=4 fell=0 surv=12.00s lin_err=0.313 dist=5.76
push-c0.6-s1 cmd=(-0.2,+0.0,+0.0) seed=0 fell=0 surv=12.00s lin_err=0.294 dist=2.53
push-c0.6-s1 cmd=(-0.2,+0.0,+0.0) seed=1 fell=0 surv=12.00s lin_err=0.307 dist=2.63
push-c0.6-s1 cmd=(-0.2,+0.0,+0.0) seed=2 fell=0 surv=12.00s lin_err=0.287 dist=2.58
push-c0.6-s1 cmd=(-0.2,+0.0,+0.0) seed=3 fell=0 surv=12.00s lin_err=0.300 dist=2.49
push-c0.6-s1 cmd=(-0.2,+0.0,+0.0) seed=4 fell=0 surv=12.00s lin_err=0.289 dist=2.38
push-c0.6-s1 cmd=(+0.0,+0.2,+0.0) seed=0 fell=1 surv= 6.88s lin_err=0.346 dist=1.17
push-c0.6-s1 cmd=(+0.0,+0.2,+0.0) seed=1 fell=1 surv= 4.08s lin_err=0.443 dist=0.65
push-c0.6-s1 cmd=(+0.0,+0.2,+0.0) seed=2 fell=0 surv=12.00s lin_err=0.258 dist=1.90
push-c0.6-s1 cmd=(+0.0,+0.2,+0.0) seed=3 fell=1 surv= 9.76s lin_err=0.298 dist=1.78
push-c0.6-s1 cmd=(+0.0,+0.2,+0.0) seed=4 fell=1 surv= 6.84s lin_err=0.370 dist=1.09
push-c0.6-s1 cmd=(+0.0,+0.0,+0.5) seed=0 fell=0 surv=12.00s lin_err=0.043 dist=0.07
push-c0.6-s1 cmd=(+0.0,+0.0,+0.5) seed=1 fell=0 surv=12.00s lin_err=0.034 dist=0.05
push-c0.6-s1 cmd=(+0.0,+0.0,+0.5) seed=2 fell=0 surv=12.00s lin_err=0.043 dist=0.04
push-c0.6-s1 cmd=(+0.0,+0.0,+0.5) seed=3 fell=0 surv=12.00s lin_err=0.042 dist=0.01
push-c0.6-s1 cmd=(+0.0,+0.0,+0.5) seed=4 fell=0 surv=12.00s lin_err=0.032 dist=0.02
push-c0.6-s1 cmd=(+0.3,+0.0,+0.5) seed=0 fell=0 surv=12.00s lin_err=0.262 dist=0.16
push-c0.6-s1 cmd=(+0.3,+0.0,+0.5) seed=1 fell=0 surv=12.00s lin_err=0.264 dist=0.29
push-c0.6-s1 cmd=(+0.3,+0.0,+0.5) seed=2 fell=0 surv=12.00s lin_err=0.266 dist=0.11
push-c0.6-s1 cmd=(+0.3,+0.0,+0.5) seed=3 fell=0 surv=12.00s lin_err=0.251 dist=0.16
push-c0.6-s1 cmd=(+0.3,+0.0,+0.5) seed=4 fell=0 surv=12.00s lin_err=0.268 dist=0.42

push-c0.6-s1: 30 episodes, 4 falls (13.3% fall rate) -> results/push-matched-20260923/push-c0.6-s1__p0.5.csv
[1;31m2026-09-23 09:41:34.280026074 [E:onnxruntime:Default, env.cc:234 ThreadMain] pthread_setaffinity_np failed for thread: 1295673, index: 1, mask: {4, }, error code: 22 error msg: Invalid argument. Specify the number of threads explicitly so the affinity is not set.[m
[1;31m2026-09-23 09:41:34.280022926 [E:onnxruntime:Default, env.cc:234 ThreadMain] pthread_setaffinity_np failed for thread: 1295672, index: 0, mask: {2, }, error code: 22 error msg: Invalid argument. Specify the number of threads explicitly so the affinity is not set.[m
[1;31m2026-09-23 09:41:34.280024812 [E:onnxruntime:Default, env.cc:234 ThreadMain] pthread_setaffinity_np failed for thread: 1295674, index: 2, mask: {6, }, error code: 22 error msg: Invalid argument. Specify the number of threads explicitly so the affinity is not set.[m
[1;31m2026-09-23 09:41:34.280076143 [E:onnxruntime:Default, env.cc:234 ThreadMain] pthread_setaffinity_np failed for thread: 1295675, index: 3, mask: {8, }, error code: 22 error msg: Invalid argument. Specify the number of threads explicitly so the affinity is not set.[m
[1;31m2026-09-23 09:41:34.280104102 [E:onnxruntime:Default, env.cc:234 ThreadMain] pthread_setaffinity_np failed for thread: 1295677, index: 5, mask: {12, }, error code: 22 error msg: Invalid argument. Specify the number of threads explicitly so the affinity is not set.[m
[1;31m2026-09-23 09:41:34.280124589 [E:onnxruntime:Default, env.cc:234 ThreadMain] pthread_setaffinity_np failed for thread: 1295678, index: 6, mask: {14, }, error code: 22 error msg: Invalid argument. Specify the number of threads explicitly so the affinity is not set.[m
[1;31m2026-09-23 09:41:34.280154542 [E:onnxruntime:Default, env.cc:234 ThreadMain] pthread_setaffinity_np failed for thread: 1295679, index: 7, mask: {16, }, error code: 22 error msg: Invalid argument. Specify the number of threads explicitly so the affinity is not set.[m
[1;31m2026-09-23 09:41:34.292847502 [E:onnxruntime:Default, env.cc:234 ThreadMain] pthread_setaffinity_np failed for thread: 1295676, index: 4, mask: {10, }, error code: 22 error msg: Invalid argument. Specify the number of threads explicitly so the affinity is not set.[m
[1;31m2026-09-23 09:41:34.305768031 [E:onnxruntime:Default, env.cc:234 ThreadMain] pthread_setaffinity_np failed for thread: 1295680, index: 8, mask: {18, }, error code: 22 error msg: Invalid argument. Specify the number of threads explicitly so the affinity is not set.[m
Using ONNX runner
[1;31m2026-09-23 09:41:34.321121762 [E:onnxruntime:Default, env.cc:234 ThreadMain] pthread_setaffinity_np failed for thread: 1295685, index: 13, mask: {9, }, error code: 22 error msg: Invalid argument. Specify the number of threads explicitly so the affinity is not set.[m
[1;31m2026-09-23 09:41:34.327791282 [E:onnxruntime:Default, env.cc:234 ThreadMain] pthread_setaffinity_np failed for thread: 1295688, index: 16, mask: {15, }, error code: 22 error msg: Invalid argument. Specify the number of threads explicitly so the affinity is not set.[m
[1;31m2026-09-23 09:41:34.334793197 [E:onnxruntime:Default, env.cc:234 ThreadMain] pthread_setaffinity_np failed for thread: 1295689, index: 17, mask: {17, }, error code: 22 error msg: Invalid argument. Specify the number of threads explicitly so the affinity is not set.[m
[1;31m2026-09-23 09:41:34.336261083 [E:onnxruntime:Default, env.cc:234 ThreadMain] pthread_setaffinity_np failed for thread: 1295686, index: 14, mask: {11, }, error code: 22 error msg: Invalid argument. Specify the number of threads explicitly so the affinity is not set.[m
[1;31m2026-09-23 09:41:34.344799125 [E:onnxruntime:Default, env.cc:234 ThreadMain] pthread_setaffinity_np failed for thread: 1295687, index: 15, mask: {13, }, error code: 22 error msg: Invalid argument. Specify the number of threads explicitly so the affinity is not set.[m
[1;31m2026-09-23 09:41:34.347126387 [E:onnxruntime:Default, env.cc:234 ThreadMain] pthread_setaffinity_np failed for thread: 1295690, index: 18, mask: {19, }, error code: 22 error msg: Invalid argument. Specify the number of threads explicitly so the affinity is not set.[m
push-fixed-s0 cmd=(+0.3,+0.0,+0.0) seed=0 fell=0 surv=12.00s lin_err=0.285 dist=2.86
push-fixed-s0 cmd=(+0.3,+0.0,+0.0) seed=1 fell=0 surv=12.00s lin_err=0.278 dist=1.79
push-fixed-s0 cmd=(+0.3,+0.0,+0.0) seed=2 fell=0 surv=12.00s lin_err=0.297 dist=2.67
push-fixed-s0 cmd=(+0.3,+0.0,+0.0) seed=3 fell=0 surv=12.00s lin_err=0.313 dist=2.79
push-fixed-s0 cmd=(+0.3,+0.0,+0.0) seed=4 fell=0 surv=12.00s lin_err=0.289 dist=3.01
push-fixed-s0 cmd=(+0.5,+0.0,+0.0) seed=0 fell=0 surv=12.00s lin_err=0.354 dist=5.52
push-fixed-s0 cmd=(+0.5,+0.0,+0.0) seed=1 fell=0 surv=12.00s lin_err=0.363 dist=5.09
push-fixed-s0 cmd=(+0.5,+0.0,+0.0) seed=2 fell=1 surv= 6.56s lin_err=0.388 dist=2.41
push-fixed-s0 cmd=(+0.5,+0.0,+0.0) seed=3 fell=1 surv= 3.48s lin_err=0.429 dist=1.20
push-fixed-s0 cmd=(+0.5,+0.0,+0.0) seed=4 fell=0 surv=12.00s lin_err=0.366 dist=5.71
push-fixed-s0 cmd=(-0.2,+0.0,+0.0) seed=0 fell=0 surv=12.00s lin_err=0.251 dist=1.27
push-fixed-s0 cmd=(-0.2,+0.0,+0.0) seed=1 fell=0 surv=12.00s lin_err=0.263 dist=1.21
push-fixed-s0 cmd=(-0.2,+0.0,+0.0) seed=2 fell=0 surv=12.00s lin_err=0.252 dist=0.44
push-fixed-s0 cmd=(-0.2,+0.0,+0.0) seed=3 fell=0 surv=12.00s lin_err=0.246 dist=0.80
push-fixed-s0 cmd=(-0.2,+0.0,+0.0) seed=4 fell=0 surv=12.00s lin_err=0.219 dist=0.17
push-fixed-s0 cmd=(+0.0,+0.2,+0.0) seed=0 fell=1 surv= 7.44s lin_err=0.305 dist=0.71
push-fixed-s0 cmd=(+0.0,+0.2,+0.0) seed=1 fell=1 surv= 3.92s lin_err=0.354 dist=0.57
push-fixed-s0 cmd=(+0.0,+0.2,+0.0) seed=2 fell=0 surv=12.00s lin_err=0.238 dist=1.75
push-fixed-s0 cmd=(+0.0,+0.2,+0.0) seed=3 fell=0 surv=12.00s lin_err=0.240 dist=1.78
push-fixed-s0 cmd=(+0.0,+0.2,+0.0) seed=4 fell=1 surv= 9.80s lin_err=0.269 dist=1.77
push-fixed-s0 cmd=(+0.0,+0.0,+0.5) seed=0 fell=0 surv=12.00s lin_err=0.029 dist=0.08
push-fixed-s0 cmd=(+0.0,+0.0,+0.5) seed=1 fell=0 surv=12.00s lin_err=0.051 dist=0.06
push-fixed-s0 cmd=(+0.0,+0.0,+0.5) seed=2 fell=0 surv=12.00s lin_err=0.030 dist=0.09
push-fixed-s0 cmd=(+0.0,+0.0,+0.5) seed=3 fell=0 surv=12.00s lin_err=0.023 dist=0.02
push-fixed-s0 cmd=(+0.0,+0.0,+0.5) seed=4 fell=0 surv=12.00s lin_err=0.025 dist=0.05
push-fixed-s0 cmd=(+0.3,+0.0,+0.5) seed=0 fell=0 surv=12.00s lin_err=0.277 dist=2.69
push-fixed-s0 cmd=(+0.3,+0.0,+0.5) seed=1 fell=1 surv= 9.72s lin_err=0.289 dist=1.71
push-fixed-s0 cmd=(+0.3,+0.0,+0.5) seed=2 fell=0 surv=12.00s lin_err=0.278 dist=2.69
push-fixed-s0 cmd=(+0.3,+0.0,+0.5) seed=3 fell=0 surv=12.00s lin_err=0.273 dist=2.70
push-fixed-s0 cmd=(+0.3,+0.0,+0.5) seed=4 fell=0 surv=12.00s lin_err=0.279 dist=2.52

push-fixed-s0: 30 episodes, 6 falls (20.0% fall rate) -> results/push-matched-20260923/push-fixed-s0__p0.5.csv
[1;31m2026-09-23 09:42:46.393968627 [E:onnxruntime:Default, env.cc:234 ThreadMain] pthread_setaffinity_np failed for thread: 1297253, index: 2, mask: {6, }, error code: 22 error msg: Invalid argument. Specify the number of threads explicitly so the affinity is not set.[m
[1;31m2026-09-23 09:42:46.394012814 [E:onnxruntime:Default, env.cc:234 ThreadMain] pthread_setaffinity_np failed for thread: 1297254, index: 3, mask: {8, }, error code: 22 error msg: Invalid argument. Specify the number of threads explicitly so the affinity is not set.[m
[1;31m2026-09-23 09:42:46.394133626 [E:onnxruntime:Default, env.cc:234 ThreadMain] pthread_setaffinity_np failed for thread: 1297257, index: 6, mask: {14, }, error code: 22 error msg: Invalid argument. Specify the number of threads explicitly so the affinity is not set.[m
[1;31m2026-09-23 09:42:46.394594541 [E:onnxruntime:Default, env.cc:234 ThreadMain] pthread_setaffinity_np failed for thread: 1297268, index: 17, mask: {17, }, error code: 22 error msg: Invalid argument. Specify the number of threads explicitly so the affinity is not set.[m
[1;31m2026-09-23 09:42:46.398010008 [E:onnxruntime:Default, env.cc:234 ThreadMain] pthread_setaffinity_np failed for thread: 1297267, index: 16, mask: {15, }, error code: 22 error msg: Invalid argument. Specify the number of threads explicitly so the affinity is not set.[m
[1;31m2026-09-23 09:42:46.393978126 [E:onnxruntime:Default, env.cc:234 ThreadMain] pthread_setaffinity_np failed for thread: 1297252, index: 1, mask: {4, }, error code: 22 error msg: Invalid argument. Specify the number of threads explicitly so the affinity is not set.[m
[1;31m2026-09-23 09:42:46.406804417 [E:onnxruntime:Default, env.cc:234 ThreadMain] pthread_setaffinity_np failed for thread: 1297266, index: 15, mask: {13, }, error code: 22 error msg: Invalid argument. Specify the number of threads explicitly so the affinity is not set.[m
[1;31m2026-09-23 09:42:46.411299934 [E:onnxruntime:Default, env.cc:234 ThreadMain] pthread_setaffinity_np failed for thread: 1297258, index: 7, mask: {16, }, error code: 22 error msg: Invalid argument. Specify the number of threads explicitly so the affinity is not set.[m
[1;31m2026-09-23 09:42:46.394083077 [E:onnxruntime:Default, env.cc:234 ThreadMain] pthread_setaffinity_np failed for thread: 1297255, index: 4, mask: {10, }, error code: 22 error msg: Invalid argument. Specify the number of threads explicitly so the affinity is not set.[m
Using ONNX runner[1;31m2026-09-23 09:42:46.411879858 [E:onnxruntime:Default, env.cc:234 ThreadMain] pthread_setaffinity_np failed for thread: 1297264, index: 13, mask: {9, }, error code: 22 error msg: Invalid argument. Specify the number of threads explicitly so the affinity is not set.[m

[1;31m2026-09-23 09:42:46.411321641 [E:onnxruntime:Default, env.cc:234 ThreadMain] pthread_setaffinity_np failed for thread: 1297269, index: 18, mask: {19, }, error code: 22 error msg: Invalid argument. Specify the number of threads explicitly so the affinity is not set.[m
[1;31m2026-09-23 09:42:46.445804020 [E:onnxruntime:Default, env.cc:234 ThreadMain] pthread_setaffinity_np failed for thread: 1297259, index: 8, mask: {18, }, error code: 22 error msg: Invalid argument. Specify the number of threads explicitly so the affinity is not set.[m
[1;31m2026-09-23 09:42:46.393965821 [E:onnxruntime:Default, env.cc:234 ThreadMain] pthread_setaffinity_np failed for thread: 1297251, index: 0, mask: {2, }, error code: 22 error msg: Invalid argument. Specify the number of threads explicitly so the affinity is not set.[m
[1;31m2026-09-23 09:42:46.394108148 [E:onnxruntime:Default, env.cc:234 ThreadMain] pthread_setaffinity_np failed for thread: 1297256, index: 5, mask: {12, }, error code: 22 error msg: Invalid argument. Specify the number of threads explicitly so the affinity is not set.[m
[1;31m2026-09-23 09:42:46.421788554 [E:onnxruntime:Default, env.cc:234 ThreadMain] pthread_setaffinity_np failed for thread: 1297265, index: 14, mask: {11, }, error code: 22 error msg: Invalid argument. Specify the number of threads explicitly so the affinity is not set.[m
push-fixed-s1 cmd=(+0.3,+0.0,+0.0) seed=0 fell=0 surv=12.00s lin_err=0.309 dist=2.52
push-fixed-s1 cmd=(+0.3,+0.0,+0.0) seed=1 fell=0 surv=12.00s lin_err=0.319 dist=1.40
push-fixed-s1 cmd=(+0.3,+0.0,+0.0) seed=2 fell=0 surv=12.00s lin_err=0.299 dist=2.01
push-fixed-s1 cmd=(+0.3,+0.0,+0.0) seed=3 fell=0 surv=12.00s lin_err=0.325 dist=1.35
push-fixed-s1 cmd=(+0.3,+0.0,+0.0) seed=4 fell=0 surv=12.00s lin_err=0.314 dist=2.95
push-fixed-s1 cmd=(+0.5,+0.0,+0.0) seed=0 fell=1 surv= 3.64s lin_err=0.418 dist=1.18
push-fixed-s1 cmd=(+0.5,+0.0,+0.0) seed=1 fell=0 surv=12.00s lin_err=0.379 dist=5.55
push-fixed-s1 cmd=(+0.5,+0.0,+0.0) seed=2 fell=0 surv=12.00s lin_err=0.386 dist=5.17
push-fixed-s1 cmd=(+0.5,+0.0,+0.0) seed=3 fell=1 surv= 3.64s lin_err=0.457 dist=1.23
push-fixed-s1 cmd=(+0.5,+0.0,+0.0) seed=4 fell=1 surv= 6.64s lin_err=0.424 dist=2.72
push-fixed-s1 cmd=(-0.2,+0.0,+0.0) seed=0 fell=0 surv=12.00s lin_err=0.257 dist=1.73
push-fixed-s1 cmd=(-0.2,+0.0,+0.0) seed=1 fell=0 surv=12.00s lin_err=0.253 dist=2.36
push-fixed-s1 cmd=(-0.2,+0.0,+0.0) seed=2 fell=0 surv=12.00s lin_err=0.249 dist=2.41
push-fixed-s1 cmd=(-0.2,+0.0,+0.0) seed=3 fell=0 surv=12.00s lin_err=0.243 dist=2.20
push-fixed-s1 cmd=(-0.2,+0.0,+0.0) seed=4 fell=0 surv=12.00s lin_err=0.240 dist=1.70
push-fixed-s1 cmd=(+0.0,+0.2,+0.0) seed=0 fell=0 surv=12.00s lin_err=0.208 dist=0.22
push-fixed-s1 cmd=(+0.0,+0.2,+0.0) seed=1 fell=1 surv= 9.48s lin_err=0.208 dist=0.80
push-fixed-s1 cmd=(+0.0,+0.2,+0.0) seed=2 fell=0 surv=12.00s lin_err=0.207 dist=0.06
push-fixed-s1 cmd=(+0.0,+0.2,+0.0) seed=3 fell=0 surv=12.00s lin_err=0.200 dist=0.34
push-fixed-s1 cmd=(+0.0,+0.2,+0.0) seed=4 fell=0 surv=12.00s lin_err=0.212 dist=0.85
push-fixed-s1 cmd=(+0.0,+0.0,+0.5) seed=0 fell=0 surv=12.00s lin_err=0.023 dist=0.02
push-fixed-s1 cmd=(+0.0,+0.0,+0.5) seed=1 fell=0 surv=12.00s lin_err=0.046 dist=0.17
push-fixed-s1 cmd=(+0.0,+0.0,+0.5) seed=2 fell=0 surv=12.00s lin_err=0.028 dist=0.01
push-fixed-s1 cmd=(+0.0,+0.0,+0.5) seed=3 fell=0 surv=12.00s lin_err=0.027 dist=0.03
push-fixed-s1 cmd=(+0.0,+0.0,+0.5) seed=4 fell=0 surv=12.00s lin_err=0.024 dist=0.03
push-fixed-s1 cmd=(+0.3,+0.0,+0.5) seed=0 fell=0 surv=12.00s lin_err=0.314 dist=2.16
push-fixed-s1 cmd=(+0.3,+0.0,+0.5) seed=1 fell=0 surv=12.00s lin_err=0.307 dist=1.04
push-fixed-s1 cmd=(+0.3,+0.0,+0.5) seed=2 fell=0 surv=12.00s lin_err=0.330 dist=1.13
push-fixed-s1 cmd=(+0.3,+0.0,+0.5) seed=3 fell=0 surv=12.00s lin_err=0.316 dist=1.43
push-fixed-s1 cmd=(+0.3,+0.0,+0.5) seed=4 fell=0 surv=12.00s lin_err=0.322 dist=1.47

push-fixed-s1: 30 episodes, 4 falls (13.3% fall rate) -> results/push-matched-20260923/push-fixed-s1__p0.5.csv
[1;31m2026-09-23 09:43:53.280655400 [E:onnxruntime:Default, env.cc:234 ThreadMain] pthread_setaffinity_np failed for thread: 1298742, index: 1, mask: {4, }, error code: 22 error msg: Invalid argument. Specify the number of threads explicitly so the affinity is not set.[m
[1;31m2026-09-23 09:43:53.280657817 [E:onnxruntime:Default, env.cc:234 ThreadMain] pthread_setaffinity_np failed for thread: 1298744, index: 3, mask: {8, }, error code: 22 error msg: Invalid argument. Specify the number of threads explicitly so the affinity is not set.[m
[1;31m2026-09-23 09:43:53.280659489 [E:onnxruntime:Default, env.cc:234 ThreadMain] pthread_setaffinity_np failed for thread: 1298741, index: 0, mask: {2, }, error code: 22 error msg: Invalid argument. Specify the number of threads explicitly so the affinity is not set.[m
[1;31m2026-09-23 09:43:53.281214962 [E:onnxruntime:Default, env.cc:234 ThreadMain] pthread_setaffinity_np failed for thread: 1298757, index: 16, mask: {15, }, error code: 22 error msg: Invalid argument. Specify the number of threads explicitly so the affinity is not set.[m
[1;31m2026-09-23 09:43:53.280674547 [E:onnxruntime:Default, env.cc:234 ThreadMain] pthread_setaffinity_np failed for thread: 1298743, index: 2, mask: {6, }, error code: 22 error msg: Invalid argument. Specify the number of threads explicitly so the affinity is not set.[m
[1;31m2026-09-23 09:43:53.285021686 [E:onnxruntime:Default, env.cc:234 ThreadMain] pthread_setaffinity_np failed for thread: 1298756, index: 15, mask: {13, }, error code: 22 error msg: Invalid argument. Specify the number of threads explicitly so the affinity is not set.[m
[1;31m2026-09-23 09:43:53.285801523 [E:onnxruntime:Default, env.cc:234 ThreadMain] pthread_setaffinity_np failed for thread: 1298758, index: 17, mask: {17, }, error code: 22 error msg: Invalid argument. Specify the number of threads explicitly so the affinity is not set.[m
[1;31m2026-09-23 09:43:53.280710068 [E:onnxruntime:Default, env.cc:234 ThreadMain] pthread_setaffinity_np failed for thread: 1298746, index: 5, mask: {12, }, error code: 22 error msg: Invalid argument. Specify the number of threads explicitly so the affinity is not set.[m
[1;31m2026-09-23 09:43:53.280740438 [E:onnxruntime:Default, env.cc:234 ThreadMain] pthread_setaffinity_np failed for thread: 1298747, index: 6, mask: {14, }, error code: 22 error msg: Invalid argument. Specify the number of threads explicitly so the affinity is not set.[m
Using ONNX runner
[1;31m2026-09-23 09:43:53.294789070 [E:onnxruntime:Default, env.cc:234 ThreadMain] pthread_setaffinity_np failed for thread: 1298759, index: 18, mask: {19, }, error code: 22 error msg: Invalid argument. Specify the number of threads explicitly so the affinity is not set.[m
[1;31m2026-09-23 09:43:53.296794732 [E:onnxruntime:Default, env.cc:234 ThreadMain] pthread_setaffinity_np failed for thread: 1298755, index: 14, mask: {11, }, error code: 22 error msg: Invalid argument. Specify the number of threads explicitly so the affinity is not set.[m
[1;31m2026-09-23 09:43:53.311798518 [E:onnxruntime:Default, env.cc:234 ThreadMain] pthread_setaffinity_np failed for thread: 1298754, index: 13, mask: {9, }, error code: 22 error msg: Invalid argument. Specify the number of threads explicitly so the affinity is not set.[m
[1;31m2026-09-23 09:43:53.280762135 [E:onnxruntime:Default, env.cc:234 ThreadMain] pthread_setaffinity_np failed for thread: 1298748, index: 7, mask: {16, }, error code: 22 error msg: Invalid argument. Specify the number of threads explicitly so the affinity is not set.[m
[1;31m2026-09-23 09:43:53.280794964 [E:onnxruntime:Default, env.cc:234 ThreadMain] pthread_setaffinity_np failed for thread: 1298749, index: 8, mask: {18, }, error code: 22 error msg: Invalid argument. Specify the number of threads explicitly so the affinity is not set.[m
[1;31m2026-09-23 09:43:53.324784421 [E:onnxruntime:Default, env.cc:234 ThreadMain] pthread_setaffinity_np failed for thread: 1298745, index: 4, mask: {10, }, error code: 22 error msg: Invalid argument. Specify the number of threads explicitly so the affinity is not set.[m
push-fixed-s2 cmd=(+0.3,+0.0,+0.0) seed=0 fell=0 surv=12.00s lin_err=0.305 dist=3.36
push-fixed-s2 cmd=(+0.3,+0.0,+0.0) seed=1 fell=0 surv=12.00s lin_err=0.300 dist=2.45
push-fixed-s2 cmd=(+0.3,+0.0,+0.0) seed=2 fell=0 surv=12.00s lin_err=0.305 dist=3.00
push-fixed-s2 cmd=(+0.3,+0.0,+0.0) seed=3 fell=0 surv=12.00s lin_err=0.311 dist=2.76
push-fixed-s2 cmd=(+0.3,+0.0,+0.0) seed=4 fell=0 surv=12.00s lin_err=0.304 dist=3.25
push-fixed-s2 cmd=(+0.5,+0.0,+0.0) seed=0 fell=0 surv=12.00s lin_err=0.360 dist=5.76
push-fixed-s2 cmd=(+0.5,+0.0,+0.0) seed=1 fell=0 surv=12.00s lin_err=0.364 dist=5.41
push-fixed-s2 cmd=(+0.5,+0.0,+0.0) seed=2 fell=0 surv=12.00s lin_err=0.363 dist=4.83
push-fixed-s2 cmd=(+0.5,+0.0,+0.0) seed=3 fell=1 surv= 4.00s lin_err=0.426 dist=1.55
push-fixed-s2 cmd=(+0.5,+0.0,+0.0) seed=4 fell=0 surv=12.00s lin_err=0.379 dist=5.86
push-fixed-s2 cmd=(-0.2,+0.0,+0.0) seed=0 fell=0 surv=12.00s lin_err=0.236 dist=1.18
push-fixed-s2 cmd=(-0.2,+0.0,+0.0) seed=1 fell=0 surv=12.00s lin_err=0.242 dist=0.93
push-fixed-s2 cmd=(-0.2,+0.0,+0.0) seed=2 fell=0 surv=12.00s lin_err=0.229 dist=1.37
push-fixed-s2 cmd=(-0.2,+0.0,+0.0) seed=3 fell=0 surv=12.00s lin_err=0.225 dist=0.78
push-fixed-s2 cmd=(-0.2,+0.0,+0.0) seed=4 fell=0 surv=12.00s lin_err=0.230 dist=0.90
push-fixed-s2 cmd=(+0.0,+0.2,+0.0) seed=0 fell=0 surv=12.00s lin_err=0.254 dist=1.31
push-fixed-s2 cmd=(+0.0,+0.2,+0.0) seed=1 fell=1 surv= 9.60s lin_err=0.258 dist=1.08
push-fixed-s2 cmd=(+0.0,+0.2,+0.0) seed=2 fell=0 surv=12.00s lin_err=0.232 dist=1.09
push-fixed-s2 cmd=(+0.0,+0.2,+0.0) seed=3 fell=0 surv=12.00s lin_err=0.211 dist=1.30
push-fixed-s2 cmd=(+0.0,+0.2,+0.0) seed=4 fell=0 surv=12.00s lin_err=0.239 dist=1.43
push-fixed-s2 cmd=(+0.0,+0.0,+0.5) seed=0 fell=0 surv=12.00s lin_err=0.026 dist=0.02
push-fixed-s2 cmd=(+0.0,+0.0,+0.5) seed=1 fell=0 surv=12.00s lin_err=0.024 dist=0.04
push-fixed-s2 cmd=(+0.0,+0.0,+0.5) seed=2 fell=0 surv=12.00s lin_err=0.028 dist=0.02
push-fixed-s2 cmd=(+0.0,+0.0,+0.5) seed=3 fell=0 surv=12.00s lin_err=0.027 dist=0.01
push-fixed-s2 cmd=(+0.0,+0.0,+0.5) seed=4 fell=0 surv=12.00s lin_err=0.029 dist=0.02
push-fixed-s2 cmd=(+0.3,+0.0,+0.5) seed=0 fell=0 surv=12.00s lin_err=0.296 dist=2.40
push-fixed-s2 cmd=(+0.3,+0.0,+0.5) seed=1 fell=0 surv=12.00s lin_err=0.280 dist=1.39
push-fixed-s2 cmd=(+0.3,+0.0,+0.5) seed=2 fell=0 surv=12.00s lin_err=0.287 dist=2.29
push-fixed-s2 cmd=(+0.3,+0.0,+0.5) seed=3 fell=0 surv=12.00s lin_err=0.294 dist=2.14
push-fixed-s2 cmd=(+0.3,+0.0,+0.5) seed=4 fell=0 surv=12.00s lin_err=0.300 dist=2.98

push-fixed-s2: 30 episodes, 2 falls (6.7% fall rate) -> results/push-matched-20260923/push-fixed-s2__p0.5.csv
[1;31m2026-09-23 09:45:10.051935304 [E:onnxruntime:Default, env.cc:234 ThreadMain] pthread_setaffinity_np failed for thread: 1300410, index: 2, mask: {6, }, error code: 22 error msg: Invalid argument. Specify the number of threads explicitly so the affinity is not set.[m
[1;31m2026-09-23 09:45:10.051933085 [E:onnxruntime:Default, env.cc:234 ThreadMain] pthread_setaffinity_np failed for thread: 1300409, index: 1, mask: {4, }, error code: 22 error msg: Invalid argument. Specify the number of threads explicitly so the affinity is not set.[m
[1;31m2026-09-23 09:45:10.051930440 [E:onnxruntime:Default, env.cc:234 ThreadMain] pthread_setaffinity_np failed for thread: 1300408, index: 0, mask: {2, }, error code: 22 error msg: Invalid argument. Specify the number of threads explicitly so the affinity is not set.[m
[1;31m2026-09-23 09:45:10.052517784 [E:onnxruntime:Default, env.cc:234 ThreadMain] pthread_setaffinity_np failed for thread: 1300427, index: 18, mask: {19, }, error code: 22 error msg: Invalid argument. Specify the number of threads explicitly so the affinity is not set.[m
[1;31m2026-09-23 09:45:10.056003489 [E:onnxruntime:Default, env.cc:234 ThreadMain] pthread_setaffinity_np failed for thread: 1300426, index: 17, mask: {17, }, error code: 22 error msg: Invalid argument. Specify the number of threads explicitly so the affinity is not set.[m
[1;31m2026-09-23 09:45:10.057255081 [E:onnxruntime:Default, env.cc:234 ThreadMain] pthread_setaffinity_np failed for thread: 1300423, index: 14, mask: {11, }, error code: 22 error msg: Invalid argument. Specify the number of threads explicitly so the affinity is not set.[m
[1;31m2026-09-23 09:45:10.057792442 [E:onnxruntime:Default, env.cc:234 ThreadMain] pthread_setaffinity_np failed for thread: 1300424, index: 15, mask: {13, }, error code: 22 error msg: Invalid argument. Specify the number of threads explicitly so the affinity is not set.[m
[1;31m2026-09-23 09:45:10.062804315 [E:onnxruntime:Default, env.cc:234 ThreadMain] pthread_setaffinity_np failed for thread: 1300425, index: 16, mask: {15, }, error code: 22 error msg: Invalid argument. Specify the number of threads explicitly so the affinity is not set.[m
[1;31m2026-09-23 09:45:10.051977962 [E:onnxruntime:Default, env.cc:234 ThreadMain] pthread_setaffinity_np failed for thread: 1300412, index: 3, mask: {8, }, error code: 22 error msg: Invalid argument. Specify the number of threads explicitly so the affinity is not set.[m
[1;31m2026-09-23 09:45:10.051973427 [E:onnxruntime:Default, env.cc:234 ThreadMain] pthread_setaffinity_np failed for thread: 1300413, index: 4, mask: {10, }, error code: 22 error msg: Invalid argument. Specify the number of threads explicitly so the affinity is not set.[m
Using ONNX runner
[1;31m2026-09-23 09:45:10.072800798 [E:onnxruntime:Default, env.cc:234 ThreadMain] pthread_setaffinity_np failed for thread: 1300422, index: 13, mask: {9, }, error code: 22 error msg: Invalid argument. Specify the number of threads explicitly so the affinity is not set.[m
[1;31m2026-09-23 09:45:10.052030969 [E:onnxruntime:Default, env.cc:234 ThreadMain] pthread_setaffinity_np failed for thread: 1300414, index: 5, mask: {12, }, error code: 22 error msg: Invalid argument. Specify the number of threads explicitly so the affinity is not set.[m
[1;31m2026-09-23 09:45:10.052051979 [E:onnxruntime:Default, env.cc:234 ThreadMain] pthread_setaffinity_np failed for thread: 1300415, index: 6, mask: {14, }, error code: 22 error msg: Invalid argument. Specify the number of threads explicitly so the affinity is not set.[m
[1;31m2026-09-23 09:45:10.087799250 [E:onnxruntime:Default, env.cc:234 ThreadMain] pthread_setaffinity_np failed for thread: 1300417, index: 8, mask: {18, }, error code: 22 error msg: Invalid argument. Specify the number of threads explicitly so the affinity is not set.[m
[1;31m2026-09-23 09:45:10.052081984 [E:onnxruntime:Default, env.cc:234 ThreadMain] pthread_setaffinity_np failed for thread: 1300416, index: 7, mask: {16, }, error code: 22 error msg: Invalid argument. Specify the number of threads explicitly so the affinity is not set.[m
push-curriculum-s0 cmd=(+0.3,+0.0,+0.0) seed=0 fell=0 surv=12.00s lin_err=0.362 dist=3.60
push-curriculum-s0 cmd=(+0.3,+0.0,+0.0) seed=1 fell=0 surv=12.00s lin_err=0.353 dist=3.19
push-curriculum-s0 cmd=(+0.3,+0.0,+0.0) seed=2 fell=0 surv=12.00s lin_err=0.348 dist=3.42
push-curriculum-s0 cmd=(+0.3,+0.0,+0.0) seed=3 fell=0 surv=12.00s lin_err=0.349 dist=3.18
push-curriculum-s0 cmd=(+0.3,+0.0,+0.0) seed=4 fell=0 surv=12.00s lin_err=0.358 dist=3.28
push-curriculum-s0 cmd=(+0.5,+0.0,+0.0) seed=0 fell=0 surv=12.00s lin_err=0.422 dist=5.82
push-curriculum-s0 cmd=(+0.5,+0.0,+0.0) seed=1 fell=0 surv=12.00s lin_err=0.420 dist=5.70
push-curriculum-s0 cmd=(+0.5,+0.0,+0.0) seed=2 fell=0 surv=12.00s lin_err=0.414 dist=5.71
push-curriculum-s0 cmd=(+0.5,+0.0,+0.0) seed=3 fell=0 surv=12.00s lin_err=0.413 dist=5.68
push-curriculum-s0 cmd=(+0.5,+0.0,+0.0) seed=4 fell=0 surv=12.00s lin_err=0.427 dist=5.97
push-curriculum-s0 cmd=(-0.2,+0.0,+0.0) seed=0 fell=0 surv=12.00s lin_err=0.268 dist=1.78
push-curriculum-s0 cmd=(-0.2,+0.0,+0.0) seed=1 fell=0 surv=12.00s lin_err=0.247 dist=2.27
push-curriculum-s0 cmd=(-0.2,+0.0,+0.0) seed=2 fell=0 surv=12.00s lin_err=0.323 dist=2.70
push-curriculum-s0 cmd=(-0.2,+0.0,+0.0) seed=3 fell=0 surv=12.00s lin_err=0.261 dist=2.39
push-curriculum-s0 cmd=(-0.2,+0.0,+0.0) seed=4 fell=0 surv=12.00s lin_err=0.246 dist=2.27
push-curriculum-s0 cmd=(+0.0,+0.2,+0.0) seed=0 fell=0 surv=12.00s lin_err=0.220 dist=0.25
push-curriculum-s0 cmd=(+0.0,+0.2,+0.0) seed=1 fell=1 surv= 9.88s lin_err=0.264 dist=0.71
push-curriculum-s0 cmd=(+0.0,+0.2,+0.0) seed=2 fell=0 surv=12.00s lin_err=0.199 dist=0.92
push-curriculum-s0 cmd=(+0.0,+0.2,+0.0) seed=3 fell=0 surv=12.00s lin_err=0.245 dist=0.66
push-curriculum-s0 cmd=(+0.0,+0.2,+0.0) seed=4 fell=0 surv=12.00s lin_err=0.238 dist=0.97
push-curriculum-s0 cmd=(+0.0,+0.0,+0.5) seed=0 fell=0 surv=12.00s lin_err=0.031 dist=0.01
push-curriculum-s0 cmd=(+0.0,+0.0,+0.5) seed=1 fell=0 surv=12.00s lin_err=0.031 dist=0.10
push-curriculum-s0 cmd=(+0.0,+0.0,+0.5) seed=2 fell=0 surv=12.00s lin_err=0.034 dist=0.01
push-curriculum-s0 cmd=(+0.0,+0.0,+0.5) seed=3 fell=0 surv=12.00s lin_err=0.034 dist=0.04
push-curriculum-s0 cmd=(+0.0,+0.0,+0.5) seed=4 fell=0 surv=12.00s lin_err=0.029 dist=0.02
push-curriculum-s0 cmd=(+0.3,+0.0,+0.5) seed=0 fell=0 surv=12.00s lin_err=0.345 dist=3.34
push-curriculum-s0 cmd=(+0.3,+0.0,+0.5) seed=1 fell=0 surv=12.00s lin_err=0.331 dist=2.74
push-curriculum-s0 cmd=(+0.3,+0.0,+0.5) seed=2 fell=0 surv=12.00s lin_err=0.347 dist=3.13
push-curriculum-s0 cmd=(+0.3,+0.0,+0.5) seed=3 fell=0 surv=12.00s lin_err=0.360 dist=3.42
push-curriculum-s0 cmd=(+0.3,+0.0,+0.5) seed=4 fell=0 surv=12.00s lin_err=0.341 dist=2.94

push-curriculum-s0: 30 episodes, 1 falls (3.3% fall rate) -> results/push-matched-20260923/push-curriculum-s0__p0.5.csv
[1;31m2026-09-23 09:46:20.621270177 [E:onnxruntime:Default, env.cc:234 ThreadMain] pthread_setaffinity_np failed for thread: 1301953, index: 0, mask: {2, }, error code: 22 error msg: Invalid argument. Specify the number of threads explicitly so the affinity is not set.[m
[1;31m2026-09-23 09:46:20.621267743 [E:onnxruntime:Default, env.cc:234 ThreadMain] pthread_setaffinity_np failed for thread: 1301954, index: 1, mask: {4, }, error code: 22 error msg: Invalid argument. Specify the number of threads explicitly so the affinity is not set.[m
[1;31m2026-09-23 09:46:20.621432274 [E:onnxruntime:Default, env.cc:234 ThreadMain] pthread_setaffinity_np failed for thread: 1301959, index: 6, mask: {14, }, error code: 22 error msg: Invalid argument. Specify the number of threads explicitly so the affinity is not set.[m
[1;31m2026-09-23 09:46:20.621910489 [E:onnxruntime:Default, env.cc:234 ThreadMain] pthread_setaffinity_np failed for thread: 1301969, index: 16, mask: {15, }, error code: 22 error msg: Invalid argument. Specify the number of threads explicitly so the affinity is not set.[m
[1;31m2026-09-23 09:46:20.626015053 [E:onnxruntime:Default, env.cc:234 ThreadMain] pthread_setaffinity_np failed for thread: 1301968, index: 15, mask: {13, }, error code: 22 error msg: Invalid argument. Specify the number of threads explicitly so the affinity is not set.[m
[1;31m2026-09-23 09:46:20.627624267 [E:onnxruntime:Default, env.cc:234 ThreadMain] pthread_setaffinity_np failed for thread: 1301967, index: 14, mask: {11, }, error code: 22 error msg: Invalid argument. Specify the number of threads explicitly so the affinity is not set.[m
[1;31m2026-09-23 09:46:20.627789532 [E:onnxruntime:Default, env.cc:234 ThreadMain] pthread_setaffinity_np failed for thread: 1301970, index: 17, mask: {17, }, error code: 22 error msg: Invalid argument. Specify the number of threads explicitly so the affinity is not set.[m
[1;31m2026-09-23 09:46:20.621264333 [E:onnxruntime:Default, env.cc:234 ThreadMain] pthread_setaffinity_np failed for thread: 1301955, index: 2, mask: {6, }, error code: 22 error msg: Invalid argument. Specify the number of threads explicitly so the affinity is not set.[m
Using ONNX runner
[1;31m2026-09-23 09:46:20.638784485 [E:onnxruntime:Default, env.cc:234 ThreadMain] pthread_setaffinity_np failed for thread: 1301971, index: 18, mask: {19, }, error code: 22 error msg: Invalid argument. Specify the number of threads explicitly so the affinity is not set.[m
[1;31m2026-09-23 09:46:20.639793705 [E:onnxruntime:Default, env.cc:234 ThreadMain] pthread_setaffinity_np failed for thread: 1301966, index: 13, mask: {9, }, error code: 22 error msg: Invalid argument. Specify the number of threads explicitly so the affinity is not set.[m
[1;31m2026-09-23 09:46:20.639902524 [E:onnxruntime:Default, env.cc:234 ThreadMain] pthread_setaffinity_np failed for thread: 1301960, index: 7, mask: {16, }, error code: 22 error msg: Invalid argument. Specify the number of threads explicitly so the affinity is not set.[m
[1;31m2026-09-23 09:46:20.621348732 [E:onnxruntime:Default, env.cc:234 ThreadMain] pthread_setaffinity_np failed for thread: 1301956, index: 3, mask: {8, }, error code: 22 error msg: Invalid argument. Specify the number of threads explicitly so the affinity is not set.[m
[1;31m2026-09-23 09:46:20.621339612 [E:onnxruntime:Default, env.cc:234 ThreadMain] pthread_setaffinity_np failed for thread: 1301957, index: 4, mask: {10, }, error code: 22 error msg: Invalid argument. Specify the number of threads explicitly so the affinity is not set.[m
[1;31m2026-09-23 09:46:20.621406844 [E:onnxruntime:Default, env.cc:234 ThreadMain] pthread_setaffinity_np failed for thread: 1301958, index: 5, mask: {12, }, error code: 22 error msg: Invalid argument. Specify the number of threads explicitly so the affinity is not set.[m
[1;31m2026-09-23 09:46:20.648790631 [E:onnxruntime:Default, env.cc:234 ThreadMain] pthread_setaffinity_np failed for thread: 1301961, index: 8, mask: {18, }, error code: 22 error msg: Invalid argument. Specify the number of threads explicitly so the affinity is not set.[m
push-curriculum-s1 cmd=(+0.3,+0.0,+0.0) seed=0 fell=0 surv=12.00s lin_err=0.277 dist=3.27
push-curriculum-s1 cmd=(+0.3,+0.0,+0.0) seed=1 fell=0 surv=12.00s lin_err=0.281 dist=2.29
push-curriculum-s1 cmd=(+0.3,+0.0,+0.0) seed=2 fell=0 surv=12.00s lin_err=0.287 dist=1.60
push-curriculum-s1 cmd=(+0.3,+0.0,+0.0) seed=3 fell=0 surv=12.00s lin_err=0.287 dist=2.88
push-curriculum-s1 cmd=(+0.3,+0.0,+0.0) seed=4 fell=0 surv=12.00s lin_err=0.288 dist=2.29
push-curriculum-s1 cmd=(+0.5,+0.0,+0.0) seed=0 fell=1 surv= 3.52s lin_err=0.389 dist=1.53
push-curriculum-s1 cmd=(+0.5,+0.0,+0.0) seed=1 fell=0 surv=12.00s lin_err=0.340 dist=5.71
push-curriculum-s1 cmd=(+0.5,+0.0,+0.0) seed=2 fell=1 surv= 4.84s lin_err=0.450 dist=1.41
push-curriculum-s1 cmd=(+0.5,+0.0,+0.0) seed=3 fell=1 surv= 3.68s lin_err=0.396 dist=1.50
push-curriculum-s1 cmd=(+0.5,+0.0,+0.0) seed=4 fell=0 surv=12.00s lin_err=0.341 dist=5.49
push-curriculum-s1 cmd=(-0.2,+0.0,+0.0) seed=0 fell=0 surv=12.00s lin_err=0.236 dist=2.33
push-curriculum-s1 cmd=(-0.2,+0.0,+0.0) seed=1 fell=0 surv=12.00s lin_err=0.241 dist=2.39
push-curriculum-s1 cmd=(-0.2,+0.0,+0.0) seed=2 fell=0 surv=12.00s lin_err=0.236 dist=2.48
push-curriculum-s1 cmd=(-0.2,+0.0,+0.0) seed=3 fell=0 surv=12.00s lin_err=0.243 dist=2.19
push-curriculum-s1 cmd=(-0.2,+0.0,+0.0) seed=4 fell=0 surv=12.00s lin_err=0.231 dist=2.21
push-curriculum-s1 cmd=(+0.0,+0.2,+0.0) seed=0 fell=0 surv=12.00s lin_err=0.215 dist=0.26
push-curriculum-s1 cmd=(+0.0,+0.2,+0.0) seed=1 fell=1 surv= 9.76s lin_err=0.272 dist=0.60
push-curriculum-s1 cmd=(+0.0,+0.2,+0.0) seed=2 fell=0 surv=12.00s lin_err=0.237 dist=1.04
push-curriculum-s1 cmd=(+0.0,+0.2,+0.0) seed=3 fell=1 surv= 9.72s lin_err=0.246 dist=0.26
push-curriculum-s1 cmd=(+0.0,+0.2,+0.0) seed=4 fell=1 surv=10.00s lin_err=0.281 dist=1.20
push-curriculum-s1 cmd=(+0.0,+0.0,+0.5) seed=0 fell=0 surv=12.00s lin_err=0.091 dist=0.09
push-curriculum-s1 cmd=(+0.0,+0.0,+0.5) seed=1 fell=0 surv=12.00s lin_err=0.063 dist=0.07
push-curriculum-s1 cmd=(+0.0,+0.0,+0.5) seed=2 fell=0 surv=12.00s lin_err=0.060 dist=0.12
push-curriculum-s1 cmd=(+0.0,+0.0,+0.5) seed=3 fell=0 surv=12.00s lin_err=0.037 dist=0.03
push-curriculum-s1 cmd=(+0.0,+0.0,+0.5) seed=4 fell=0 surv=12.00s lin_err=0.082 dist=0.11
push-curriculum-s1 cmd=(+0.3,+0.0,+0.5) seed=0 fell=0 surv=12.00s lin_err=0.304 dist=2.90
push-curriculum-s1 cmd=(+0.3,+0.0,+0.5) seed=1 fell=0 surv=12.00s lin_err=0.305 dist=2.44
push-curriculum-s1 cmd=(+0.3,+0.0,+0.5) seed=2 fell=1 surv= 9.88s lin_err=0.334 dist=2.09
push-curriculum-s1 cmd=(+0.3,+0.0,+0.5) seed=3 fell=0 surv=12.00s lin_err=0.305 dist=3.25
push-curriculum-s1 cmd=(+0.3,+0.0,+0.5) seed=4 fell=0 surv=12.00s lin_err=0.308 dist=3.42

push-curriculum-s1: 30 episodes, 7 falls (23.3% fall rate) -> results/push-matched-20260923/push-curriculum-s1__p0.5.csv
[1;31m2026-09-23 09:47:33.369994843 [E:onnxruntime:Default, env.cc:234 ThreadMain] pthread_setaffinity_np failed for thread: 1303597, index: 0, mask: {2, }, error code: 22 error msg: Invalid argument. Specify the number of threads explicitly so the affinity is not set.[m
[1;31m2026-09-23 09:47:33.370004473 [E:onnxruntime:Default, env.cc:234 ThreadMain] pthread_setaffinity_np failed for thread: 1303600, index: 3, mask: {8, }, error code: 22 error msg: Invalid argument. Specify the number of threads explicitly so the affinity is not set.[m
[1;31m2026-09-23 09:47:33.370036608 [E:onnxruntime:Default, env.cc:234 ThreadMain] pthread_setaffinity_np failed for thread: 1303599, index: 2, mask: {6, }, error code: 22 error msg: Invalid argument. Specify the number of threads explicitly so the affinity is not set.[m
[1;31m2026-09-23 09:47:33.369987138 [E:onnxruntime:Default, env.cc:234 ThreadMain] pthread_setaffinity_np failed for thread: 1303598, index: 1, mask: {4, }, error code: 22 error msg: Invalid argument. Specify the number of threads explicitly so the affinity is not set.[m
[1;31m2026-09-23 09:47:33.370596892 [E:onnxruntime:Default, env.cc:234 ThreadMain] pthread_setaffinity_np failed for thread: 1303613, index: 16, mask: {15, }, error code: 22 error msg: Invalid argument. Specify the number of threads explicitly so the affinity is not set.[m
[1;31m2026-09-23 09:47:33.374024605 [E:onnxruntime:Default, env.cc:234 ThreadMain] pthread_setaffinity_np failed for thread: 1303610, index: 13, mask: {9, }, error code: 22 error msg: Invalid argument. Specify the number of threads explicitly so the affinity is not set.[m
Using ONNX runner
[1;31m2026-09-23 09:47:33.370077929 [E:onnxruntime:Default, env.cc:234 ThreadMain] pthread_setaffinity_np failed for thread: 1303601, index: 4, mask: {10, }, error code: 22 error msg: Invalid argument. Specify the number of threads explicitly so the affinity is not set.[m
[1;31m2026-09-23 09:47:33.370108727 [E:onnxruntime:Default, env.cc:234 ThreadMain] pthread_setaffinity_np failed for thread: 1303602, index: 5, mask: {12, }, error code: 22 error msg: Invalid argument. Specify the number of threads explicitly so the affinity is not set.[m
[1;31m2026-09-23 09:47:33.387452655 [E:onnxruntime:Default, env.cc:234 ThreadMain] pthread_setaffinity_np failed for thread: 1303603, index: 6, mask: {14, }, error code: 22 error msg: Invalid argument. Specify the number of threads explicitly so the affinity is not set.[m
[1;31m2026-09-23 09:47:33.391781597 [E:onnxruntime:Default, env.cc:234 ThreadMain] pthread_setaffinity_np failed for thread: 1303604, index: 7, mask: {16, }, error code: 22 error msg: Invalid argument. Specify the number of threads explicitly so the affinity is not set.[m
[1;31m2026-09-23 09:47:33.416844460 [E:onnxruntime:Default, env.cc:234 ThreadMain] pthread_setaffinity_np failed for thread: 1303605, index: 8, mask: {18, }, error code: 22 error msg: Invalid argument. Specify the number of threads explicitly so the affinity is not set.[m
[1;31m2026-09-23 09:47:33.416880772 [E:onnxruntime:Default, env.cc:234 ThreadMain] pthread_setaffinity_np failed for thread: 1303612, index: 15, mask: {13, }, error code: 22 error msg: Invalid argument. Specify the number of threads explicitly so the affinity is not set.[m
[1;31m2026-09-23 09:47:33.416902383 [E:onnxruntime:Default, env.cc:234 ThreadMain] pthread_setaffinity_np failed for thread: 1303615, index: 18, mask: {19, }, error code: 22 error msg: Invalid argument. Specify the number of threads explicitly so the affinity is not set.[m
[1;31m2026-09-23 09:47:33.423791625 [E:onnxruntime:Default, env.cc:234 ThreadMain] pthread_setaffinity_np failed for thread: 1303611, index: 14, mask: {11, }, error code: 22 error msg: Invalid argument. Specify the number of threads explicitly so the affinity is not set.[m
[1;31m2026-09-23 09:47:33.416794638 [E:onnxruntime:Default, env.cc:234 ThreadMain] pthread_setaffinity_np failed for thread: 1303614, index: 17, mask: {17, }, error code: 22 error msg: Invalid argument. Specify the number of threads explicitly so the affinity is not set.[m
push-curriculum-s2 cmd=(+0.3,+0.0,+0.0) seed=0 fell=0 surv=12.00s lin_err=0.351 dist=1.13
push-curriculum-s2 cmd=(+0.3,+0.0,+0.0) seed=1 fell=0 surv=12.00s lin_err=0.338 dist=1.89
push-curriculum-s2 cmd=(+0.3,+0.0,+0.0) seed=2 fell=0 surv=12.00s lin_err=0.342 dist=1.71
push-curriculum-s2 cmd=(+0.3,+0.0,+0.0) seed=3 fell=0 surv=12.00s lin_err=0.356 dist=2.09
push-curriculum-s2 cmd=(+0.3,+0.0,+0.0) seed=4 fell=1 surv= 3.56s lin_err=0.382 dist=0.83
push-curriculum-s2 cmd=(+0.5,+0.0,+0.0) seed=0 fell=1 surv= 3.92s lin_err=0.432 dist=1.43
push-curriculum-s2 cmd=(+0.5,+0.0,+0.0) seed=1 fell=0 surv=12.00s lin_err=0.392 dist=5.76
push-curriculum-s2 cmd=(+0.5,+0.0,+0.0) seed=2 fell=1 surv= 6.92s lin_err=0.427 dist=2.80
push-curriculum-s2 cmd=(+0.5,+0.0,+0.0) seed=3 fell=0 surv=12.00s lin_err=0.423 dist=5.34
push-curriculum-s2 cmd=(+0.5,+0.0,+0.0) seed=4 fell=0 surv=12.00s lin_err=0.406 dist=5.98
push-curriculum-s2 cmd=(-0.2,+0.0,+0.0) seed=0 fell=0 surv=12.00s lin_err=0.272 dist=1.59
push-curriculum-s2 cmd=(-0.2,+0.0,+0.0) seed=1 fell=0 surv=12.00s lin_err=0.276 dist=1.89
push-curriculum-s2 cmd=(-0.2,+0.0,+0.0) seed=2 fell=0 surv=12.00s lin_err=0.274 dist=1.97
push-curriculum-s2 cmd=(-0.2,+0.0,+0.0) seed=3 fell=0 surv=12.00s lin_err=0.268 dist=1.57
push-curriculum-s2 cmd=(-0.2,+0.0,+0.0) seed=4 fell=0 surv=12.00s lin_err=0.268 dist=1.82
push-curriculum-s2 cmd=(+0.0,+0.2,+0.0) seed=0 fell=1 surv= 6.68s lin_err=0.216 dist=0.24
push-curriculum-s2 cmd=(+0.0,+0.2,+0.0) seed=1 fell=0 surv=12.00s lin_err=0.223 dist=0.77
push-curriculum-s2 cmd=(+0.0,+0.2,+0.0) seed=2 fell=0 surv=12.00s lin_err=0.221 dist=0.52
push-curriculum-s2 cmd=(+0.0,+0.2,+0.0) seed=3 fell=0 surv=12.00s lin_err=0.224 dist=0.14
push-curriculum-s2 cmd=(+0.0,+0.2,+0.0) seed=4 fell=0 surv=12.00s lin_err=0.209 dist=0.34
push-curriculum-s2 cmd=(+0.0,+0.0,+0.5) seed=0 fell=0 surv=12.00s lin_err=0.034 dist=0.05
push-curriculum-s2 cmd=(+0.0,+0.0,+0.5) seed=1 fell=0 surv=12.00s lin_err=0.041 dist=0.09
push-curriculum-s2 cmd=(+0.0,+0.0,+0.5) seed=2 fell=0 surv=12.00s lin_err=0.058 dist=0.02
push-curriculum-s2 cmd=(+0.0,+0.0,+0.5) seed=3 fell=0 surv=12.00s lin_err=0.050 dist=0.07
push-curriculum-s2 cmd=(+0.0,+0.0,+0.5) seed=4 fell=0 surv=12.00s lin_err=0.037 dist=0.04
push-curriculum-s2 cmd=(+0.3,+0.0,+0.5) seed=0 fell=0 surv=12.00s lin_err=0.358 dist=1.30
push-curriculum-s2 cmd=(+0.3,+0.0,+0.5) seed=1 fell=0 surv=12.00s lin_err=0.356 dist=1.23
push-curriculum-s2 cmd=(+0.3,+0.0,+0.5) seed=2 fell=1 surv= 9.80s lin_err=0.354 dist=2.28
push-curriculum-s2 cmd=(+0.3,+0.0,+0.5) seed=3 fell=0 surv=12.00s lin_err=0.357 dist=2.21
push-curriculum-s2 cmd=(+0.3,+0.0,+0.5) seed=4 fell=0 surv=12.00s lin_err=0.347 dist=2.58

push-curriculum-s2: 30 episodes, 5 falls (16.7% fall rate) -> results/push-matched-20260923/push-curriculum-s2__p0.5.csv
REPO_CPU_EVAL_COMPLETE
