arms-turn-turncmd-s0         model_5999.pt   noise0.00 s0 wz+0.6: yaw   +18.0 fell None lo_settle [0, 0] lo_turn [0, 0] |a|arm 13.59 |a|leg 0.56 sat 0.0/0.0
arms-turn-turncmd-s0         model_5999.pt   noise0.00 s0 wz-0.6: yaw   +14.2 fell None lo_settle [0, 0] lo_turn [0, 0] |a|arm 13.5 |a|leg 0.58 sat 0.0/0.0
arms-turn-turncmd-s0         model_5999.pt   noise0.00 s1 wz+0.6: yaw   +18.2 fell None lo_settle [0, 0] lo_turn [0, 0] |a|arm 13.51 |a|leg 0.55 sat 0.0/0.0
arms-turn-turncmd-s0         model_5999.pt   noise0.00 s1 wz-0.6: yaw   +14.1 fell None lo_settle [0, 0] lo_turn [0, 0] |a|arm 13.46 |a|leg 0.57 sat 0.0/0.0
arms-turn-turncmd-s0         model_5999.pt   noise1.00 s0 wz+0.6: yaw  +218.2 fell None lo_settle [9, 8] lo_turn [23, 20] |a|arm 12.55 |a|leg 1.64 sat 0.287/0.327
arms-turn-turncmd-s0         model_5999.pt   noise1.00 s0 wz-0.6: yaw  +164.2 fell None lo_settle [9, 8] lo_turn [19, 23] |a|arm 12.45 |a|leg 1.71 sat 0.287/0.325
arms-turn-turncmd-s0         model_5999.pt   noise1.00 s1 wz+0.6: yaw  +197.7 fell None lo_settle [7, 7] lo_turn [21, 21] |a|arm 13.32 |a|leg 1.51 sat 0.263/0.295
arms-turn-turncmd-s0         model_5999.pt   noise1.00 s1 wz-0.6: yaw  +201.6 fell None lo_settle [7, 7] lo_turn [14, 20] |a|arm 13.14 |a|leg 1.51 sat 0.263/0.308
arms-turn-turncmd-s1         model_5999.pt   noise0.00 s0 wz+0.6: yaw   +16.8 fell None lo_settle [0, 0] lo_turn [0, 0] |a|arm 10.55 |a|leg 0.76 sat 0.0/0.07
arms-turn-turncmd-s1         model_5999.pt   noise0.00 s0 wz-0.6: yaw   +14.9 fell None lo_settle [0, 0] lo_turn [0, 0] |a|arm 11.47 |a|leg 0.41 sat 0.0/0.0
arms-turn-turncmd-s1         model_5999.pt   noise0.00 s1 wz+0.6: yaw   +15.9 fell None lo_settle [0, 0] lo_turn [0, 0] |a|arm 10.48 |a|leg 0.77 sat 0.0/0.071
arms-turn-turncmd-s1         model_5999.pt   noise0.00 s1 wz-0.6: yaw   +15.5 fell None lo_settle [0, 0] lo_turn [0, 0] |a|arm 11.46 |a|leg 0.42 sat 0.0/0.0
arms-turn-turncmd-s1         model_5999.pt   noise1.00 s0 wz+0.6: yaw  +209.3 fell None lo_settle [9, 7] lo_turn [24, 28] |a|arm 10.32 |a|leg 1.68 sat 0.279/0.309
arms-turn-turncmd-s1         model_5999.pt   noise1.00 s0 wz-0.6: yaw  +188.1 fell None lo_settle [9, 7] lo_turn [22, 23] |a|arm 11.0 |a|leg 1.65 sat 0.279/0.323
arms-turn-turncmd-s1         model_5999.pt   noise1.00 s1 wz+0.6: yaw  +181.4 fell None lo_settle [7, 5] lo_turn [27, 15] |a|arm 11.33 |a|leg 1.54 sat 0.277/0.305
arms-turn-turncmd-s1         model_5999.pt   noise1.00 s1 wz-0.6: yaw  +171.7 fell None lo_settle [7, 5] lo_turn [15, 21] |a|arm 11.64 |a|leg 1.53 sat 0.277/0.315
arms-turn-turnboth-s1        model_5999.pt   noise0.00 s0 wz+0.6: yaw   +13.7 fell None lo_settle [2, 1] lo_turn [0, 0] |a|arm 6.72 |a|leg 0.57 sat 0.03/0.013
arms-turn-turnboth-s1        model_5999.pt   noise0.00 s0 wz-0.6: yaw   +10.1 fell None lo_settle [2, 1] lo_turn [0, 0] |a|arm 8.75 |a|leg 0.47 sat 0.03/0.0
arms-turn-turnboth-s1        model_5999.pt   noise0.00 s1 wz+0.6: yaw   +13.5 fell None lo_settle [1, 1] lo_turn [0, 0] |a|arm 6.71 |a|leg 0.56 sat 0.028/0.013
arms-turn-turnboth-s1        model_5999.pt   noise0.00 s1 wz-0.6: yaw   +10.1 fell None lo_settle [1, 1] lo_turn [0, 0] |a|arm 8.73 |a|leg 0.47 sat 0.028/0.0
arms-turn-turnboth-s1        model_5999.pt   noise1.00 s0 wz+0.6: yaw  +212.8 fell None lo_settle [8, 6] lo_turn [24, 22] |a|arm 7.1 |a|leg 1.66 sat 0.303/0.308
arms-turn-turnboth-s1        model_5999.pt   noise1.00 s0 wz-0.6: yaw  +221.2 fell None lo_settle [8, 6] lo_turn [22, 20] |a|arm 8.14 |a|leg 1.72 sat 0.303/0.301
arms-turn-turnboth-s1        model_5999.pt   noise1.00 s1 wz+0.6: yaw  +255.6 fell None lo_settle [7, 7] lo_turn [24, 16] |a|arm 7.67 |a|leg 1.65 sat 0.251/0.3
arms-turn-turnboth-s1        model_5999.pt   noise1.00 s1 wz-0.6: yaw  +242.7 fell None lo_settle [7, 7] lo_turn [21, 19] |a|arm 8.68 |a|leg 1.68 sat 0.251/0.31
arms-turn-turnhip-s0         model_5999.pt   noise0.00 s0 wz+0.6: yaw   +11.9 fell None lo_settle [1, 1] lo_turn [0, 0] |a|arm 11.02 |a|leg 0.5 sat 0.024/0.0
arms-turn-turnhip-s0         model_5999.pt   noise0.00 s0 wz-0.6: yaw   +11.2 fell None lo_settle [1, 1] lo_turn [0, 0] |a|arm 8.71 |a|leg 0.5 sat 0.024/0.0
arms-turn-turnhip-s0         model_5999.pt   noise0.00 s1 wz+0.6: yaw   +11.7 fell None lo_settle [1, 1] lo_turn [0, 0] |a|arm 11.03 |a|leg 0.5 sat 0.018/0.0
arms-turn-turnhip-s0         model_5999.pt   noise0.00 s1 wz-0.6: yaw   +11.5 fell None lo_settle [1, 1] lo_turn [0, 0] |a|arm 8.71 |a|leg 0.5 sat 0.018/0.0
arms-turn-turnhip-s0         model_5999.pt   noise1.00 s0 wz+0.6: yaw  +226.1 fell None lo_settle [7, 7] lo_turn [20, 20] |a|arm 10.24 |a|leg 1.75 sat 0.288/0.322
arms-turn-turnhip-s0         model_5999.pt   noise1.00 s0 wz-0.6: yaw  +247.7 fell None lo_settle [7, 7] lo_turn [20, 22] |a|arm 8.85 |a|leg 1.69 sat 0.288/0.318
arms-turn-turnhip-s0         model_5999.pt   noise1.00 s1 wz+0.6: yaw  +225.3 fell None lo_settle [7, 11] lo_turn [19, 18] |a|arm 10.69 |a|leg 1.76 sat 0.289/0.307
arms-turn-turnhip-s0         model_5999.pt   noise1.00 s1 wz-0.6: yaw  +249.0 fell None lo_settle [7, 11] lo_turn [21, 17] |a|arm 9.52 |a|leg 1.65 sat 0.289/0.309
