arms-turn-turnboth-s0        model_1000.pt   noise0.00a s0 wz+0.6: yaw    +8.7 fell None lo_settle [0, 0] lo_turn [0, 0] |a|arm 0.84 |a|leg 0.53 sat 0.0/0.0
arms-turn-turnboth-s0        model_1000.pt   noise0.00a s0 wz-0.6: yaw   +16.0 fell None lo_settle [0, 0] lo_turn [0, 0] |a|arm 0.88 |a|leg 0.49 sat 0.0/0.0
arms-turn-turnboth-s0        model_2000.pt   noise0.00a s0 wz+0.6: yaw   +12.3 fell None lo_settle [2, 0] lo_turn [0, 0] |a|arm 2.53 |a|leg 0.73 sat 0.034/0.005
arms-turn-turnboth-s0        model_2000.pt   noise0.00a s0 wz-0.6: yaw   +11.3 fell None lo_settle [2, 0] lo_turn [0, 0] |a|arm 2.31 |a|leg 0.5 sat 0.034/0.0
arms-turn-turnboth-s0        model_3000.pt   noise0.00a s0 wz+0.6: yaw   +14.9 fell None lo_settle [1, 1] lo_turn [0, 0] |a|arm 4.2 |a|leg 0.47 sat 0.013/0.0
arms-turn-turnboth-s0        model_3000.pt   noise0.00a s0 wz-0.6: yaw   +15.3 fell None lo_settle [1, 1] lo_turn [0, 0] |a|arm 3.7 |a|leg 0.59 sat 0.013/0.0
arms-turn-turnboth-s0        model_4000.pt   noise0.00a s0 wz+0.6: yaw   +14.0 fell None lo_settle [0, 0] lo_turn [0, 0] |a|arm 5.37 |a|leg 0.47 sat 0.0/0.0
arms-turn-turnboth-s0        model_4000.pt   noise0.00a s0 wz-0.6: yaw   +18.3 fell None lo_settle [0, 0] lo_turn [0, 0] |a|arm 5.99 |a|leg 0.51 sat 0.0/0.0
arms-turn-turnboth-s0        model_5000.pt   noise0.00a s0 wz+0.6: yaw  +209.9 fell None lo_settle [2, 1] lo_turn [15, 15] |a|arm 8.27 |a|leg 0.96 sat 0.046/0.137
arms-turn-turnboth-s0        model_5000.pt   noise0.00a s0 wz-0.6: yaw   +15.4 fell None lo_settle [2, 1] lo_turn [0, 0] |a|arm 8.0 |a|leg 0.42 sat 0.046/0.0
arms-turn-turnboth-s1        model_1000.pt   noise0.00a s0 wz+0.6: yaw   +15.8 fell None lo_settle [0, 0] lo_turn [0, 0] |a|arm 0.81 |a|leg 0.5 sat 0.009/0.002
arms-turn-turnboth-s1        model_1000.pt   noise0.00a s0 wz-0.6: yaw   +10.6 fell None lo_settle [0, 0] lo_turn [0, 0] |a|arm 0.88 |a|leg 0.53 sat 0.009/0.0
arms-turn-turnboth-s1        model_2000.pt   noise0.00a s0 wz+0.6: yaw   +16.2 fell None lo_settle [0, 0] lo_turn [0, 0] |a|arm 2.22 |a|leg 0.42 sat 0.0/0.008
arms-turn-turnboth-s1        model_2000.pt   noise0.00a s0 wz-0.6: yaw   +10.9 fell None lo_settle [0, 0] lo_turn [0, 0] |a|arm 2.52 |a|leg 0.61 sat 0.0/0.001
arms-turn-turnboth-s1        model_3000.pt   noise0.00a s0 wz+0.6: yaw   +17.2 fell None lo_settle [7, 9] lo_turn [0, 0] |a|arm 3.59 |a|leg 0.52 sat 0.114/0.0
arms-turn-turnboth-s1        model_3000.pt   noise0.00a s0 wz-0.6: yaw    +9.4 fell None lo_settle [7, 9] lo_turn [0, 1] |a|arm 4.25 |a|leg 0.47 sat 0.114/0.002
arms-turn-turnboth-s1        model_4000.pt   noise0.00a s0 wz+0.6: yaw   +13.3 fell None lo_settle [0, 0] lo_turn [0, 0] |a|arm 4.99 |a|leg 0.47 sat 0.0/0.0
arms-turn-turnboth-s1        model_4000.pt   noise0.00a s0 wz-0.6: yaw    +9.2 fell None lo_settle [0, 0] lo_turn [0, 0] |a|arm 6.18 |a|leg 0.46 sat 0.0/0.0
arms-turn-turnboth-s1        model_5000.pt   noise0.00a s0 wz+0.6: yaw   +13.2 fell None lo_settle [0, 0] lo_turn [0, 0] |a|arm 7.76 |a|leg 0.53 sat 0.002/0.0
arms-turn-turnboth-s1        model_5000.pt   noise0.00a s0 wz-0.6: yaw   +10.0 fell None lo_settle [0, 0] lo_turn [0, 0] |a|arm 8.62 |a|leg 0.42 sat 0.002/0.0
ALLDONE
