scale: 1
IMU Initializing: 3.3 %Reset ImuProcessIMU Initials: Gravity: -0.0000 -0.0000 -9.8100 9.8100; acc covarience: 0.50000000 0.50000000 0.50000000; gry covarience: 0.30000000 0.30000000 0.30000000 
IMU Initials: ba covarience: 0.00010000 0.00010000 0.00010000; bg covarience: 0.00010000 0.00010000 0.00010000intrinsic: 415.692194, 415.692194, 319.500000, 239.500000
width: 640, height: 480, scale: 1.000000
[ LIO ] Raw feature num: 2042, downsampled feature num:927 effective feature num: 507 average residual: 0.00426463
[ LIO ] Raw feature num: 2042, downsampled feature num:927 effective feature num: 505 average residual: 0.00482219
[ LIO ] Raw feature num: 2042, downsampled feature num:927 effective feature num: 505 average residual: 0.00482124
[ LIO ] Raw feature num: 2042, downsampled feature num:938 effective feature num: 842 average residual: 0.00660644
[ LIO ] Raw feature num: 2042, downsampled feature num:938 effective feature num: 842 average residual: 0.0067232
[ LIO ] Raw feature num: 2042, downsampled feature num:938 effective feature num: 842 average residual: 0.00672348
[ LIO ] Raw feature num: 2042, downsampled feature num:947 effective feature num: 907 average residual: 0.00446503
[ LIO ] Raw feature num: 2042, downsampled feature num:947 effective feature num: 908 average residual: 0.00416583
[ LIO ] Raw feature num: 2042, downsampled feature num:947 effective feature num: 908 average residual: 0.00416577
[ LIO ] Raw feature num: 2042, downsampled feature num:945 effective feature num: 934 average residual: 0.00320919
[ LIO ] Raw feature num: 2042, downsampled feature num:945 effective feature num: 934 average residual: 0.00290569
[ LIO ] Raw feature num: 2042, downsampled feature num:945 effective feature num: 934 average residual: 0.00290601
[ LIO ] Raw feature num: 2042, downsampled feature num:945 effective feature num: 924 average residual: 0.00248637
[ LIO ] Raw feature num: 2042, downsampled feature num:945 effective feature num: 924 average residual: 0.00218704
[ LIO ] Raw feature num: 2042, downsampled feature num:945 effective feature num: 924 average residual: 0.00218692
[ LIO ] Raw feature num: 2042, downsampled feature num:938 effective feature num: 935 average residual: 0.00246381
[ LIO ] Raw feature num: 2042, downsampled feature num:938 effective feature num: 935 average residual: 0.00209803
[ LIO ] Raw feature num: 2042, downsampled feature num:938 effective feature num: 935 average residual: 0.00209773
[ LIO ] Raw feature num: 2042, downsampled feature num:937 effective feature num: 934 average residual: 0.00228246
[ LIO ] Raw feature num: 2042, downsampled feature num:937 effective feature num: 934 average residual: 0.00210754
[ LIO ] Raw feature num: 2042, downsampled feature num:937 effective feature num: 934 average residual: 0.00210754
[ LIO ] Raw feature num: 2042, downsampled feature num:937 effective feature num: 937 average residual: 0.00193163
[ LIO ] Raw feature num: 2042, downsampled feature num:937 effective feature num: 937 average residual: 0.00199778
[ LIO ] Raw feature num: 2042, downsampled feature num:937 effective feature num: 937 average residual: 0.00199764
[ LIO ] Raw feature num: 2042, downsampled feature num:938 effective feature num: 938 average residual: 0.00216212
[ LIO ] Raw feature num: 2042, downsampled feature num:938 effective feature num: 938 average residual: 0.00208725
[ LIO ] Raw feature num: 2042, downsampled feature num:938 effective feature num: 938 average residual: 0.00214982
[ LIO ] Raw feature num: 2042, downsampled feature num:938 effective feature num: 938 average residual: 0.00208764
[ LIO ] Raw feature num: 2042, downsampled feature num:938 effective feature num: 938 average residual: 0.00214982
[ LIO ] Raw feature num: 2042, downsampled feature num:945 effective feature num: 945 average residual: 0.00242122
[ LIO ] Raw feature num: 2042, downsampled feature num:945 effective feature num: 945 average residual: 0.00210058
[ LIO ] Raw feature num: 2042, downsampled feature num:945 effective feature num: 945 average residual: 0.00213565
[ LIO ] Raw feature num: 2042, downsampled feature num:945 effective feature num: 945 average residual: 0.00210079
[ LIO ] Raw feature num: 2042, downsampled feature num:945 effective feature num: 945 average residual: 0.00213565
[ LIO ] Raw feature num: 2042, downsampled feature num:945 effective feature num: 945 average residual: 0.00269388
[ LIO ] Raw feature num: 2042, downsampled feature num:945 effective feature num: 945 average residual: 0.00213906
[ LIO ] Raw feature num: 2042, downsampled feature num:945 effective feature num: 945 average residual: 0.00220216
[ LIO ] Raw feature num: 2042, downsampled feature num:945 effective feature num: 945 average residual: 0.00214802
[ LIO ] Raw feature num: 2042, downsampled feature num:945 effective feature num: 945 average residual: 0.00220216
[ LIO ] Raw feature num: 2042, downsampled feature num:944 effective feature num: 944 average residual: 0.00260038
[ LIO ] Raw feature num: 2042, downsampled feature num:944 effective feature num: 944 average residual: 0.0020246
[ LIO ] Raw feature num: 2042, downsampled feature num:944 effective feature num: 944 average residual: 0.00207801
[ LIO ] Raw feature num: 2042, downsampled feature num:944 effective feature num: 944 average residual: 0.00202458
[ LIO ] Raw feature num: 2042, downsampled feature num:944 effective feature num: 944 average residual: 0.002078
[ LIO ] Raw feature num: 2042, downsampled feature num:938 effective feature num: 938 average residual: 0.00239834
[ LIO ] Raw feature num: 2042, downsampled feature num:938 effective feature num: 938 average residual: 0.00200655
[ LIO ] Raw feature num: 2042, downsampled feature num:938 effective feature num: 938 average residual: 0.00206592
[ LIO ] Raw feature num: 2042, downsampled feature num:938 effective feature num: 938 average residual: 0.00200671
[ LIO ] Raw feature num: 2042, downsampled feature num:938 effective feature num: 938 average residual: 0.00206592
[ LIO ] Raw feature num: 2042, downsampled feature num:937 effective feature num: 937 average residual: 0.00210959
[ LIO ] Raw feature num: 2042, downsampled feature num:937 effective feature num: 937 average residual: 0.00199716
[ LIO ] Raw feature num: 2042, downsampled feature num:937 effective feature num: 937 average residual: 0.00199715
[ LIO ] Raw feature num: 2042, downsampled feature num:929 effective feature num: 929 average residual: 0.00205074
[ LIO ] Raw feature num: 2042, downsampled feature num:929 effective feature num: 929 average residual: 0.00199717
[ LIO ] Raw feature num: 2042, downsampled feature num:929 effective feature num: 929 average residual: 0.00199719
[ LIO ] Raw feature num: 2042, downsampled feature num:938 effective feature num: 938 average residual: 0.00226568
[ LIO ] Raw feature num: 2042, downsampled feature num:938 effective feature num: 938 average residual: 0.00201249
[ LIO ] Raw feature num: 2042, downsampled feature num:938 effective feature num: 938 average residual: 0.0020727
[ LIO ] Raw feature num: 2042, downsampled feature num:938 effective feature num: 938 average residual: 0.00240495
[ LIO ] Raw feature num: 2042, downsampled feature num:938 effective feature num: 938 average residual: 0.00202924
[ LIO ] Raw feature num: 2042, downsampled feature num:938 effective feature num: 938 average residual: 0.00205814
[ LIO ] Raw feature num: 2042, downsampled feature num:938 effective feature num: 938 average residual: 0.00205807
[ LIO ] Raw feature num: 2042, downsampled feature num:944 effective feature num: 944 average residual: 0.00249277
[ LIO ] Raw feature num: 2042, downsampled feature num:944 effective feature num: 944 average residual: 0.00193299
[ LIO ] Raw feature num: 2042, downsampled feature num:944 effective feature num: 944 average residual: 0.00200745
[ LIO ] Raw feature num: 2042, downsampled feature num:944 effective feature num: 944 average residual: 0.00200742
[ LIO ] Raw feature num: 2042, downsampled feature num:938 effective feature num: 938 average residual: 0.00236988
[ LIO ] Raw feature num: 2042, downsampled feature num:938 effective feature num: 938 average residual: 0.00198724
[ LIO ] Raw feature num: 2042, downsampled feature num:938 effective feature num: 938 average residual: 0.00200154
[ LIO ] Raw feature num: 2042, downsampled feature num:938 effective feature num: 938 average residual: 0.00200152
[ LIO ] Raw feature num: 2042, downsampled feature num:938 effective feature num: 938 average residual: 0.0021724
[ LIO ] Raw feature num: 2042, downsampled feature num:938 effective feature num: 938 average residual: 0.00199418
[ LIO ] Raw feature num: 2042, downsampled feature num:938 effective feature num: 938 average residual: 0.00199408
[ LIO ] Raw feature num: 2042, downsampled feature num:938 effective feature num: 938 average residual: 0.00209226
[ LIO ] Raw feature num: 2042, downsampled feature num:938 effective feature num: 938 average residual: 0.001994
[ LIO ] Raw feature num: 2042, downsampled feature num:938 effective feature num: 938 average residual: 0.00199387
[ LIO ] Raw feature num: 2042, downsampled feature num:938 effective feature num: 938 average residual: 0.00209503
[ LIO ] Raw feature num: 2042, downsampled feature num:938 effective feature num: 938 average residual: 0.00199638
[ LIO ] Raw feature num: 2042, downsampled feature num:938 effective feature num: 938 average residual: 0.00199625
[ LIO ] Raw feature num: 2042, downsampled feature num:938 effective feature num: 938 average residual: 0.00216117
[ LIO ] Raw feature num: 2042, downsampled feature num:938 effective feature num: 938 average residual: 0.00199407
[ LIO ] Raw feature num: 2042, downsampled feature num:938 effective feature num: 938 average residual: 0.00199396
[ LIO ] Raw feature num: 2042, downsampled feature num:938 effective feature num: 938 average residual: 0.00223114
[ LIO ] Raw feature num: 2042, downsampled feature num:938 effective feature num: 938 average residual: 0.00198777
[ LIO ] Raw feature num: 2042, downsampled feature num:938 effective feature num: 938 average residual: 0.00198769
[ LIO ] Raw feature num: 2042, downsampled feature num:940 effective feature num: 940 average residual: 0.00229481
[ LIO ] Raw feature num: 2042, downsampled feature num:940 effective feature num: 940 average residual: 0.00202841
[ LIO ] Raw feature num: 2042, downsampled feature num:940 effective feature num: 940 average residual: 0.00202833
[ LIO ] Raw feature num: 2042, downsampled feature num:928 effective feature num: 927 average residual: 0.002164
[ LIO ] Raw feature num: 2042, downsampled feature num:928 effective feature num: 927 average residual: 0.00195004
[ LIO ] Raw feature num: 2042, downsampled feature num:928 effective feature num: 927 average residual: 0.00195016
[ LIO ] Raw feature num: 2043, downsampled feature num:931 effective feature num: 910 average residual: 0.00237094
[ LIO ] Raw feature num: 2043, downsampled feature num:931 effective feature num: 909 average residual: 0.00238345
[ LIO ] Raw feature num: 2043, downsampled feature num:931 effective feature num: 909 average residual: 0.00238298
[ LIO ] Raw feature num: 2044, downsampled feature num:930 effective feature num: 900 average residual: 0.00310246
[ LIO ] Raw feature num: 2044, downsampled feature num:930 effective feature num: 900 average residual: 0.00302154
[ LIO ] Raw feature num: 2044, downsampled feature num:930 effective feature num: 900 average residual: 0.00302195
[ LIO ] Raw feature num: 2044, downsampled feature num:934 effective feature num: 913 average residual: 0.00339885
[ LIO ] Raw feature num: 2044, downsampled feature num:934 effective feature num: 913 average residual: 0.00348198
[ LIO ] Raw feature num: 2044, downsampled feature num:934 effective feature num: 913 average residual: 0.00348203
[ LIO ] Raw feature num: 2044, downsampled feature num:946 effective feature num: 934 average residual: 0.00484552
[ LIO ] Raw feature num: 2044, downsampled feature num:946 effective feature num: 933 average residual: 0.00469317
[ LIO ] Raw feature num: 2044, downsampled feature num:946 effective feature num: 933 average residual: 0.00472836
[ LIO ] Raw feature num: 2044, downsampled feature num:946 effective feature num: 933 average residual: 0.00472833
[ LIO ] Raw feature num: 2043, downsampled feature num:920 effective feature num: 906 average residual: 0.00419143
[ LIO ] Raw feature num: 2043, downsampled feature num:920 effective feature num: 906 average residual: 0.00429136
[ LIO ] Raw feature num: 2043, downsampled feature num:920 effective feature num: 906 average residual: 0.00429069
[ LIO ] Raw feature num: 2044, downsampled feature num:933 effective feature num: 917 average residual: 0.00512986
[ LIO ] Raw feature num: 2044, downsampled feature num:933 effective feature num: 917 average residual: 0.0051578
[ LIO ] Raw feature num: 2044, downsampled feature num:933 effective feature num: 917 average residual: 0.00519488
[ LIO ] Raw feature num: 2044, downsampled feature num:933 effective feature num: 917 average residual: 0.00519516
[ LIO ] Raw feature num: 2043, downsampled feature num:941 effective feature num: 927 average residual: 0.00671046
[ LIO ] Raw feature num: 2043, downsampled feature num:941 effective feature num: 927 average residual: 0.00655467
[ LIO ] Raw feature num: 2043, downsampled feature num:941 effective feature num: 927 average residual: 0.00655506
[ LIO ] Raw feature num: 2045, downsampled feature num:939 effective feature num: 929 average residual: 0.00834311
[ LIO ] Raw feature num: 2045, downsampled feature num:939 effective feature num: 930 average residual: 0.00748582
[ LIO ] Raw feature num: 2045, downsampled feature num:939 effective feature num: 930 average residual: 0.00753421
[ LIO ] Raw feature num: 2045, downsampled feature num:939 effective feature num: 930 average residual: 0.00753395
[ LIO ] Raw feature num: 2045, downsampled feature num:946 effective feature num: 924 average residual: 0.00875369
[ LIO ] Raw feature num: 2045, downsampled feature num:946 effective feature num: 924 average residual: 0.00774041
[ LIO ] Raw feature num: 2045, downsampled feature num:946 effective feature num: 924 average residual: 0.0077324
[ LIO ] Raw feature num: 2045, downsampled feature num:946 effective feature num: 924 average residual: 0.00773242
[ LIO ] Raw feature num: 2044, downsampled feature num:922 effective feature num: 894 average residual: 0.00973592
[ LIO ] Raw feature num: 2044, downsampled feature num:922 effective feature num: 893 average residual: 0.00901382
[ LIO ] Raw feature num: 2044, downsampled feature num:922 effective feature num: 894 average residual: 0.00900295
[ LIO ] Raw feature num: 2044, downsampled feature num:922 effective feature num: 894 average residual: 0.00900244
[ LIO ] Raw feature num: 2045, downsampled feature num:918 effective feature num: 899 average residual: 0.00974335
[ LIO ] Raw feature num: 2045, downsampled feature num:918 effective feature num: 898 average residual: 0.008973
[ LIO ] Raw feature num: 2045, downsampled feature num:918 effective feature num: 899 average residual: 0.00894382
[ LIO ] Raw feature num: 2045, downsampled feature num:918 effective feature num: 899 average residual: 0.00894359
[ LIO ] Raw feature num: 2046, downsampled feature num:941 effective feature num: 917 average residual: 0.0116356
[ LIO ] Raw feature num: 2046, downsampled feature num:941 effective feature num: 919 average residual: 0.0101891
[ LIO ] Raw feature num: 2046, downsampled feature num:941 effective feature num: 920 average residual: 0.0102367
[ LIO ] Raw feature num: 2046, downsampled feature num:941 effective feature num: 920 average residual: 0.0102348
[ LIO ] Raw feature num: 2046, downsampled feature num:948 effective feature num: 925 average residual: 0.0130565
[ LIO ] Raw feature num: 2046, downsampled feature num:948 effective feature num: 924 average residual: 0.012491
[ LIO ] Raw feature num: 2046, downsampled feature num:948 effective feature num: 924 average residual: 0.0123986
[ LIO ] Raw feature num: 2046, downsampled feature num:948 effective feature num: 924 average residual: 0.012476
[ LIO ] Raw feature num: 2046, downsampled feature num:948 effective feature num: 924 average residual: 0.012476
[ LIO ] Raw feature num: 2046, downsampled feature num:934 effective feature num: 907 average residual: 0.0132178
[ LIO ] Raw feature num: 2046, downsampled feature num:934 effective feature num: 906 average residual: 0.0125822
[ LIO ] Raw feature num: 2046, downsampled feature num:934 effective feature num: 906 average residual: 0.012575
[ LIO ] Raw feature num: 2047, downsampled feature num:950 effective feature num: 921 average residual: 0.013362
[ LIO ] Raw feature num: 2047, downsampled feature num:950 effective feature num: 922 average residual: 0.013004
[ LIO ] Raw feature num: 2047, downsampled feature num:950 effective feature num: 922 average residual: 0.0129158
[ LIO ] Raw feature num: 2047, downsampled feature num:950 effective feature num: 922 average residual: 0.0129158
[ LIO ] Raw feature num: 2047, downsampled feature num:942 effective feature num: 909 average residual: 0.0144709
[ LIO ] Raw feature num: 2047, downsampled feature num:942 effective feature num: 908 average residual: 0.013897
[ LIO ] Raw feature num: 2047, downsampled feature num:942 effective feature num: 908 average residual: 0.0138222
[ LIO ] Raw feature num: 2047, downsampled feature num:942 effective feature num: 908 average residual: 0.013828
[ LIO ] Raw feature num: 2047, downsampled feature num:942 effective feature num: 908 average residual: 0.0138222
[ LIO ] Raw feature num: 2047, downsampled feature num:953 effective feature num: 931 average residual: 0.0138811
[ LIO ] Raw feature num: 2047, downsampled feature num:953 effective feature num: 931 average residual: 0.0134021
[ LIO ] Raw feature num: 2047, downsampled feature num:953 effective feature num: 931 average residual: 0.013402
[ LIO ] Raw feature num: 2048, downsampled feature num:949 effective feature num: 927 average residual: 0.0146314
[ LIO ] Raw feature num: 2048, downsampled feature num:949 effective feature num: 927 average residual: 0.0139565
[ LIO ] Raw feature num: 2048, downsampled feature num:949 effective feature num: 927 average residual: 0.0139728
[ LIO ] Raw feature num: 2048, downsampled feature num:962 effective feature num: 943 average residual: 0.0168974
[ LIO ] Raw feature num: 2048, downsampled feature num:962 effective feature num: 943 average residual: 0.0156721
[ LIO ] Raw feature num: 2048, downsampled feature num:962 effective feature num: 943 average residual: 0.015673
[ LIO ] Raw feature num: 2048, downsampled feature num:957 effective feature num: 943 average residual: 0.0182781
[ LIO ] Raw feature num: 2048, downsampled feature num:957 effective feature num: 942 average residual: 0.0169409
[ LIO ] Raw feature num: 2048, downsampled feature num:957 effective feature num: 942 average residual: 0.0168668
[ LIO ] Raw feature num: 2048, downsampled feature num:957 effective feature num: 941 average residual: 0.0168189
[ LIO ] Raw feature num: 2048, downsampled feature num:957 effective feature num: 941 average residual: 0.0167825
[ LIO ] Raw feature num: 2048, downsampled feature num:948 effective feature num: 927 average residual: 0.0182154
[ LIO ] Raw feature num: 2048, downsampled feature num:948 effective feature num: 928 average residual: 0.0178597
[ LIO ] Raw feature num: 2048, downsampled feature num:948 effective feature num: 928 average residual: 0.0178558
[ LIO ] Raw feature num: 2048, downsampled feature num:968 effective feature num: 948 average residual: 0.0178404
[ LIO ] Raw feature num: 2048, downsampled feature num:968 effective feature num: 948 average residual: 0.0173148
[ LIO ] Raw feature num: 2048, downsampled feature num:968 effective feature num: 948 average residual: 0.0173203
[ LIO ] Raw feature num: 2048, downsampled feature num:964 effective feature num: 948 average residual: 0.0176592
[ LIO ] Raw feature num: 2048, downsampled feature num:964 effective feature num: 948 average residual: 0.0171611
[ LIO ] Raw feature num: 2048, downsampled feature num:964 effective feature num: 948 average residual: 0.0172471
[ LIO ] Raw feature num: 2048, downsampled feature num:964 effective feature num: 948 average residual: 0.0172076
[ LIO ] Raw feature num: 2048, downsampled feature num:964 effective feature num: 948 average residual: 0.0172278
[ LIO ] Raw feature num: 2048, downsampled feature num:965 effective feature num: 948 average residual: 0.0177402
[ LIO ] Raw feature num: 2048, downsampled feature num:965 effective feature num: 949 average residual: 0.017183
[ LIO ] Raw feature num: 2048, downsampled feature num:965 effective feature num: 949 average residual: 0.0172685
[ LIO ] Raw feature num: 2048, downsampled feature num:965 effective feature num: 949 average residual: 0.017261
[ LIO ] Raw feature num: 2048, downsampled feature num:971 effective feature num: 955 average residual: 0.017519
[ LIO ] Raw feature num: 2048, downsampled feature num:971 effective feature num: 955 average residual: 0.0169696
[ LIO ] Raw feature num: 2048, downsampled feature num:971 effective feature num: 955 average residual: 0.0169948
[ LIO ] Raw feature num: 2048, downsampled feature num:971 effective feature num: 955 average residual: 0.0169929
[ LIO ] Raw feature num: 2048, downsampled feature num:963 effective feature num: 947 average residual: 0.0174413
[ LIO ] Raw feature num: 2048, downsampled feature num:963 effective feature num: 947 average residual: 0.0174476
[ LIO ] Raw feature num: 2048, downsampled feature num:963 effective feature num: 947 average residual: 0.0174461
[ LIO ] Raw feature num: 2048, downsampled feature num:963 effective feature num: 947 average residual: 0.0174461
[ LIO ] Raw feature num: 2048, downsampled feature num:966 effective feature num: 949 average residual: 0.0176492
[ LIO ] Raw feature num: 2048, downsampled feature num:966 effective feature num: 949 average residual: 0.017102
[ LIO ] Raw feature num: 2048, downsampled feature num:966 effective feature num: 949 average residual: 0.0170333
[ LIO ] Raw feature num: 2048, downsampled feature num:966 effective feature num: 948 average residual: 0.017076
[ LIO ] Raw feature num: 2048, downsampled feature num:966 effective feature num: 948 average residual: 0.0170759
[ LIO ] Raw feature num: 2048, downsampled feature num:962 effective feature num: 941 average residual: 0.0173505
[ LIO ] Raw feature num: 2048, downsampled feature num:962 effective feature num: 941 average residual: 0.017014
[ LIO ] Raw feature num: 2048, downsampled feature num:962 effective feature num: 941 average residual: 0.0170204
[ LIO ] Raw feature num: 2048, downsampled feature num:962 effective feature num: 941 average residual: 0.0170204
[ LIO ] Raw feature num: 2048, downsampled feature num:949 effective feature num: 931 average residual: 0.0171464
[ LIO ] Raw feature num: 2048, downsampled feature num:949 effective feature num: 931 average residual: 0.0176562
[ LIO ] Raw feature num: 2048, downsampled feature num:949 effective feature num: 931 average residual: 0.0176559
[ LIO ] Raw feature num: 2048, downsampled feature num:949 effective feature num: 931 average residual: 0.0186263
[ LIO ] Raw feature num: 2048, downsampled feature num:949 effective feature num: 930 average residual: 0.0185526
[ LIO ] Raw feature num: 2048, downsampled feature num:949 effective feature num: 930 average residual: 0.0185525
[ LIO ] Raw feature num: 2048, downsampled feature num:945 effective feature num: 928 average residual: 0.0195998
[ LIO ] Raw feature num: 2048, downsampled feature num:945 effective feature num: 927 average residual: 0.0194593
[ LIO ] Raw feature num: 2048, downsampled feature num:945 effective feature num: 927 average residual: 0.0194602
[ LIO ] Raw feature num: 2048, downsampled feature num:945 effective feature num: 927 average residual: 0.0194554
[ LIO ] Raw feature num: 2048, downsampled feature num:939 effective feature num: 921 average residual: 0.0199577
[ LIO ] Raw feature num: 2048, downsampled feature num:939 effective feature num: 921 average residual: 0.0192212
[ LIO ] Raw feature num: 2048, downsampled feature num:939 effective feature num: 920 average residual: 0.0190837
[ LIO ] Raw feature num: 2048, downsampled feature num:939 effective feature num: 920 average residual: 0.0190796
[ LIO ] Raw feature num: 2048, downsampled feature num:931 effective feature num: 914 average residual: 0.0204966
[ LIO ] Raw feature num: 2048, downsampled feature num:931 effective feature num: 915 average residual: 0.0199194
[ LIO ] Raw feature num: 2048, downsampled feature num:931 effective feature num: 915 average residual: 0.0195492
[ LIO ] Raw feature num: 2048, downsampled feature num:931 effective feature num: 915 average residual: 0.0195916
[ LIO ] Raw feature num: 2048, downsampled feature num:931 effective feature num: 915 average residual: 0.0195984
[ LIO ] Raw feature num: 2048, downsampled feature num:922 effective feature num: 909 average residual: 0.0204549
[ LIO ] Raw feature num: 2048, downsampled feature num:922 effective feature num: 909 average residual: 0.0194266
[ LIO ] Raw feature num: 2048, downsampled feature num:922 effective feature num: 909 average residual: 0.0193914
[ LIO ] Raw feature num: 2048, downsampled feature num:922 effective feature num: 909 average residual: 0.0193914
[ LIO ] Raw feature num: 2048, downsampled feature num:935 effective feature num: 923 average residual: 0.0200022
[ LIO ] Raw feature num: 2048, downsampled feature num:935 effective feature num: 921 average residual: 0.0190529
[ LIO ] Raw feature num: 2048, downsampled feature num:935 effective feature num: 921 average residual: 0.018559
[ LIO ] Raw feature num: 2048, downsampled feature num:935 effective feature num: 921 average residual: 0.0185423
[ LIO ] Raw feature num: 2048, downsampled feature num:935 effective feature num: 921 average residual: 0.0185902
[ LIO ] Raw feature num: 2048, downsampled feature num:880 effective feature num: 868 average residual: 0.0217452
[ LIO ] Raw feature num: 2048, downsampled feature num:880 effective feature num: 865 average residual: 0.0208751
[ LIO ] Raw feature num: 2048, downsampled feature num:880 effective feature num: 863 average residual: 0.0209064
[ LIO ] Raw feature num: 2048, downsampled feature num:880 effective feature num: 864 average residual: 0.0210185
[ LIO ] Raw feature num: 2048, downsampled feature num:880 effective feature num: 863 average residual: 0.0207283
[ LIO ] Raw feature num: 2048, downsampled feature num:898 effective feature num: 883 average residual: 0.0230252
[ LIO ] Raw feature num: 2048, downsampled feature num:898 effective feature num: 883 average residual: 0.0229628
[ LIO ] Raw feature num: 2048, downsampled feature num:898 effective feature num: 883 average residual: 0.0230334
[ LIO ] Raw feature num: 2048, downsampled feature num:898 effective feature num: 883 average residual: 0.0230568
[ LIO ] Raw feature num: 2048, downsampled feature num:898 effective feature num: 883 average residual: 0.0230568
[ LIO ] Raw feature num: 2048, downsampled feature num:900 effective feature num: 886 average residual: 0.0234369
[ LIO ] Raw feature num: 2048, downsampled feature num:900 effective feature num: 886 average residual: 0.0229997
[ LIO ] Raw feature num: 2048, downsampled feature num:900 effective feature num: 886 average residual: 0.0229732
[ LIO ] Raw feature num: 2048, downsampled feature num:900 effective feature num: 886 average residual: 0.0229732
[ LIO ] Raw feature num: 2048, downsampled feature num:891 effective feature num: 875 average residual: 0.0248683
[ LIO ] Raw feature num: 2048, downsampled feature num:891 effective feature num: 878 average residual: 0.0246676
[ LIO ] Raw feature num: 2048, downsampled feature num:891 effective feature num: 880 average residual: 0.025127
[ LIO ] Raw feature num: 2048, downsampled feature num:891 effective feature num: 880 average residual: 0.0252385
[ LIO ] Raw feature num: 2048, downsampled feature num:891 effective feature num: 880 average residual: 0.0252321
[ LIO ] Raw feature num: 2048, downsampled feature num:862 effective feature num: 848 average residual: 0.0259336
[ LIO ] Raw feature num: 2048, downsampled feature num:862 effective feature num: 841 average residual: 0.0232462
[ LIO ] Raw feature num: 2048, downsampled feature num:862 effective feature num: 841 average residual: 0.0235753
[ LIO ] Raw feature num: 2048, downsampled feature num:862 effective feature num: 841 average residual: 0.0236301
[ LIO ] Raw feature num: 2048, downsampled feature num:862 effective feature num: 841 average residual: 0.0236302
[ LIO ] Raw feature num: 2048, downsampled feature num:862 effective feature num: 840 average residual: 0.026379
[ LIO ] Raw feature num: 2048, downsampled feature num:862 effective feature num: 840 average residual: 0.0257505
[ LIO ] Raw feature num: 2048, downsampled feature num:862 effective feature num: 841 average residual: 0.0260335
[ LIO ] Raw feature num: 2048, downsampled feature num:862 effective feature num: 839 average residual: 0.0262798
[ LIO ] Raw feature num: 2048, downsampled feature num:862 effective feature num: 839 average residual: 0.0269194
[ LIO ] Raw feature num: 2048, downsampled feature num:843 effective feature num: 816 average residual: 0.0314033
[ LIO ] Raw feature num: 2048, downsampled feature num:843 effective feature num: 818 average residual: 0.0288201
[ LIO ] Raw feature num: 2048, downsampled feature num:843 effective feature num: 816 average residual: 0.028938
[ LIO ] Raw feature num: 2048, downsampled feature num:843 effective feature num: 816 average residual: 0.0289329
[ LIO ] Raw feature num: 2048, downsampled feature num:858 effective feature num: 832 average residual: 0.0337145
[ LIO ] Raw feature num: 2048, downsampled feature num:858 effective feature num: 834 average residual: 0.0305914
[ LIO ] Raw feature num: 2048, downsampled feature num:858 effective feature num: 834 average residual: 0.0300221
[ LIO ] Raw feature num: 2048, downsampled feature num:858 effective feature num: 834 average residual: 0.030027
[ LIO ] Raw feature num: 2048, downsampled feature num:858 effective feature num: 834 average residual: 0.030027
[ LIO ] Raw feature num: 2048, downsampled feature num:853 effective feature num: 820 average residual: 0.0359414
[ LIO ] Raw feature num: 2048, downsampled feature num:853 effective feature num: 835 average residual: 0.0327798
[ LIO ] Raw feature num: 2048, downsampled feature num:853 effective feature num: 834 average residual: 0.0318674
[ LIO ] Raw feature num: 2048, downsampled feature num:853 effective feature num: 833 average residual: 0.0319112
[ LIO ] Raw feature num: 2048, downsampled feature num:853 effective feature num: 833 average residual: 0.0319112
[ LIO ] Raw feature num: 2048, downsampled feature num:855 effective feature num: 816 average residual: 0.0369739
[ LIO ] Raw feature num: 2048, downsampled feature num:855 effective feature num: 835 average residual: 0.0328383
[ LIO ] Raw feature num: 2048, downsampled feature num:855 effective feature num: 833 average residual: 0.0319293
[ LIO ] Raw feature num: 2048, downsampled feature num:855 effective feature num: 833 average residual: 0.0318789
[ LIO ] Raw feature num: 2048, downsampled feature num:855 effective feature num: 833 average residual: 0.031879
[ LIO ] Raw feature num: 2048, downsampled feature num:844 effective feature num: 803 average residual: 0.0352959
[ LIO ] Raw feature num: 2048, downsampled feature num:844 effective feature num: 817 average residual: 0.031465
[ LIO ] Raw feature num: 2048, downsampled feature num:844 effective feature num: 816 average residual: 0.0312617
[ LIO ] Raw feature num: 2048, downsampled feature num:844 effective feature num: 816 average residual: 0.0311655
[ LIO ] Raw feature num: 2048, downsampled feature num:844 effective feature num: 816 average residual: 0.0311655
[ LIO ] Raw feature num: 2048, downsampled feature num:853 effective feature num: 809 average residual: 0.034349
[ LIO ] Raw feature num: 2048, downsampled feature num:853 effective feature num: 827 average residual: 0.0306228
[ LIO ] Raw feature num: 2048, downsampled feature num:853 effective feature num: 828 average residual: 0.0301496
[ LIO ] Raw feature num: 2048, downsampled feature num:853 effective feature num: 828 average residual: 0.0300847
[ LIO ] Raw feature num: 2048, downsampled feature num:853 effective feature num: 828 average residual: 0.0300831
[ LIO ] Raw feature num: 2048, downsampled feature num:853 effective feature num: 811 average residual: 0.0337115
[ LIO ] Raw feature num: 2048, downsampled feature num:853 effective feature num: 827 average residual: 0.0298832
[ LIO ] Raw feature num: 2048, downsampled feature num:853 effective feature num: 828 average residual: 0.0300663
[ LIO ] Raw feature num: 2048, downsampled feature num:853 effective feature num: 828 average residual: 0.0300758
[ LIO ] Raw feature num: 2048, downsampled feature num:855 effective feature num: 821 average residual: 0.0341413
[ LIO ] Raw feature num: 2048, downsampled feature num:855 effective feature num: 831 average residual: 0.0296419
[ LIO ] Raw feature num: 2048, downsampled feature num:855 effective feature num: 832 average residual: 0.029372
[ LIO ] Raw feature num: 2048, downsampled feature num:855 effective feature num: 832 average residual: 0.0292234
[ LIO ] Raw feature num: 2048, downsampled feature num:855 effective feature num: 832 average residual: 0.0291829
[ LIO ] Raw feature num: 2048, downsampled feature num:846 effective feature num: 816 average residual: 0.0334187
[ LIO ] Raw feature num: 2048, downsampled feature num:846 effective feature num: 822 average residual: 0.0296888
[ LIO ] Raw feature num: 2048, downsampled feature num:846 effective feature num: 823 average residual: 0.030224
[ LIO ] Raw feature num: 2048, downsampled feature num:846 effective feature num: 824 average residual: 0.0300459
[ LIO ] Raw feature num: 2048, downsampled feature num:846 effective feature num: 824 average residual: 0.0300459
[ LIO ] Raw feature num: 2048, downsampled feature num:828 effective feature num: 799 average residual: 0.033125
[ LIO ] Raw feature num: 2048, downsampled feature num:828 effective feature num: 802 average residual: 0.0296143
[ LIO ] Raw feature num: 2048, downsampled feature num:828 effective feature num: 803 average residual: 0.0293509
[ LIO ] Raw feature num: 2048, downsampled feature num:828 effective feature num: 803 average residual: 0.0287135
[ LIO ] Raw feature num: 2048, downsampled feature num:828 effective feature num: 803 average residual: 0.0287152
[ LIO ] Raw feature num: 2048, downsampled feature num:845 effective feature num: 809 average residual: 0.0332684
[ LIO ] Raw feature num: 2048, downsampled feature num:845 effective feature num: 817 average residual: 0.0304391
[ LIO ] Raw feature num: 2048, downsampled feature num:845 effective feature num: 814 average residual: 0.0296695
[ LIO ] Raw feature num: 2048, downsampled feature num:845 effective feature num: 814 average residual: 0.0297934
[ LIO ] Raw feature num: 2048, downsampled feature num:845 effective feature num: 814 average residual: 0.029795
[ LIO ] Raw feature num: 2048, downsampled feature num:831 effective feature num: 788 average residual: 0.0346495
[ LIO ] Raw feature num: 2048, downsampled feature num:831 effective feature num: 803 average residual: 0.0307368
[ LIO ] Raw feature num: 2048, downsampled feature num:831 effective feature num: 806 average residual: 0.0299182
[ LIO ] Raw feature num: 2048, downsampled feature num:831 effective feature num: 806 average residual: 0.029821
[ LIO ] Raw feature num: 2048, downsampled feature num:831 effective feature num: 806 average residual: 0.0298208
[ LIO ] Raw feature num: 2048, downsampled feature num:810 effective feature num: 773 average residual: 0.0335868
[ LIO ] Raw feature num: 2048, downsampled feature num:810 effective feature num: 785 average residual: 0.0295835
[ LIO ] Raw feature num: 2048, downsampled feature num:810 effective feature num: 787 average residual: 0.0292656
[ LIO ] Raw feature num: 2048, downsampled feature num:810 effective feature num: 787 average residual: 0.0290707
[ LIO ] Raw feature num: 2048, downsampled feature num:810 effective feature num: 787 average residual: 0.0290736
[ LIO ] Raw feature num: 2048, downsampled feature num:818 effective feature num: 783 average residual: 0.0347092
[ LIO ] Raw feature num: 2048, downsampled feature num:818 effective feature num: 800 average residual: 0.0312106
[ LIO ] Raw feature num: 2048, downsampled feature num:818 effective feature num: 799 average residual: 0.0301234
[ LIO ] Raw feature num: 2048, downsampled feature num:818 effective feature num: 799 average residual: 0.0298645
[ LIO ] Raw feature num: 2048, downsampled feature num:818 effective feature num: 799 average residual: 0.0298645
[ LIO ] Raw feature num: 2048, downsampled feature num:829 effective feature num: 788 average residual: 0.0348525
[ LIO ] Raw feature num: 2048, downsampled feature num:829 effective feature num: 805 average residual: 0.0311918
[ LIO ] Raw feature num: 2048, downsampled feature num:829 effective feature num: 807 average residual: 0.0308538
[ LIO ] Raw feature num: 2048, downsampled feature num:829 effective feature num: 807 average residual: 0.0305498
[ LIO ] Raw feature num: 2048, downsampled feature num:829 effective feature num: 807 average residual: 0.0305505
[ LIO ] Raw feature num: 2048, downsampled feature num:811 effective feature num: 777 average residual: 0.0354766
[ LIO ] Raw feature num: 2048, downsampled feature num:811 effective feature num: 784 average residual: 0.0306272
[ LIO ] Raw feature num: 2048, downsampled feature num:811 effective feature num: 788 average residual: 0.0290156
[ LIO ] Raw feature num: 2048, downsampled feature num:811 effective feature num: 787 average residual: 0.0278855
[ LIO ] Raw feature num: 2048, downsampled feature num:811 effective feature num: 788 average residual: 0.0280226
[ LIO ] Raw feature num: 2048, downsampled feature num:800 effective feature num: 758 average residual: 0.0327666
[ LIO ] Raw feature num: 2048, downsampled feature num:800 effective feature num: 774 average residual: 0.0279181
[ LIO ] Raw feature num: 2048, downsampled feature num:800 effective feature num: 770 average residual: 0.0261883
[ LIO ] Raw feature num: 2048, downsampled feature num:800 effective feature num: 770 average residual: 0.0258302
[ LIO ] Raw feature num: 2048, downsampled feature num:800 effective feature num: 770 average residual: 0.025799
[ LIO ] Raw feature num: 2048, downsampled feature num:797 effective feature num: 757 average residual: 0.0312821
[ LIO ] Raw feature num: 2048, downsampled feature num:797 effective feature num: 774 average residual: 0.0262864
[ LIO ] Raw feature num: 2048, downsampled feature num:797 effective feature num: 774 average residual: 0.0252598
[ LIO ] Raw feature num: 2048, downsampled feature num:797 effective feature num: 775 average residual: 0.0249254
[ LIO ] Raw feature num: 2048, downsampled feature num:797 effective feature num: 773 average residual: 0.0247658
[ LIO ] Raw feature num: 2048, downsampled feature num:803 effective feature num: 764 average residual: 0.0291654
[ LIO ] Raw feature num: 2048, downsampled feature num:803 effective feature num: 784 average residual: 0.0263928
[ LIO ] Raw feature num: 2048, downsampled feature num:803 effective feature num: 781 average residual: 0.0259066
[ LIO ] Raw feature num: 2048, downsampled feature num:803 effective feature num: 783 average residual: 0.025483
[ LIO ] Raw feature num: 2048, downsampled feature num:803 effective feature num: 782 average residual: 0.0253104
[ LIO ] Raw feature num: 2048, downsampled feature num:802 effective feature num: 765 average residual: 0.0275718
[ LIO ] Raw feature num: 2048, downsampled feature num:802 effective feature num: 782 average residual: 0.025253
[ LIO ] Raw feature num: 2048, downsampled feature num:802 effective feature num: 781 average residual: 0.0246257
[ LIO ] Raw feature num: 2048, downsampled feature num:802 effective feature num: 781 average residual: 0.024358
[ LIO ] Raw feature num: 2048, downsampled feature num:802 effective feature num: 781 average residual: 0.0243582
[ LIO ] Raw feature num: 2048, downsampled feature num:805 effective feature num: 761 average residual: 0.0294564
[ LIO ] Raw feature num: 2048, downsampled feature num:805 effective feature num: 778 average residual: 0.0266949
[ LIO ] Raw feature num: 2048, downsampled feature num:805 effective feature num: 778 average residual: 0.0259055
[ LIO ] Raw feature num: 2048, downsampled feature num:805 effective feature num: 778 average residual: 0.0259052
[ LIO ] Raw feature num: 2048, downsampled feature num:805 effective feature num: 778 average residual: 0.0259052
[ LIO ] Raw feature num: 2048, downsampled feature num:798 effective feature num: 762 average residual: 0.0305744
[ LIO ] Raw feature num: 2048, downsampled feature num:798 effective feature num: 771 average residual: 0.0267243
[ LIO ] Raw feature num: 2048, downsampled feature num:798 effective feature num: 771 average residual: 0.0267034
[ LIO ] Raw feature num: 2048, downsampled feature num:798 effective feature num: 771 average residual: 0.0266601
[ LIO ] Raw feature num: 2048, downsampled feature num:798 effective feature num: 771 average residual: 0.0266602
[ LIO ] Raw feature num: 2048, downsampled feature num:805 effective feature num: 755 average residual: 0.0279642
[ LIO ] Raw feature num: 2048, downsampled feature num:805 effective feature num: 765 average residual: 0.0253862
[ LIO ] Raw feature num: 2048, downsampled feature num:805 effective feature num: 768 average residual: 0.0247374
[ LIO ] Raw feature num: 2048, downsampled feature num:805 effective feature num: 768 average residual: 0.0247605
[ LIO ] Raw feature num: 2048, downsampled feature num:805 effective feature num: 768 average residual: 0.0247604
[ LIO ] Raw feature num: 2048, downsampled feature num:834 effective feature num: 793 average residual: 0.0297691
[ LIO ] Raw feature num: 2048, downsampled feature num:834 effective feature num: 792 average residual: 0.0266426
[ LIO ] Raw feature num: 2048, downsampled feature num:834 effective feature num: 793 average residual: 0.0265341
[ LIO ] Raw feature num: 2048, downsampled feature num:834 effective feature num: 793 average residual: 0.0265338
[ LIO ] Raw feature num: 2048, downsampled feature num:833 effective feature num: 788 average residual: 0.0284325
[ LIO ] Raw feature num: 2048, downsampled feature num:833 effective feature num: 804 average residual: 0.0257205
[ LIO ] Raw feature num: 2048, downsampled feature num:833 effective feature num: 802 average residual: 0.0250528
[ LIO ] Raw feature num: 2048, downsampled feature num:833 effective feature num: 801 average residual: 0.024888
[ LIO ] Raw feature num: 2048, downsampled feature num:846 effective feature num: 803 average residual: 0.0305345
[ LIO ] Raw feature num: 2048, downsampled feature num:846 effective feature num: 805 average residual: 0.0254203
[ LIO ] Raw feature num: 2048, downsampled feature num:846 effective feature num: 808 average residual: 0.0254139
[ LIO ] Raw feature num: 2048, downsampled feature num:846 effective feature num: 808 average residual: 0.0254135
[ LIO ] Raw feature num: 2048, downsampled feature num:847 effective feature num: 783 average residual: 0.0298268
[ LIO ] Raw feature num: 2048, downsampled feature num:847 effective feature num: 813 average residual: 0.0260755
[ LIO ] Raw feature num: 2048, downsampled feature num:847 effective feature num: 820 average residual: 0.0241091
[ LIO ] Raw feature num: 2048, downsampled feature num:847 effective feature num: 818 average residual: 0.0240136
[ LIO ] Raw feature num: 2048, downsampled feature num:847 effective feature num: 817 average residual: 0.02393
[ LIO ] Raw feature num: 2048, downsampled feature num:838 effective feature num: 808 average residual: 0.0288738
[ LIO ] Raw feature num: 2048, downsampled feature num:838 effective feature num: 808 average residual: 0.0256475
[ LIO ] Raw feature num: 2048, downsampled feature num:838 effective feature num: 807 average residual: 0.0254514
[ LIO ] Raw feature num: 2048, downsampled feature num:838 effective feature num: 807 average residual: 0.0254534
[ LIO ] Raw feature num: 2048, downsampled feature num:838 effective feature num: 807 average residual: 0.0254534
[ LIO ] Raw feature num: 2048, downsampled feature num:827 effective feature num: 783 average residual: 0.0288891
[ LIO ] Raw feature num: 2048, downsampled feature num:827 effective feature num: 796 average residual: 0.0255813
[ LIO ] Raw feature num: 2048, downsampled feature num:827 effective feature num: 799 average residual: 0.0252143
[ LIO ] Raw feature num: 2048, downsampled feature num:827 effective feature num: 799 average residual: 0.0252086
[ LIO ] Raw feature num: 2048, downsampled feature num:826 effective feature num: 783 average residual: 0.0287608
[ LIO ] Raw feature num: 2048, downsampled feature num:826 effective feature num: 793 average residual: 0.0246633
[ LIO ] Raw feature num: 2048, downsampled feature num:826 effective feature num: 795 average residual: 0.0244926
[ LIO ] Raw feature num: 2048, downsampled feature num:826 effective feature num: 794 average residual: 0.0243311
[ LIO ] Raw feature num: 2048, downsampled feature num:826 effective feature num: 795 average residual: 0.0243841
[ LIO ] Raw feature num: 2048, downsampled feature num:826 effective feature num: 790 average residual: 0.0273228
[ LIO ] Raw feature num: 2048, downsampled feature num:826 effective feature num: 794 average residual: 0.023814
[ LIO ] Raw feature num: 2048, downsampled feature num:826 effective feature num: 793 average residual: 0.0233715
[ LIO ] Raw feature num: 2048, downsampled feature num:826 effective feature num: 794 average residual: 0.0233671
[ LIO ] Raw feature num: 2048, downsampled feature num:826 effective feature num: 794 average residual: 0.0233622
[ LIO ] Raw feature num: 2048, downsampled feature num:841 effective feature num: 812 average residual: 0.0283535
[ LIO ] Raw feature num: 2048, downsampled feature num:841 effective feature num: 813 average residual: 0.0249502
[ LIO ] Raw feature num: 2048, downsampled feature num:841 effective feature num: 812 average residual: 0.0248759
[ LIO ] Raw feature num: 2048, downsampled feature num:841 effective feature num: 813 average residual: 0.0249579
[ LIO ] Raw feature num: 2048, downsampled feature num:841 effective feature num: 812 average residual: 0.0248875
[ LIO ] Raw feature num: 2048, downsampled feature num:837 effective feature num: 805 average residual: 0.0282643
[ LIO ] Raw feature num: 2048, downsampled feature num:837 effective feature num: 811 average residual: 0.0250755
[ LIO ] Raw feature num: 2048, downsampled feature num:837 effective feature num: 810 average residual: 0.0247297
[ LIO ] Raw feature num: 2048, downsampled feature num:837 effective feature num: 810 average residual: 0.0247798
[ LIO ] Raw feature num: 2048, downsampled feature num:837 effective feature num: 810 average residual: 0.0247798
[ LIO ] Raw feature num: 2048, downsampled feature num:831 effective feature num: 800 average residual: 0.0286961
[ LIO ] Raw feature num: 2048, downsampled feature num:831 effective feature num: 805 average residual: 0.0258624
[ LIO ] Raw feature num: 2048, downsampled feature num:831 effective feature num: 805 average residual: 0.0250989
[ LIO ] Raw feature num: 2048, downsampled feature num:831 effective feature num: 804 average residual: 0.0245417
[ LIO ] Raw feature num: 2048, downsampled feature num:831 effective feature num: 805 average residual: 0.0246051
[ LIO ] Raw feature num: 2048, downsampled feature num:852 effective feature num: 824 average residual: 0.0296076
[ LIO ] Raw feature num: 2048, downsampled feature num:852 effective feature num: 826 average residual: 0.0266077
[ LIO ] Raw feature num: 2048, downsampled feature num:852 effective feature num: 827 average residual: 0.0265009
[ LIO ] Raw feature num: 2048, downsampled feature num:852 effective feature num: 827 average residual: 0.0264424
[ LIO ] Raw feature num: 2048, downsampled feature num:852 effective feature num: 827 average residual: 0.0264432
[ LIO ] Raw feature num: 2048, downsampled feature num:832 effective feature num: 799 average residual: 0.0314421
[ LIO ] Raw feature num: 2048, downsampled feature num:832 effective feature num: 808 average residual: 0.0277369
[ LIO ] Raw feature num: 2048, downsampled feature num:832 effective feature num: 809 average residual: 0.02702
[ LIO ] Raw feature num: 2048, downsampled feature num:832 effective feature num: 808 average residual: 0.0269866
[ LIO ] Raw feature num: 2048, downsampled feature num:832 effective feature num: 808 average residual: 0.0270277
[ LIO ] Raw feature num: 2048, downsampled feature num:846 effective feature num: 816 average residual: 0.0316691
[ LIO ] Raw feature num: 2048, downsampled feature num:846 effective feature num: 826 average residual: 0.0279169
[ LIO ] Raw feature num: 2048, downsampled feature num:846 effective feature num: 826 average residual: 0.0271446
[ LIO ] Raw feature num: 2048, downsampled feature num:846 effective feature num: 826 average residual: 0.0270717
[ LIO ] Raw feature num: 2048, downsampled feature num:846 effective feature num: 826 average residual: 0.0270739
[ LIO ] Raw feature num: 2048, downsampled feature num:837 effective feature num: 806 average residual: 0.0326531
[ LIO ] Raw feature num: 2048, downsampled feature num:837 effective feature num: 817 average residual: 0.0271888
[ LIO ] Raw feature num: 2048, downsampled feature num:837 effective feature num: 817 average residual: 0.0269794
[ LIO ] Raw feature num: 2048, downsampled feature num:837 effective feature num: 817 average residual: 0.0269821
[ LIO ] Raw feature num: 2048, downsampled feature num:870 effective feature num: 823 average residual: 0.0300328
[ LIO ] Raw feature num: 2048, downsampled feature num:870 effective feature num: 842 average residual: 0.025213
[ LIO ] Raw feature num: 2048, downsampled feature num:870 effective feature num: 842 average residual: 0.0242815
[ LIO ] Raw feature num: 2048, downsampled feature num:870 effective feature num: 842 average residual: 0.0241178
[ LIO ] Raw feature num: 2048, downsampled feature num:870 effective feature num: 842 average residual: 0.0241176
[ LIO ] Raw feature num: 2048, downsampled feature num:849 effective feature num: 822 average residual: 0.0295431
[ LIO ] Raw feature num: 2048, downsampled feature num:849 effective feature num: 826 average residual: 0.0249457
[ LIO ] Raw feature num: 2048, downsampled feature num:849 effective feature num: 828 average residual: 0.0244576
[ LIO ] Raw feature num: 2048, downsampled feature num:849 effective feature num: 828 average residual: 0.0240616
[ LIO ] Raw feature num: 2048, downsampled feature num:849 effective feature num: 828 average residual: 0.0239787
[ LIO ] Raw feature num: 2048, downsampled feature num:879 effective feature num: 846 average residual: 0.0272694
[ LIO ] Raw feature num: 2048, downsampled feature num:879 effective feature num: 848 average residual: 0.0240549
[ LIO ] Raw feature num: 2048, downsampled feature num:879 effective feature num: 850 average residual: 0.0240965
[ LIO ] Raw feature num: 2048, downsampled feature num:879 effective feature num: 851 average residual: 0.0243597
[ LIO ] Raw feature num: 2048, downsampled feature num:879 effective feature num: 851 average residual: 0.0243597
[ LIO ] Raw feature num: 2048, downsampled feature num:892 effective feature num: 873 average residual: 0.0260545
[ LIO ] Raw feature num: 2048, downsampled feature num:892 effective feature num: 870 average residual: 0.0247452
[ LIO ] Raw feature num: 2048, downsampled feature num:892 effective feature num: 869 average residual: 0.0250586
[ LIO ] Raw feature num: 2048, downsampled feature num:892 effective feature num: 869 average residual: 0.0250654
[ LIO ] Raw feature num: 2048, downsampled feature num:878 effective feature num: 852 average residual: 0.0275202
[ LIO ] Raw feature num: 2048, downsampled feature num:878 effective feature num: 857 average residual: 0.024041
[ LIO ] Raw feature num: 2048, downsampled feature num:878 effective feature num: 857 average residual: 0.0240714
[ LIO ] Raw feature num: 2048, downsampled feature num:878 effective feature num: 857 average residual: 0.0240716
[ LIO ] Raw feature num: 2048, downsampled feature num:893 effective feature num: 872 average residual: 0.0258912
[ LIO ] Raw feature num: 2048, downsampled feature num:893 effective feature num: 872 average residual: 0.0229624
[ LIO ] Raw feature num: 2048, downsampled feature num:893 effective feature num: 872 average residual: 0.0225308
[ LIO ] Raw feature num: 2048, downsampled feature num:893 effective feature num: 872 average residual: 0.0224129
[ LIO ] Raw feature num: 2048, downsampled feature num:893 effective feature num: 872 average residual: 0.0224129
[ LIO ] Raw feature num: 2048, downsampled feature num:932 effective feature num: 911 average residual: 0.024491
[ LIO ] Raw feature num: 2048, downsampled feature num:932 effective feature num: 911 average residual: 0.0217046
[ LIO ] Raw feature num: 2048, downsampled feature num:932 effective feature num: 911 average residual: 0.021581
[ LIO ] Raw feature num: 2048, downsampled feature num:932 effective feature num: 911 average residual: 0.021581
[ LIO ] Raw feature num: 2048, downsampled feature num:939 effective feature num: 921 average residual: 0.0239974
[ LIO ] Raw feature num: 2048, downsampled feature num:939 effective feature num: 919 average residual: 0.0193523
[ LIO ] Raw feature num: 2048, downsampled feature num:939 effective feature num: 919 average residual: 0.0190166
[ LIO ] Raw feature num: 2048, downsampled feature num:939 effective feature num: 919 average residual: 0.0190262
[ LIO ] Raw feature num: 2048, downsampled feature num:939 effective feature num: 919 average residual: 0.0190262
[ LIO ] Raw feature num: 2048, downsampled feature num:948 effective feature num: 924 average residual: 0.02199
[ LIO ] Raw feature num: 2048, downsampled feature num:948 effective feature num: 923 average residual: 0.0198295
[ LIO ] Raw feature num: 2048, downsampled feature num:948 effective feature num: 925 average residual: 0.0189974
[ LIO ] Raw feature num: 2048, downsampled feature num:948 effective feature num: 925 average residual: 0.0189665
[ LIO ] Raw feature num: 2048, downsampled feature num:948 effective feature num: 925 average residual: 0.0189668
[ LIO ] Raw feature num: 2048, downsampled feature num:950 effective feature num: 930 average residual: 0.0197623
[ LIO ] Raw feature num: 2048, downsampled feature num:950 effective feature num: 925 average residual: 0.0202285
[ LIO ] Raw feature num: 2048, downsampled feature num:950 effective feature num: 925 average residual: 0.020131
[ LIO ] Raw feature num: 2048, downsampled feature num:950 effective feature num: 925 average residual: 0.0201356
[ LIO ] Raw feature num: 2048, downsampled feature num:945 effective feature num: 923 average residual: 0.0202068
[ LIO ] Raw feature num: 2048, downsampled feature num:945 effective feature num: 921 average residual: 0.0181364
[ LIO ] Raw feature num: 2048, downsampled feature num:945 effective feature num: 925 average residual: 0.0179483
[ LIO ] Raw feature num: 2048, downsampled feature num:945 effective feature num: 925 average residual: 0.0174387
[ LIO ] Raw feature num: 2048, downsampled feature num:945 effective feature num: 925 average residual: 0.0174278
[ LIO ] Raw feature num: 2048, downsampled feature num:949 effective feature num: 934 average residual: 0.0186933
[ LIO ] Raw feature num: 2048, downsampled feature num:949 effective feature num: 932 average residual: 0.0179623
[ LIO ] Raw feature num: 2048, downsampled feature num:949 effective feature num: 934 average residual: 0.0174338
[ LIO ] Raw feature num: 2048, downsampled feature num:949 effective feature num: 934 average residual: 0.0174253
[ LIO ] Raw feature num: 2048, downsampled feature num:949 effective feature num: 934 average residual: 0.0174253
[ LIO ] Raw feature num: 2048, downsampled feature num:947 effective feature num: 930 average residual: 0.0189295
[ LIO ] Raw feature num: 2048, downsampled feature num:947 effective feature num: 931 average residual: 0.0186506
[ LIO ] Raw feature num: 2048, downsampled feature num:947 effective feature num: 931 average residual: 0.0187123
[ LIO ] Raw feature num: 2048, downsampled feature num:947 effective feature num: 931 average residual: 0.0187123
[ LIO ] Raw feature num: 2048, downsampled feature num:967 effective feature num: 954 average residual: 0.0182692
[ LIO ] Raw feature num: 2048, downsampled feature num:967 effective feature num: 953 average residual: 0.0171723
[ LIO ] Raw feature num: 2048, downsampled feature num:967 effective feature num: 953 average residual: 0.0167508
[ LIO ] Raw feature num: 2048, downsampled feature num:967 effective feature num: 953 average residual: 0.0167458
[ LIO ] Raw feature num: 2048, downsampled feature num:963 effective feature num: 950 average residual: 0.0176478
[ LIO ] Raw feature num: 2048, downsampled feature num:963 effective feature num: 951 average residual: 0.0172111
[ LIO ] Raw feature num: 2048, downsampled feature num:963 effective feature num: 951 average residual: 0.0172922
[ LIO ] Raw feature num: 2048, downsampled feature num:963 effective feature num: 951 average residual: 0.0172923
[ LIO ] Raw feature num: 2048, downsampled feature num:954 effective feature num: 937 average residual: 0.0172972
[ LIO ] Raw feature num: 2048, downsampled feature num:954 effective feature num: 937 average residual: 0.0167319
[ LIO ] Raw feature num: 2048, downsampled feature num:954 effective feature num: 937 average residual: 0.016732
[ LIO ] Raw feature num: 2048, downsampled feature num:950 effective feature num: 934 average residual: 0.0172549
[ LIO ] Raw feature num: 2048, downsampled feature num:950 effective feature num: 934 average residual: 0.0169186
[ LIO ] Raw feature num: 2048, downsampled feature num:950 effective feature num: 934 average residual: 0.016914
[ LIO ] Raw feature num: 2048, downsampled feature num:950 effective feature num: 936 average residual: 0.0167394
[ LIO ] Raw feature num: 2048, downsampled feature num:950 effective feature num: 936 average residual: 0.0168193
[ LIO ] Raw feature num: 2048, downsampled feature num:950 effective feature num: 936 average residual: 0.0170174
[ LIO ] Raw feature num: 2048, downsampled feature num:950 effective feature num: 936 average residual: 0.0170258
[ LIO ] Raw feature num: 2048, downsampled feature num:950 effective feature num: 936 average residual: 0.0170189
[ LIO ] Raw feature num: 2048, downsampled feature num:953 effective feature num: 937 average residual: 0.017062
[ LIO ] Raw feature num: 2048, downsampled feature num:953 effective feature num: 938 average residual: 0.0169746
[ LIO ] Raw feature num: 2048, downsampled feature num:953 effective feature num: 938 average residual: 0.0169746
[ LIO ] Raw feature num: 2048, downsampled feature num:950 effective feature num: 935 average residual: 0.0171949
[ LIO ] Raw feature num: 2048, downsampled feature num:950 effective feature num: 935 average residual: 0.0170603
[ LIO ] Raw feature num: 2048, downsampled feature num:950 effective feature num: 935 average residual: 0.017042
[ LIO ] Raw feature num: 2048, downsampled feature num:950 effective feature num: 935 average residual: 0.017042
[ LIO ] Raw feature num: 2048, downsampled feature num:935 effective feature num: 920 average residual: 0.0175278
[ LIO ] Raw feature num: 2048, downsampled feature num:935 effective feature num: 920 average residual: 0.0171949
[ LIO ] Raw feature num: 2048, downsampled feature num:935 effective feature num: 920 average residual: 0.0171943
[ LIO ] Raw feature num: 2048, downsampled feature num:928 effective feature num: 912 average residual: 0.0177137
[ LIO ] Raw feature num: 2048, downsampled feature num:928 effective feature num: 912 average residual: 0.0177362
[ LIO ] Raw feature num: 2048, downsampled feature num:928 effective feature num: 912 average residual: 0.0177237
[ LIO ] Raw feature num: 2048, downsampled feature num:926 effective feature num: 912 average residual: 0.0180417
[ LIO ] Raw feature num: 2048, downsampled feature num:926 effective feature num: 910 average residual: 0.017555
[ LIO ] Raw feature num: 2048, downsampled feature num:926 effective feature num: 910 average residual: 0.0175113
[ LIO ] Raw feature num: 2048, downsampled feature num:926 effective feature num: 910 average residual: 0.0175112
[ LIO ] Raw feature num: 2048, downsampled feature num:930 effective feature num: 914 average residual: 0.0162761
[ LIO ] Raw feature num: 2048, downsampled feature num:930 effective feature num: 915 average residual: 0.0163697
[ LIO ] Raw feature num: 2048, downsampled feature num:930 effective feature num: 915 average residual: 0.016396
[ LIO ] Raw feature num: 2048, downsampled feature num:930 effective feature num: 915 average residual: 0.0163866
[ LIO ] Raw feature num: 2048, downsampled feature num:958 effective feature num: 941 average residual: 0.015692
[ LIO ] Raw feature num: 2048, downsampled feature num:958 effective feature num: 940 average residual: 0.0154567
[ LIO ] Raw feature num: 2048, downsampled feature num:958 effective feature num: 940 average residual: 0.0154266
[ LIO ] Raw feature num: 2048, downsampled feature num:958 effective feature num: 940 average residual: 0.015419
[ LIO ] Raw feature num: 2047, downsampled feature num:945 effective feature num: 920 average residual: 0.0148396
[ LIO ] Raw feature num: 2047, downsampled feature num:945 effective feature num: 920 average residual: 0.0145412
[ LIO ] Raw feature num: 2047, downsampled feature num:945 effective feature num: 920 average residual: 0.0145517
[ LIO ] Raw feature num: 2047, downsampled feature num:937 effective feature num: 914 average residual: 0.0141265
[ LIO ] Raw feature num: 2047, downsampled feature num:937 effective feature num: 914 average residual: 0.0146211
[ LIO ] Raw feature num: 2047, downsampled feature num:937 effective feature num: 914 average residual: 0.0146327
[ LIO ] Raw feature num: 2047, downsampled feature num:937 effective feature num: 914 average residual: 0.0146327
[ LIO ] Raw feature num: 2047, downsampled feature num:936 effective feature num: 912 average residual: 0.0144499
[ LIO ] Raw feature num: 2047, downsampled feature num:936 effective feature num: 912 average residual: 0.0132104
[ LIO ] Raw feature num: 2047, downsampled feature num:936 effective feature num: 912 average residual: 0.0132636
[ LIO ] Raw feature num: 2047, downsampled feature num:936 effective feature num: 912 average residual: 0.0132636
[ LIO ] Raw feature num: 2047, downsampled feature num:943 effective feature num: 921 average residual: 0.0124509
[ LIO ] Raw feature num: 2047, downsampled feature num:943 effective feature num: 922 average residual: 0.0133344
[ LIO ] Raw feature num: 2047, downsampled feature num:943 effective feature num: 922 average residual: 0.0133504
[ LIO ] Raw feature num: 2047, downsampled feature num:946 effective feature num: 931 average residual: 0.0135187
[ LIO ] Raw feature num: 2047, downsampled feature num:946 effective feature num: 932 average residual: 0.0124592
[ LIO ] Raw feature num: 2047, downsampled feature num:946 effective feature num: 932 average residual: 0.0125814
[ LIO ] Raw feature num: 2047, downsampled feature num:946 effective feature num: 932 average residual: 0.0125814
[ LIO ] Raw feature num: 2046, downsampled feature num:954 effective feature num: 939 average residual: 0.0110661
[ LIO ] Raw feature num: 2046, downsampled feature num:954 effective feature num: 939 average residual: 0.0109419
[ LIO ] Raw feature num: 2046, downsampled feature num:954 effective feature num: 939 average residual: 0.0109411
[ LIO ] Raw feature num: 2046, downsampled feature num:920 effective feature num: 909 average residual: 0.011619
[ LIO ] Raw feature num: 2046, downsampled feature num:920 effective feature num: 909 average residual: 0.00998352
[ LIO ] Raw feature num: 2046, downsampled feature num:920 effective feature num: 909 average residual: 0.010024
[ LIO ] Raw feature num: 2046, downsampled feature num:920 effective feature num: 909 average residual: 0.00994247
[ LIO ] Raw feature num: 2046, downsampled feature num:962 effective feature num: 948 average residual: 0.00820395
[ LIO ] Raw feature num: 2046, downsampled feature num:962 effective feature num: 948 average residual: 0.00881133
[ LIO ] Raw feature num: 2046, downsampled feature num:962 effective feature num: 948 average residual: 0.00881079
[ LIO ] Raw feature num: 2044, downsampled feature num:950 effective feature num: 938 average residual: 0.00765898
[ LIO ] Raw feature num: 2044, downsampled feature num:950 effective feature num: 938 average residual: 0.00705835
[ LIO ] Raw feature num: 2044, downsampled feature num:950 effective feature num: 938 average residual: 0.00703707
[ LIO ] Raw feature num: 2044, downsampled feature num:938 effective feature num: 930 average residual: 0.00579555
[ LIO ] Raw feature num: 2044, downsampled feature num:938 effective feature num: 930 average residual: 0.00544263
[ LIO ] Raw feature num: 2044, downsampled feature num:938 effective feature num: 930 average residual: 0.00544135
[ LIO ] Raw feature num: 2044, downsampled feature num:938 effective feature num: 930 average residual: 0.00544135
[ LIO ] Raw feature num: 2045, downsampled feature num:930 effective feature num: 924 average residual: 0.00650283
[ LIO ] Raw feature num: 2045, downsampled feature num:930 effective feature num: 924 average residual: 0.00550215
[ LIO ] Raw feature num: 2045, downsampled feature num:930 effective feature num: 924 average residual: 0.00552087
[ LIO ] Raw feature num: 2045, downsampled feature num:930 effective feature num: 924 average residual: 0.00550331
[ LIO ] Raw feature num: 2044, downsampled feature num:933 effective feature num: 922 average residual: 0.00467952
[ LIO ] Raw feature num: 2044, downsampled feature num:933 effective feature num: 922 average residual: 0.00378542
[ LIO ] Raw feature num: 2044, downsampled feature num:933 effective feature num: 922 average residual: 0.00378578
[ LIO ] Raw feature num: 2045, downsampled feature num:941 effective feature num: 940 average residual: 0.0047048
[ LIO ] Raw feature num: 2045, downsampled feature num:941 effective feature num: 940 average residual: 0.00477398
[ LIO ] Raw feature num: 2045, downsampled feature num:941 effective feature num: 940 average residual: 0.00477149
[ LIO ] Raw feature num: 2045, downsampled feature num:941 effective feature num: 940 average residual: 0.00477149
[ LIO ] Raw feature num: 2044, downsampled feature num:932 effective feature num: 927 average residual: 0.0038116
[ LIO ] Raw feature num: 2044, downsampled feature num:932 effective feature num: 927 average residual: 0.00310671
[ LIO ] Raw feature num: 2044, downsampled feature num:932 effective feature num: 927 average residual: 0.00310656
[ LIO ] Raw feature num: 2044, downsampled feature num:931 effective feature num: 930 average residual: 0.0031725
[ LIO ] Raw feature num: 2044, downsampled feature num:931 effective feature num: 930 average residual: 0.00299577
[ LIO ] Raw feature num: 2044, downsampled feature num:931 effective feature num: 930 average residual: 0.00299589
[ LIO ] Raw feature num: 2044, downsampled feature num:928 effective feature num: 928 average residual: 0.0036031
[ LIO ] Raw feature num: 2044, downsampled feature num:928 effective feature num: 928 average residual: 0.00336346
[ LIO ] Raw feature num: 2044, downsampled feature num:928 effective feature num: 928 average residual: 0.0033694
[ LIO ] Raw feature num: 2044, downsampled feature num:923 effective feature num: 919 average residual: 0.00334552
[ LIO ] Raw feature num: 2044, downsampled feature num:923 effective feature num: 919 average residual: 0.00270257
[ LIO ] Raw feature num: 2044, downsampled feature num:923 effective feature num: 919 average residual: 0.00264471
[ LIO ] Raw feature num: 2044, downsampled feature num:923 effective feature num: 919 average residual: 0.00264475
[ LIO ] Raw feature num: 2043, downsampled feature num:932 effective feature num: 928 average residual: 0.00315648
[ LIO ] Raw feature num: 2043, downsampled feature num:932 effective feature num: 924 average residual: 0.00253418
[ LIO ] Raw feature num: 2043, downsampled feature num:932 effective feature num: 924 average residual: 0.00253358
